Result Log

Solution file:	test.soln
Runs:	10
Evaluations:	10000
Mu:	5
Lambda:	2
Parent selection used:	fps
Survivor selection used:	t
K size for k-tournament parent selection:	25
K size for k-tournament survivor selection:	25
Survival Strategy:	plus
Termination limit:	10
Datafile: test.lup
Seed: 907722290
Black box enforcement: True

==================================================
Run 1
5	-27.60	4
7	-19.00	4
9	-5.00	4
11	-5.00	4
13	0.20	4
15	2.00	4
17	2.80	4
19	2.80	4
21	4.00	6
23	4.00	6
25	4.00	6
27	4.00	6
29	4.40	6
31	4.40	6
33	4.40	6
35	4.40	6
37	4.40	6
39	4.40	6
41	4.40	6
43	4.40	6
45	4.40	6
47	4.40	6
49	4.40	6
51	4.40	6
53	4.40	6
55	4.40	6
57	4.40	6
59	4.40	6
61	4.40	6
63	4.40	6
65	4.40	6
67	4.40	6
69	4.40	6
71	4.40	6
73	4.40	6
75	4.40	6
77	4.40	6
79	4.40	6
81	4.40	6
83	4.40	6
85	4.40	6
87	4.40	6
89	5.20	8
91	5.20	8
93	5.20	8
95	5.20	8
97	5.20	8
99	5.20	8
101	5.20	8
103	5.20	8
105	5.20	8
107	5.20	8
109	5.20	8
111	5.20	8
113	5.20	8
115	5.20	8
117	6.00	8
119	6.00	8
121	6.00	8
123	6.80	8
125	6.80	8
127	7.60	8
129	8.00	8
131	8.00	8
133	8.00	8
135	8.00	8
137	8.00	8
139	8.00	8
141	8.00	8
143	8.00	8
145	8.00	8
147	8.00	8
149	8.00	8
151	8.00	8
153	8.00	8
155	8.00	8
157	8.00	8
159	8.00	8
161	8.00	8
163	8.00	8
165	8.00	8
167	8.00	8
169	8.00	8
171	8.00	8
173	8.00	8
175	8.00	8
177	8.00	8
179	8.80	12
181	8.80	12
183	8.80	12
185	8.80	12
187	8.80	12
189	8.80	12
191	8.80	12
193	8.80	12
195	8.80	12
197	8.80	12
199	8.80	12
201	8.80	12
203	8.80	12
205	8.80	12
207	9.20	12
209	9.20	12
211	9.20	12
213	9.20	12
215	9.20	12
217	9.20	12
219	9.20	12
221	9.20	12
223	9.20	12
225	9.20	12
227	9.20	12
229	9.20	12
231	9.20	12
233	9.20	12
235	9.20	12
237	9.20	12
239	9.20	12
241	9.20	12
243	9.20	12
245	9.20	12
247	9.20	12
249	9.20	12
251	9.20	12
253	9.20	12
255	9.20	12
257	9.20	12
259	9.60	12
261	10.00	12
263	10.00	12
265	10.00	12
267	10.00	12
269	10.00	12
271	10.00	12
273	10.00	12
275	10.00	12
277	10.00	12
279	10.00	12
281	10.00	12
283	10.00	12
285	10.00	12
287	10.00	12
289	10.00	12
291	10.00	12
293	10.00	12
295	10.00	12
297	10.00	12
299	10.00	12
301	10.00	12
303	10.00	12
305	10.40	12
307	10.40	12
309	10.40	12
311	10.40	12
313	10.40	12
315	10.40	12
317	10.40	12
319	10.40	12
321	10.40	12
323	10.40	12
325	10.40	12
327	10.40	12
329	10.40	12
331	10.40	12
333	10.40	12
335	10.40	12
337	10.40	12
339	10.40	12
341	10.40	12
343	10.40	12
345	10.40	12
347	10.40	12
349	10.40	12
351	10.40	12
353	10.80	12
355	10.80	12
357	10.80	12
359	11.20	12
361	11.20	12
363	11.20	12
365	11.20	12
367	11.20	12
369	11.20	12
371	11.20	12
373	11.20	12
375	11.20	12
377	11.20	12
379	11.20	12
381	11.20	12
383	11.20	12
385	11.20	12
387	11.20	12
389	11.20	12
391	11.20	12
393	11.20	12
395	11.20	12
397	11.20	12
399	11.20	12
401	11.20	12
403	11.20	12
405	11.20	12
407	11.20	12
409	11.20	12
411	11.20	12
413	11.20	12
415	11.20	12
417	11.20	12
419	11.20	12
421	11.20	12
423	11.20	12
425	11.20	12
427	11.20	12
429	11.20	12
431	11.20	12
433	11.20	12
435	11.20	12
437	11.20	12
439	11.20	12
441	11.20	12
443	11.20	12
445	11.20	12
447	11.20	12
449	11.20	12
451	11.20	12
453	11.20	12
455	11.20	12
457	11.20	12
459	11.20	12
461	11.20	12
463	11.20	12
465	11.20	12
467	11.20	12
469	11.20	12
471	11.20	12
473	11.20	12
475	11.20	12
477	11.20	12
479	11.20	12
481	11.20	12
483	11.20	12
485	11.20	12
487	11.20	12
489	11.20	12
491	11.20	12
493	11.20	12
495	11.20	12
497	11.20	12
499	11.20	12
501	11.20	12
503	11.20	12
505	11.20	12
507	11.20	12
509	11.20	12
511	11.20	12
513	11.20	12
515	11.20	12
517	11.20	12
519	11.20	12
521	11.20	12
523	11.20	12
525	11.20	12
527	11.20	12
529	11.20	12
531	11.20	12
533	11.20	12
535	11.20	12
537	11.20	12
539	11.20	12
541	11.20	12
543	11.20	12
545	11.20	12
547	11.20	12
549	11.20	12
551	11.20	12
553	11.20	12
555	11.20	12
557	11.20	12
559	11.20	12
561	11.20	12
563	11.20	12
565	12.00	14
567	12.00	14
569	12.00	14
571	12.00	14
573	12.00	14
575	12.00	14
577	12.00	14
579	12.00	14
581	12.00	14
583	12.40	14
585	12.40	14
587	12.40	14
589	12.40	14
591	12.40	14
593	12.40	14
595	12.40	14
597	12.40	14
599	12.40	14
601	12.40	14
603	12.40	14
605	12.40	14
607	12.40	14
609	12.40	14
611	12.40	14
613	12.40	14
615	12.40	14
617	12.40	14
619	12.40	14
621	12.40	14
623	12.40	14
625	12.40	14
627	12.40	14
629	12.40	14
631	12.40	14
633	12.40	14
635	12.40	14
637	12.40	14
639	12.40	14
641	12.40	14
643	12.40	14
645	12.40	14
647	12.40	14
649	12.40	14
651	12.40	14
653	12.40	14
655	12.40	14
657	12.40	14
659	12.40	14
661	12.40	14
663	12.40	14
665	12.40	14
667	12.40	14
669	12.40	14
671	12.40	14
673	12.40	14
675	12.40	14
677	12.40	14
679	12.40	14
681	12.40	14
683	12.40	14
685	12.40	14
687	12.40	14
689	12.40	14
691	12.40	14
693	12.40	14
695	12.40	14
697	12.40	14
699	12.80	14
701	12.80	14
703	12.80	14
705	12.80	14
707	12.80	14
709	12.80	14
711	12.80	14
713	12.80	14
715	12.80	14
717	12.80	14
719	12.80	14
721	12.80	14
723	12.80	14
725	12.80	14
727	12.80	14
729	12.80	14
731	12.80	14
733	12.80	14
735	12.80	14
737	12.80	14
739	12.80	14
741	12.80	14
743	12.80	14
745	12.80	14
747	12.80	14
749	13.20	14
751	13.20	14
753	13.20	14
755	13.20	14
757	13.20	14
759	13.20	14
761	13.20	14
763	13.20	14
765	13.20	14
767	13.20	14
769	13.20	14
771	13.20	14
773	13.20	14
775	13.20	14
777	13.20	14
779	13.20	14
781	13.20	14
783	13.20	14
785	13.20	14
787	13.60	14
789	13.60	14
791	13.60	14
793	13.60	14
795	13.60	14
797	13.60	14
799	13.60	14
801	13.60	14
803	13.60	14
805	13.60	14
807	13.60	14
809	13.60	14
811	13.60	14
813	13.60	14
815	13.60	14
817	13.60	14
819	13.60	14
821	13.60	14
823	13.60	14
825	13.60	14
827	13.60	14
829	14.00	14
831	14.00	14
833	14.00	14
835	14.00	14
837	14.00	14
839	14.00	14
841	14.00	14
843	14.00	14
845	14.00	14
847	14.00	14
849	14.00	14
851	14.00	14
853	14.00	14
855	14.00	14
857	14.00	14
859	14.00	14
861	14.00	14
863	14.00	14
865	14.00	14
867	14.00	14
869	14.00	14
871	14.00	14
873	14.00	14
875	14.00	14
877	14.00	14
879	14.00	14
881	14.00	14
883	14.00	14
885	14.00	14
887	14.00	14
889	14.00	14
891	14.00	14
893	14.00	14
895	14.00	14
897	14.00	14
899	14.00	14
901	14.00	14
903	14.00	14
905	14.00	14
907	14.00	14
909	14.00	14
911	14.00	14
913	14.00	14
915	14.00	14
917	14.00	14
919	14.00	14
921	14.00	14
923	14.00	14
925	14.00	14
927	14.00	14
929	14.00	14
931	14.00	14
933	14.00	14
935	14.00	14
937	14.00	14
939	14.00	14
941	14.00	14
943	14.00	14
945	14.00	14
947	14.00	14
949	14.00	14
951	14.00	14
953	14.00	14
955	14.00	14
957	14.00	14
959	14.00	14
961	14.00	14
963	14.00	14
965	14.00	14
967	14.00	14
969	14.00	14
971	14.00	14
973	14.00	14
975	14.00	14
977	14.00	14
979	14.00	14
981	14.00	14
983	14.00	14
985	14.00	14
987	14.00	14
989	14.00	14
991	14.00	14
993	14.00	14
995	14.00	14
997	14.00	14
999	14.00	14
1001	14.00	14
1003	14.00	14
1005	14.00	14
1007	14.00	14
1009	14.00	14
1011	14.00	14
1013	14.00	14
1015	14.00	14
1017	14.00	14
1019	14.00	14
1021	14.00	14
1023	14.00	14
1025	14.00	14
1027	14.00	14
1029	14.00	14
1031	14.00	14
1033	14.00	14
1035	14.00	14
1037	14.00	14
1039	14.00	14
1041	14.00	14
1043	14.00	14
1045	14.00	14
1047	14.00	14
1049	14.00	14
1051	14.00	14
1053	14.00	14
1055	14.00	14
1057	14.00	14
1059	14.00	14
1061	14.00	14
1063	14.00	14
1065	14.00	14
1067	14.00	14
1069	14.00	14
1071	14.00	14
1073	14.00	14
1075	14.00	14
1077	14.00	14
1079	14.00	14
1081	14.00	14
1083	14.00	14
1085	14.00	14
1087	14.00	14
1089	14.00	14
1091	14.00	14
1093	14.00	14
1095	14.00	14
1097	14.00	14
1099	14.00	14
1101	14.00	14
1103	14.00	14
1105	14.00	14
1107	14.00	14
1109	14.00	14
1111	14.00	14
1113	14.00	14
1115	14.40	16
1117	14.40	16
1119	14.40	16
1121	14.40	16
1123	14.40	16
1125	14.40	16
1127	14.40	16
1129	14.40	16
1131	14.40	16
1133	14.40	16
1135	14.40	16
1137	14.40	16
1139	14.40	16
1141	14.40	16
1143	14.40	16
1145	14.40	16
1147	14.40	16
1149	14.40	16
1151	14.40	16
1153	14.40	16
1155	14.40	16
1157	14.40	16
1159	14.40	16
1161	14.40	16
1163	14.40	16
1165	14.40	16
1167	14.40	16
1169	14.40	16
1171	14.40	16
1173	14.40	16
1175	14.40	16
1177	14.40	16
1179	14.40	16
1181	14.40	16
1183	14.40	16
1185	14.40	16
1187	14.40	16
1189	14.40	16
1191	14.40	16
1193	14.40	16
1195	14.40	16
1197	14.40	16
1199	14.40	16
1201	14.40	16
1203	14.40	16
1205	14.40	16
1207	14.40	16
1209	14.40	16
1211	14.40	16
1213	14.40	16
1215	14.40	16
1217	14.40	16
1219	14.40	16
1221	14.40	16
1223	14.40	16
1225	14.40	16
1227	14.40	16
1229	14.40	16
1231	14.40	16
1233	14.40	16
1235	14.40	16
1237	14.40	16
1239	14.40	16
1241	14.40	16
1243	14.40	16
1245	14.80	16
1247	14.80	16
1249	14.80	16
1251	14.80	16
1253	14.80	16
1255	14.80	16
1257	14.80	16
1259	14.80	16
1261	14.80	16
1263	14.80	16
1265	14.80	16
1267	14.80	16
1269	14.80	16
1271	14.80	16
1273	14.80	16
1275	14.80	16
1277	14.80	16
1279	14.80	16
1281	14.80	16
1283	14.80	16
1285	14.80	16
1287	14.80	16
1289	14.80	16
1291	14.80	16
1293	14.80	16
1295	15.20	16
1297	15.20	16
1299	15.20	16
1301	15.20	16
1303	15.20	16
1305	15.20	16
1307	15.20	16
1309	15.20	16
1311	15.20	16
1313	15.20	16
1315	15.20	16
1317	15.20	16
1319	15.20	16
1321	15.20	16
1323	15.20	16
1325	15.20	16
1327	15.20	16
1329	15.20	16
1331	15.20	16
1333	15.20	16
1335	15.20	16
1337	15.20	16
1339	15.20	16
1341	15.20	16
1343	15.20	16
1345	15.20	16
1347	15.20	16
1349	15.20	16
1351	15.20	16
1353	15.20	16
1355	15.20	16
1357	15.20	16
1359	15.20	16
1361	15.20	16
1363	15.20	16
1365	15.20	16
1367	15.20	16
1369	15.20	16
1371	15.20	16
1373	15.20	16
1375	15.20	16
1377	15.20	16
1379	15.20	16
1381	15.20	16
1383	15.20	16
1385	15.20	16
1387	15.20	16
1389	15.20	16
1391	15.20	16
1393	15.20	16
1395	15.20	16
1397	15.20	16
1399	15.20	16
1401	15.20	16
1403	15.20	16
1405	15.20	16
1407	15.20	16
1409	15.20	16
1411	15.20	16
1413	15.20	16
1415	15.20	16
1417	15.20	16
1419	15.20	16
1421	15.20	16
1423	15.20	16
1425	15.20	16
1427	15.20	16
1429	15.20	16
1431	15.60	16
1433	15.60	16
1435	15.60	16
1437	15.60	16
1439	15.60	16
1441	15.60	16
1443	15.60	16
1445	15.60	16
1447	15.60	16
1449	15.60	16
1451	15.60	16
1453	15.60	16
1455	15.60	16
1457	15.60	16
1459	15.60	16
1461	15.60	16
1463	15.60	16
1465	15.60	16
1467	15.60	16
1469	15.60	16
1471	15.60	16
1473	15.60	16
1475	15.60	16
1477	15.60	16
1479	15.60	16
1481	15.60	16
1483	15.60	16
1485	15.60	16
1487	15.60	16
1489	15.60	16
1491	15.60	16
1493	15.60	16
1495	15.60	16
1497	15.60	16
1499	15.60	16
1501	15.60	16
1503	15.60	16
1505	15.60	16
1507	15.60	16
1509	15.60	16
1511	15.60	16
1513	15.60	16
1515	15.60	16
1517	15.60	16
1519	15.60	16
1521	15.60	16
1523	15.60	16
1525	15.60	16
1527	15.60	16
1529	15.60	16
1531	15.60	16
1533	15.60	16
1535	15.60	16
1537	15.60	16
1539	15.60	16
1541	15.60	16
1543	15.60	16
1545	15.60	16
1547	15.60	16
1549	15.60	16
1551	15.60	16
1553	15.60	16
1555	15.60	16
1557	15.60	16
1559	15.60	16
1561	15.60	16
1563	15.60	16
1565	15.60	16
1567	15.60	16
1569	15.60	16
1571	15.60	16
1573	15.60	16
1575	15.60	16
1577	15.60	16
1579	15.60	16
1581	15.60	16
1583	15.60	16
1585	15.60	16
1587	15.60	16
1589	15.60	16
1591	15.60	16
1593	15.60	16
1595	15.60	16
1597	15.60	16
1599	15.60	16
1601	15.60	16
1603	15.60	16
1605	15.60	16
1607	15.60	16
1609	15.60	16
1611	15.60	16
1613	15.60	16
1615	15.60	16
1617	15.60	16
1619	15.60	16
1621	15.60	16
1623	15.60	16
1625	15.60	16
1627	15.60	16
1629	15.60	16
1631	15.60	16
1633	15.60	16
1635	15.60	16
1637	15.60	16
1639	15.60	16
1641	15.60	16
1643	15.60	16
1645	15.60	16
1647	15.60	16
1649	15.60	16
1651	15.60	16
1653	15.60	16
1655	15.60	16
1657	15.60	16
1659	15.60	16
1661	15.60	16
1663	15.60	16
1665	15.60	16
1667	15.60	16
1669	15.60	16
1671	15.60	16
1673	15.60	16
1675	15.60	16
1677	15.60	16
1679	15.60	16
1681	15.60	16
1683	15.60	16
1685	15.60	16
1687	15.60	16
1689	15.60	16
1691	15.60	16
1693	15.60	16
1695	15.60	16
1697	15.60	16
1699	15.60	16
1701	15.60	16
1703	15.60	16
1705	15.60	16
1707	15.60	16
1709	15.60	16
1711	15.60	16
1713	15.60	16
1715	15.60	16
1717	15.60	16
1719	15.60	16
1721	15.60	16
1723	15.60	16
1725	15.60	16
1727	15.60	16
1729	15.60	16
1731	15.60	16
1733	15.60	16
1735	15.60	16
1737	15.60	16
1739	15.60	16
1741	15.60	16
1743	15.60	16
1745	15.60	16
1747	15.60	16
1749	15.60	16
1751	15.60	16
1753	15.60	16
1755	15.60	16
1757	15.60	16
1759	15.60	16
1761	15.60	16
1763	15.60	16
1765	15.60	16
1767	15.60	16
1769	15.60	16
1771	15.60	16
1773	15.60	16
1775	15.60	16
1777	15.60	16
1779	15.60	16
1781	15.60	16
1783	15.60	16
1785	15.60	16
1787	15.60	16
1789	15.60	16
1791	15.60	16
1793	15.60	16
1795	15.60	16
1797	15.60	16
1799	15.60	16
1801	15.60	16
1803	15.60	16
1805	15.60	16
1807	15.60	16
1809	15.60	16
1811	15.60	16
1813	15.60	16
1815	15.60	16
1817	15.60	16
1819	15.60	16
1821	15.60	16
1823	15.60	16
1825	15.60	16
1827	15.60	16
1829	15.60	16
1831	15.60	16
1833	15.60	16
1835	15.60	16
1837	15.60	16
1839	15.60	16
1841	15.60	16
1843	15.60	16
1845	15.60	16
1847	15.60	16
1849	15.60	16
1851	15.60	16
1853	15.60	16
1855	15.60	16
1857	15.60	16
1859	15.60	16
1861	15.60	16
1863	15.60	16
1865	15.60	16
1867	15.60	16
1869	15.60	16
1871	15.60	16
1873	15.60	16
1875	15.60	16
1877	15.60	16
1879	15.60	16
1881	15.60	16
1883	15.60	16
1885	15.60	16
1887	15.60	16
1889	15.60	16
1891	15.60	16
1893	15.60	16
1895	15.60	16
1897	15.60	16
1899	15.60	16
1901	15.60	16
1903	15.60	16
1905	15.60	16
1907	15.60	16
1909	15.60	16
1911	15.60	16
1913	15.60	16
1915	15.60	16
1917	15.60	16
1919	15.60	16
1921	15.60	16
1923	15.60	16
1925	15.60	16
1927	15.60	16
1929	15.60	16
1931	15.60	16
1933	16.00	16
1935	16.00	16
1937	16.00	16
1939	16.00	16
1941	16.00	16
1943	16.00	16
1945	16.00	16
1947	16.00	16
1949	16.00	16
1951	16.00	16
1953	16.00	16
1955	16.00	16
1957	16.00	16
1959	16.00	16
1961	16.00	16
1963	16.00	16
1965	16.00	16
1967	16.00	16
1969	16.00	16
1971	16.00	16
1973	16.00	16
1975	16.00	16
1977	16.00	16
1979	16.00	16
1981	16.00	16
1983	16.00	16
1985	16.00	16
1987	16.00	16
1989	16.00	16
1991	16.00	16
1993	16.00	16
1995	16.00	16
1997	16.00	16
1999	16.00	16
2001	16.00	16
2003	16.00	16
2005	16.00	16
2007	16.00	16
2009	16.00	16
2011	16.00	16
2013	16.00	16
2015	16.00	16
2017	16.00	16
2019	16.00	16
2021	16.00	16
2023	16.00	16
2025	16.00	16
2027	16.00	16
2029	16.00	16
2031	16.00	16
2033	16.00	16
2035	16.00	16
2037	16.00	16
2039	16.00	16
2041	16.00	16
2043	16.00	16
2045	16.00	16
2047	16.00	16
2049	16.00	16
2051	16.00	16
2053	16.00	16
2055	16.00	16
2057	16.00	16
2059	16.00	16
2061	16.00	16
2063	16.00	16
2065	16.00	16
2067	16.00	16
2069	16.00	16
2071	16.00	16
2073	16.00	16
2075	16.00	16
2077	16.00	16
2079	16.00	16
2081	16.00	16
2083	16.00	16
2085	16.00	16
2087	16.00	16
2089	16.00	16
2091	16.00	16
2093	16.00	16
2095	16.00	16
2097	16.00	16
2099	16.00	16
2101	16.00	16
2103	16.00	16
2105	16.00	16
2107	16.00	16
2109	16.00	16
2111	16.00	16
2113	16.00	16
2115	16.00	16
2117	16.00	16
2119	16.00	16
2121	16.00	16
2123	16.00	16
2125	16.00	16
2127	16.00	16
2129	16.00	16
2131	16.00	16
2133	16.00	16
2135	16.00	16
2137	16.00	16
2139	16.00	16
2141	16.00	16
2143	16.00	16
2145	16.00	16
2147	16.00	16
2149	16.00	16
2151	16.00	16
2153	16.00	16
2155	16.00	16
2157	16.00	16
2159	16.00	16
2161	16.00	16
2163	16.00	16
2165	16.00	16
2167	16.00	16
2169	16.00	16
2171	16.00	16
2173	16.00	16
2175	16.00	16
2177	16.00	16
2179	16.00	16
2181	16.00	16
2183	16.00	16
2185	16.00	16
2187	16.00	16
2189	16.00	16
2191	16.00	16
2193	16.00	16
2195	16.00	16
2197	16.00	16
2199	16.00	16
2201	16.00	16
2203	16.00	16
2205	16.00	16
2207	16.00	16
2209	16.00	16
2211	16.00	16
2213	16.00	16
2215	16.00	16
2217	16.00	16
2219	16.00	16
2221	16.00	16
2223	16.00	16
2225	16.00	16
2227	16.00	16
2229	16.00	16
2231	16.00	16
2233	16.00	16
2235	16.00	16
2237	16.00	16
2239	16.00	16
2241	16.00	16
2243	16.00	16
2245	16.00	16
2247	16.00	16
2249	16.00	16
2251	16.00	16
2253	16.00	16
2255	16.00	16
2257	16.00	16
2259	16.00	16
2261	16.00	16
2263	16.00	16
2265	16.00	16
2267	16.00	16
2269	16.00	16
2271	16.00	16
2273	16.00	16
2275	16.00	16
2277	16.00	16
2279	16.00	16
2281	16.00	16
2283	16.00	16
2285	16.00	16
2287	16.00	16
2289	16.00	16
2291	16.00	16
2293	16.00	16
2295	16.00	16
2297	16.00	16
2299	16.00	16
2301	16.00	16
2303	16.00	16
2305	16.00	16
2307	16.00	16
2309	16.00	16
2311	16.00	16
2313	16.00	16
2315	16.00	16
2317	16.00	16
2319	16.00	16
2321	16.00	16
2323	16.00	16
2325	16.00	16
2327	16.00	16
2329	16.00	16
2331	16.00	16
2333	16.00	16
2335	16.00	16
2337	16.00	16
2339	16.00	16
2341	16.00	16
2343	16.00	16
2345	16.00	16
2347	16.00	16
2349	16.00	16
2351	16.00	16
2353	16.00	16
2355	16.00	16
2357	16.00	16
2359	16.00	16
2361	16.00	16
2363	16.00	16
2365	16.00	16
2367	16.00	16
2369	16.00	16
2371	16.00	16
2373	16.00	16
2375	16.00	16
2377	16.00	16
2379	16.00	16
2381	16.00	16
2383	16.00	16
2385	16.00	16
2387	16.00	16
2389	16.00	16
2391	16.00	16
2393	16.00	16
2395	16.00	16
2397	16.00	16
2399	16.00	16
2401	16.00	16
2403	16.00	16
2405	16.00	16
2407	16.00	16
2409	16.00	16
2411	16.00	16
2413	16.00	16
2415	16.00	16
2417	16.00	16
2419	16.00	16
2421	16.00	16
2423	16.00	16
2425	16.00	16
2427	16.00	16
2429	16.00	16
2431	16.00	16
2433	16.00	16
2435	16.00	16
2437	16.00	16
2439	16.00	16
2441	16.00	16
2443	16.00	16
2445	16.00	16
2447	16.00	16
2449	16.00	16
2451	16.00	16
2453	16.00	16
2455	16.00	16
2457	16.00	16
2459	16.00	16
2461	16.00	16
2463	16.00	16
2465	16.00	16
2467	16.00	16
2469	16.00	16
2471	16.00	16
2473	16.00	16
2475	16.00	16
2477	16.00	16
2479	16.00	16
2481	16.00	16
2483	16.00	16
2485	16.00	16
2487	16.00	16
2489	16.00	16
2491	16.00	16
2493	16.00	16
2495	16.00	16
2497	16.00	16
2499	16.00	16
2501	16.00	16
2503	16.00	16
2505	16.00	16
2507	16.00	16
2509	16.00	16
2511	16.00	16
2513	16.00	16
2515	16.00	16
2517	16.00	16
2519	16.00	16
2521	16.00	16
2523	16.00	16
2525	16.00	16
2527	16.00	16
2529	16.00	16
2531	16.00	16
2533	16.00	16
2535	16.00	16
2537	16.00	16
2539	16.00	16
2541	16.00	16
2543	16.00	16
2545	16.00	16
2547	16.00	16
2549	16.00	16
2551	16.00	16
2553	16.00	16
2555	16.00	16
2557	16.00	16
2559	16.00	16
2561	16.00	16
2563	16.00	16
2565	16.00	16
2567	16.00	16
2569	16.00	16
2571	16.00	16
2573	16.00	16
2575	16.00	16
2577	16.00	16
2579	16.00	16
2581	16.00	16
2583	16.00	16
2585	16.00	16
2587	16.00	16
2589	16.00	16
2591	16.00	16
2593	16.00	16
2595	16.00	16
2597	16.00	16
2599	16.00	16
2601	16.00	16
2603	16.00	16
2605	16.00	16
2607	16.00	16
2609	16.00	16
2611	16.00	16
2613	16.00	16
2615	16.00	16
2617	16.00	16
2619	16.00	16
2621	16.00	16
2623	16.00	16
2625	16.00	16
2627	16.00	16
2629	16.00	16
2631	16.00	16
2633	16.00	16
2635	16.00	16
2637	16.00	16
2639	16.00	16
2641	16.00	16
2643	16.00	16
2645	16.00	16
2647	16.00	16
2649	16.00	16
2651	16.00	16
2653	16.00	16
2655	16.00	16
2657	16.00	16
2659	16.00	16
2661	16.00	16
2663	16.00	16
2665	16.00	16
2667	16.00	16
2669	16.00	16
2671	16.00	16
2673	16.00	16
2675	16.00	16
2677	16.00	16
2679	16.00	16
2681	16.00	16
2683	16.00	16
2685	16.00	16
2687	16.00	16
2689	16.00	16
2691	16.00	16
2693	16.00	16
2695	16.00	16
2697	16.00	16
2699	16.00	16
2701	16.00	16
2703	16.00	16
2705	16.00	16
2707	16.00	16
2709	16.00	16
2711	16.00	16
2713	16.00	16
2715	16.00	16
2717	16.00	16
2719	16.00	16
2721	16.00	16
2723	16.00	16
2725	16.00	16
2727	16.00	16
2729	16.00	16
2731	16.00	16
2733	16.00	16
2735	16.00	16
2737	16.00	16
2739	16.00	16
2741	16.00	16
2743	16.00	16
2745	16.00	16
2747	16.00	16
2749	16.00	16
2751	16.00	16
2753	16.00	16
2755	16.00	16
2757	16.00	16
2759	16.00	16
2761	16.00	16
2763	16.00	16
2765	16.00	16
2767	16.00	16
2769	16.00	16
2771	16.00	16
2773	16.00	16
2775	16.00	16
2777	16.00	16
2779	16.00	16
2781	16.00	16
2783	16.00	16
2785	16.00	16
2787	16.00	16
2789	16.00	16
2791	16.00	16
2793	16.00	16
2795	16.00	16
2797	16.00	16
2799	16.00	16
2801	16.00	16
2803	16.00	16
2805	16.00	16
2807	16.00	16
2809	16.00	16
2811	16.00	16
2813	16.00	16
2815	16.00	16
2817	16.00	16
2819	16.00	16
2821	16.00	16
2823	16.00	16
2825	16.00	16
2827	16.00	16
2829	16.00	16
2831	16.00	16
2833	16.00	16
2835	16.00	16
2837	16.00	16
2839	16.00	16
2841	16.00	16
2843	16.00	16
2845	16.00	16
2847	16.00	16
2849	16.00	16
2851	16.00	16
2853	16.00	16
2855	16.00	16
2857	16.00	16
2859	16.00	16
2861	16.00	16
2863	16.00	16
2865	16.00	16
2867	16.00	16
2869	16.00	16
2871	16.00	16
2873	16.00	16
2875	16.00	16
2877	16.00	16
2879	16.00	16
2881	16.00	16
2883	16.00	16
2885	16.00	16
2887	16.00	16
2889	16.00	16
2891	16.00	16
2893	16.00	16
2895	16.00	16
2897	16.00	16
2899	16.00	16
2901	16.00	16
2903	16.00	16
2905	16.00	16
2907	16.00	16
2909	16.00	16
2911	16.00	16
2913	16.00	16
2915	16.00	16
2917	16.00	16
2919	16.00	16
2921	16.00	16
2923	16.00	16
2925	16.00	16
2927	16.00	16
2929	16.00	16
2931	16.00	16
2933	16.00	16
2935	16.00	16
2937	16.00	16
2939	16.00	16
2941	16.00	16
2943	16.00	16
2945	16.00	16
2947	16.00	16
2949	16.00	16
2951	16.00	16
2953	16.00	16
2955	16.00	16
2957	16.00	16
2959	16.00	16
2961	16.00	16
2963	16.00	16
2965	16.00	16
2967	16.00	16
2969	16.00	16
2971	16.00	16
2973	16.00	16
2975	16.00	16
2977	16.00	16
2979	16.00	16
2981	16.00	16
2983	16.00	16
2985	16.00	16
2987	16.00	16
2989	16.00	16
2991	16.00	16
2993	16.00	16
2995	16.00	16
2997	16.00	16
2999	16.00	16
3001	16.00	16
3003	16.00	16
3005	16.00	16
3007	16.00	16
3009	16.00	16
3011	16.00	16
3013	16.00	16
3015	16.00	16
3017	16.00	16
3019	16.00	16
3021	16.00	16
3023	16.00	16
3025	16.00	16
3027	16.00	16
3029	16.00	16
3031	16.00	16
3033	16.00	16
3035	16.00	16
3037	16.00	16
3039	16.00	16
3041	16.00	16
3043	16.00	16
3045	16.00	16
3047	16.00	16
3049	16.00	16
3051	16.00	16
3053	16.00	16
3055	16.00	16
3057	16.00	16
3059	16.00	16
3061	16.00	16
3063	16.00	16
3065	16.00	16
3067	16.00	16
3069	16.00	16
3071	16.00	16
3073	16.00	16
3075	16.00	16
3077	16.00	16
3079	16.00	16
3081	16.00	16
3083	16.00	16
3085	16.00	16
3087	16.00	16
3089	16.00	16
3091	16.00	16
3093	16.00	16
3095	16.00	16
3097	16.00	16
3099	16.00	16
3101	16.00	16
3103	16.00	16
3105	16.00	16
3107	16.00	16
3109	16.00	16
3111	16.00	16
3113	16.00	16
3115	16.00	16
3117	16.00	16
3119	16.00	16
3121	16.00	16
3123	16.00	16
3125	16.00	16
3127	16.00	16
3129	16.00	16
3131	16.00	16
3133	16.00	16
3135	16.00	16
3137	16.00	16
3139	16.00	16
3141	16.00	16
3143	16.00	16
3145	16.00	16
3147	16.00	16
3149	16.00	16
3151	16.00	16
3153	16.00	16
3155	16.00	16
3157	16.00	16
3159	16.00	16
3161	16.00	16
3163	16.00	16
3165	16.00	16
3167	16.00	16
3169	16.00	16
3171	16.00	16
3173	16.00	16
3175	16.00	16
3177	16.00	16
3179	16.00	16
3181	16.00	16
3183	16.00	16
3185	16.00	16
3187	16.00	16
3189	16.00	16
3191	16.00	16
3193	16.00	16
3195	16.00	16
3197	16.00	16
3199	16.00	16
3201	16.00	16
3203	16.00	16
3205	16.00	16
3207	16.00	16
3209	16.00	16
3211	16.00	16
3213	16.00	16
3215	16.00	16
3217	16.00	16
3219	16.00	16
3221	16.00	16
3223	16.00	16
3225	16.00	16
3227	16.00	16
3229	16.00	16
3231	16.00	16
3233	16.00	16
3235	16.00	16
3237	16.00	16
3239	16.00	16
3241	16.00	16
3243	16.00	16
3245	16.00	16
3247	16.00	16
3249	16.00	16
3251	16.00	16
3253	16.00	16
3255	16.00	16
3257	16.00	16
3259	16.00	16
3261	16.00	16
3263	16.00	16
3265	16.00	16
3267	16.00	16
3269	16.00	16
3271	16.00	16
3273	16.00	16
3275	16.00	16
3277	16.00	16
3279	16.00	16
3281	16.00	16
3283	16.00	16
3285	16.00	16
3287	16.00	16
3289	16.00	16
3291	16.00	16
3293	16.00	16
3295	16.00	16
3297	16.00	16
3299	16.00	16
3301	16.00	16
3303	16.00	16
3305	16.00	16
3307	16.00	16
3309	16.00	16
3311	16.00	16
3313	16.00	16
3315	16.00	16
3317	16.00	16
3319	16.00	16
3321	16.00	16
3323	16.00	16
3325	16.00	16
3327	16.00	16
3329	16.00	16
3331	16.00	16
3333	16.00	16
3335	16.00	16
3337	16.00	16
3339	16.00	16
3341	16.00	16
3343	16.00	16
3345	16.00	16
3347	16.00	16
3349	16.00	16
3351	16.00	16
3353	16.00	16
3355	16.00	16
3357	16.00	16
3359	16.00	16
3361	16.00	16
3363	16.00	16
3365	16.00	16
3367	16.00	16
3369	16.00	16
3371	16.00	16
3373	16.00	16
3375	16.00	16
3377	16.00	16
3379	16.00	16
3381	16.00	16
3383	16.00	16
3385	16.00	16
3387	16.00	16
3389	16.00	16
3391	16.00	16
3393	16.00	16
3395	16.00	16
3397	16.00	16
3399	16.00	16
3401	16.00	16
3403	16.00	16
3405	16.00	16
3407	16.00	16
3409	16.00	16
3411	16.00	16
3413	16.00	16
3415	16.00	16
3417	16.00	16
3419	16.00	16
3421	16.00	16
3423	16.00	16
3425	16.00	16
3427	16.00	16
3429	16.00	16
3431	16.00	16
3433	16.00	16
3435	16.00	16
3437	16.00	16
3439	16.00	16
3441	16.00	16
3443	16.00	16
3445	16.00	16
3447	16.00	16
3449	16.00	16
3451	16.00	16
3453	16.00	16
3455	16.00	16
3457	16.00	16
3459	16.00	16
3461	16.00	16
3463	16.00	16
3465	16.00	16
3467	16.00	16
3469	16.00	16
3471	16.00	16
3473	16.00	16
3475	16.00	16
3477	16.00	16
3479	16.00	16
3481	16.00	16
3483	16.00	16
3485	16.00	16
3487	16.00	16
3489	16.00	16
3491	16.00	16
3493	16.00	16
3495	16.00	16
3497	16.00	16
3499	16.00	16
3501	16.00	16
3503	16.00	16
3505	16.00	16
3507	16.00	16
3509	16.00	16
3511	16.00	16
3513	16.00	16
3515	16.00	16
3517	16.00	16
3519	16.00	16
3521	16.00	16
3523	16.00	16
3525	16.00	16
3527	16.00	16
3529	16.00	16
3531	16.00	16
3533	16.00	16
3535	16.00	16
3537	16.00	16
3539	16.00	16
3541	16.00	16
3543	16.00	16
3545	16.00	16
3547	16.00	16
3549	16.00	16
3551	16.00	16
3553	16.00	16
3555	16.00	16
3557	16.00	16
3559	16.00	16
3561	16.00	16
3563	16.00	16
3565	16.00	16
3567	16.00	16
3569	16.00	16
3571	16.00	16
3573	16.00	16
3575	16.00	16
3577	16.00	16
3579	16.00	16
3581	16.00	16
3583	16.00	16
3585	16.00	16
3587	16.00	16
3589	16.00	16
3591	16.00	16
3593	16.00	16
3595	16.00	16
3597	16.00	16
3599	16.00	16
3601	16.00	16
3603	16.00	16
3605	16.00	16
3607	16.00	16
3609	16.00	16
3611	16.00	16
3613	16.00	16
3615	16.00	16
3617	16.00	16
3619	16.00	16
3621	16.00	16
3623	16.00	16
3625	16.00	16
3627	16.00	16
3629	16.00	16
3631	16.00	16
3633	16.00	16
3635	16.00	16
3637	16.00	16
3639	16.00	16
3641	16.00	16
3643	16.00	16
3645	16.00	16
3647	16.00	16
3649	16.00	16
3651	16.00	16
3653	16.00	16
3655	16.00	16
3657	16.00	16
3659	16.00	16
3661	16.00	16
3663	16.00	16
3665	16.00	16
3667	16.00	16
3669	16.00	16
3671	16.00	16
3673	16.00	16
3675	16.00	16
3677	16.00	16
3679	16.00	16
3681	16.00	16
3683	16.00	16
3685	16.00	16
3687	16.00	16
3689	16.00	16
3691	16.00	16
3693	16.00	16
3695	16.00	16
3697	16.00	16
3699	16.00	16
3701	16.00	16
3703	16.00	16
3705	16.00	16
3707	16.00	16
3709	16.00	16
3711	16.00	16
3713	16.00	16
3715	16.00	16
3717	16.00	16
3719	16.00	16
3721	16.00	16
3723	16.00	16
3725	16.00	16
3727	16.00	16
3729	16.00	16
3731	16.00	16
3733	16.00	16
3735	16.00	16
3737	16.00	16
3739	16.00	16
3741	16.00	16
3743	16.00	16
3745	16.00	16
3747	16.00	16
3749	16.00	16
3751	16.00	16
3753	16.00	16
3755	16.00	16
3757	16.00	16
3759	16.00	16
3761	16.00	16
3763	16.00	16
3765	16.00	16
3767	16.00	16
3769	16.00	16
3771	16.00	16
3773	16.00	16
3775	16.00	16
3777	16.00	16
3779	16.00	16
3781	16.00	16
3783	16.00	16
3785	16.00	16
3787	16.00	16
3789	16.00	16
3791	16.00	16
3793	16.00	16
3795	16.00	16
3797	16.00	16
3799	16.00	16
3801	16.00	16
3803	16.00	16
3805	16.00	16
3807	16.00	16
3809	16.00	16
3811	16.00	16
3813	16.00	16
3815	16.00	16
3817	16.00	16
3819	16.00	16
3821	16.00	16
3823	16.00	16
3825	16.00	16
3827	16.00	16
3829	16.00	16
3831	16.00	16
3833	16.00	16
3835	16.00	16
3837	16.00	16
3839	16.00	16
3841	16.00	16
3843	16.00	16
3845	16.00	16
3847	16.00	16
3849	16.00	16
3851	16.00	16
3853	16.00	16
3855	16.00	16
3857	16.00	16
3859	16.00	16
3861	16.00	16
3863	16.00	16
3865	16.00	16
3867	16.00	16
3869	16.00	16
3871	16.00	16
3873	16.00	16
3875	16.00	16
3877	16.00	16
3879	16.00	16
3881	16.00	16
3883	16.00	16
3885	16.00	16
3887	16.00	16
3889	16.00	16
3891	16.00	16
3893	16.00	16
3895	16.00	16
3897	16.00	16
3899	16.00	16
3901	16.00	16
3903	16.00	16
3905	16.00	16
3907	16.00	16
3909	16.00	16
3911	16.00	16
3913	16.00	16
3915	16.00	16
3917	16.00	16
3919	16.00	16
3921	16.00	16
3923	16.00	16
3925	16.00	16
3927	16.00	16
3929	16.00	16
3931	16.00	16
3933	16.00	16
3935	16.00	16
3937	16.00	16
3939	16.00	16
3941	16.00	16
3943	16.00	16
3945	16.00	16
3947	16.00	16
3949	16.00	16
3951	16.00	16
3953	16.00	16
3955	16.00	16
3957	16.00	16
3959	16.00	16
3961	16.00	16
3963	16.00	16
3965	16.00	16
3967	16.00	16
3969	16.00	16
3971	16.00	16
3973	16.00	16
3975	16.00	16
3977	16.00	16
3979	16.00	16
3981	16.00	16
3983	16.00	16
3985	16.00	16
3987	16.00	16
3989	16.00	16
3991	16.00	16
3993	16.00	16
3995	16.00	16
3997	16.00	16
3999	16.00	16
4001	16.00	16
4003	16.00	16
4005	16.00	16
4007	16.00	16
4009	16.00	16
4011	16.00	16
4013	16.00	16
4015	16.00	16
4017	16.00	16
4019	16.00	16
4021	16.00	16
4023	16.00	16
4025	16.00	16
4027	16.00	16
4029	16.00	16
4031	16.00	16
4033	16.00	16
4035	16.00	16
4037	16.00	16
4039	16.00	16
4041	16.00	16
4043	16.00	16
4045	16.00	16
4047	16.00	16
4049	16.00	16
4051	16.00	16
4053	16.00	16
4055	16.00	16
4057	16.00	16
4059	16.00	16
4061	16.00	16
4063	16.00	16
4065	16.00	16
4067	16.00	16
4069	16.00	16
4071	16.00	16
4073	16.00	16
4075	16.00	16
4077	16.00	16
4079	16.00	16
4081	16.00	16
4083	16.00	16
4085	16.00	16
4087	16.00	16
4089	16.00	16
4091	16.00	16
4093	16.00	16
4095	16.00	16
4097	16.00	16
4099	16.00	16
4101	16.00	16
4103	16.00	16
4105	16.00	16
4107	16.00	16
4109	16.00	16
4111	16.00	16
4113	16.00	16
4115	16.00	16
4117	16.00	16
4119	16.00	16
4121	16.00	16
4123	16.00	16
4125	16.00	16
4127	16.00	16
4129	16.00	16
4131	16.00	16
4133	16.00	16
4135	16.00	16
4137	16.00	16
4139	16.00	16
4141	16.00	16
4143	16.00	16
4145	16.00	16
4147	16.00	16
4149	16.00	16
4151	16.00	16
4153	16.00	16
4155	16.00	16
4157	16.00	16
4159	16.00	16
4161	16.00	16
4163	16.00	16
4165	16.00	16
4167	16.00	16
4169	16.00	16
4171	16.00	16
4173	16.00	16
4175	16.00	16
4177	16.00	16
4179	16.00	16
4181	16.00	16
4183	16.00	16
4185	16.00	16
4187	16.00	16
4189	16.00	16
4191	16.00	16
4193	16.00	16
4195	16.00	16
4197	16.00	16
4199	16.00	16
4201	16.00	16
4203	16.00	16
4205	16.00	16
4207	16.00	16
4209	16.00	16
4211	16.00	16
4213	16.00	16
4215	16.00	16
4217	16.00	16
4219	16.00	16
4221	16.00	16
4223	16.00	16
4225	16.00	16
4227	16.00	16
4229	16.00	16
4231	16.00	16
4233	16.00	16
4235	16.00	16
4237	16.00	16
4239	16.00	16
4241	16.00	16
4243	16.00	16
4245	16.00	16
4247	16.00	16
4249	16.00	16
4251	16.00	16
4253	16.00	16
4255	16.00	16
4257	16.00	16
4259	16.00	16
4261	16.00	16
4263	16.00	16
4265	16.00	16
4267	16.00	16
4269	16.00	16
4271	16.00	16
4273	16.00	16
4275	16.00	16
4277	16.00	16
4279	16.00	16
4281	16.00	16
4283	16.00	16
4285	16.00	16
4287	16.00	16
4289	16.00	16
4291	16.00	16
4293	16.00	16
4295	16.00	16
4297	16.00	16
4299	16.00	16
4301	16.00	16
4303	16.00	16
4305	16.00	16
4307	16.00	16
4309	16.00	16
4311	16.00	16
4313	16.00	16
4315	16.00	16
4317	16.00	16
4319	16.00	16
4321	16.00	16
4323	16.00	16
4325	16.00	16
4327	16.00	16
4329	16.00	16
4331	16.00	16
4333	16.00	16
4335	16.00	16
4337	16.00	16
4339	16.00	16
4341	16.00	16
4343	16.00	16
4345	16.00	16
4347	16.00	16
4349	16.00	16
4351	16.00	16
4353	16.00	16
4355	16.00	16
4357	16.00	16
4359	16.00	16
4361	16.00	16
4363	16.00	16
4365	16.00	16
4367	16.00	16
4369	16.00	16
4371	16.00	16
4373	16.00	16
4375	16.00	16
4377	16.00	16
4379	16.00	16
4381	16.00	16
4383	16.00	16
4385	16.00	16
4387	16.00	16
4389	16.00	16
4391	16.00	16
4393	16.00	16
4395	16.00	16
4397	16.00	16
4399	16.00	16
4401	16.00	16
4403	16.00	16
4405	16.00	16
4407	16.00	16
4409	16.00	16
4411	16.00	16
4413	16.00	16
4415	16.00	16
4417	16.00	16
4419	16.00	16
4421	16.00	16
4423	16.00	16
4425	16.00	16
4427	16.00	16
4429	16.00	16
4431	16.00	16
4433	16.00	16
4435	16.00	16
4437	16.00	16
4439	16.00	16
4441	16.00	16
4443	16.00	16
4445	16.00	16
4447	16.00	16
4449	16.00	16
4451	16.00	16
4453	16.00	16
4455	16.00	16
4457	16.00	16
4459	16.00	16
4461	16.00	16
4463	16.00	16
4465	16.00	16
4467	16.00	16
4469	16.00	16
4471	16.00	16
4473	16.00	16
4475	16.00	16
4477	16.00	16
4479	16.00	16
4481	16.00	16
4483	16.00	16
4485	16.00	16
4487	16.00	16
4489	16.00	16
4491	16.00	16
4493	16.00	16
4495	16.00	16
4497	16.00	16
4499	16.00	16
4501	16.00	16
4503	16.00	16
4505	16.00	16
4507	16.00	16
4509	16.00	16
4511	16.00	16
4513	16.00	16
4515	16.00	16
4517	16.00	16
4519	16.00	16
4521	16.00	16
4523	16.00	16
4525	16.00	16
4527	16.00	16
4529	16.00	16
4531	16.00	16
4533	16.00	16
4535	16.00	16
4537	16.00	16
4539	16.00	16
4541	16.00	16
4543	16.00	16
4545	16.00	16
4547	16.00	16
4549	16.00	16
4551	16.00	16
4553	16.00	16
4555	16.00	16
4557	16.00	16
4559	16.00	16
4561	16.00	16
4563	16.00	16
4565	16.00	16
4567	16.00	16
4569	16.00	16
4571	16.00	16
4573	16.00	16
4575	16.00	16
4577	16.00	16
4579	16.00	16
4581	16.00	16
4583	16.00	16
4585	16.00	16
4587	16.00	16
4589	16.00	16
4591	16.00	16
4593	16.00	16
4595	16.00	16
4597	16.00	16
4599	16.00	16
4601	16.00	16
4603	16.00	16
4605	16.00	16
4607	16.00	16
4609	16.00	16
4611	16.00	16
4613	16.00	16
4615	16.00	16
4617	16.00	16
4619	16.00	16
4621	16.00	16
4623	16.00	16
4625	16.00	16
4627	16.00	16
4629	16.00	16
4631	16.00	16
4633	16.00	16
4635	16.00	16
4637	16.00	16
4639	16.00	16
4641	16.00	16
4643	16.00	16
4645	16.00	16
4647	16.00	16
4649	16.00	16
4651	16.00	16
4653	16.00	16
4655	16.00	16
4657	16.00	16
4659	16.00	16
4661	16.00	16
4663	16.00	16
4665	16.00	16
4667	16.00	16
4669	16.00	16
4671	16.00	16
4673	16.00	16
4675	16.00	16
4677	16.00	16
4679	16.00	16
4681	16.00	16
4683	16.00	16
4685	16.00	16
4687	16.00	16
4689	16.00	16
4691	16.00	16
4693	16.00	16
4695	16.00	16
4697	16.00	16
4699	16.00	16
4701	16.00	16
4703	16.00	16
4705	16.00	16
4707	16.00	16
4709	16.00	16
4711	16.00	16
4713	16.00	16
4715	16.00	16
4717	16.00	16
4719	16.00	16
4721	16.00	16
4723	16.00	16
4725	16.00	16
4727	16.00	16
4729	16.00	16
4731	16.00	16
4733	16.00	16
4735	16.00	16
4737	16.00	16
4739	16.00	16
4741	16.00	16
4743	16.00	16
4745	16.00	16
4747	16.00	16
4749	16.00	16
4751	16.00	16
4753	16.00	16
4755	16.00	16
4757	16.00	16
4759	16.00	16
4761	16.00	16
4763	16.00	16
4765	16.00	16
4767	16.00	16
4769	16.00	16
4771	16.00	16
4773	16.00	16
4775	16.00	16
4777	16.00	16
4779	16.00	16
4781	16.00	16
4783	16.00	16
4785	16.00	16
4787	16.00	16
4789	16.00	16
4791	16.00	16
4793	16.00	16
4795	16.00	16
4797	16.00	16
4799	16.00	16
4801	16.00	16
4803	16.00	16
4805	16.00	16
4807	16.00	16
4809	16.00	16
4811	16.00	16
4813	16.00	16
4815	16.00	16
4817	16.00	16
4819	16.00	16
4821	16.00	16
4823	16.00	16
4825	16.00	16
4827	16.00	16
4829	16.00	16
4831	16.00	16
4833	16.00	16
4835	16.00	16
4837	16.00	16
4839	16.00	16
4841	16.00	16
4843	16.00	16
4845	16.00	16
4847	16.00	16
4849	16.00	16
4851	16.00	16
4853	16.00	16
4855	16.00	16
4857	16.00	16
4859	16.00	16
4861	16.00	16
4863	16.00	16
4865	16.00	16
4867	16.00	16
4869	16.00	16
4871	16.00	16
4873	16.00	16
4875	16.00	16
4877	16.00	16
4879	16.00	16
4881	16.00	16
4883	16.00	16
4885	16.00	16
4887	16.00	16
4889	16.00	16
4891	16.00	16
4893	16.00	16
4895	16.00	16
4897	16.00	16
4899	16.00	16
4901	16.00	16
4903	16.00	16
4905	16.00	16
4907	16.00	16
4909	16.00	16
4911	16.00	16
4913	16.00	16
4915	16.00	16
4917	16.00	16
4919	16.00	16
4921	16.00	16
4923	16.00	16
4925	16.00	16
4927	16.00	16
4929	16.00	16
4931	16.00	16
4933	16.00	16
4935	16.00	16
4937	16.00	16
4939	16.00	16
4941	16.00	16
4943	16.00	16
4945	16.00	16
4947	16.00	16
4949	16.00	16
4951	16.00	16
4953	16.00	16
4955	16.00	16
4957	16.00	16
4959	16.00	16
4961	16.00	16
4963	16.00	16
4965	16.00	16
4967	16.00	16
4969	16.00	16
4971	16.00	16
4973	16.00	16
4975	16.00	16
4977	16.00	16
4979	16.00	16
4981	16.00	16
4983	16.00	16
4985	16.00	16
4987	16.00	16
4989	16.00	16
4991	16.00	16
4993	16.00	16
4995	16.00	16
4997	16.00	16
4999	16.00	16
5001	16.00	16
5003	16.00	16
5005	16.00	16
5007	16.00	16
5009	16.00	16
5011	16.00	16
5013	16.00	16
5015	16.00	16
5017	16.00	16
5019	16.00	16
5021	16.00	16
5023	16.00	16
5025	16.00	16
5027	16.00	16
5029	16.00	16
5031	16.00	16
5033	16.00	16
5035	16.00	16
5037	16.00	16
5039	16.00	16
5041	16.00	16
5043	16.00	16
5045	16.00	16
5047	16.00	16
5049	16.00	16
5051	16.00	16
5053	16.00	16
5055	16.00	16
5057	16.00	16
5059	16.00	16
5061	16.00	16
5063	16.00	16
5065	16.00	16
5067	16.00	16
5069	16.00	16
5071	16.00	16
5073	16.00	16
5075	16.00	16
5077	16.00	16
5079	16.00	16
5081	16.00	16
5083	16.00	16
5085	16.00	16
5087	16.00	16
5089	16.00	16
5091	16.00	16
5093	16.00	16
5095	16.00	16
5097	16.00	16
5099	16.00	16
5101	16.00	16
5103	16.00	16
5105	16.00	16
5107	16.00	16
5109	16.00	16
5111	16.00	16
5113	16.00	16
5115	16.00	16
5117	16.00	16
5119	16.00	16
5121	16.00	16
5123	16.00	16
5125	16.00	16
5127	16.00	16
5129	16.00	16
5131	16.00	16
5133	16.00	16
5135	16.00	16
5137	16.00	16
5139	16.00	16
5141	16.00	16
5143	16.00	16
5145	16.00	16
5147	16.00	16
5149	16.00	16
5151	16.00	16
5153	16.00	16
5155	16.00	16
5157	16.00	16
5159	16.00	16
5161	16.00	16
5163	16.00	16
5165	16.00	16
5167	16.00	16
5169	16.00	16
5171	16.00	16
5173	16.00	16
5175	16.00	16
5177	16.00	16
5179	16.00	16
5181	16.00	16
5183	16.00	16
5185	16.00	16
5187	16.00	16
5189	16.00	16
5191	16.00	16
5193	16.00	16
5195	16.00	16
5197	16.00	16
5199	16.00	16
5201	16.00	16
5203	16.00	16
5205	16.00	16
5207	16.00	16
5209	16.00	16
5211	16.00	16
5213	16.00	16
5215	16.00	16
5217	16.00	16
5219	16.00	16
5221	16.00	16
5223	16.00	16
5225	16.00	16
5227	16.00	16
5229	16.00	16
5231	16.00	16
5233	16.00	16
5235	16.00	16
5237	16.00	16
5239	16.00	16
5241	16.00	16
5243	16.00	16
5245	16.00	16
5247	16.00	16
5249	16.00	16
5251	16.00	16
5253	16.00	16
5255	16.00	16
5257	16.00	16
5259	16.00	16
5261	16.00	16
5263	16.00	16
5265	16.00	16
5267	16.00	16
5269	16.00	16
5271	16.00	16
5273	16.00	16
5275	16.00	16
5277	16.00	16
5279	16.00	16
5281	16.00	16
5283	16.00	16
5285	16.00	16
5287	16.00	16
5289	16.00	16
5291	16.00	16
5293	16.00	16
5295	16.00	16
5297	16.00	16
5299	16.00	16
5301	16.00	16
5303	16.00	16
5305	16.00	16
5307	16.00	16
5309	16.00	16
5311	16.00	16
5313	16.00	16
5315	16.00	16
5317	16.00	16
5319	16.00	16
5321	16.00	16
5323	16.00	16
5325	16.00	16
5327	16.00	16
5329	16.00	16
5331	16.00	16
5333	16.00	16
5335	16.00	16
5337	16.00	16
5339	16.00	16
5341	16.00	16
5343	16.00	16
5345	16.00	16
5347	16.00	16
5349	16.00	16
5351	16.00	16
5353	16.00	16
5355	16.00	16
5357	16.00	16
5359	16.00	16
5361	16.00	16
5363	16.00	16
5365	16.00	16
5367	16.00	16
5369	16.00	16
5371	16.00	16
5373	16.00	16
5375	16.00	16
5377	16.00	16
5379	16.00	16
5381	16.00	16
5383	16.00	16
5385	16.00	16
5387	16.00	16
5389	16.00	16
5391	16.00	16
5393	16.00	16
5395	16.00	16
5397	16.00	16
5399	16.00	16
5401	16.00	16
5403	16.00	16
5405	16.00	16
5407	16.00	16
5409	16.00	16
5411	16.00	16
5413	16.00	16
5415	16.00	16
5417	16.00	16
5419	16.00	16
5421	16.00	16
5423	16.00	16
5425	16.00	16
5427	16.00	16
5429	16.00	16
5431	16.00	16
5433	16.00	16
5435	16.00	16
5437	16.00	16
5439	16.00	16
5441	16.00	16
5443	16.00	16
5445	16.00	16
5447	16.00	16
5449	16.00	16
5451	16.00	16
5453	16.00	16
5455	16.00	16
5457	16.00	16
5459	16.00	16
5461	16.00	16
5463	16.00	16
5465	16.00	16
5467	16.00	16
5469	16.00	16
5471	16.00	16
5473	16.00	16
5475	16.00	16
5477	16.00	16
5479	16.00	16
5481	16.00	16
5483	16.00	16
5485	16.00	16
5487	16.00	16
5489	16.00	16
5491	16.00	16
5493	16.00	16
5495	16.00	16
5497	16.00	16
5499	16.00	16
5501	16.00	16
5503	16.00	16
5505	16.00	16
5507	16.00	16
5509	16.00	16
5511	16.00	16
5513	16.00	16
5515	16.00	16
5517	16.00	16
5519	16.00	16
5521	16.00	16
5523	16.00	16
5525	16.00	16
5527	16.00	16
5529	16.00	16
5531	16.00	16
5533	16.00	16
5535	16.00	16
5537	16.00	16
5539	16.00	16
5541	16.00	16
5543	16.00	16
5545	16.00	16
5547	16.00	16
5549	16.00	16
5551	16.00	16
5553	16.00	16
5555	16.00	16
5557	16.00	16
5559	16.00	16
5561	16.00	16
5563	16.00	16
5565	16.00	16
5567	16.00	16
5569	16.00	16
5571	16.00	16
5573	16.00	16
5575	16.00	16
5577	16.00	16
5579	16.00	16
5581	16.00	16
5583	16.00	16
5585	16.00	16
5587	16.00	16
5589	16.00	16
5591	16.00	16
5593	16.00	16
5595	16.00	16
5597	16.00	16
5599	16.00	16
5601	16.00	16
5603	16.00	16
5605	16.00	16
5607	16.00	16
5609	16.00	16
5611	16.00	16
5613	16.00	16
5615	16.00	16
5617	16.00	16
5619	16.00	16
5621	16.00	16
5623	16.00	16
5625	16.00	16
5627	16.00	16
5629	16.00	16
5631	16.00	16
5633	16.00	16
5635	16.00	16
5637	16.00	16
5639	16.00	16
5641	16.00	16
5643	16.00	16
5645	16.00	16
5647	16.00	16
5649	16.00	16
5651	16.00	16
5653	16.00	16
5655	16.00	16
5657	16.00	16
5659	16.00	16
5661	16.00	16
5663	16.00	16
5665	16.00	16
5667	16.00	16
5669	16.00	16
5671	16.00	16
5673	16.00	16
5675	16.00	16
5677	16.00	16
5679	16.00	16
5681	16.00	16
5683	16.00	16
5685	16.00	16
5687	16.00	16
5689	16.00	16
5691	16.00	16
5693	16.00	16
5695	16.00	16
5697	16.00	16
5699	16.00	16
5701	16.00	16
5703	16.00	16
5705	16.00	16
5707	16.00	16
5709	16.00	16
5711	16.00	16
5713	16.00	16
5715	16.00	16
5717	16.00	16
5719	16.00	16
5721	16.00	16
5723	16.00	16
5725	16.00	16
5727	16.00	16
5729	16.00	16
5731	16.00	16
5733	16.00	16
5735	16.00	16
5737	16.00	16
5739	16.00	16
5741	16.00	16
5743	16.00	16
5745	16.00	16
5747	16.00	16
5749	16.00	16
5751	16.00	16
5753	16.00	16
5755	16.00	16
5757	16.00	16
5759	16.00	16
5761	16.00	16
5763	16.00	16
5765	16.00	16
5767	16.00	16
5769	16.00	16
5771	16.00	16
5773	16.00	16
5775	16.00	16
5777	16.00	16
5779	16.00	16
5781	16.00	16
5783	16.00	16
5785	16.00	16
5787	16.00	16
5789	16.00	16
5791	16.00	16
5793	16.00	16
5795	16.00	16
5797	16.00	16
5799	16.00	16
5801	16.00	16
5803	16.00	16
5805	16.00	16
5807	16.00	16
5809	16.00	16
5811	16.00	16
5813	16.00	16
5815	16.00	16
5817	16.00	16
5819	16.00	16
5821	16.00	16
5823	16.00	16
5825	16.00	16
5827	16.00	16
5829	16.00	16
5831	16.00	16
5833	16.00	16
5835	16.00	16
5837	16.00	16
5839	16.00	16
5841	16.00	16
5843	16.00	16
5845	16.00	16
5847	16.00	16
5849	16.00	16
5851	16.00	16
5853	16.00	16
5855	16.00	16
5857	16.00	16
5859	16.00	16
5861	16.00	16
5863	16.00	16
5865	16.00	16
5867	16.00	16
5869	16.00	16
5871	16.00	16
5873	16.00	16
5875	16.00	16
5877	16.00	16
5879	16.00	16
5881	16.00	16
5883	16.00	16
5885	16.00	16
5887	16.00	16
5889	16.00	16
5891	16.00	16
5893	16.00	16
5895	16.00	16
5897	16.00	16
5899	16.00	16
5901	16.00	16
5903	16.00	16
5905	16.00	16
5907	16.00	16
5909	16.00	16
5911	16.00	16
5913	16.00	16
5915	16.00	16
5917	16.00	16
5919	16.00	16
5921	16.00	16
5923	16.00	16
5925	16.00	16
5927	16.00	16
5929	16.00	16
5931	16.00	16
5933	16.00	16
5935	16.00	16
5937	16.00	16
5939	16.00	16
5941	16.00	16
5943	16.00	16
5945	16.00	16
5947	16.00	16
5949	16.00	16
5951	16.00	16
5953	16.00	16
5955	16.00	16
5957	16.00	16
5959	16.00	16
5961	16.00	16
5963	16.00	16
5965	16.00	16
5967	16.00	16
5969	16.00	16
5971	16.00	16
5973	16.00	16
5975	16.00	16
5977	16.00	16
5979	16.00	16
5981	16.00	16
5983	16.00	16
5985	16.00	16
5987	16.00	16
5989	16.00	16
5991	16.00	16
5993	16.00	16
5995	16.00	16
5997	16.00	16
5999	16.00	16
6001	16.00	16
6003	16.00	16
6005	16.00	16
6007	16.00	16
6009	16.00	16
6011	16.00	16
6013	16.00	16
6015	16.00	16
6017	16.00	16
6019	16.00	16
6021	16.00	16
6023	16.00	16
6025	16.00	16
6027	16.00	16
6029	16.00	16
6031	16.00	16
6033	16.00	16
6035	16.00	16
6037	16.00	16
6039	16.00	16
6041	16.00	16
6043	16.00	16
6045	16.00	16
6047	16.00	16
6049	16.00	16
6051	16.00	16
6053	16.00	16
6055	16.00	16
6057	16.00	16
6059	16.00	16
6061	16.00	16
6063	16.00	16
6065	16.00	16
6067	16.00	16
6069	16.00	16
6071	16.00	16
6073	16.00	16
6075	16.00	16
6077	16.00	16
6079	16.00	16
6081	16.00	16
6083	16.00	16
6085	16.00	16
6087	16.00	16
6089	16.00	16
6091	16.00	16
6093	16.00	16
6095	16.00	16
6097	16.00	16
6099	16.00	16
6101	16.00	16
6103	16.00	16
6105	16.00	16
6107	16.00	16
6109	16.00	16
6111	16.00	16
6113	16.00	16
6115	16.00	16
6117	16.00	16
6119	16.00	16
6121	16.00	16
6123	16.00	16
6125	16.00	16
6127	16.00	16
6129	16.00	16
6131	16.00	16
6133	16.00	16
6135	16.00	16
6137	16.00	16
6139	16.00	16
6141	16.00	16
6143	16.00	16
6145	16.00	16
6147	16.00	16
6149	16.00	16
6151	16.00	16
6153	16.00	16
6155	16.00	16
6157	16.00	16
6159	16.00	16
6161	16.00	16
6163	16.00	16
6165	16.00	16
6167	16.00	16
6169	16.00	16
6171	16.00	16
6173	16.00	16
6175	16.00	16
6177	16.00	16
6179	16.00	16
6181	16.00	16
6183	16.00	16
6185	16.00	16
6187	16.00	16
6189	16.00	16
6191	16.00	16
6193	16.00	16
6195	16.00	16
6197	16.00	16
6199	16.00	16
6201	16.00	16
6203	16.00	16
6205	16.00	16
6207	16.00	16
6209	16.00	16
6211	16.00	16
6213	16.00	16
6215	16.00	16
6217	16.00	16
6219	16.00	16
6221	16.00	16
6223	16.00	16
6225	16.00	16
6227	16.00	16
6229	16.00	16
6231	16.00	16
6233	16.00	16
6235	16.00	16
6237	16.00	16
6239	16.00	16
6241	16.00	16
6243	16.00	16
6245	16.00	16
6247	16.00	16
6249	16.00	16
6251	16.00	16
6253	16.00	16
6255	16.00	16
6257	16.00	16
6259	16.00	16
6261	16.00	16
6263	16.00	16
6265	16.00	16
6267	16.00	16
6269	16.00	16
6271	16.00	16
6273	16.00	16
6275	16.00	16
6277	16.00	16
6279	16.00	16
6281	16.00	16
6283	16.00	16
6285	16.00	16
6287	16.00	16
6289	16.00	16
6291	16.00	16
6293	16.00	16
6295	16.00	16
6297	16.00	16
6299	16.00	16
6301	16.00	16
6303	16.00	16
6305	16.00	16
6307	16.00	16
6309	16.00	16
6311	16.00	16
6313	16.00	16
6315	16.00	16
6317	16.00	16
6319	16.00	16
6321	16.00	16
6323	16.00	16
6325	16.00	16
6327	16.00	16
6329	16.00	16
6331	16.00	16
6333	16.00	16
6335	16.00	16
6337	16.00	16
6339	16.00	16
6341	16.00	16
6343	16.00	16
6345	16.00	16
6347	16.00	16
6349	16.00	16
6351	16.00	16
6353	16.00	16
6355	16.00	16
6357	16.00	16
6359	16.00	16
6361	16.00	16
6363	16.00	16
6365	16.00	16
6367	16.00	16
6369	16.00	16
6371	16.00	16
6373	16.00	16
6375	16.00	16
6377	16.00	16
6379	16.00	16
6381	16.00	16
6383	16.00	16
6385	16.00	16
6387	16.00	16
6389	16.00	16
6391	16.00	16
6393	16.00	16
6395	16.00	16
6397	16.00	16
6399	16.00	16
6401	16.00	16
6403	16.00	16
6405	16.00	16
6407	16.00	16
6409	16.00	16
6411	16.00	16
6413	16.00	16
6415	16.00	16
6417	16.00	16
6419	16.00	16
6421	16.00	16
6423	16.00	16
6425	16.00	16
6427	16.00	16
6429	16.00	16
6431	16.00	16
6433	16.00	16
6435	16.00	16
6437	16.00	16
6439	16.00	16
6441	16.00	16
6443	16.00	16
6445	16.00	16
6447	16.00	16
6449	16.00	16
6451	16.00	16
6453	16.00	16
6455	16.00	16
6457	16.00	16
6459	16.00	16
6461	16.00	16
6463	16.00	16
6465	16.00	16
6467	16.00	16
6469	16.00	16
6471	16.00	16
6473	16.00	16
6475	16.00	16
6477	16.00	16
6479	16.00	16
6481	16.00	16
6483	16.00	16
6485	16.00	16
6487	16.00	16
6489	16.00	16
6491	16.00	16
6493	16.00	16
6495	16.00	16
6497	16.00	16
6499	16.00	16
6501	16.00	16
6503	16.00	16
6505	16.00	16
6507	16.00	16
6509	16.00	16
6511	16.00	16
6513	16.00	16
6515	16.00	16
6517	16.00	16
6519	16.00	16
6521	16.00	16
6523	16.00	16
6525	16.00	16
6527	16.00	16
6529	16.00	16
6531	16.00	16
6533	16.00	16
6535	16.00	16
6537	16.00	16
6539	16.00	16
6541	16.00	16
6543	16.00	16
6545	16.00	16
6547	16.00	16
6549	16.00	16
6551	16.00	16
6553	16.00	16
6555	16.00	16
6557	16.00	16
6559	16.00	16
6561	16.00	16
6563	16.00	16
6565	16.00	16
6567	16.00	16
6569	16.00	16
6571	16.00	16
6573	16.00	16
6575	16.00	16
6577	16.00	16
6579	16.00	16
6581	16.00	16
6583	16.00	16
6585	16.00	16
6587	16.00	16
6589	16.00	16
6591	16.00	16
6593	16.00	16
6595	16.00	16
6597	16.00	16
6599	16.00	16
6601	16.00	16
6603	16.00	16
6605	16.00	16
6607	16.00	16
6609	16.00	16
6611	16.00	16
6613	16.00	16
6615	16.00	16
6617	16.00	16
6619	16.00	16
6621	16.00	16
6623	16.00	16
6625	16.00	16
6627	16.00	16
6629	16.00	16
6631	16.00	16
6633	16.00	16
6635	16.00	16
6637	16.00	16
6639	16.00	16
6641	16.00	16
6643	16.00	16
6645	16.00	16
6647	16.00	16
6649	16.00	16
6651	16.00	16
6653	16.00	16
6655	16.00	16
6657	16.00	16
6659	16.00	16
6661	16.00	16
6663	16.00	16
6665	16.00	16
6667	16.00	16
6669	16.00	16
6671	16.00	16
6673	16.00	16
6675	16.00	16
6677	16.00	16
6679	16.00	16
6681	16.00	16
6683	16.00	16
6685	16.00	16
6687	16.00	16
6689	16.00	16
6691	16.00	16
6693	16.00	16
6695	16.00	16
6697	16.00	16
6699	16.00	16
6701	16.00	16
6703	16.00	16
6705	16.00	16
6707	16.00	16
6709	16.00	16
6711	16.00	16
6713	16.00	16
6715	16.00	16
6717	16.00	16
6719	16.00	16
6721	16.00	16
6723	16.00	16
6725	16.00	16
6727	16.00	16
6729	16.00	16
6731	16.00	16
6733	16.00	16
6735	16.00	16
6737	16.00	16
6739	16.00	16
6741	16.00	16
6743	16.00	16
6745	16.00	16
6747	16.00	16
6749	16.00	16
6751	16.00	16
6753	16.00	16
6755	16.00	16
6757	16.00	16
6759	16.00	16
6761	16.00	16
6763	16.00	16
6765	16.00	16
6767	16.00	16
6769	16.00	16
6771	16.00	16
6773	16.00	16
6775	16.00	16
6777	16.00	16
6779	16.00	16
6781	16.00	16
6783	16.00	16
6785	16.00	16
6787	16.00	16
6789	16.00	16
6791	16.00	16
6793	16.00	16
6795	16.00	16
6797	16.00	16
6799	16.00	16
6801	16.00	16
6803	16.00	16
6805	16.00	16
6807	16.00	16
6809	16.00	16
6811	16.00	16
6813	16.00	16
6815	16.00	16
6817	16.00	16
6819	16.00	16
6821	16.00	16
6823	16.00	16
6825	16.00	16
6827	16.00	16
6829	16.00	16
6831	16.00	16
6833	16.00	16
6835	16.00	16
6837	16.00	16
6839	16.00	16
6841	16.00	16
6843	16.00	16
6845	16.00	16
6847	16.00	16
6849	16.00	16
6851	16.00	16
6853	16.00	16
6855	16.00	16
6857	16.00	16
6859	16.00	16
6861	16.00	16
6863	16.00	16
6865	16.00	16
6867	16.00	16
6869	16.00	16
6871	16.00	16
6873	16.00	16
6875	16.00	16
6877	16.00	16
6879	16.00	16
6881	16.00	16
6883	16.00	16
6885	16.00	16
6887	16.00	16
6889	16.00	16
6891	16.00	16
6893	16.00	16
6895	16.00	16
6897	16.00	16
6899	16.00	16
6901	16.00	16
6903	16.00	16
6905	16.00	16
6907	16.00	16
6909	16.00	16
6911	16.00	16
6913	16.00	16
6915	16.00	16
6917	16.00	16
6919	16.00	16
6921	16.00	16
6923	16.00	16
6925	16.00	16
6927	16.00	16
6929	16.00	16
6931	16.00	16
6933	16.00	16
6935	16.00	16
6937	16.00	16
6939	16.00	16
6941	16.00	16
6943	16.00	16
6945	16.00	16
6947	16.00	16
6949	16.00	16
6951	16.00	16
6953	16.00	16
6955	16.00	16
6957	16.00	16
6959	16.00	16
6961	16.00	16
6963	16.00	16
6965	16.00	16
6967	16.00	16
6969	16.00	16
6971	16.00	16
6973	16.00	16
6975	16.00	16
6977	16.00	16
6979	16.00	16
6981	16.00	16
6983	16.00	16
6985	16.00	16
6987	16.00	16
6989	16.00	16
6991	16.00	16
6993	16.00	16
6995	16.00	16
6997	16.00	16
6999	16.00	16
7001	16.00	16
7003	16.00	16
7005	16.00	16
7007	16.00	16
7009	16.00	16
7011	16.00	16
7013	16.00	16
7015	16.00	16
7017	16.00	16
7019	16.00	16
7021	16.00	16
7023	16.00	16
7025	16.00	16
7027	16.00	16
7029	16.00	16
7031	16.00	16
7033	16.00	16
7035	16.00	16
7037	16.00	16
7039	16.00	16
7041	16.00	16
7043	16.00	16
7045	16.00	16
7047	16.00	16
7049	16.00	16
7051	16.00	16
7053	16.00	16
7055	16.00	16
7057	16.00	16
7059	16.00	16
7061	16.00	16
7063	16.00	16
7065	16.00	16
7067	16.00	16
7069	16.00	16
7071	16.00	16
7073	16.00	16
7075	16.00	16
7077	16.00	16
7079	16.00	16
7081	16.00	16
7083	16.00	16
7085	16.00	16
7087	16.00	16
7089	16.00	16
7091	16.00	16
7093	16.00	16
7095	16.00	16
7097	16.00	16
7099	16.00	16
7101	16.00	16
7103	16.00	16
7105	16.00	16
7107	16.00	16
7109	16.00	16
7111	16.00	16
7113	16.00	16
7115	16.00	16
7117	16.00	16
7119	16.00	16
7121	16.00	16
7123	16.00	16
7125	16.00	16
7127	16.00	16
7129	16.00	16
7131	16.00	16
7133	16.00	16
7135	16.00	16
7137	16.00	16
7139	16.00	16
7141	16.00	16
7143	16.00	16
7145	16.00	16
7147	16.00	16
7149	16.00	16
7151	16.00	16
7153	16.00	16
7155	16.00	16
7157	16.00	16
7159	16.00	16
7161	16.00	16
7163	16.00	16
7165	16.00	16
7167	16.00	16
7169	16.00	16
7171	16.00	16
7173	16.00	16
7175	16.00	16
7177	16.00	16
7179	16.00	16
7181	16.00	16
7183	16.00	16
7185	16.00	16
7187	16.00	16
7189	16.00	16
7191	16.00	16
7193	16.00	16
7195	16.00	16
7197	16.00	16
7199	16.00	16
7201	16.00	16
7203	16.00	16
7205	16.00	16
7207	16.00	16
7209	16.00	16
7211	16.00	16
7213	16.00	16
7215	16.00	16
7217	16.00	16
7219	16.00	16
7221	16.00	16
7223	16.00	16
7225	16.00	16
7227	16.00	16
7229	16.00	16
7231	16.00	16
7233	16.00	16
7235	16.00	16
7237	16.00	16
7239	16.00	16
7241	16.00	16
7243	16.00	16
7245	16.00	16
7247	16.00	16
7249	16.00	16
7251	16.00	16
7253	16.00	16
7255	16.00	16
7257	16.00	16
7259	16.00	16
7261	16.00	16
7263	16.00	16
7265	16.00	16
7267	16.00	16
7269	16.00	16
7271	16.00	16
7273	16.00	16
7275	16.00	16
7277	16.00	16
7279	16.00	16
7281	16.00	16
7283	16.00	16
7285	16.00	16
7287	16.00	16
7289	16.00	16
7291	16.00	16
7293	16.00	16
7295	16.00	16
7297	16.00	16
7299	16.00	16
7301	16.00	16
7303	16.00	16
7305	16.00	16
7307	16.00	16
7309	16.00	16
7311	16.00	16
7313	16.00	16
7315	16.00	16
7317	16.00	16
7319	16.00	16
7321	16.00	16
7323	16.00	16
7325	16.00	16
7327	16.00	16
7329	16.00	16
7331	16.00	16
7333	16.00	16
7335	16.00	16
7337	16.00	16
7339	16.00	16
7341	16.00	16
7343	16.00	16
7345	16.00	16
7347	16.00	16
7349	16.00	16
7351	16.00	16
7353	16.00	16
7355	16.00	16
7357	16.00	16
7359	16.00	16
7361	16.00	16
7363	16.00	16
7365	16.00	16
7367	16.00	16
7369	16.00	16
7371	16.00	16
7373	16.00	16
7375	16.00	16
7377	16.00	16
7379	16.00	16
7381	16.00	16
7383	16.00	16
7385	16.00	16
7387	16.00	16
7389	16.00	16
7391	16.00	16
7393	16.00	16
7395	16.00	16
7397	16.00	16
7399	16.00	16
7401	16.00	16
7403	16.00	16
7405	16.00	16
7407	16.00	16
7409	16.00	16
7411	16.00	16
7413	16.00	16
7415	16.00	16
7417	16.00	16
7419	16.00	16
7421	16.00	16
7423	16.00	16
7425	16.00	16
7427	16.00	16
7429	16.00	16
7431	16.00	16
7433	16.00	16
7435	16.00	16
7437	16.00	16
7439	16.00	16
7441	16.00	16
7443	16.00	16
7445	16.00	16
7447	16.00	16
7449	16.00	16
7451	16.00	16
7453	16.00	16
7455	16.00	16
7457	16.00	16
7459	16.00	16
7461	16.00	16
7463	16.00	16
7465	16.00	16
7467	16.00	16
7469	16.00	16
7471	16.00	16
7473	16.00	16
7475	16.00	16
7477	16.00	16
7479	16.00	16
7481	16.00	16
7483	16.00	16
7485	16.00	16
7487	16.00	16
7489	16.00	16
7491	16.00	16
7493	16.00	16
7495	16.00	16
7497	16.00	16
7499	16.00	16
7501	16.00	16
7503	16.00	16
7505	16.00	16
7507	16.00	16
7509	16.00	16
7511	16.00	16
7513	16.00	16
7515	16.00	16
7517	16.00	16
7519	16.00	16
7521	16.00	16
7523	16.00	16
7525	16.00	16
7527	16.00	16
7529	16.00	16
7531	16.00	16
7533	16.00	16
7535	16.00	16
7537	16.00	16
7539	16.00	16
7541	16.00	16
7543	16.00	16
7545	16.00	16
7547	16.00	16
7549	16.00	16
7551	16.00	16
7553	16.00	16
7555	16.00	16
7557	16.00	16
7559	16.00	16
7561	16.00	16
7563	16.00	16
7565	16.00	16
7567	16.00	16
7569	16.00	16
7571	16.00	16
7573	16.00	16
7575	16.00	16
7577	16.00	16
7579	16.00	16
7581	16.00	16
7583	16.00	16
7585	16.00	16
7587	16.00	16
7589	16.00	16
7591	16.00	16
7593	16.00	16
7595	16.00	16
7597	16.00	16
7599	16.00	16
7601	16.00	16
7603	16.00	16
7605	16.00	16
7607	16.00	16
7609	16.00	16
7611	16.00	16
7613	16.00	16
7615	16.00	16
7617	16.00	16
7619	16.00	16
7621	16.00	16
7623	16.00	16
7625	16.00	16
7627	16.00	16
7629	16.00	16
7631	16.00	16
7633	16.00	16
7635	16.00	16
7637	16.00	16
7639	16.00	16
7641	16.00	16
7643	16.00	16
7645	16.00	16
7647	16.00	16
7649	16.00	16
7651	16.00	16
7653	16.00	16
7655	16.00	16
7657	16.00	16
7659	16.00	16
7661	16.00	16
7663	16.00	16
7665	16.00	16
7667	16.00	16
7669	16.00	16
7671	16.00	16
7673	16.00	16
7675	16.00	16
7677	16.00	16
7679	16.00	16
7681	16.00	16
7683	16.00	16
7685	16.00	16
7687	16.00	16
7689	16.00	16
7691	16.00	16
7693	16.00	16
7695	16.00	16
7697	16.00	16
7699	16.00	16
7701	16.00	16
7703	16.00	16
7705	16.00	16
7707	16.00	16
7709	16.00	16
7711	16.00	16
7713	16.00	16
7715	16.00	16
7717	16.00	16
7719	16.00	16
7721	16.00	16
7723	16.00	16
7725	16.00	16
7727	16.00	16
7729	16.00	16
7731	16.00	16
7733	16.00	16
7735	16.00	16
7737	16.00	16
7739	16.00	16
7741	16.00	16
7743	16.00	16
7745	16.00	16
7747	16.00	16
7749	16.00	16
7751	16.00	16
7753	16.00	16
7755	16.00	16
7757	16.00	16
7759	16.00	16
7761	16.00	16
7763	16.00	16
7765	16.00	16
7767	16.00	16
7769	16.00	16
7771	16.00	16
7773	16.00	16
7775	16.00	16
7777	16.00	16
7779	16.00	16
7781	16.00	16
7783	16.00	16
7785	16.00	16
7787	16.00	16
7789	16.00	16
7791	16.00	16
7793	16.00	16
7795	16.00	16
7797	16.00	16
7799	16.00	16
7801	16.00	16
7803	16.00	16
7805	16.00	16
7807	16.00	16
7809	16.00	16
7811	16.00	16
7813	16.00	16
7815	16.00	16
7817	16.00	16
7819	16.00	16
7821	16.00	16
7823	16.00	16
7825	16.00	16
7827	16.00	16
7829	16.00	16
7831	16.00	16
7833	16.00	16
7835	16.00	16
7837	16.00	16
7839	16.00	16
7841	16.00	16
7843	16.00	16
7845	16.00	16
7847	16.00	16
7849	16.00	16
7851	16.00	16
7853	16.00	16
7855	16.00	16
7857	16.00	16
7859	16.00	16
7861	16.00	16
7863	16.00	16
7865	16.00	16
7867	16.00	16
7869	16.00	16
7871	16.00	16
7873	16.00	16
7875	16.00	16
7877	16.00	16
7879	16.00	16
7881	16.00	16
7883	16.00	16
7885	16.00	16
7887	16.00	16
7889	16.00	16
7891	16.00	16
7893	16.00	16
7895	16.00	16
7897	16.00	16
7899	16.00	16
7901	16.00	16
7903	16.00	16
7905	16.00	16
7907	16.00	16
7909	16.00	16
7911	16.00	16
7913	16.00	16
7915	16.00	16
7917	16.00	16
7919	16.00	16
7921	16.00	16
7923	16.00	16
7925	16.00	16
7927	16.00	16
7929	16.00	16
7931	16.00	16
7933	16.00	16
7935	16.00	16
7937	16.00	16
7939	16.00	16
7941	16.00	16
7943	16.00	16
7945	16.00	16
7947	16.00	16
7949	16.00	16
7951	16.00	16
7953	16.00	16
7955	16.00	16
7957	16.00	16
7959	16.00	16
7961	16.00	16
7963	16.00	16
7965	16.00	16
7967	16.00	16
7969	16.00	16
7971	16.00	16
7973	16.00	16
7975	16.00	16
7977	16.00	16
7979	16.00	16
7981	16.00	16
7983	16.00	16
7985	16.00	16
7987	16.00	16
7989	16.00	16
7991	16.00	16
7993	16.00	16
7995	16.00	16
7997	16.00	16
7999	16.00	16
8001	16.00	16
8003	16.00	16
8005	16.00	16
8007	16.00	16
8009	16.00	16
8011	16.00	16
8013	16.00	16
8015	16.00	16
8017	16.00	16
8019	16.00	16
8021	16.00	16
8023	16.00	16
8025	16.00	16
8027	16.00	16
8029	16.00	16
8031	16.00	16
8033	16.00	16
8035	16.00	16
8037	16.00	16
8039	16.00	16
8041	16.00	16
8043	16.00	16
8045	16.00	16
8047	16.00	16
8049	16.00	16
8051	16.00	16
8053	16.00	16
8055	16.00	16
8057	16.00	16
8059	16.00	16
8061	16.00	16
8063	16.00	16
8065	16.00	16
8067	16.00	16
8069	16.00	16
8071	16.00	16
8073	16.00	16
8075	16.00	16
8077	16.00	16
8079	16.00	16
8081	16.00	16
8083	16.00	16
8085	16.00	16
8087	16.00	16
8089	16.00	16
8091	16.00	16
8093	16.00	16
8095	16.00	16
8097	16.00	16
8099	16.00	16
8101	16.00	16
8103	16.00	16
8105	16.00	16
8107	16.00	16
8109	16.00	16
8111	16.00	16
8113	16.00	16
8115	16.00	16
8117	16.00	16
8119	16.00	16
8121	16.00	16
8123	16.00	16
8125	16.00	16
8127	16.00	16
8129	16.00	16
8131	16.00	16
8133	16.00	16
8135	16.00	16
8137	16.00	16
8139	16.00	16
8141	16.00	16
8143	16.00	16
8145	16.00	16
8147	16.00	16
8149	16.00	16
8151	16.00	16
8153	16.00	16
8155	16.00	16
8157	16.00	16
8159	16.00	16
8161	16.00	16
8163	16.00	16
8165	16.00	16
8167	16.00	16
8169	16.00	16
8171	16.00	16
8173	16.00	16
8175	16.00	16
8177	16.00	16
8179	16.00	16
8181	16.00	16
8183	16.00	16
8185	16.00	16
8187	16.00	16
8189	16.00	16
8191	16.00	16
8193	16.00	16
8195	16.00	16
8197	16.00	16
8199	16.00	16
8201	16.00	16
8203	16.00	16
8205	16.00	16
8207	16.00	16
8209	16.00	16
8211	16.00	16
8213	16.00	16
8215	16.00	16
8217	16.00	16
8219	16.00	16
8221	16.00	16
8223	16.00	16
8225	16.00	16
8227	16.00	16
8229	16.00	16
8231	16.00	16
8233	16.00	16
8235	16.00	16
8237	16.00	16
8239	16.00	16
8241	16.00	16
8243	16.00	16
8245	16.00	16
8247	16.00	16
8249	16.00	16
8251	16.00	16
8253	16.00	16
8255	16.00	16
8257	16.00	16
8259	16.00	16
8261	16.00	16
8263	16.00	16
8265	16.00	16
8267	16.00	16
8269	16.00	16
8271	16.00	16
8273	16.00	16
8275	16.00	16
8277	16.00	16
8279	16.00	16
8281	16.00	16
8283	16.00	16
8285	16.00	16
8287	16.00	16
8289	16.00	16
8291	16.00	16
8293	16.00	16
8295	16.00	16
8297	16.00	16
8299	16.00	16
8301	16.00	16
8303	16.00	16
8305	16.00	16
8307	16.00	16
8309	16.00	16
8311	16.00	16
8313	16.00	16
8315	16.00	16
8317	16.00	16
8319	16.00	16
8321	16.00	16
8323	16.00	16
8325	16.00	16
8327	16.00	16
8329	16.00	16
8331	16.00	16
8333	16.00	16
8335	16.00	16
8337	16.00	16
8339	16.00	16
8341	16.00	16
8343	16.00	16
8345	16.00	16
8347	16.00	16
8349	16.00	16
8351	16.00	16
8353	16.00	16
8355	16.00	16
8357	16.00	16
8359	16.00	16
8361	16.00	16
8363	16.00	16
8365	16.00	16
8367	16.00	16
8369	16.00	16
8371	16.00	16
8373	16.00	16
8375	16.00	16
8377	16.00	16
8379	16.00	16
8381	16.00	16
8383	16.00	16
8385	16.00	16
8387	16.00	16
8389	16.00	16
8391	16.00	16
8393	16.00	16
8395	16.00	16
8397	16.00	16
8399	16.00	16
8401	16.00	16
8403	16.00	16
8405	16.00	16
8407	16.00	16
8409	16.00	16
8411	16.00	16
8413	16.00	16
8415	16.00	16
8417	16.00	16
8419	16.00	16
8421	16.00	16
8423	16.00	16
8425	16.00	16
8427	16.00	16
8429	16.00	16
8431	16.00	16
8433	16.00	16
8435	16.00	16
8437	16.00	16
8439	16.00	16
8441	16.00	16
8443	16.00	16
8445	16.00	16
8447	16.00	16
8449	16.00	16
8451	16.00	16
8453	16.00	16
8455	16.00	16
8457	16.00	16
8459	16.00	16
8461	16.00	16
8463	16.00	16
8465	16.00	16
8467	16.00	16
8469	16.00	16
8471	16.00	16
8473	16.00	16
8475	16.00	16
8477	16.00	16
8479	16.00	16
8481	16.00	16
8483	16.00	16
8485	16.00	16
8487	16.00	16
8489	16.00	16
8491	16.00	16
8493	16.00	16
8495	16.00	16
8497	16.00	16
8499	16.00	16
8501	16.00	16
8503	16.00	16
8505	16.00	16
8507	16.00	16
8509	16.00	16
8511	16.00	16
8513	16.00	16
8515	16.00	16
8517	16.00	16
8519	16.00	16
8521	16.00	16
8523	16.00	16
8525	16.00	16
8527	16.00	16
8529	16.00	16
8531	16.00	16
8533	16.00	16
8535	16.00	16
8537	16.00	16
8539	16.00	16
8541	16.00	16
8543	16.00	16
8545	16.00	16
8547	16.00	16
8549	16.00	16
8551	16.00	16
8553	16.00	16
8555	16.00	16
8557	16.00	16
8559	16.00	16
8561	16.00	16
8563	16.00	16
8565	16.00	16
8567	16.00	16
8569	16.00	16
8571	16.00	16
8573	16.00	16
8575	16.00	16
8577	16.00	16
8579	16.00	16
8581	16.00	16
8583	16.00	16
8585	16.00	16
8587	16.00	16
8589	16.00	16
8591	16.00	16
8593	16.00	16
8595	16.00	16
8597	16.00	16
8599	16.00	16
8601	16.00	16
8603	16.00	16
8605	16.00	16
8607	16.00	16
8609	16.00	16
8611	16.00	16
8613	16.00	16
8615	16.00	16
8617	16.00	16
8619	16.00	16
8621	16.00	16
8623	16.00	16
8625	16.00	16
8627	16.00	16
8629	16.00	16
8631	16.00	16
8633	16.00	16
8635	16.00	16
8637	16.00	16
8639	16.00	16
8641	16.00	16
8643	16.00	16
8645	16.00	16
8647	16.00	16
8649	16.00	16
8651	16.00	16
8653	16.00	16
8655	16.00	16
8657	16.00	16
8659	16.00	16
8661	16.00	16
8663	16.00	16
8665	16.00	16
8667	16.00	16
8669	16.00	16
8671	16.00	16
8673	16.00	16
8675	16.00	16
8677	16.00	16
8679	16.00	16
8681	16.00	16
8683	16.00	16
8685	16.00	16
8687	16.00	16
8689	16.00	16
8691	16.00	16
8693	16.00	16
8695	16.00	16
8697	16.00	16
8699	16.00	16
8701	16.00	16
8703	16.00	16
8705	16.00	16
8707	16.00	16
8709	16.00	16
8711	16.00	16
8713	16.00	16
8715	16.00	16
8717	16.00	16
8719	16.00	16
8721	16.00	16
8723	16.00	16
8725	16.00	16
8727	16.00	16
8729	16.00	16
8731	16.00	16
8733	16.00	16
8735	16.00	16
8737	16.00	16
8739	16.00	16
8741	16.00	16
8743	16.00	16
8745	16.00	16
8747	16.00	16
8749	16.00	16
8751	16.00	16
8753	16.00	16
8755	16.00	16
8757	16.00	16
8759	16.00	16
8761	16.00	16
8763	16.00	16
8765	16.00	16
8767	16.00	16
8769	16.00	16
8771	16.00	16
8773	16.00	16
8775	16.00	16
8777	16.00	16
8779	16.00	16
8781	16.00	16
8783	16.00	16
8785	16.00	16
8787	16.00	16
8789	16.00	16
8791	16.00	16
8793	16.00	16
8795	16.00	16
8797	16.00	16
8799	16.00	16
8801	16.00	16
8803	16.00	16
8805	16.00	16
8807	16.00	16
8809	16.00	16
8811	16.00	16
8813	16.00	16
8815	16.00	16
8817	16.00	16
8819	16.00	16
8821	16.00	16
8823	16.00	16
8825	16.00	16
8827	16.00	16
8829	16.00	16
8831	16.00	16
8833	16.00	16
8835	16.00	16
8837	16.00	16
8839	16.00	16
8841	16.00	16
8843	16.00	16
8845	16.00	16
8847	16.00	16
8849	16.00	16
8851	16.00	16
8853	16.00	16
8855	16.00	16
8857	16.00	16
8859	16.00	16
8861	16.00	16
8863	16.00	16
8865	16.00	16
8867	16.00	16
8869	16.00	16
8871	16.00	16
8873	16.00	16
8875	16.00	16
8877	16.00	16
8879	16.00	16
8881	16.00	16
8883	16.00	16
8885	16.00	16
8887	16.00	16
8889	16.00	16
8891	16.00	16
8893	16.00	16
8895	16.00	16
8897	16.00	16
8899	16.00	16
8901	16.00	16
8903	16.00	16
8905	16.00	16
8907	16.00	16
8909	16.00	16
8911	16.00	16
8913	16.00	16
8915	16.00	16
8917	16.00	16
8919	16.00	16
8921	16.00	16
8923	16.00	16
8925	16.00	16
8927	16.00	16
8929	16.00	16
8931	16.00	16
8933	16.00	16
8935	16.00	16
8937	16.00	16
8939	16.00	16
8941	16.00	16
8943	16.00	16
8945	16.00	16
8947	16.00	16
8949	16.00	16
8951	16.00	16
8953	16.00	16
8955	16.00	16
8957	16.00	16
8959	16.00	16
8961	16.00	16
8963	16.00	16
8965	16.00	16
8967	16.00	16
8969	16.00	16
8971	16.00	16
8973	16.00	16
8975	16.00	16
8977	16.00	16
8979	16.00	16
8981	16.00	16
8983	16.00	16
8985	16.00	16
8987	16.00	16
8989	16.00	16
8991	16.00	16
8993	16.00	16
8995	16.00	16
8997	16.00	16
8999	16.00	16
9001	16.00	16
9003	16.00	16
9005	16.00	16
9007	16.00	16
9009	16.00	16
9011	16.00	16
9013	16.00	16
9015	16.00	16
9017	16.00	16
9019	16.00	16
9021	16.00	16
9023	16.00	16
9025	16.00	16
9027	16.00	16
9029	16.00	16
9031	16.00	16
9033	16.00	16
9035	16.00	16
9037	16.00	16
9039	16.00	16
9041	16.00	16
9043	16.00	16
9045	16.00	16
9047	16.00	16
9049	16.00	16
9051	16.00	16
9053	16.00	16
9055	16.00	16
9057	16.00	16
9059	16.00	16
9061	16.00	16
9063	16.00	16
9065	16.00	16
9067	16.00	16
9069	16.00	16
9071	16.00	16
9073	16.00	16
9075	16.00	16
9077	16.00	16
9079	16.00	16
9081	16.00	16
9083	16.00	16
9085	16.00	16
9087	16.00	16
9089	16.00	16
9091	16.00	16
9093	16.00	16
9095	16.00	16
9097	16.00	16
9099	16.00	16
9101	16.00	16
9103	16.00	16
9105	16.00	16
9107	16.00	16
9109	16.00	16
9111	16.00	16
9113	16.00	16
9115	16.00	16
9117	16.00	16
9119	16.00	16
9121	16.00	16
9123	16.00	16
9125	16.00	16
9127	16.00	16
9129	16.00	16
9131	16.00	16
9133	16.00	16
9135	16.00	16
9137	16.00	16
9139	16.00	16
9141	16.00	16
9143	16.00	16
9145	16.00	16
9147	16.00	16
9149	16.00	16
9151	16.00	16
9153	16.00	16
9155	16.00	16
9157	16.00	16
9159	16.00	16
9161	16.00	16
9163	16.00	16
9165	16.00	16
9167	16.00	16
9169	16.00	16
9171	16.00	16
9173	16.00	16
9175	16.00	16
9177	16.00	16
9179	16.00	16
9181	16.00	16
9183	16.00	16
9185	16.00	16
9187	16.00	16
9189	16.00	16
9191	16.00	16
9193	16.00	16
9195	16.00	16
9197	16.00	16
9199	16.00	16
9201	16.00	16
9203	16.00	16
9205	16.00	16
9207	16.00	16
9209	16.00	16
9211	16.00	16
9213	16.00	16
9215	16.00	16
9217	16.00	16
9219	16.00	16
9221	16.00	16
9223	16.00	16
9225	16.00	16
9227	16.00	16
9229	16.00	16
9231	16.00	16
9233	16.00	16
9235	16.00	16
9237	16.00	16
9239	16.00	16
9241	16.00	16
9243	16.00	16
9245	16.00	16
9247	16.00	16
9249	16.00	16
9251	16.00	16
9253	16.00	16
9255	16.00	16
9257	16.00	16
9259	16.00	16
9261	16.00	16
9263	16.00	16
9265	16.00	16
9267	16.00	16
9269	16.00	16
9271	16.00	16
9273	16.00	16
9275	16.00	16
9277	16.00	16
9279	16.00	16
9281	16.00	16
9283	16.00	16
9285	16.00	16
9287	16.00	16
9289	16.00	16
9291	16.00	16
9293	16.00	16
9295	16.00	16
9297	16.00	16
9299	16.00	16
9301	16.00	16
9303	16.00	16
9305	16.00	16
9307	16.00	16
9309	16.00	16
9311	16.00	16
9313	16.00	16
9315	16.00	16
9317	16.00	16
9319	16.00	16
9321	16.00	16
9323	16.00	16
9325	16.00	16
9327	16.00	16
9329	16.00	16
9331	16.00	16
9333	16.00	16
9335	16.00	16
9337	16.00	16
9339	16.00	16
9341	16.00	16
9343	16.00	16
9345	16.00	16
9347	16.00	16
9349	16.00	16
9351	16.00	16
9353	16.00	16
9355	16.00	16
9357	16.00	16
9359	16.00	16
9361	16.00	16
9363	16.00	16
9365	16.00	16
9367	16.00	16
9369	16.00	16
9371	16.00	16
9373	16.00	16
9375	16.00	16
9377	16.00	16
9379	16.00	16
9381	16.00	16
9383	16.00	16
9385	16.00	16
9387	16.00	16
9389	16.00	16
9391	16.00	16
9393	16.00	16
9395	16.00	16
9397	16.00	16
9399	16.00	16
9401	16.00	16
9403	16.00	16
9405	16.00	16
9407	16.00	16
9409	16.00	16
9411	16.00	16
9413	16.00	16
9415	16.00	16
9417	16.00	16
9419	16.00	16
9421	16.00	16
9423	16.00	16
9425	16.00	16
9427	16.00	16
9429	16.00	16
9431	16.00	16
9433	16.00	16
9435	16.00	16
9437	16.00	16
9439	16.00	16
9441	16.00	16
9443	16.00	16
9445	16.00	16
9447	16.00	16
9449	16.00	16
9451	16.00	16
9453	16.00	16
9455	16.00	16
9457	16.00	16
9459	16.00	16
9461	16.00	16
9463	16.00	16
9465	16.00	16
9467	16.00	16
9469	16.00	16
9471	16.00	16
9473	16.00	16
9475	16.00	16
9477	16.00	16
9479	16.00	16
9481	16.00	16
9483	16.00	16
9485	16.00	16
9487	16.00	16
9489	16.00	16
9491	16.00	16
9493	16.00	16
9495	16.00	16
9497	16.00	16
9499	16.00	16
9501	16.00	16
9503	16.00	16
9505	16.00	16
9507	16.00	16
9509	16.00	16
9511	16.00	16
9513	16.00	16
9515	16.00	16
9517	16.00	16
9519	16.00	16
9521	16.00	16
9523	16.00	16
9525	16.00	16
9527	16.00	16
9529	16.00	16
9531	16.00	16
9533	16.00	16
9535	16.00	16
9537	16.00	16
9539	16.00	16
9541	16.00	16
9543	16.00	16
9545	16.00	16
9547	16.00	16
9549	16.00	16
9551	16.00	16
9553	16.00	16
9555	16.00	16
9557	16.00	16
9559	16.00	16
9561	16.00	16
9563	16.00	16
9565	16.00	16
9567	16.00	16
9569	16.00	16
9571	16.00	16
9573	16.00	16
9575	16.00	16
9577	16.00	16
9579	16.00	16
9581	16.00	16
9583	16.00	16
9585	16.00	16
9587	16.00	16
9589	16.00	16
9591	16.00	16
9593	16.00	16
9595	16.00	16
9597	16.00	16
9599	16.00	16
9601	16.00	16
9603	16.00	16
9605	16.00	16
9607	16.00	16
9609	16.00	16
9611	16.00	16
9613	16.00	16
9615	16.00	16
9617	16.00	16
9619	16.00	16
9621	16.00	16
9623	16.00	16
9625	16.00	16
9627	16.00	16
9629	16.00	16
9631	16.00	16
9633	16.00	16
9635	16.00	16
9637	16.00	16
9639	16.00	16
9641	16.00	16
9643	16.00	16
9645	16.00	16
9647	16.00	16
9649	16.00	16
9651	16.00	16
9653	16.00	16
9655	16.00	16
9657	16.00	16
9659	16.00	16
9661	16.00	16
9663	16.00	16
9665	16.00	16
9667	16.00	16
9669	16.00	16
9671	16.00	16
9673	16.00	16
9675	16.00	16
9677	16.00	16
9679	16.00	16
9681	16.00	16
9683	16.00	16
9685	16.00	16
9687	16.00	16
9689	16.00	16
9691	16.00	16
9693	16.00	16
9695	16.00	16
9697	16.00	16
9699	16.00	16
9701	16.00	16
9703	16.00	16
9705	16.00	16
9707	16.00	16
9709	16.00	16
9711	16.00	16
9713	16.00	16
9715	16.00	16
9717	16.00	16
9719	16.00	16
9721	16.00	16
9723	16.00	16
9725	16.00	16
9727	16.00	16
9729	16.00	16
9731	16.00	16
9733	16.00	16
9735	16.00	16
9737	16.00	16
9739	16.00	16
9741	16.00	16
9743	16.00	16
9745	16.00	16
9747	16.00	16
9749	16.00	16
9751	16.00	16
9753	16.00	16
9755	16.00	16
9757	16.00	16
9759	16.00	16
9761	16.00	16
9763	16.00	16
9765	16.00	16
9767	16.00	16
9769	16.00	16
9771	16.00	16
9773	16.00	16
9775	16.00	16
9777	16.00	16
9779	16.00	16
9781	16.00	16
9783	16.00	16
9785	16.00	16
9787	16.00	16
9789	16.00	16
9791	16.00	16
9793	16.00	16
9795	16.00	16
9797	16.00	16
9799	16.00	16
9801	16.00	16
9803	16.00	16
9805	16.00	16
9807	16.00	16
9809	16.00	16
9811	16.00	16
9813	16.00	16
9815	16.00	16
9817	16.00	16
9819	16.00	16
9821	16.00	16
9823	16.00	16
9825	16.00	16
9827	16.00	16
9829	16.00	16
9831	16.00	16
9833	16.00	16
9835	16.00	16
9837	16.00	16
9839	16.00	16
9841	16.00	16
9843	16.00	16
9845	16.00	16
9847	16.00	16
9849	16.00	16
9851	16.00	16
9853	16.00	16
9855	16.00	16
9857	16.00	16
9859	16.00	16
9861	16.00	16
9863	16.00	16
9865	16.00	16
9867	16.00	16
9869	16.00	16
9871	16.00	16
9873	16.00	16
9875	16.00	16
9877	16.00	16
9879	16.00	16
9881	16.00	16
9883	16.00	16
9885	16.00	16
9887	16.00	16
9889	16.00	16
9891	16.00	16
9893	16.00	16
9895	16.00	16
9897	16.00	16
9899	16.00	16
9901	16.00	16
9903	16.00	16
9905	16.00	16
9907	16.00	16
9909	16.00	16
9911	16.00	16
9913	16.00	16
9915	16.00	16
9917	16.00	16
9919	16.00	16
9921	16.00	16
9923	16.00	16
9925	16.00	16
9927	16.00	16
9929	16.00	16
9931	16.00	16
9933	16.00	16
9935	16.00	16
9937	16.00	16
9939	16.00	16
9941	16.00	16
9943	16.00	16
9945	16.00	16
9947	16.00	16
9949	16.00	16
9951	16.00	16
9953	16.00	16
9955	16.00	16
9957	16.00	16
9959	16.00	16
9961	16.00	16
9963	16.00	16
9965	16.00	16
9967	16.00	16
9969	16.00	16
9971	16.00	16
9973	16.00	16
9975	16.00	16
9977	16.00	16
9979	16.00	16
9981	16.00	16
9983	16.00	16
9985	16.00	16
9987	16.00	16
9989	16.00	16
9991	16.00	16
9993	16.00	16
9995	16.00	16
9997	16.00	16
9999	16.00	16
Run 2
5	-48.40	-5
7	-25.80	2
9	-4.80	6
11	-1.00	6
13	1.00	6
15	1.00	6
17	2.60	6
19	2.60	6
21	3.20	6
23	3.20	6
25	3.20	6
27	4.40	8
29	4.40	8
31	4.40	8
33	4.40	8
35	5.20	8
37	5.80	8
39	5.80	8
41	6.00	8
43	6.00	8
45	6.00	8
47	6.00	8
49	6.00	8
51	6.00	8
53	6.00	8
55	6.00	8
57	6.00	8
59	6.00	8
61	6.60	8
63	6.60	8
65	6.60	8
67	6.60	8
69	6.60	8
71	6.60	8
73	6.60	8
75	7.40	10
77	7.40	10
79	7.40	10
81	7.40	10
83	7.40	10
85	7.40	10
87	7.40	10
89	7.40	10
91	7.40	10
93	7.40	10
95	7.40	10
97	7.40	10
99	7.40	10
101	7.40	10
103	7.40	10
105	7.40	10
107	7.40	10
109	7.40	10
111	7.60	10
113	7.60	10
115	7.60	10
117	7.60	10
119	7.60	10
121	7.60	10
123	7.60	10
125	7.60	10
127	7.60	10
129	7.60	10
131	7.60	10
133	7.60	10
135	7.60	10
137	7.60	10
139	7.60	10
141	8.20	10
143	8.20	10
145	8.20	10
147	8.20	10
149	8.20	10
151	8.20	10
153	8.20	10
155	8.20	10
157	8.20	10
159	8.20	10
161	8.20	10
163	8.20	10
165	8.20	10
167	8.20	10
169	8.20	10
171	8.20	10
173	8.20	10
175	8.20	10
177	8.20	10
179	8.20	10
181	8.20	10
183	8.20	10
185	8.20	10
187	8.20	10
189	8.20	10
191	8.20	10
193	8.20	10
195	8.20	10
197	8.20	10
199	8.20	10
201	8.20	10
203	8.20	10
205	8.20	10
207	8.20	10
209	8.20	10
211	8.20	10
213	8.20	10
215	8.20	10
217	8.20	10
219	8.20	10
221	8.20	10
223	8.20	10
225	8.20	10
227	8.20	10
229	8.20	10
231	8.20	10
233	8.20	10
235	8.20	10
237	8.20	10
239	8.20	10
241	8.20	10
243	8.20	10
245	8.20	10
247	8.20	10
249	8.40	10
251	8.40	10
253	8.40	10
255	8.40	10
257	8.40	10
259	8.40	10
261	8.60	10
263	8.60	10
265	8.60	10
267	8.60	10
269	8.60	10
271	8.60	10
273	8.60	10
275	8.60	10
277	9.80	14
279	9.80	14
281	9.80	14
283	9.80	14
285	10.00	14
287	10.00	14
289	10.00	14
291	10.00	14
293	10.80	14
295	10.80	14
297	10.80	14
299	10.80	14
301	10.80	14
303	10.80	14
305	10.80	14
307	10.80	14
309	10.80	14
311	10.80	14
313	10.80	14
315	10.80	14
317	10.80	14
319	10.80	14
321	10.80	14
323	10.80	14
325	10.80	14
327	10.80	14
329	10.80	14
331	10.80	14
333	10.80	14
335	10.80	14
337	10.80	14
339	10.80	14
341	10.80	14
343	10.80	14
345	10.80	14
347	10.80	14
349	10.80	14
351	10.80	14
353	10.80	14
355	10.80	14
357	10.80	14
359	10.80	14
361	10.80	14
363	10.80	14
365	10.80	14
367	10.80	14
369	10.80	14
371	10.80	14
373	10.80	14
375	10.80	14
377	11.40	14
379	11.40	14
381	11.40	14
383	11.40	14
385	11.40	14
387	11.40	14
389	11.60	14
391	11.60	14
393	11.60	14
395	11.60	14
397	11.60	14
399	11.60	14
401	11.60	14
403	11.60	14
405	11.60	14
407	11.60	14
409	11.60	14
411	11.60	14
413	11.60	14
415	11.60	14
417	11.60	14
419	11.60	14
421	11.60	14
423	11.60	14
425	11.60	14
427	11.60	14
429	11.60	14
431	11.60	14
433	11.60	14
435	11.60	14
437	11.60	14
439	11.60	14
441	11.60	14
443	11.60	14
445	11.60	14
447	11.60	14
449	11.60	14
451	11.60	14
453	11.60	14
455	11.60	14
457	11.60	14
459	11.60	14
461	12.00	14
463	12.00	14
465	12.00	14
467	12.00	14
469	12.00	14
471	12.00	14
473	12.00	14
475	12.00	14
477	12.00	14
479	12.00	14
481	12.00	14
483	12.00	14
485	12.00	14
487	12.00	14
489	12.00	14
491	12.00	14
493	12.00	14
495	12.00	14
497	12.00	14
499	12.00	14
501	12.00	14
503	12.00	14
505	12.00	14
507	12.00	14
509	12.00	14
511	12.00	14
513	12.00	14
515	12.00	14
517	12.00	14
519	12.00	14
521	12.40	14
523	12.40	14
525	12.40	14
527	12.40	14
529	12.40	14
531	12.40	14
533	12.40	14
535	12.40	14
537	12.60	14
539	12.60	14
541	12.60	14
543	12.60	14
545	12.60	14
547	12.60	14
549	12.60	14
551	12.60	14
553	12.60	14
555	12.60	14
557	12.60	14
559	12.60	14
561	12.60	14
563	12.60	14
565	12.60	14
567	12.60	14
569	13.00	14
571	13.00	14
573	13.00	14
575	13.00	14
577	13.00	14
579	13.00	14
581	13.00	14
583	13.00	14
585	13.00	14
587	13.00	14
589	13.00	14
591	13.00	14
593	13.00	14
595	13.00	14
597	13.00	14
599	13.00	14
601	13.00	14
603	13.00	14
605	13.00	14
607	13.00	14
609	13.00	14
611	13.00	14
613	13.00	14
615	13.00	14
617	13.00	14
619	13.00	14
621	13.80	16
623	13.80	16
625	13.80	16
627	13.80	16
629	13.80	16
631	13.80	16
633	13.80	16
635	13.80	16
637	13.80	16
639	13.80	16
641	13.80	16
643	13.80	16
645	13.80	16
647	13.80	16
649	13.80	16
651	13.80	16
653	13.80	16
655	13.80	16
657	13.80	16
659	13.80	16
661	13.80	16
663	13.80	16
665	13.80	16
667	14.60	16
669	14.60	16
671	14.60	16
673	14.60	16
675	14.80	16
677	14.80	16
679	14.80	16
681	14.80	16
683	14.80	16
685	14.80	16
687	14.80	16
689	14.80	16
691	14.80	16
693	14.80	16
695	14.80	16
697	14.80	16
699	14.80	16
701	14.80	16
703	14.80	16
705	14.80	16
707	14.80	16
709	14.80	16
711	14.80	16
713	14.80	16
715	14.80	16
717	14.80	16
719	14.80	16
721	14.80	16
723	14.80	16
725	14.80	16
727	14.80	16
729	14.80	16
731	14.80	16
733	14.80	16
735	14.80	16
737	14.80	16
739	14.80	16
741	14.80	16
743	14.80	16
745	14.80	16
747	14.80	16
749	14.80	16
751	14.80	16
753	14.80	16
755	14.80	16
757	14.80	16
759	14.80	16
761	14.80	16
763	14.80	16
765	14.80	16
767	14.80	16
769	14.80	16
771	14.80	16
773	14.80	16
775	14.80	16
777	14.80	16
779	14.80	16
781	14.80	16
783	14.80	16
785	14.80	16
787	14.80	16
789	14.80	16
791	14.80	16
793	14.80	16
795	14.80	16
797	14.80	16
799	14.80	16
801	14.80	16
803	14.80	16
805	14.80	16
807	14.80	16
809	14.80	16
811	14.80	16
813	14.80	16
815	14.80	16
817	14.80	16
819	14.80	16
821	14.80	16
823	14.80	16
825	14.80	16
827	14.80	16
829	14.80	16
831	14.80	16
833	14.80	16
835	14.80	16
837	14.80	16
839	14.80	16
841	14.80	16
843	14.80	16
845	14.80	16
847	14.80	16
849	14.80	16
851	14.80	16
853	14.80	16
855	14.80	16
857	14.80	16
859	14.80	16
861	14.80	16
863	14.80	16
865	14.80	16
867	14.80	16
869	14.80	16
871	14.80	16
873	14.80	16
875	14.80	16
877	14.80	16
879	14.80	16
881	14.80	16
883	14.80	16
885	14.80	16
887	14.80	16
889	14.80	16
891	14.80	16
893	15.20	16
895	15.20	16
897	15.20	16
899	15.20	16
901	15.20	16
903	15.20	16
905	15.20	16
907	15.20	16
909	15.20	16
911	15.20	16
913	15.20	16
915	15.20	16
917	15.20	16
919	15.20	16
921	15.20	16
923	15.20	16
925	15.20	16
927	15.20	16
929	15.20	16
931	15.20	16
933	15.20	16
935	15.20	16
937	15.20	16
939	15.20	16
941	15.20	16
943	15.20	16
945	15.20	16
947	15.20	16
949	15.20	16
951	15.20	16
953	15.20	16
955	15.20	16
957	15.20	16
959	15.20	16
961	15.20	16
963	15.20	16
965	15.20	16
967	15.20	16
969	15.20	16
971	15.20	16
973	15.20	16
975	15.20	16
977	15.20	16
979	15.20	16
981	15.20	16
983	15.20	16
985	15.20	16
987	15.20	16
989	15.20	16
991	15.20	16
993	15.20	16
995	15.20	16
997	15.20	16
999	15.20	16
1001	15.20	16
1003	15.20	16
1005	15.20	16
1007	15.20	16
1009	15.20	16
1011	15.20	16
1013	15.20	16
1015	15.20	16
1017	15.20	16
1019	15.20	16
1021	15.20	16
1023	15.20	16
1025	15.20	16
1027	15.20	16
1029	15.20	16
1031	15.20	16
1033	15.20	16
1035	15.20	16
1037	15.20	16
1039	15.20	16
1041	15.20	16
1043	15.20	16
1045	15.20	16
1047	15.20	16
1049	15.20	16
1051	15.20	16
1053	15.20	16
1055	15.20	16
1057	15.20	16
1059	15.20	16
1061	15.60	16
1063	15.60	16
1065	16.00	16
1067	16.00	16
1069	16.00	16
1071	16.00	16
1073	16.00	16
1075	16.00	16
1077	16.00	16
1079	16.00	16
1081	16.00	16
1083	16.00	16
1085	16.00	16
1087	16.00	16
1089	16.00	16
1091	16.00	16
1093	16.00	16
1095	16.00	16
1097	16.00	16
1099	16.00	16
1101	16.00	16
1103	16.00	16
1105	16.00	16
1107	16.00	16
1109	16.00	16
1111	16.00	16
1113	16.00	16
1115	16.00	16
1117	16.00	16
1119	16.00	16
1121	16.00	16
1123	16.00	16
1125	16.00	16
1127	16.00	16
1129	16.00	16
1131	16.00	16
1133	16.00	16
1135	16.00	16
1137	16.00	16
1139	16.00	16
1141	16.00	16
1143	16.00	16
1145	16.00	16
1147	16.00	16
1149	16.00	16
1151	16.00	16
1153	16.00	16
1155	16.00	16
1157	16.00	16
1159	16.00	16
1161	16.00	16
1163	16.00	16
1165	16.00	16
1167	16.00	16
1169	16.00	16
1171	16.00	16
1173	16.00	16
1175	16.00	16
1177	16.00	16
1179	16.00	16
1181	16.00	16
1183	16.00	16
1185	16.00	16
1187	16.00	16
1189	16.00	16
1191	16.00	16
1193	16.00	16
1195	16.00	16
1197	16.00	16
1199	16.00	16
1201	16.00	16
1203	16.00	16
1205	16.00	16
1207	16.00	16
1209	16.00	16
1211	16.00	16
1213	16.00	16
1215	16.00	16
1217	16.00	16
1219	16.00	16
1221	16.00	16
1223	16.00	16
1225	16.00	16
1227	16.00	16
1229	16.00	16
1231	16.00	16
1233	16.00	16
1235	16.00	16
1237	16.00	16
1239	16.00	16
1241	16.00	16
1243	16.00	16
1245	16.00	16
1247	16.00	16
1249	16.00	16
1251	16.00	16
1253	16.00	16
1255	16.00	16
1257	16.00	16
1259	16.00	16
1261	16.00	16
1263	16.00	16
1265	16.00	16
1267	16.00	16
1269	16.00	16
1271	16.00	16
1273	16.00	16
1275	16.00	16
1277	16.00	16
1279	16.00	16
1281	16.00	16
1283	16.00	16
1285	16.00	16
1287	16.00	16
1289	16.00	16
1291	16.00	16
1293	16.00	16
1295	16.00	16
1297	16.00	16
1299	16.00	16
1301	16.00	16
1303	16.00	16
1305	16.00	16
1307	16.00	16
1309	16.00	16
1311	16.00	16
1313	16.00	16
1315	16.00	16
1317	16.00	16
1319	16.00	16
1321	16.00	16
1323	16.00	16
1325	16.00	16
1327	16.00	16
1329	16.00	16
1331	16.00	16
1333	16.00	16
1335	16.00	16
1337	16.00	16
1339	16.00	16
1341	16.00	16
1343	16.00	16
1345	16.00	16
1347	16.00	16
1349	16.00	16
1351	16.00	16
1353	16.00	16
1355	16.00	16
1357	16.00	16
1359	16.00	16
1361	16.00	16
1363	16.00	16
1365	16.00	16
1367	16.00	16
1369	16.00	16
1371	16.00	16
1373	16.00	16
1375	16.00	16
1377	16.00	16
1379	16.00	16
1381	16.00	16
1383	16.00	16
1385	16.00	16
1387	16.00	16
1389	16.00	16
1391	16.00	16
1393	16.00	16
1395	16.00	16
1397	16.00	16
1399	16.00	16
1401	16.00	16
1403	16.00	16
1405	16.00	16
1407	16.00	16
1409	16.00	16
1411	16.00	16
1413	16.00	16
1415	16.00	16
1417	16.00	16
1419	16.00	16
1421	16.00	16
1423	16.00	16
1425	16.00	16
1427	16.00	16
1429	16.00	16
1431	16.00	16
1433	16.00	16
1435	16.00	16
1437	16.00	16
1439	16.00	16
1441	16.00	16
1443	16.00	16
1445	16.00	16
1447	16.00	16
1449	16.00	16
1451	16.00	16
1453	16.00	16
1455	16.00	16
1457	16.00	16
1459	16.00	16
1461	16.00	16
1463	16.00	16
1465	16.00	16
1467	16.00	16
1469	16.00	16
1471	16.00	16
1473	16.00	16
1475	16.00	16
1477	16.00	16
1479	16.00	16
1481	16.00	16
1483	16.00	16
1485	16.00	16
1487	16.00	16
1489	16.00	16
1491	16.00	16
1493	16.00	16
1495	16.00	16
1497	16.00	16
1499	16.00	16
1501	16.00	16
1503	16.00	16
1505	16.00	16
1507	16.00	16
1509	16.00	16
1511	16.00	16
1513	16.00	16
1515	16.00	16
1517	16.00	16
1519	16.00	16
1521	16.00	16
1523	16.00	16
1525	16.00	16
1527	16.00	16
1529	16.00	16
1531	16.00	16
1533	16.00	16
1535	16.00	16
1537	16.00	16
1539	16.00	16
1541	16.00	16
1543	16.00	16
1545	16.00	16
1547	16.00	16
1549	16.00	16
1551	16.00	16
1553	16.00	16
1555	16.00	16
1557	16.00	16
1559	16.00	16
1561	16.00	16
1563	16.00	16
1565	16.00	16
1567	16.00	16
1569	16.00	16
1571	16.00	16
1573	16.00	16
1575	16.00	16
1577	16.00	16
1579	16.00	16
1581	16.00	16
1583	16.00	16
1585	16.00	16
1587	16.00	16
1589	16.00	16
1591	16.00	16
1593	16.00	16
1595	16.00	16
1597	16.00	16
1599	16.00	16
1601	16.00	16
1603	16.00	16
1605	16.00	16
1607	16.00	16
1609	16.00	16
1611	16.00	16
1613	16.00	16
1615	16.00	16
1617	16.00	16
1619	16.00	16
1621	16.00	16
1623	16.00	16
1625	16.00	16
1627	16.00	16
1629	16.00	16
1631	16.00	16
1633	16.00	16
1635	16.00	16
1637	16.00	16
1639	16.00	16
1641	16.00	16
1643	16.00	16
1645	16.00	16
1647	16.00	16
1649	16.00	16
1651	16.00	16
1653	16.00	16
1655	16.00	16
1657	16.00	16
1659	16.00	16
1661	16.00	16
1663	16.00	16
1665	16.00	16
1667	16.00	16
1669	16.00	16
1671	16.00	16
1673	16.00	16
1675	16.00	16
1677	16.00	16
1679	16.00	16
1681	16.00	16
1683	16.00	16
1685	16.00	16
1687	16.00	16
1689	16.00	16
1691	16.00	16
1693	16.00	16
1695	16.00	16
1697	16.00	16
1699	16.00	16
1701	16.00	16
1703	16.00	16
1705	16.00	16
1707	16.00	16
1709	16.00	16
1711	16.00	16
1713	16.00	16
1715	16.00	16
1717	16.00	16
1719	16.00	16
1721	16.00	16
1723	16.00	16
1725	16.00	16
1727	16.00	16
1729	16.00	16
1731	16.00	16
1733	16.00	16
1735	16.00	16
1737	16.00	16
1739	16.00	16
1741	16.00	16
1743	16.00	16
1745	16.00	16
1747	16.00	16
1749	16.00	16
1751	16.00	16
1753	16.00	16
1755	16.00	16
1757	16.00	16
1759	16.00	16
1761	16.00	16
1763	16.00	16
1765	16.00	16
1767	16.00	16
1769	16.00	16
1771	16.00	16
1773	16.00	16
1775	16.00	16
1777	16.00	16
1779	16.00	16
1781	16.00	16
1783	16.00	16
1785	16.00	16
1787	16.00	16
1789	16.00	16
1791	16.00	16
1793	16.00	16
1795	16.00	16
1797	16.00	16
1799	16.00	16
1801	16.00	16
1803	16.00	16
1805	16.00	16
1807	16.00	16
1809	16.00	16
1811	16.00	16
1813	16.00	16
1815	16.00	16
1817	16.00	16
1819	16.00	16
1821	16.00	16
1823	16.00	16
1825	16.00	16
1827	16.00	16
1829	16.00	16
1831	16.00	16
1833	16.00	16
1835	16.00	16
1837	16.00	16
1839	16.00	16
1841	16.00	16
1843	16.00	16
1845	16.00	16
1847	16.00	16
1849	16.00	16
1851	16.00	16
1853	16.00	16
1855	16.00	16
1857	16.00	16
1859	16.00	16
1861	16.00	16
1863	16.00	16
1865	16.00	16
1867	16.00	16
1869	16.00	16
1871	16.00	16
1873	16.00	16
1875	16.00	16
1877	16.00	16
1879	16.00	16
1881	16.00	16
1883	16.00	16
1885	16.00	16
1887	16.00	16
1889	16.00	16
1891	16.00	16
1893	16.00	16
1895	16.00	16
1897	16.00	16
1899	16.00	16
1901	16.00	16
1903	16.00	16
1905	16.00	16
1907	16.00	16
1909	16.00	16
1911	16.00	16
1913	16.00	16
1915	16.00	16
1917	16.00	16
1919	16.00	16
1921	16.00	16
1923	16.00	16
1925	16.00	16
1927	16.00	16
1929	16.00	16
1931	16.00	16
1933	16.00	16
1935	16.00	16
1937	16.00	16
1939	16.00	16
1941	16.00	16
1943	16.00	16
1945	16.00	16
1947	16.00	16
1949	16.00	16
1951	16.00	16
1953	16.00	16
1955	16.00	16
1957	16.00	16
1959	16.00	16
1961	16.00	16
1963	16.00	16
1965	16.00	16
1967	16.00	16
1969	16.00	16
1971	16.00	16
1973	16.00	16
1975	16.00	16
1977	16.00	16
1979	16.00	16
1981	16.00	16
1983	16.00	16
1985	16.00	16
1987	16.00	16
1989	16.00	16
1991	16.00	16
1993	16.00	16
1995	16.00	16
1997	16.00	16
1999	16.00	16
2001	16.00	16
2003	16.00	16
2005	16.00	16
2007	16.00	16
2009	16.00	16
2011	16.00	16
2013	16.00	16
2015	16.00	16
2017	16.00	16
2019	16.00	16
2021	16.00	16
2023	16.00	16
2025	16.00	16
2027	16.00	16
2029	16.00	16
2031	16.00	16
2033	16.00	16
2035	16.00	16
2037	16.00	16
2039	16.00	16
2041	16.00	16
2043	16.00	16
2045	16.00	16
2047	16.00	16
2049	16.00	16
2051	16.00	16
2053	16.00	16
2055	16.00	16
2057	16.00	16
2059	16.00	16
2061	16.00	16
2063	16.00	16
2065	16.00	16
2067	16.00	16
2069	16.00	16
2071	16.00	16
2073	16.00	16
2075	16.00	16
2077	16.00	16
2079	16.00	16
2081	16.00	16
2083	16.00	16
2085	16.00	16
2087	16.00	16
2089	16.00	16
2091	16.00	16
2093	16.00	16
2095	16.00	16
2097	16.00	16
2099	16.00	16
2101	16.00	16
2103	16.00	16
2105	16.00	16
2107	16.00	16
2109	16.00	16
2111	16.00	16
2113	16.00	16
2115	16.00	16
2117	16.00	16
2119	16.00	16
2121	16.00	16
2123	16.00	16
2125	16.00	16
2127	16.00	16
2129	16.00	16
2131	16.00	16
2133	16.00	16
2135	16.00	16
2137	16.00	16
2139	16.00	16
2141	16.00	16
2143	16.00	16
2145	16.00	16
2147	16.00	16
2149	16.00	16
2151	16.00	16
2153	16.00	16
2155	16.00	16
2157	16.00	16
2159	16.00	16
2161	16.00	16
2163	16.00	16
2165	16.00	16
2167	16.00	16
2169	16.00	16
2171	16.00	16
2173	16.00	16
2175	16.00	16
2177	16.00	16
2179	16.00	16
2181	16.00	16
2183	16.00	16
2185	16.00	16
2187	16.00	16
2189	16.00	16
2191	16.00	16
2193	16.00	16
2195	16.00	16
2197	16.00	16
2199	16.00	16
2201	16.00	16
2203	16.00	16
2205	16.00	16
2207	16.00	16
2209	16.00	16
2211	16.00	16
2213	16.00	16
2215	16.00	16
2217	16.00	16
2219	16.00	16
2221	16.00	16
2223	16.00	16
2225	16.00	16
2227	16.00	16
2229	16.00	16
2231	16.00	16
2233	16.00	16
2235	16.00	16
2237	16.00	16
2239	16.00	16
2241	16.00	16
2243	16.00	16
2245	16.00	16
2247	16.00	16
2249	16.00	16
2251	16.00	16
2253	16.00	16
2255	16.00	16
2257	16.00	16
2259	16.00	16
2261	16.00	16
2263	16.00	16
2265	16.00	16
2267	16.00	16
2269	16.00	16
2271	16.00	16
2273	16.00	16
2275	16.00	16
2277	16.00	16
2279	16.00	16
2281	16.00	16
2283	16.00	16
2285	16.00	16
2287	16.00	16
2289	16.00	16
2291	16.00	16
2293	16.00	16
2295	16.00	16
2297	16.00	16
2299	16.00	16
2301	16.00	16
2303	16.00	16
2305	16.00	16
2307	16.00	16
2309	16.00	16
2311	16.00	16
2313	16.00	16
2315	16.00	16
2317	16.00	16
2319	16.00	16
2321	16.00	16
2323	16.00	16
2325	16.00	16
2327	16.00	16
2329	16.00	16
2331	16.00	16
2333	16.00	16
2335	16.00	16
2337	16.00	16
2339	16.00	16
2341	16.00	16
2343	16.00	16
2345	16.00	16
2347	16.00	16
2349	16.00	16
2351	16.00	16
2353	16.00	16
2355	16.00	16
2357	16.00	16
2359	16.00	16
2361	16.00	16
2363	16.00	16
2365	16.00	16
2367	16.00	16
2369	16.00	16
2371	16.00	16
2373	16.00	16
2375	16.00	16
2377	16.00	16
2379	16.00	16
2381	16.00	16
2383	16.00	16
2385	16.00	16
2387	16.00	16
2389	16.00	16
2391	16.00	16
2393	16.00	16
2395	16.00	16
2397	16.00	16
2399	16.00	16
2401	16.00	16
2403	16.00	16
2405	16.00	16
2407	16.00	16
2409	16.00	16
2411	16.00	16
2413	16.00	16
2415	16.00	16
2417	16.00	16
2419	16.00	16
2421	16.00	16
2423	16.00	16
2425	16.00	16
2427	16.00	16
2429	16.00	16
2431	16.00	16
2433	16.00	16
2435	16.00	16
2437	16.00	16
2439	16.00	16
2441	16.00	16
2443	16.00	16
2445	16.00	16
2447	16.00	16
2449	16.00	16
2451	16.00	16
2453	16.00	16
2455	16.00	16
2457	16.00	16
2459	16.00	16
2461	16.00	16
2463	16.00	16
2465	16.00	16
2467	16.00	16
2469	16.00	16
2471	16.00	16
2473	16.00	16
2475	16.00	16
2477	16.00	16
2479	16.00	16
2481	16.00	16
2483	16.00	16
2485	16.00	16
2487	16.00	16
2489	16.00	16
2491	16.00	16
2493	16.00	16
2495	16.00	16
2497	16.00	16
2499	16.00	16
2501	16.00	16
2503	16.00	16
2505	16.00	16
2507	16.00	16
2509	16.00	16
2511	16.00	16
2513	16.00	16
2515	16.00	16
2517	16.00	16
2519	16.00	16
2521	16.00	16
2523	16.00	16
2525	16.00	16
2527	16.00	16
2529	16.00	16
2531	16.00	16
2533	16.00	16
2535	16.00	16
2537	16.00	16
2539	16.00	16
2541	16.00	16
2543	16.00	16
2545	16.00	16
2547	16.00	16
2549	16.00	16
2551	16.00	16
2553	16.00	16
2555	16.00	16
2557	16.00	16
2559	16.00	16
2561	16.00	16
2563	16.00	16
2565	16.00	16
2567	16.00	16
2569	16.00	16
2571	16.00	16
2573	16.00	16
2575	16.00	16
2577	16.00	16
2579	16.00	16
2581	16.00	16
2583	16.00	16
2585	16.00	16
2587	16.00	16
2589	16.00	16
2591	16.00	16
2593	16.00	16
2595	16.00	16
2597	16.00	16
2599	16.00	16
2601	16.00	16
2603	16.00	16
2605	16.00	16
2607	16.00	16
2609	16.00	16
2611	16.00	16
2613	16.00	16
2615	16.00	16
2617	16.00	16
2619	16.00	16
2621	16.00	16
2623	16.00	16
2625	16.00	16
2627	16.00	16
2629	16.00	16
2631	16.00	16
2633	16.00	16
2635	16.00	16
2637	16.00	16
2639	16.00	16
2641	16.00	16
2643	16.00	16
2645	16.00	16
2647	16.00	16
2649	16.00	16
2651	16.00	16
2653	16.00	16
2655	16.00	16
2657	16.00	16
2659	16.00	16
2661	16.00	16
2663	16.00	16
2665	16.00	16
2667	16.00	16
2669	16.00	16
2671	16.00	16
2673	16.00	16
2675	16.00	16
2677	16.00	16
2679	16.00	16
2681	16.00	16
2683	16.00	16
2685	16.00	16
2687	16.00	16
2689	16.00	16
2691	16.00	16
2693	16.00	16
2695	16.00	16
2697	16.00	16
2699	16.00	16
2701	16.00	16
2703	16.00	16
2705	16.00	16
2707	16.00	16
2709	16.00	16
2711	16.00	16
2713	16.00	16
2715	16.00	16
2717	16.00	16
2719	16.00	16
2721	16.00	16
2723	16.00	16
2725	16.00	16
2727	16.00	16
2729	16.00	16
2731	16.00	16
2733	16.00	16
2735	16.00	16
2737	16.00	16
2739	16.00	16
2741	16.00	16
2743	16.00	16
2745	16.00	16
2747	16.00	16
2749	16.00	16
2751	16.00	16
2753	16.00	16
2755	16.00	16
2757	16.00	16
2759	16.00	16
2761	16.00	16
2763	16.00	16
2765	16.00	16
2767	16.00	16
2769	16.00	16
2771	16.00	16
2773	16.00	16
2775	16.00	16
2777	16.00	16
2779	16.00	16
2781	16.00	16
2783	16.00	16
2785	16.00	16
2787	16.00	16
2789	16.00	16
2791	16.00	16
2793	16.00	16
2795	16.00	16
2797	16.00	16
2799	16.00	16
2801	16.00	16
2803	16.00	16
2805	16.00	16
2807	16.00	16
2809	16.00	16
2811	16.00	16
2813	16.00	16
2815	16.00	16
2817	16.00	16
2819	16.00	16
2821	16.00	16
2823	16.00	16
2825	16.00	16
2827	16.00	16
2829	16.00	16
2831	16.00	16
2833	16.00	16
2835	16.00	16
2837	16.00	16
2839	16.00	16
2841	16.00	16
2843	16.00	16
2845	16.00	16
2847	16.00	16
2849	16.00	16
2851	16.00	16
2853	16.00	16
2855	16.00	16
2857	16.00	16
2859	16.00	16
2861	16.00	16
2863	16.00	16
2865	16.00	16
2867	16.00	16
2869	16.00	16
2871	16.00	16
2873	16.00	16
2875	16.00	16
2877	16.00	16
2879	16.00	16
2881	16.00	16
2883	16.00	16
2885	16.00	16
2887	16.00	16
2889	16.00	16
2891	16.00	16
2893	16.00	16
2895	16.00	16
2897	16.00	16
2899	16.00	16
2901	16.00	16
2903	16.00	16
2905	16.00	16
2907	16.00	16
2909	16.00	16
2911	16.00	16
2913	16.00	16
2915	16.00	16
2917	16.00	16
2919	16.00	16
2921	16.00	16
2923	16.00	16
2925	16.00	16
2927	16.00	16
2929	16.00	16
2931	16.00	16
2933	16.00	16
2935	16.00	16
2937	16.00	16
2939	16.00	16
2941	16.00	16
2943	16.00	16
2945	16.00	16
2947	16.00	16
2949	16.00	16
2951	16.00	16
2953	16.00	16
2955	16.00	16
2957	16.00	16
2959	16.00	16
2961	16.00	16
2963	16.00	16
2965	16.00	16
2967	16.00	16
2969	16.00	16
2971	16.00	16
2973	16.00	16
2975	16.00	16
2977	16.00	16
2979	16.00	16
2981	16.00	16
2983	16.00	16
2985	16.00	16
2987	16.00	16
2989	16.00	16
2991	16.00	16
2993	16.00	16
2995	16.00	16
2997	16.00	16
2999	16.00	16
3001	16.00	16
3003	16.00	16
3005	16.00	16
3007	16.00	16
3009	16.00	16
3011	16.00	16
3013	16.00	16
3015	16.00	16
3017	16.00	16
3019	16.00	16
3021	16.00	16
3023	16.00	16
3025	16.00	16
3027	16.00	16
3029	16.00	16
3031	16.00	16
3033	16.00	16
3035	16.00	16
3037	16.00	16
3039	16.00	16
3041	16.00	16
3043	16.00	16
3045	16.00	16
3047	16.00	16
3049	16.00	16
3051	16.00	16
3053	16.00	16
3055	16.00	16
3057	16.00	16
3059	16.00	16
3061	16.00	16
3063	16.00	16
3065	16.00	16
3067	16.00	16
3069	16.00	16
3071	16.00	16
3073	16.00	16
3075	16.00	16
3077	16.00	16
3079	16.00	16
3081	16.00	16
3083	16.00	16
3085	16.00	16
3087	16.00	16
3089	16.00	16
3091	16.00	16
3093	16.00	16
3095	16.00	16
3097	16.00	16
3099	16.00	16
3101	16.00	16
3103	16.00	16
3105	16.00	16
3107	16.00	16
3109	16.00	16
3111	16.00	16
3113	16.00	16
3115	16.00	16
3117	16.00	16
3119	16.00	16
3121	16.00	16
3123	16.00	16
3125	16.00	16
3127	16.00	16
3129	16.00	16
3131	16.00	16
3133	16.00	16
3135	16.00	16
3137	16.00	16
3139	16.00	16
3141	16.00	16
3143	16.00	16
3145	16.00	16
3147	16.00	16
3149	16.00	16
3151	16.00	16
3153	16.00	16
3155	16.00	16
3157	16.00	16
3159	16.00	16
3161	16.00	16
3163	16.00	16
3165	16.00	16
3167	16.00	16
3169	16.00	16
3171	16.00	16
3173	16.00	16
3175	16.00	16
3177	16.00	16
3179	16.00	16
3181	16.00	16
3183	16.00	16
3185	16.00	16
3187	16.00	16
3189	16.00	16
3191	16.00	16
3193	16.00	16
3195	16.00	16
3197	16.00	16
3199	16.00	16
3201	16.00	16
3203	16.00	16
3205	16.00	16
3207	16.00	16
3209	16.00	16
3211	16.00	16
3213	16.00	16
3215	16.00	16
3217	16.00	16
3219	16.00	16
3221	16.00	16
3223	16.00	16
3225	16.00	16
3227	16.00	16
3229	16.00	16
3231	16.00	16
3233	16.00	16
3235	16.00	16
3237	16.00	16
3239	16.00	16
3241	16.00	16
3243	16.00	16
3245	16.00	16
3247	16.00	16
3249	16.00	16
3251	16.00	16
3253	16.00	16
3255	16.00	16
3257	16.00	16
3259	16.00	16
3261	16.00	16
3263	16.00	16
3265	16.00	16
3267	16.00	16
3269	16.00	16
3271	16.00	16
3273	16.00	16
3275	16.00	16
3277	16.00	16
3279	16.00	16
3281	16.00	16
3283	16.00	16
3285	16.00	16
3287	16.00	16
3289	16.00	16
3291	16.00	16
3293	16.00	16
3295	16.00	16
3297	16.00	16
3299	16.00	16
3301	16.00	16
3303	16.00	16
3305	16.00	16
3307	16.00	16
3309	16.00	16
3311	16.00	16
3313	16.00	16
3315	16.00	16
3317	16.00	16
3319	16.00	16
3321	16.00	16
3323	16.00	16
3325	16.00	16
3327	16.00	16
3329	16.00	16
3331	16.00	16
3333	16.00	16
3335	16.00	16
3337	16.00	16
3339	16.00	16
3341	16.00	16
3343	16.00	16
3345	16.00	16
3347	16.00	16
3349	16.00	16
3351	16.00	16
3353	16.00	16
3355	16.00	16
3357	16.00	16
3359	16.00	16
3361	16.00	16
3363	16.00	16
3365	16.00	16
3367	16.00	16
3369	16.00	16
3371	16.00	16
3373	16.00	16
3375	16.00	16
3377	16.00	16
3379	16.00	16
3381	16.00	16
3383	16.00	16
3385	16.00	16
3387	16.00	16
3389	16.00	16
3391	16.00	16
3393	16.00	16
3395	16.00	16
3397	16.00	16
3399	16.00	16
3401	16.00	16
3403	16.00	16
3405	16.00	16
3407	16.00	16
3409	16.00	16
3411	16.00	16
3413	16.00	16
3415	16.00	16
3417	16.00	16
3419	16.00	16
3421	16.00	16
3423	16.00	16
3425	16.00	16
3427	16.00	16
3429	16.00	16
3431	16.00	16
3433	16.00	16
3435	16.00	16
3437	16.00	16
3439	16.00	16
3441	16.00	16
3443	16.00	16
3445	16.00	16
3447	16.00	16
3449	16.00	16
3451	16.00	16
3453	16.00	16
3455	16.00	16
3457	16.00	16
3459	16.00	16
3461	16.00	16
3463	16.00	16
3465	16.00	16
3467	16.00	16
3469	16.00	16
3471	16.00	16
3473	16.00	16
3475	16.00	16
3477	16.00	16
3479	16.00	16
3481	16.00	16
3483	16.00	16
3485	16.00	16
3487	16.00	16
3489	16.00	16
3491	16.00	16
3493	16.00	16
3495	16.00	16
3497	16.00	16
3499	16.00	16
3501	16.00	16
3503	16.00	16
3505	16.00	16
3507	16.00	16
3509	16.00	16
3511	16.00	16
3513	16.00	16
3515	16.00	16
3517	16.00	16
3519	16.00	16
3521	16.00	16
3523	16.00	16
3525	16.00	16
3527	16.00	16
3529	16.00	16
3531	16.00	16
3533	16.00	16
3535	16.00	16
3537	16.00	16
3539	16.00	16
3541	16.00	16
3543	16.00	16
3545	16.00	16
3547	16.00	16
3549	16.00	16
3551	16.00	16
3553	16.00	16
3555	16.00	16
3557	16.00	16
3559	16.00	16
3561	16.00	16
3563	16.00	16
3565	16.00	16
3567	16.00	16
3569	16.00	16
3571	16.00	16
3573	16.00	16
3575	16.00	16
3577	16.00	16
3579	16.00	16
3581	16.00	16
3583	16.00	16
3585	16.00	16
3587	16.00	16
3589	16.00	16
3591	16.00	16
3593	16.00	16
3595	16.00	16
3597	16.00	16
3599	16.00	16
3601	16.00	16
3603	16.00	16
3605	16.00	16
3607	16.00	16
3609	16.00	16
3611	16.00	16
3613	16.00	16
3615	16.00	16
3617	16.00	16
3619	16.00	16
3621	16.00	16
3623	16.00	16
3625	16.00	16
3627	16.00	16
3629	16.00	16
3631	16.00	16
3633	16.00	16
3635	16.00	16
3637	16.00	16
3639	16.00	16
3641	16.00	16
3643	16.00	16
3645	16.00	16
3647	16.00	16
3649	16.00	16
3651	16.00	16
3653	16.00	16
3655	16.00	16
3657	16.00	16
3659	16.00	16
3661	16.00	16
3663	16.00	16
3665	16.00	16
3667	16.00	16
3669	16.00	16
3671	16.00	16
3673	16.00	16
3675	16.00	16
3677	16.00	16
3679	16.00	16
3681	16.00	16
3683	16.00	16
3685	16.00	16
3687	16.00	16
3689	16.00	16
3691	16.00	16
3693	16.00	16
3695	16.00	16
3697	16.00	16
3699	16.00	16
3701	16.00	16
3703	16.00	16
3705	16.00	16
3707	16.00	16
3709	16.00	16
3711	16.00	16
3713	16.00	16
3715	16.00	16
3717	16.00	16
3719	16.00	16
3721	16.00	16
3723	16.00	16
3725	16.00	16
3727	16.00	16
3729	16.00	16
3731	16.00	16
3733	16.00	16
3735	16.00	16
3737	16.00	16
3739	16.00	16
3741	16.00	16
3743	16.00	16
3745	16.00	16
3747	16.00	16
3749	16.00	16
3751	16.00	16
3753	16.00	16
3755	16.00	16
3757	16.00	16
3759	16.00	16
3761	16.00	16
3763	16.00	16
3765	16.00	16
3767	16.00	16
3769	16.00	16
3771	16.00	16
3773	16.00	16
3775	16.00	16
3777	16.00	16
3779	16.00	16
3781	16.00	16
3783	16.00	16
3785	16.00	16
3787	16.00	16
3789	16.00	16
3791	16.00	16
3793	16.00	16
3795	16.00	16
3797	16.00	16
3799	16.00	16
3801	16.00	16
3803	16.00	16
3805	16.00	16
3807	16.00	16
3809	16.00	16
3811	16.00	16
3813	16.00	16
3815	16.00	16
3817	16.00	16
3819	16.00	16
3821	16.00	16
3823	16.00	16
3825	16.00	16
3827	16.00	16
3829	16.00	16
3831	16.00	16
3833	16.00	16
3835	16.00	16
3837	16.00	16
3839	16.00	16
3841	16.00	16
3843	16.00	16
3845	16.00	16
3847	16.00	16
3849	16.00	16
3851	16.00	16
3853	16.00	16
3855	16.00	16
3857	16.00	16
3859	16.00	16
3861	16.00	16
3863	16.00	16
3865	16.00	16
3867	16.00	16
3869	16.00	16
3871	16.00	16
3873	16.00	16
3875	16.00	16
3877	16.00	16
3879	16.00	16
3881	16.00	16
3883	16.00	16
3885	16.00	16
3887	16.00	16
3889	16.00	16
3891	16.00	16
3893	16.00	16
3895	16.00	16
3897	16.00	16
3899	16.00	16
3901	16.00	16
3903	16.00	16
3905	16.00	16
3907	16.00	16
3909	16.00	16
3911	16.00	16
3913	16.00	16
3915	16.00	16
3917	16.00	16
3919	16.00	16
3921	16.00	16
3923	16.00	16
3925	16.00	16
3927	16.00	16
3929	16.00	16
3931	16.00	16
3933	16.00	16
3935	16.00	16
3937	16.00	16
3939	16.00	16
3941	16.00	16
3943	16.00	16
3945	16.00	16
3947	16.00	16
3949	16.00	16
3951	16.00	16
3953	16.00	16
3955	16.00	16
3957	16.00	16
3959	16.00	16
3961	16.00	16
3963	16.00	16
3965	16.00	16
3967	16.00	16
3969	16.00	16
3971	16.00	16
3973	16.00	16
3975	16.00	16
3977	16.00	16
3979	16.00	16
3981	16.00	16
3983	16.00	16
3985	16.00	16
3987	16.00	16
3989	16.00	16
3991	16.00	16
3993	16.00	16
3995	16.00	16
3997	16.00	16
3999	16.00	16
4001	16.00	16
4003	16.00	16
4005	16.00	16
4007	16.00	16
4009	16.00	16
4011	16.00	16
4013	16.00	16
4015	16.00	16
4017	16.00	16
4019	16.00	16
4021	16.00	16
4023	16.00	16
4025	16.00	16
4027	16.00	16
4029	16.00	16
4031	16.00	16
4033	16.00	16
4035	16.00	16
4037	16.00	16
4039	16.00	16
4041	16.00	16
4043	16.00	16
4045	16.00	16
4047	16.00	16
4049	16.00	16
4051	16.00	16
4053	16.00	16
4055	16.00	16
4057	16.00	16
4059	16.00	16
4061	16.00	16
4063	16.00	16
4065	16.00	16
4067	16.00	16
4069	16.00	16
4071	16.00	16
4073	16.00	16
4075	16.00	16
4077	16.00	16
4079	16.00	16
4081	16.00	16
4083	16.00	16
4085	16.00	16
4087	16.00	16
4089	16.00	16
4091	16.00	16
4093	16.00	16
4095	16.00	16
4097	16.00	16
4099	16.00	16
4101	16.00	16
4103	16.00	16
4105	16.00	16
4107	16.00	16
4109	16.00	16
4111	16.00	16
4113	16.00	16
4115	16.00	16
4117	16.00	16
4119	16.00	16
4121	16.00	16
4123	16.00	16
4125	16.00	16
4127	16.00	16
4129	16.00	16
4131	16.00	16
4133	16.00	16
4135	16.00	16
4137	16.00	16
4139	16.00	16
4141	16.00	16
4143	16.00	16
4145	16.00	16
4147	16.00	16
4149	16.00	16
4151	16.00	16
4153	16.00	16
4155	16.00	16
4157	16.00	16
4159	16.00	16
4161	16.00	16
4163	16.00	16
4165	16.00	16
4167	16.00	16
4169	16.00	16
4171	16.00	16
4173	16.00	16
4175	16.00	16
4177	16.00	16
4179	16.00	16
4181	16.00	16
4183	16.00	16
4185	16.00	16
4187	16.00	16
4189	16.00	16
4191	16.00	16
4193	16.00	16
4195	16.00	16
4197	16.00	16
4199	16.00	16
4201	16.00	16
4203	16.00	16
4205	16.00	16
4207	16.00	16
4209	16.00	16
4211	16.00	16
4213	16.00	16
4215	16.00	16
4217	16.00	16
4219	16.00	16
4221	16.00	16
4223	16.00	16
4225	16.00	16
4227	16.00	16
4229	16.00	16
4231	16.00	16
4233	16.00	16
4235	16.00	16
4237	16.00	16
4239	16.00	16
4241	16.00	16
4243	16.00	16
4245	16.00	16
4247	16.00	16
4249	16.00	16
4251	16.00	16
4253	16.00	16
4255	16.00	16
4257	16.00	16
4259	16.00	16
4261	16.00	16
4263	16.00	16
4265	16.00	16
4267	16.00	16
4269	16.00	16
4271	16.00	16
4273	16.00	16
4275	16.00	16
4277	16.00	16
4279	16.00	16
4281	16.00	16
4283	16.00	16
4285	16.00	16
4287	16.00	16
4289	16.00	16
4291	16.00	16
4293	16.00	16
4295	16.00	16
4297	16.00	16
4299	16.00	16
4301	16.00	16
4303	16.00	16
4305	16.00	16
4307	16.00	16
4309	16.00	16
4311	16.00	16
4313	16.00	16
4315	16.00	16
4317	16.00	16
4319	16.00	16
4321	16.00	16
4323	16.00	16
4325	16.00	16
4327	16.00	16
4329	16.00	16
4331	16.00	16
4333	16.00	16
4335	16.00	16
4337	16.00	16
4339	16.00	16
4341	16.00	16
4343	16.00	16
4345	16.00	16
4347	16.00	16
4349	16.00	16
4351	16.00	16
4353	16.00	16
4355	16.00	16
4357	16.00	16
4359	16.00	16
4361	16.00	16
4363	16.00	16
4365	16.00	16
4367	16.00	16
4369	16.00	16
4371	16.00	16
4373	16.00	16
4375	16.00	16
4377	16.00	16
4379	16.00	16
4381	16.00	16
4383	16.00	16
4385	16.00	16
4387	16.00	16
4389	16.00	16
4391	16.00	16
4393	16.00	16
4395	16.00	16
4397	16.00	16
4399	16.00	16
4401	16.00	16
4403	16.00	16
4405	16.00	16
4407	16.00	16
4409	16.00	16
4411	16.00	16
4413	16.00	16
4415	16.00	16
4417	16.00	16
4419	16.00	16
4421	16.00	16
4423	16.00	16
4425	16.00	16
4427	16.00	16
4429	16.00	16
4431	16.00	16
4433	16.00	16
4435	16.00	16
4437	16.00	16
4439	16.00	16
4441	16.00	16
4443	16.00	16
4445	16.00	16
4447	16.00	16
4449	16.00	16
4451	16.00	16
4453	16.00	16
4455	16.00	16
4457	16.00	16
4459	16.00	16
4461	16.00	16
4463	16.00	16
4465	16.00	16
4467	16.00	16
4469	16.00	16
4471	16.00	16
4473	16.00	16
4475	16.00	16
4477	16.00	16
4479	16.00	16
4481	16.00	16
4483	16.00	16
4485	16.00	16
4487	16.00	16
4489	16.00	16
4491	16.00	16
4493	16.00	16
4495	16.00	16
4497	16.00	16
4499	16.00	16
4501	16.00	16
4503	16.00	16
4505	16.00	16
4507	16.00	16
4509	16.00	16
4511	16.00	16
4513	16.00	16
4515	16.00	16
4517	16.00	16
4519	16.00	16
4521	16.00	16
4523	16.00	16
4525	16.00	16
4527	16.00	16
4529	16.00	16
4531	16.00	16
4533	16.00	16
4535	16.00	16
4537	16.00	16
4539	16.00	16
4541	16.00	16
4543	16.00	16
4545	16.00	16
4547	16.00	16
4549	16.00	16
4551	16.00	16
4553	16.00	16
4555	16.00	16
4557	16.00	16
4559	16.00	16
4561	16.00	16
4563	16.00	16
4565	16.00	16
4567	16.00	16
4569	16.00	16
4571	16.00	16
4573	16.00	16
4575	16.00	16
4577	16.00	16
4579	16.00	16
4581	16.00	16
4583	16.00	16
4585	16.00	16
4587	16.00	16
4589	16.00	16
4591	16.00	16
4593	16.00	16
4595	16.00	16
4597	16.00	16
4599	16.00	16
4601	16.00	16
4603	16.00	16
4605	16.00	16
4607	16.00	16
4609	16.00	16
4611	16.00	16
4613	16.00	16
4615	16.00	16
4617	16.00	16
4619	16.00	16
4621	16.00	16
4623	16.00	16
4625	16.00	16
4627	16.00	16
4629	16.00	16
4631	16.00	16
4633	16.00	16
4635	16.00	16
4637	16.00	16
4639	16.00	16
4641	16.00	16
4643	16.00	16
4645	16.00	16
4647	16.00	16
4649	16.00	16
4651	16.00	16
4653	16.00	16
4655	16.00	16
4657	16.00	16
4659	16.00	16
4661	16.00	16
4663	16.00	16
4665	16.00	16
4667	16.00	16
4669	16.00	16
4671	16.00	16
4673	16.00	16
4675	16.00	16
4677	16.00	16
4679	16.00	16
4681	16.00	16
4683	16.00	16
4685	16.00	16
4687	16.00	16
4689	16.00	16
4691	16.00	16
4693	16.00	16
4695	16.00	16
4697	16.00	16
4699	16.00	16
4701	16.00	16
4703	16.00	16
4705	16.00	16
4707	16.00	16
4709	16.00	16
4711	16.00	16
4713	16.00	16
4715	16.00	16
4717	16.00	16
4719	16.00	16
4721	16.00	16
4723	16.00	16
4725	16.00	16
4727	16.00	16
4729	16.00	16
4731	16.00	16
4733	16.00	16
4735	16.00	16
4737	16.00	16
4739	16.00	16
4741	16.00	16
4743	16.00	16
4745	16.00	16
4747	16.00	16
4749	16.00	16
4751	16.00	16
4753	16.00	16
4755	16.00	16
4757	16.00	16
4759	16.00	16
4761	16.00	16
4763	16.00	16
4765	16.00	16
4767	16.00	16
4769	16.00	16
4771	16.00	16
4773	16.00	16
4775	16.00	16
4777	16.00	16
4779	16.00	16
4781	16.00	16
4783	16.00	16
4785	16.00	16
4787	16.00	16
4789	16.00	16
4791	16.00	16
4793	16.00	16
4795	16.00	16
4797	16.00	16
4799	16.00	16
4801	16.00	16
4803	16.00	16
4805	16.00	16
4807	16.00	16
4809	16.00	16
4811	16.00	16
4813	16.00	16
4815	16.00	16
4817	16.00	16
4819	16.00	16
4821	16.00	16
4823	16.00	16
4825	16.00	16
4827	16.00	16
4829	16.00	16
4831	16.00	16
4833	16.00	16
4835	16.00	16
4837	16.00	16
4839	16.00	16
4841	16.00	16
4843	16.00	16
4845	16.00	16
4847	16.00	16
4849	16.00	16
4851	16.00	16
4853	16.00	16
4855	16.00	16
4857	16.00	16
4859	16.00	16
4861	16.00	16
4863	16.00	16
4865	16.00	16
4867	16.00	16
4869	16.00	16
4871	16.00	16
4873	16.00	16
4875	16.00	16
4877	16.00	16
4879	16.00	16
4881	16.00	16
4883	16.00	16
4885	16.00	16
4887	16.00	16
4889	16.00	16
4891	16.00	16
4893	16.00	16
4895	16.00	16
4897	16.00	16
4899	16.00	16
4901	16.00	16
4903	16.00	16
4905	16.00	16
4907	16.00	16
4909	16.00	16
4911	16.00	16
4913	16.00	16
4915	16.00	16
4917	16.00	16
4919	16.00	16
4921	16.00	16
4923	16.00	16
4925	16.00	16
4927	16.00	16
4929	16.00	16
4931	16.00	16
4933	16.00	16
4935	16.00	16
4937	16.00	16
4939	16.00	16
4941	16.00	16
4943	16.00	16
4945	16.00	16
4947	16.00	16
4949	16.00	16
4951	16.00	16
4953	16.00	16
4955	16.00	16
4957	16.00	16
4959	16.00	16
4961	16.00	16
4963	16.00	16
4965	16.00	16
4967	16.00	16
4969	16.00	16
4971	16.00	16
4973	16.00	16
4975	16.00	16
4977	16.00	16
4979	16.00	16
4981	16.00	16
4983	16.00	16
4985	16.00	16
4987	16.00	16
4989	16.00	16
4991	16.00	16
4993	16.00	16
4995	16.00	16
4997	16.00	16
4999	16.00	16
5001	16.00	16
5003	16.00	16
5005	16.00	16
5007	16.00	16
5009	16.00	16
5011	16.00	16
5013	16.00	16
5015	16.00	16
5017	16.00	16
5019	16.00	16
5021	16.00	16
5023	16.00	16
5025	16.00	16
5027	16.00	16
5029	16.00	16
5031	16.00	16
5033	16.00	16
5035	16.00	16
5037	16.00	16
5039	16.00	16
5041	16.00	16
5043	16.00	16
5045	16.00	16
5047	16.00	16
5049	16.00	16
5051	16.00	16
5053	16.00	16
5055	16.00	16
5057	16.00	16
5059	16.00	16
5061	16.00	16
5063	16.00	16
5065	16.00	16
5067	16.00	16
5069	16.00	16
5071	16.00	16
5073	16.00	16
5075	16.00	16
5077	16.00	16
5079	16.00	16
5081	16.00	16
5083	16.00	16
5085	16.00	16
5087	16.00	16
5089	16.00	16
5091	16.00	16
5093	16.00	16
5095	16.00	16
5097	16.00	16
5099	16.00	16
5101	16.00	16
5103	16.00	16
5105	16.00	16
5107	16.00	16
5109	16.00	16
5111	16.00	16
5113	16.00	16
5115	16.00	16
5117	16.00	16
5119	16.00	16
5121	16.00	16
5123	16.00	16
5125	16.00	16
5127	16.00	16
5129	16.00	16
5131	16.00	16
5133	16.00	16
5135	16.00	16
5137	16.00	16
5139	16.00	16
5141	16.00	16
5143	16.00	16
5145	16.00	16
5147	16.00	16
5149	16.00	16
5151	16.00	16
5153	16.00	16
5155	16.00	16
5157	16.00	16
5159	16.00	16
5161	16.00	16
5163	16.00	16
5165	16.00	16
5167	16.00	16
5169	16.00	16
5171	16.00	16
5173	16.00	16
5175	16.00	16
5177	16.00	16
5179	16.00	16
5181	16.00	16
5183	16.00	16
5185	16.00	16
5187	16.00	16
5189	16.00	16
5191	16.00	16
5193	16.00	16
5195	16.00	16
5197	16.00	16
5199	16.00	16
5201	16.00	16
5203	16.00	16
5205	16.00	16
5207	16.00	16
5209	16.00	16
5211	16.00	16
5213	16.00	16
5215	16.00	16
5217	16.00	16
5219	16.00	16
5221	16.00	16
5223	16.00	16
5225	16.00	16
5227	16.00	16
5229	16.00	16
5231	16.00	16
5233	16.00	16
5235	16.00	16
5237	16.00	16
5239	16.00	16
5241	16.00	16
5243	16.00	16
5245	16.00	16
5247	16.00	16
5249	16.00	16
5251	16.00	16
5253	16.00	16
5255	16.00	16
5257	16.00	16
5259	16.00	16
5261	16.00	16
5263	16.00	16
5265	16.00	16
5267	16.00	16
5269	16.00	16
5271	16.00	16
5273	16.00	16
5275	16.00	16
5277	16.00	16
5279	16.00	16
5281	16.00	16
5283	16.00	16
5285	16.00	16
5287	16.00	16
5289	16.00	16
5291	16.00	16
5293	16.00	16
5295	16.00	16
5297	16.00	16
5299	16.00	16
5301	16.00	16
5303	16.00	16
5305	16.00	16
5307	16.00	16
5309	16.00	16
5311	16.00	16
5313	16.00	16
5315	16.00	16
5317	16.00	16
5319	16.00	16
5321	16.00	16
5323	16.00	16
5325	16.00	16
5327	16.00	16
5329	16.00	16
5331	16.00	16
5333	16.00	16
5335	16.00	16
5337	16.00	16
5339	16.00	16
5341	16.00	16
5343	16.00	16
5345	16.00	16
5347	16.00	16
5349	16.00	16
5351	16.00	16
5353	16.00	16
5355	16.00	16
5357	16.00	16
5359	16.00	16
5361	16.00	16
5363	16.00	16
5365	16.00	16
5367	16.00	16
5369	16.00	16
5371	16.00	16
5373	16.00	16
5375	16.00	16
5377	16.00	16
5379	16.00	16
5381	16.00	16
5383	16.00	16
5385	16.00	16
5387	16.00	16
5389	16.00	16
5391	16.00	16
5393	16.00	16
5395	16.00	16
5397	16.00	16
5399	16.00	16
5401	16.00	16
5403	16.00	16
5405	16.00	16
5407	16.00	16
5409	16.00	16
5411	16.00	16
5413	16.00	16
5415	16.00	16
5417	16.00	16
5419	16.00	16
5421	16.00	16
5423	16.00	16
5425	16.00	16
5427	16.00	16
5429	16.00	16
5431	16.00	16
5433	16.00	16
5435	16.00	16
5437	16.00	16
5439	16.00	16
5441	16.00	16
5443	16.00	16
5445	16.00	16
5447	16.00	16
5449	16.00	16
5451	16.00	16
5453	16.00	16
5455	16.00	16
5457	16.00	16
5459	16.00	16
5461	16.00	16
5463	16.00	16
5465	16.00	16
5467	16.00	16
5469	16.00	16
5471	16.00	16
5473	16.00	16
5475	16.00	16
5477	16.00	16
5479	16.00	16
5481	16.00	16
5483	16.00	16
5485	16.00	16
5487	16.00	16
5489	16.00	16
5491	16.00	16
5493	16.00	16
5495	16.00	16
5497	16.00	16
5499	16.00	16
5501	16.00	16
5503	16.00	16
5505	16.00	16
5507	16.00	16
5509	16.00	16
5511	16.00	16
5513	16.00	16
5515	16.00	16
5517	16.00	16
5519	16.00	16
5521	16.00	16
5523	16.00	16
5525	16.00	16
5527	16.00	16
5529	16.00	16
5531	16.00	16
5533	16.00	16
5535	16.00	16
5537	16.00	16
5539	16.00	16
5541	16.00	16
5543	16.00	16
5545	16.00	16
5547	16.00	16
5549	16.00	16
5551	16.00	16
5553	16.00	16
5555	16.00	16
5557	16.00	16
5559	16.00	16
5561	16.00	16
5563	16.00	16
5565	16.00	16
5567	16.00	16
5569	16.00	16
5571	16.00	16
5573	16.00	16
5575	16.00	16
5577	16.00	16
5579	16.00	16
5581	16.00	16
5583	16.00	16
5585	16.00	16
5587	16.00	16
5589	16.00	16
5591	16.00	16
5593	16.00	16
5595	16.00	16
5597	16.00	16
5599	16.00	16
5601	16.00	16
5603	16.00	16
5605	16.00	16
5607	16.00	16
5609	16.00	16
5611	16.00	16
5613	16.00	16
5615	16.00	16
5617	16.00	16
5619	16.00	16
5621	16.00	16
5623	16.00	16
5625	16.00	16
5627	16.00	16
5629	16.00	16
5631	16.00	16
5633	16.00	16
5635	16.00	16
5637	16.00	16
5639	16.00	16
5641	16.00	16
5643	16.00	16
5645	16.00	16
5647	16.00	16
5649	16.00	16
5651	16.00	16
5653	16.00	16
5655	16.00	16
5657	16.00	16
5659	16.00	16
5661	16.00	16
5663	16.00	16
5665	16.00	16
5667	16.00	16
5669	16.00	16
5671	16.00	16
5673	16.00	16
5675	16.00	16
5677	16.00	16
5679	16.00	16
5681	16.00	16
5683	16.00	16
5685	16.00	16
5687	16.00	16
5689	16.00	16
5691	16.00	16
5693	16.00	16
5695	16.00	16
5697	16.00	16
5699	16.00	16
5701	16.00	16
5703	16.00	16
5705	16.00	16
5707	16.00	16
5709	16.00	16
5711	16.00	16
5713	16.00	16
5715	16.00	16
5717	16.00	16
5719	16.00	16
5721	16.00	16
5723	16.00	16
5725	16.00	16
5727	16.00	16
5729	16.00	16
5731	16.00	16
5733	16.00	16
5735	16.00	16
5737	16.00	16
5739	16.00	16
5741	16.00	16
5743	16.00	16
5745	16.00	16
5747	16.00	16
5749	16.00	16
5751	16.00	16
5753	16.00	16
5755	16.00	16
5757	16.00	16
5759	16.00	16
5761	16.00	16
5763	16.00	16
5765	16.00	16
5767	16.00	16
5769	16.00	16
5771	16.00	16
5773	16.00	16
5775	16.00	16
5777	16.00	16
5779	16.00	16
5781	16.00	16
5783	16.00	16
5785	16.00	16
5787	16.00	16
5789	16.00	16
5791	16.00	16
5793	16.00	16
5795	16.00	16
5797	16.00	16
5799	16.00	16
5801	16.00	16
5803	16.00	16
5805	16.00	16
5807	16.00	16
5809	16.00	16
5811	16.00	16
5813	16.00	16
5815	16.00	16
5817	16.00	16
5819	16.00	16
5821	16.00	16
5823	16.00	16
5825	16.00	16
5827	16.00	16
5829	16.00	16
5831	16.00	16
5833	16.00	16
5835	16.00	16
5837	16.00	16
5839	16.00	16
5841	16.00	16
5843	16.00	16
5845	16.00	16
5847	16.00	16
5849	16.00	16
5851	16.00	16
5853	16.00	16
5855	16.00	16
5857	16.00	16
5859	16.00	16
5861	16.00	16
5863	16.00	16
5865	16.00	16
5867	16.00	16
5869	16.00	16
5871	16.00	16
5873	16.00	16
5875	16.00	16
5877	16.00	16
5879	16.00	16
5881	16.00	16
5883	16.00	16
5885	16.00	16
5887	16.00	16
5889	16.00	16
5891	16.00	16
5893	16.00	16
5895	16.00	16
5897	16.00	16
5899	16.00	16
5901	16.00	16
5903	16.00	16
5905	16.00	16
5907	16.00	16
5909	16.00	16
5911	16.00	16
5913	16.00	16
5915	16.00	16
5917	16.00	16
5919	16.00	16
5921	16.00	16
5923	16.00	16
5925	16.00	16
5927	16.00	16
5929	16.00	16
5931	16.00	16
5933	16.00	16
5935	16.00	16
5937	16.00	16
5939	16.00	16
5941	16.00	16
5943	16.00	16
5945	16.00	16
5947	16.00	16
5949	16.00	16
5951	16.00	16
5953	16.00	16
5955	16.00	16
5957	16.00	16
5959	16.00	16
5961	16.00	16
5963	16.00	16
5965	16.00	16
5967	16.00	16
5969	16.00	16
5971	16.00	16
5973	16.00	16
5975	16.00	16
5977	16.00	16
5979	16.00	16
5981	16.00	16
5983	16.00	16
5985	16.00	16
5987	16.00	16
5989	16.00	16
5991	16.00	16
5993	16.00	16
5995	16.00	16
5997	16.00	16
5999	16.00	16
6001	16.00	16
6003	16.00	16
6005	16.00	16
6007	16.00	16
6009	16.00	16
6011	16.00	16
6013	16.00	16
6015	16.00	16
6017	16.00	16
6019	16.00	16
6021	16.00	16
6023	16.00	16
6025	16.00	16
6027	16.00	16
6029	16.00	16
6031	16.00	16
6033	16.00	16
6035	16.00	16
6037	16.00	16
6039	16.00	16
6041	16.00	16
6043	16.00	16
6045	16.00	16
6047	16.00	16
6049	16.00	16
6051	16.00	16
6053	16.00	16
6055	16.00	16
6057	16.00	16
6059	16.00	16
6061	16.00	16
6063	16.00	16
6065	16.00	16
6067	16.00	16
6069	16.00	16
6071	16.00	16
6073	16.00	16
6075	16.00	16
6077	16.00	16
6079	16.00	16
6081	16.00	16
6083	16.00	16
6085	16.00	16
6087	16.00	16
6089	16.00	16
6091	16.00	16
6093	16.00	16
6095	16.00	16
6097	16.00	16
6099	16.00	16
6101	16.00	16
6103	16.00	16
6105	16.00	16
6107	16.00	16
6109	16.00	16
6111	16.00	16
6113	16.00	16
6115	16.00	16
6117	16.00	16
6119	16.00	16
6121	16.00	16
6123	16.00	16
6125	16.00	16
6127	16.00	16
6129	16.00	16
6131	16.00	16
6133	16.00	16
6135	16.00	16
6137	16.00	16
6139	16.00	16
6141	16.00	16
6143	16.00	16
6145	16.00	16
6147	16.00	16
6149	16.00	16
6151	16.00	16
6153	16.00	16
6155	16.00	16
6157	16.00	16
6159	16.00	16
6161	16.00	16
6163	16.00	16
6165	16.00	16
6167	16.00	16
6169	16.00	16
6171	16.00	16
6173	16.00	16
6175	16.00	16
6177	16.00	16
6179	16.00	16
6181	16.00	16
6183	16.00	16
6185	16.00	16
6187	16.00	16
6189	16.00	16
6191	16.00	16
6193	16.00	16
6195	16.00	16
6197	16.00	16
6199	16.00	16
6201	16.00	16
6203	16.00	16
6205	16.00	16
6207	16.00	16
6209	16.00	16
6211	16.00	16
6213	16.00	16
6215	16.00	16
6217	16.00	16
6219	16.00	16
6221	16.00	16
6223	16.00	16
6225	16.00	16
6227	16.00	16
6229	16.00	16
6231	16.00	16
6233	16.00	16
6235	16.00	16
6237	16.00	16
6239	16.00	16
6241	16.00	16
6243	16.00	16
6245	16.00	16
6247	16.00	16
6249	16.00	16
6251	16.00	16
6253	16.00	16
6255	16.00	16
6257	16.00	16
6259	16.00	16
6261	16.00	16
6263	16.00	16
6265	16.00	16
6267	16.00	16
6269	16.00	16
6271	16.00	16
6273	16.00	16
6275	16.00	16
6277	16.00	16
6279	16.00	16
6281	16.00	16
6283	16.00	16
6285	16.00	16
6287	16.00	16
6289	16.00	16
6291	16.00	16
6293	16.00	16
6295	16.00	16
6297	16.00	16
6299	16.00	16
6301	16.00	16
6303	16.00	16
6305	16.00	16
6307	16.00	16
6309	16.00	16
6311	16.00	16
6313	16.00	16
6315	16.00	16
6317	16.00	16
6319	16.00	16
6321	16.00	16
6323	16.00	16
6325	16.00	16
6327	16.00	16
6329	16.00	16
6331	16.00	16
6333	16.00	16
6335	16.00	16
6337	16.00	16
6339	16.00	16
6341	16.00	16
6343	16.00	16
6345	16.00	16
6347	16.00	16
6349	16.00	16
6351	16.00	16
6353	16.00	16
6355	16.00	16
6357	16.00	16
6359	16.00	16
6361	16.00	16
6363	16.00	16
6365	16.00	16
6367	16.00	16
6369	16.00	16
6371	16.00	16
6373	16.00	16
6375	16.00	16
6377	16.00	16
6379	16.00	16
6381	16.00	16
6383	16.00	16
6385	16.00	16
6387	16.00	16
6389	16.00	16
6391	16.00	16
6393	16.00	16
6395	16.00	16
6397	16.00	16
6399	16.00	16
6401	16.00	16
6403	16.00	16
6405	16.00	16
6407	16.00	16
6409	16.00	16
6411	16.00	16
6413	16.00	16
6415	16.00	16
6417	16.00	16
6419	16.00	16
6421	16.00	16
6423	16.00	16
6425	16.00	16
6427	16.00	16
6429	16.00	16
6431	16.00	16
6433	16.00	16
6435	16.00	16
6437	16.00	16
6439	16.00	16
6441	16.00	16
6443	16.00	16
6445	16.00	16
6447	16.00	16
6449	16.00	16
6451	16.00	16
6453	16.00	16
6455	16.00	16
6457	16.00	16
6459	16.00	16
6461	16.00	16
6463	16.00	16
6465	16.00	16
6467	16.00	16
6469	16.00	16
6471	16.00	16
6473	16.00	16
6475	16.00	16
6477	16.00	16
6479	16.00	16
6481	16.00	16
6483	16.00	16
6485	16.00	16
6487	16.00	16
6489	16.00	16
6491	16.00	16
6493	16.00	16
6495	16.00	16
6497	16.00	16
6499	16.00	16
6501	16.00	16
6503	16.00	16
6505	16.00	16
6507	16.00	16
6509	16.00	16
6511	16.00	16
6513	16.00	16
6515	16.00	16
6517	16.00	16
6519	16.00	16
6521	16.00	16
6523	16.00	16
6525	16.00	16
6527	16.00	16
6529	16.00	16
6531	16.00	16
6533	16.00	16
6535	16.00	16
6537	16.00	16
6539	16.00	16
6541	16.00	16
6543	16.00	16
6545	16.00	16
6547	16.00	16
6549	16.00	16
6551	16.00	16
6553	16.00	16
6555	16.00	16
6557	16.00	16
6559	16.00	16
6561	16.00	16
6563	16.00	16
6565	16.00	16
6567	16.00	16
6569	16.00	16
6571	16.00	16
6573	16.00	16
6575	16.00	16
6577	16.00	16
6579	16.00	16
6581	16.00	16
6583	16.00	16
6585	16.00	16
6587	16.00	16
6589	16.00	16
6591	16.00	16
6593	16.00	16
6595	16.00	16
6597	16.00	16
6599	16.00	16
6601	16.00	16
6603	16.00	16
6605	16.00	16
6607	16.00	16
6609	16.00	16
6611	16.00	16
6613	16.00	16
6615	16.00	16
6617	16.00	16
6619	16.00	16
6621	16.00	16
6623	16.00	16
6625	16.00	16
6627	16.00	16
6629	16.00	16
6631	16.00	16
6633	16.00	16
6635	16.00	16
6637	16.00	16
6639	16.00	16
6641	16.00	16
6643	16.00	16
6645	16.00	16
6647	16.00	16
6649	16.00	16
6651	16.00	16
6653	16.00	16
6655	16.00	16
6657	16.00	16
6659	16.00	16
6661	16.00	16
6663	16.00	16
6665	16.00	16
6667	16.00	16
6669	16.00	16
6671	16.00	16
6673	16.00	16
6675	16.00	16
6677	16.00	16
6679	16.00	16
6681	16.00	16
6683	16.00	16
6685	16.00	16
6687	16.00	16
6689	16.00	16
6691	16.00	16
6693	16.00	16
6695	16.00	16
6697	16.00	16
6699	16.00	16
6701	16.00	16
6703	16.00	16
6705	16.00	16
6707	16.00	16
6709	16.00	16
6711	16.00	16
6713	16.00	16
6715	16.00	16
6717	16.00	16
6719	16.00	16
6721	16.00	16
6723	16.00	16
6725	16.00	16
6727	16.00	16
6729	16.00	16
6731	16.00	16
6733	16.00	16
6735	16.00	16
6737	16.00	16
6739	16.00	16
6741	16.00	16
6743	16.00	16
6745	16.00	16
6747	16.00	16
6749	16.00	16
6751	16.00	16
6753	16.00	16
6755	16.00	16
6757	16.00	16
6759	16.00	16
6761	16.00	16
6763	16.00	16
6765	16.00	16
6767	16.00	16
6769	16.00	16
6771	16.00	16
6773	16.00	16
6775	16.00	16
6777	16.00	16
6779	16.00	16
6781	16.00	16
6783	16.00	16
6785	16.00	16
6787	16.00	16
6789	16.00	16
6791	16.00	16
6793	16.00	16
6795	16.00	16
6797	16.00	16
6799	16.00	16
6801	16.00	16
6803	16.00	16
6805	16.00	16
6807	16.00	16
6809	16.00	16
6811	16.00	16
6813	16.00	16
6815	16.00	16
6817	16.00	16
6819	16.00	16
6821	16.00	16
6823	16.00	16
6825	16.00	16
6827	16.00	16
6829	16.00	16
6831	16.00	16
6833	16.00	16
6835	16.00	16
6837	16.00	16
6839	16.00	16
6841	16.00	16
6843	16.00	16
6845	16.00	16
6847	16.00	16
6849	16.00	16
6851	16.00	16
6853	16.00	16
6855	16.00	16
6857	16.00	16
6859	16.00	16
6861	16.00	16
6863	16.00	16
6865	16.00	16
6867	16.00	16
6869	16.00	16
6871	16.00	16
6873	16.00	16
6875	16.00	16
6877	16.00	16
6879	16.00	16
6881	16.00	16
6883	16.00	16
6885	16.00	16
6887	16.00	16
6889	16.00	16
6891	16.00	16
6893	16.00	16
6895	16.00	16
6897	16.00	16
6899	16.00	16
6901	16.00	16
6903	16.00	16
6905	16.00	16
6907	16.00	16
6909	16.00	16
6911	16.00	16
6913	16.00	16
6915	16.00	16
6917	16.00	16
6919	16.00	16
6921	16.00	16
6923	16.00	16
6925	16.00	16
6927	16.00	16
6929	16.00	16
6931	16.00	16
6933	16.00	16
6935	16.00	16
6937	16.00	16
6939	16.00	16
6941	16.00	16
6943	16.00	16
6945	16.00	16
6947	16.00	16
6949	16.00	16
6951	16.00	16
6953	16.00	16
6955	16.00	16
6957	16.00	16
6959	16.00	16
6961	16.00	16
6963	16.00	16
6965	16.00	16
6967	16.00	16
6969	16.00	16
6971	16.00	16
6973	16.00	16
6975	16.00	16
6977	16.00	16
6979	16.00	16
6981	16.00	16
6983	16.00	16
6985	16.00	16
6987	16.00	16
6989	16.00	16
6991	16.00	16
6993	16.00	16
6995	16.00	16
6997	16.00	16
6999	16.00	16
7001	16.00	16
7003	16.00	16
7005	16.00	16
7007	16.00	16
7009	16.00	16
7011	16.00	16
7013	16.00	16
7015	16.00	16
7017	16.00	16
7019	16.00	16
7021	16.00	16
7023	16.00	16
7025	16.00	16
7027	16.00	16
7029	16.00	16
7031	16.00	16
7033	16.00	16
7035	16.00	16
7037	16.00	16
7039	16.00	16
7041	16.00	16
7043	16.00	16
7045	16.00	16
7047	16.00	16
7049	16.00	16
7051	16.00	16
7053	16.00	16
7055	16.00	16
7057	16.00	16
7059	16.00	16
7061	16.00	16
7063	16.00	16
7065	16.00	16
7067	16.00	16
7069	16.00	16
7071	16.00	16
7073	16.00	16
7075	16.00	16
7077	16.00	16
7079	16.00	16
7081	16.00	16
7083	16.00	16
7085	16.00	16
7087	16.00	16
7089	16.00	16
7091	16.00	16
7093	16.00	16
7095	16.00	16
7097	16.00	16
7099	16.00	16
7101	16.00	16
7103	16.00	16
7105	16.00	16
7107	16.00	16
7109	16.00	16
7111	16.00	16
7113	16.00	16
7115	16.00	16
7117	16.00	16
7119	16.00	16
7121	16.00	16
7123	16.00	16
7125	16.00	16
7127	16.00	16
7129	16.00	16
7131	16.00	16
7133	16.00	16
7135	16.00	16
7137	16.00	16
7139	16.00	16
7141	16.00	16
7143	16.00	16
7145	16.00	16
7147	16.00	16
7149	16.00	16
7151	16.00	16
7153	16.00	16
7155	16.00	16
7157	16.00	16
7159	16.00	16
7161	16.00	16
7163	16.00	16
7165	16.00	16
7167	16.00	16
7169	16.00	16
7171	16.00	16
7173	16.00	16
7175	16.00	16
7177	16.00	16
7179	16.00	16
7181	16.00	16
7183	16.00	16
7185	16.00	16
7187	16.00	16
7189	16.00	16
7191	16.00	16
7193	16.00	16
7195	16.00	16
7197	16.00	16
7199	16.00	16
7201	16.00	16
7203	16.00	16
7205	16.00	16
7207	16.00	16
7209	16.00	16
7211	16.00	16
7213	16.00	16
7215	16.00	16
7217	16.00	16
7219	16.00	16
7221	16.00	16
7223	16.00	16
7225	16.00	16
7227	16.00	16
7229	16.00	16
7231	16.00	16
7233	16.00	16
7235	16.00	16
7237	16.00	16
7239	16.00	16
7241	16.00	16
7243	16.00	16
7245	16.00	16
7247	16.00	16
7249	16.00	16
7251	16.00	16
7253	16.00	16
7255	16.00	16
7257	16.00	16
7259	16.00	16
7261	16.00	16
7263	16.00	16
7265	16.00	16
7267	16.00	16
7269	16.00	16
7271	16.00	16
7273	16.00	16
7275	16.00	16
7277	16.00	16
7279	16.00	16
7281	16.00	16
7283	16.00	16
7285	16.00	16
7287	16.00	16
7289	16.00	16
7291	16.00	16
7293	16.00	16
7295	16.00	16
7297	16.00	16
7299	16.00	16
7301	16.00	16
7303	16.00	16
7305	16.00	16
7307	16.00	16
7309	16.00	16
7311	16.00	16
7313	16.00	16
7315	16.00	16
7317	16.00	16
7319	16.00	16
7321	16.00	16
7323	16.00	16
7325	16.00	16
7327	16.00	16
7329	16.00	16
7331	16.00	16
7333	16.00	16
7335	16.00	16
7337	16.00	16
7339	16.00	16
7341	16.00	16
7343	16.00	16
7345	16.00	16
7347	16.00	16
7349	16.00	16
7351	16.00	16
7353	16.00	16
7355	16.00	16
7357	16.00	16
7359	16.00	16
7361	16.00	16
7363	16.00	16
7365	16.00	16
7367	16.00	16
7369	16.00	16
7371	16.00	16
7373	16.00	16
7375	16.00	16
7377	16.00	16
7379	16.00	16
7381	16.00	16
7383	16.00	16
7385	16.00	16
7387	16.00	16
7389	16.00	16
7391	16.00	16
7393	16.00	16
7395	16.00	16
7397	16.00	16
7399	16.00	16
7401	16.00	16
7403	16.00	16
7405	16.00	16
7407	16.00	16
7409	16.00	16
7411	16.00	16
7413	16.00	16
7415	16.00	16
7417	16.00	16
7419	16.00	16
7421	16.00	16
7423	16.00	16
7425	16.00	16
7427	16.00	16
7429	16.00	16
7431	16.00	16
7433	16.00	16
7435	16.00	16
7437	16.00	16
7439	16.00	16
7441	16.00	16
7443	16.00	16
7445	16.00	16
7447	16.00	16
7449	16.00	16
7451	16.00	16
7453	16.00	16
7455	16.00	16
7457	16.00	16
7459	16.00	16
7461	16.00	16
7463	16.00	16
7465	16.00	16
7467	16.00	16
7469	16.00	16
7471	16.00	16
7473	16.00	16
7475	16.00	16
7477	16.00	16
7479	16.00	16
7481	16.00	16
7483	16.00	16
7485	16.00	16
7487	16.00	16
7489	16.00	16
7491	16.00	16
7493	16.00	16
7495	16.00	16
7497	16.00	16
7499	16.00	16
7501	16.00	16
7503	16.00	16
7505	16.00	16
7507	16.00	16
7509	16.00	16
7511	16.00	16
7513	16.00	16
7515	16.00	16
7517	16.00	16
7519	16.00	16
7521	16.00	16
7523	16.00	16
7525	16.00	16
7527	16.00	16
7529	16.00	16
7531	16.00	16
7533	16.00	16
7535	16.00	16
7537	16.00	16
7539	16.00	16
7541	16.00	16
7543	16.00	16
7545	16.00	16
7547	16.00	16
7549	16.00	16
7551	16.00	16
7553	16.00	16
7555	16.00	16
7557	16.00	16
7559	16.00	16
7561	16.00	16
7563	16.00	16
7565	16.00	16
7567	16.00	16
7569	16.00	16
7571	16.00	16
7573	16.00	16
7575	16.00	16
7577	16.00	16
7579	16.00	16
7581	16.00	16
7583	16.00	16
7585	16.00	16
7587	16.00	16
7589	16.00	16
7591	16.00	16
7593	16.00	16
7595	16.00	16
7597	16.00	16
7599	16.00	16
7601	16.00	16
7603	16.00	16
7605	16.00	16
7607	16.00	16
7609	16.00	16
7611	16.00	16
7613	16.00	16
7615	16.00	16
7617	16.00	16
7619	16.00	16
7621	16.00	16
7623	16.00	16
7625	16.00	16
7627	16.00	16
7629	16.00	16
7631	16.00	16
7633	16.00	16
7635	16.00	16
7637	16.00	16
7639	16.00	16
7641	16.00	16
7643	16.00	16
7645	16.00	16
7647	16.00	16
7649	16.00	16
7651	16.00	16
7653	16.00	16
7655	16.00	16
7657	16.00	16
7659	16.00	16
7661	16.00	16
7663	16.00	16
7665	16.00	16
7667	16.00	16
7669	16.00	16
7671	16.00	16
7673	16.00	16
7675	16.00	16
7677	16.00	16
7679	16.00	16
7681	16.00	16
7683	16.00	16
7685	16.00	16
7687	16.00	16
7689	16.00	16
7691	16.00	16
7693	16.00	16
7695	16.00	16
7697	16.00	16
7699	16.00	16
7701	16.00	16
7703	16.00	16
7705	16.00	16
7707	16.00	16
7709	16.00	16
7711	16.00	16
7713	16.00	16
7715	16.00	16
7717	16.00	16
7719	16.00	16
7721	16.00	16
7723	16.00	16
7725	16.00	16
7727	16.00	16
7729	16.00	16
7731	16.00	16
7733	16.00	16
7735	16.00	16
7737	16.00	16
7739	16.00	16
7741	16.00	16
7743	16.00	16
7745	16.00	16
7747	16.00	16
7749	16.00	16
7751	16.00	16
7753	16.00	16
7755	16.00	16
7757	16.00	16
7759	16.00	16
7761	16.00	16
7763	16.00	16
7765	16.00	16
7767	16.00	16
7769	16.00	16
7771	16.00	16
7773	16.00	16
7775	16.00	16
7777	16.00	16
7779	16.00	16
7781	16.00	16
7783	16.00	16
7785	16.00	16
7787	16.00	16
7789	16.00	16
7791	16.00	16
7793	16.00	16
7795	16.00	16
7797	16.00	16
7799	16.00	16
7801	16.00	16
7803	16.00	16
7805	16.00	16
7807	16.00	16
7809	16.00	16
7811	16.00	16
7813	16.00	16
7815	16.00	16
7817	16.00	16
7819	16.00	16
7821	16.00	16
7823	16.00	16
7825	16.00	16
7827	16.00	16
7829	16.00	16
7831	16.00	16
7833	16.00	16
7835	16.00	16
7837	16.00	16
7839	16.00	16
7841	16.00	16
7843	16.00	16
7845	16.00	16
7847	16.00	16
7849	16.00	16
7851	16.00	16
7853	16.00	16
7855	16.00	16
7857	16.00	16
7859	16.00	16
7861	16.00	16
7863	16.00	16
7865	16.00	16
7867	16.00	16
7869	16.00	16
7871	16.00	16
7873	16.00	16
7875	16.00	16
7877	16.00	16
7879	16.00	16
7881	16.00	16
7883	16.00	16
7885	16.00	16
7887	16.00	16
7889	16.00	16
7891	16.00	16
7893	16.00	16
7895	16.00	16
7897	16.00	16
7899	16.00	16
7901	16.00	16
7903	16.00	16
7905	16.00	16
7907	16.00	16
7909	16.00	16
7911	16.00	16
7913	16.00	16
7915	16.00	16
7917	16.00	16
7919	16.00	16
7921	16.00	16
7923	16.00	16
7925	16.00	16
7927	16.00	16
7929	16.00	16
7931	16.00	16
7933	16.00	16
7935	16.00	16
7937	16.00	16
7939	16.00	16
7941	16.00	16
7943	16.00	16
7945	16.00	16
7947	16.00	16
7949	16.00	16
7951	16.00	16
7953	16.00	16
7955	16.00	16
7957	16.00	16
7959	16.00	16
7961	16.00	16
7963	16.00	16
7965	16.00	16
7967	16.00	16
7969	16.00	16
7971	16.00	16
7973	16.00	16
7975	16.00	16
7977	16.00	16
7979	16.00	16
7981	16.00	16
7983	16.00	16
7985	16.00	16
7987	16.00	16
7989	16.00	16
7991	16.00	16
7993	16.00	16
7995	16.00	16
7997	16.00	16
7999	16.00	16
8001	16.00	16
8003	16.00	16
8005	16.00	16
8007	16.00	16
8009	16.00	16
8011	16.00	16
8013	16.00	16
8015	16.00	16
8017	16.00	16
8019	16.00	16
8021	16.00	16
8023	16.00	16
8025	16.00	16
8027	16.00	16
8029	16.00	16
8031	16.00	16
8033	16.00	16
8035	16.00	16
8037	16.00	16
8039	16.00	16
8041	16.00	16
8043	16.00	16
8045	16.00	16
8047	16.00	16
8049	16.00	16
8051	16.00	16
8053	16.00	16
8055	16.00	16
8057	16.00	16
8059	16.00	16
8061	16.00	16
8063	16.00	16
8065	16.00	16
8067	16.00	16
8069	16.00	16
8071	16.00	16
8073	16.00	16
8075	16.00	16
8077	16.00	16
8079	16.00	16
8081	16.00	16
8083	16.00	16
8085	16.00	16
8087	16.00	16
8089	16.00	16
8091	16.00	16
8093	16.00	16
8095	16.00	16
8097	16.00	16
8099	16.00	16
8101	16.00	16
8103	16.00	16
8105	16.00	16
8107	16.00	16
8109	16.00	16
8111	16.00	16
8113	16.00	16
8115	16.00	16
8117	16.00	16
8119	16.00	16
8121	16.00	16
8123	16.00	16
8125	16.00	16
8127	16.00	16
8129	16.00	16
8131	16.00	16
8133	16.00	16
8135	16.00	16
8137	16.00	16
8139	16.00	16
8141	16.00	16
8143	16.00	16
8145	16.00	16
8147	16.00	16
8149	16.00	16
8151	16.00	16
8153	16.00	16
8155	16.00	16
8157	16.00	16
8159	16.00	16
8161	16.00	16
8163	16.00	16
8165	16.00	16
8167	16.00	16
8169	16.00	16
8171	16.00	16
8173	16.00	16
8175	16.00	16
8177	16.00	16
8179	16.00	16
8181	16.00	16
8183	16.00	16
8185	16.00	16
8187	16.00	16
8189	16.00	16
8191	16.00	16
8193	16.00	16
8195	16.00	16
8197	16.00	16
8199	16.00	16
8201	16.00	16
8203	16.00	16
8205	16.00	16
8207	16.00	16
8209	16.00	16
8211	16.00	16
8213	16.00	16
8215	16.00	16
8217	16.00	16
8219	16.00	16
8221	16.00	16
8223	16.00	16
8225	16.00	16
8227	16.00	16
8229	16.00	16
8231	16.00	16
8233	16.00	16
8235	16.00	16
8237	16.00	16
8239	16.00	16
8241	16.00	16
8243	16.00	16
8245	16.00	16
8247	16.00	16
8249	16.00	16
8251	16.00	16
8253	16.00	16
8255	16.00	16
8257	16.00	16
8259	16.00	16
8261	16.00	16
8263	16.00	16
8265	16.00	16
8267	16.00	16
8269	16.00	16
8271	16.00	16
8273	16.00	16
8275	16.00	16
8277	16.00	16
8279	16.00	16
8281	16.00	16
8283	16.00	16
8285	16.00	16
8287	16.00	16
8289	16.00	16
8291	16.00	16
8293	16.00	16
8295	16.00	16
8297	16.00	16
8299	16.00	16
8301	16.00	16
8303	16.00	16
8305	16.00	16
8307	16.00	16
8309	16.00	16
8311	16.00	16
8313	16.00	16
8315	16.00	16
8317	16.00	16
8319	16.00	16
8321	16.00	16
8323	16.00	16
8325	16.00	16
8327	16.00	16
8329	16.00	16
8331	16.00	16
8333	16.00	16
8335	16.00	16
8337	16.00	16
8339	16.00	16
8341	16.00	16
8343	16.00	16
8345	16.00	16
8347	16.00	16
8349	16.00	16
8351	16.00	16
8353	16.00	16
8355	16.00	16
8357	16.00	16
8359	16.00	16
8361	16.00	16
8363	16.00	16
8365	16.00	16
8367	16.00	16
8369	16.00	16
8371	16.00	16
8373	16.00	16
8375	16.00	16
8377	16.00	16
8379	16.00	16
8381	16.00	16
8383	16.00	16
8385	16.00	16
8387	16.00	16
8389	16.00	16
8391	16.00	16
8393	16.00	16
8395	16.00	16
8397	16.00	16
8399	16.00	16
8401	16.00	16
8403	16.00	16
8405	16.00	16
8407	16.00	16
8409	16.00	16
8411	16.00	16
8413	16.00	16
8415	16.00	16
8417	16.00	16
8419	16.00	16
8421	16.00	16
8423	16.00	16
8425	16.00	16
8427	16.00	16
8429	16.00	16
8431	16.00	16
8433	16.00	16
8435	16.00	16
8437	16.00	16
8439	16.00	16
8441	16.00	16
8443	16.00	16
8445	16.00	16
8447	16.00	16
8449	16.00	16
8451	16.00	16
8453	16.00	16
8455	16.00	16
8457	16.00	16
8459	16.00	16
8461	16.00	16
8463	16.00	16
8465	16.00	16
8467	16.00	16
8469	16.00	16
8471	16.00	16
8473	16.00	16
8475	16.00	16
8477	16.00	16
8479	16.00	16
8481	16.00	16
8483	16.00	16
8485	16.00	16
8487	16.00	16
8489	16.00	16
8491	16.00	16
8493	16.00	16
8495	16.00	16
8497	16.00	16
8499	16.00	16
8501	16.00	16
8503	16.00	16
8505	16.00	16
8507	16.00	16
8509	16.00	16
8511	16.00	16
8513	16.00	16
8515	16.00	16
8517	16.00	16
8519	16.00	16
8521	16.00	16
8523	16.00	16
8525	16.00	16
8527	16.00	16
8529	16.00	16
8531	16.00	16
8533	16.00	16
8535	16.00	16
8537	16.00	16
8539	16.00	16
8541	16.00	16
8543	16.00	16
8545	16.00	16
8547	16.00	16
8549	16.00	16
8551	16.00	16
8553	16.00	16
8555	16.00	16
8557	16.00	16
8559	16.00	16
8561	16.00	16
8563	16.00	16
8565	16.00	16
8567	16.00	16
8569	16.00	16
8571	16.00	16
8573	16.00	16
8575	16.00	16
8577	16.00	16
8579	16.00	16
8581	16.00	16
8583	16.00	16
8585	16.00	16
8587	16.00	16
8589	16.00	16
8591	16.00	16
8593	16.00	16
8595	16.00	16
8597	16.00	16
8599	16.00	16
8601	16.00	16
8603	16.00	16
8605	16.00	16
8607	16.00	16
8609	16.00	16
8611	16.00	16
8613	16.00	16
8615	16.00	16
8617	16.00	16
8619	16.00	16
8621	16.00	16
8623	16.00	16
8625	16.00	16
8627	16.00	16
8629	16.00	16
8631	16.00	16
8633	16.00	16
8635	16.00	16
8637	16.00	16
8639	16.00	16
8641	16.00	16
8643	16.00	16
8645	16.00	16
8647	16.00	16
8649	16.00	16
8651	16.00	16
8653	16.00	16
8655	16.00	16
8657	16.00	16
8659	16.00	16
8661	16.00	16
8663	16.00	16
8665	16.00	16
8667	16.00	16
8669	16.00	16
8671	16.00	16
8673	16.00	16
8675	16.00	16
8677	16.00	16
8679	16.00	16
8681	16.00	16
8683	16.00	16
8685	16.00	16
8687	16.00	16
8689	16.00	16
8691	16.00	16
8693	16.00	16
8695	16.00	16
8697	16.00	16
8699	16.00	16
8701	16.00	16
8703	16.00	16
8705	16.00	16
8707	16.00	16
8709	16.00	16
8711	16.00	16
8713	16.00	16
8715	16.00	16
8717	16.00	16
8719	16.00	16
8721	16.00	16
8723	16.00	16
8725	16.00	16
8727	16.00	16
8729	16.00	16
8731	16.00	16
8733	16.00	16
8735	16.00	16
8737	16.00	16
8739	16.00	16
8741	16.00	16
8743	16.00	16
8745	16.00	16
8747	16.00	16
8749	16.00	16
8751	16.00	16
8753	16.00	16
8755	16.00	16
8757	16.00	16
8759	16.00	16
8761	16.00	16
8763	16.00	16
8765	16.00	16
8767	16.00	16
8769	16.00	16
8771	16.00	16
8773	16.00	16
8775	16.00	16
8777	16.00	16
8779	16.00	16
8781	16.00	16
8783	16.00	16
8785	16.00	16
8787	16.00	16
8789	16.00	16
8791	16.00	16
8793	16.00	16
8795	16.00	16
8797	16.00	16
8799	16.00	16
8801	16.00	16
8803	16.00	16
8805	16.00	16
8807	16.00	16
8809	16.00	16
8811	16.00	16
8813	16.00	16
8815	16.00	16
8817	16.00	16
8819	16.00	16
8821	16.00	16
8823	16.00	16
8825	16.00	16
8827	16.00	16
8829	16.00	16
8831	16.00	16
8833	16.00	16
8835	16.00	16
8837	16.00	16
8839	16.00	16
8841	16.00	16
8843	16.00	16
8845	16.00	16
8847	16.00	16
8849	16.00	16
8851	16.00	16
8853	16.00	16
8855	16.00	16
8857	16.00	16
8859	16.00	16
8861	16.00	16
8863	16.00	16
8865	16.00	16
8867	16.00	16
8869	16.00	16
8871	16.00	16
8873	16.00	16
8875	16.00	16
8877	16.00	16
8879	16.00	16
8881	16.00	16
8883	16.00	16
8885	16.00	16
8887	16.00	16
8889	16.00	16
8891	16.00	16
8893	16.00	16
8895	16.00	16
8897	16.00	16
8899	16.00	16
8901	16.00	16
8903	16.00	16
8905	16.00	16
8907	16.00	16
8909	16.00	16
8911	16.00	16
8913	16.00	16
8915	16.00	16
8917	16.00	16
8919	16.00	16
8921	16.00	16
8923	16.00	16
8925	16.00	16
8927	16.00	16
8929	16.00	16
8931	16.00	16
8933	16.00	16
8935	16.00	16
8937	16.00	16
8939	16.00	16
8941	16.00	16
8943	16.00	16
8945	16.00	16
8947	16.00	16
8949	16.00	16
8951	16.00	16
8953	16.00	16
8955	16.00	16
8957	16.00	16
8959	16.00	16
8961	16.00	16
8963	16.00	16
8965	16.00	16
8967	16.00	16
8969	16.00	16
8971	16.00	16
8973	16.00	16
8975	16.00	16
8977	16.00	16
8979	16.00	16
8981	16.00	16
8983	16.00	16
8985	16.00	16
8987	16.00	16
8989	16.00	16
8991	16.00	16
8993	16.00	16
8995	16.00	16
8997	16.00	16
8999	16.00	16
9001	16.00	16
9003	16.00	16
9005	16.00	16
9007	16.00	16
9009	16.00	16
9011	16.00	16
9013	16.00	16
9015	16.00	16
9017	16.00	16
9019	16.00	16
9021	16.00	16
9023	16.00	16
9025	16.00	16
9027	16.00	16
9029	16.00	16
9031	16.00	16
9033	16.00	16
9035	16.00	16
9037	16.00	16
9039	16.00	16
9041	16.00	16
9043	16.00	16
9045	16.00	16
9047	16.00	16
9049	16.00	16
9051	16.00	16
9053	16.00	16
9055	16.00	16
9057	16.00	16
9059	16.00	16
9061	16.00	16
9063	16.00	16
9065	16.00	16
9067	16.00	16
9069	16.00	16
9071	16.00	16
9073	16.00	16
9075	16.00	16
9077	16.00	16
9079	16.00	16
9081	16.00	16
9083	16.00	16
9085	16.00	16
9087	16.00	16
9089	16.00	16
9091	16.00	16
9093	16.00	16
9095	16.00	16
9097	16.00	16
9099	16.00	16
9101	16.00	16
9103	16.00	16
9105	16.00	16
9107	16.00	16
9109	16.00	16
9111	16.00	16
9113	16.00	16
9115	16.00	16
9117	16.00	16
9119	16.00	16
9121	16.00	16
9123	16.00	16
9125	16.00	16
9127	16.00	16
9129	16.00	16
9131	16.00	16
9133	16.00	16
9135	16.00	16
9137	16.00	16
9139	16.00	16
9141	16.00	16
9143	16.00	16
9145	16.00	16
9147	16.00	16
9149	16.00	16
9151	16.00	16
9153	16.00	16
9155	16.00	16
9157	16.00	16
9159	16.00	16
9161	16.00	16
9163	16.00	16
9165	16.00	16
9167	16.00	16
9169	16.00	16
9171	16.00	16
9173	16.00	16
9175	16.00	16
9177	16.00	16
9179	16.00	16
9181	16.00	16
9183	16.00	16
9185	16.00	16
9187	16.00	16
9189	16.00	16
9191	16.00	16
9193	16.00	16
9195	16.00	16
9197	16.00	16
9199	16.00	16
9201	16.00	16
9203	16.00	16
9205	16.00	16
9207	16.00	16
9209	16.00	16
9211	16.00	16
9213	16.00	16
9215	16.00	16
9217	16.00	16
9219	16.00	16
9221	16.00	16
9223	16.00	16
9225	16.00	16
9227	16.00	16
9229	16.00	16
9231	16.00	16
9233	16.00	16
9235	16.00	16
9237	16.00	16
9239	16.00	16
9241	16.00	16
9243	16.00	16
9245	16.00	16
9247	16.00	16
9249	16.00	16
9251	16.00	16
9253	16.00	16
9255	16.00	16
9257	16.00	16
9259	16.00	16
9261	16.00	16
9263	16.00	16
9265	16.00	16
9267	16.00	16
9269	16.00	16
9271	16.00	16
9273	16.00	16
9275	16.00	16
9277	16.00	16
9279	16.00	16
9281	16.00	16
9283	16.00	16
9285	16.00	16
9287	16.00	16
9289	16.00	16
9291	16.00	16
9293	16.00	16
9295	16.00	16
9297	16.00	16
9299	16.00	16
9301	16.00	16
9303	16.00	16
9305	16.00	16
9307	16.00	16
9309	16.00	16
9311	16.00	16
9313	16.00	16
9315	16.00	16
9317	16.00	16
9319	16.00	16
9321	16.00	16
9323	16.00	16
9325	16.00	16
9327	16.00	16
9329	16.00	16
9331	16.00	16
9333	16.00	16
9335	16.00	16
9337	16.00	16
9339	16.00	16
9341	16.00	16
9343	16.00	16
9345	16.00	16
9347	16.00	16
9349	16.00	16
9351	16.00	16
9353	16.00	16
9355	16.00	16
9357	16.00	16
9359	16.00	16
9361	16.00	16
9363	16.00	16
9365	16.00	16
9367	16.00	16
9369	16.00	16
9371	16.00	16
9373	16.00	16
9375	16.00	16
9377	16.00	16
9379	16.00	16
9381	16.00	16
9383	16.00	16
9385	16.00	16
9387	16.00	16
9389	16.00	16
9391	16.00	16
9393	16.00	16
9395	16.00	16
9397	16.00	16
9399	16.00	16
9401	16.00	16
9403	16.00	16
9405	16.00	16
9407	16.00	16
9409	16.00	16
9411	16.00	16
9413	16.00	16
9415	16.00	16
9417	16.00	16
9419	16.00	16
9421	16.00	16
9423	16.00	16
9425	16.00	16
9427	16.00	16
9429	16.00	16
9431	16.00	16
9433	16.00	16
9435	16.00	16
9437	16.00	16
9439	16.00	16
9441	16.00	16
9443	16.00	16
9445	16.00	16
9447	16.00	16
9449	16.00	16
9451	16.00	16
9453	16.00	16
9455	16.00	16
9457	16.00	16
9459	16.00	16
9461	16.00	16
9463	16.00	16
9465	16.00	16
9467	16.00	16
9469	16.00	16
9471	16.00	16
9473	16.00	16
9475	16.00	16
9477	16.00	16
9479	16.00	16
9481	16.00	16
9483	16.00	16
9485	16.00	16
9487	16.00	16
9489	16.00	16
9491	16.00	16
9493	16.00	16
9495	16.00	16
9497	16.00	16
9499	16.00	16
9501	16.00	16
9503	16.00	16
9505	16.00	16
9507	16.00	16
9509	16.00	16
9511	16.00	16
9513	16.00	16
9515	16.00	16
9517	16.00	16
9519	16.00	16
9521	16.00	16
9523	16.00	16
9525	16.00	16
9527	16.00	16
9529	16.00	16
9531	16.00	16
9533	16.00	16
9535	16.00	16
9537	16.00	16
9539	16.00	16
9541	16.00	16
9543	16.00	16
9545	16.00	16
9547	16.00	16
9549	16.00	16
9551	16.00	16
9553	16.00	16
9555	16.00	16
9557	16.00	16
9559	16.00	16
9561	16.00	16
9563	16.00	16
9565	16.00	16
9567	16.00	16
9569	16.00	16
9571	16.00	16
9573	16.00	16
9575	16.00	16
9577	16.00	16
9579	16.00	16
9581	16.00	16
9583	16.00	16
9585	16.00	16
9587	16.00	16
9589	16.00	16
9591	16.00	16
9593	16.00	16
9595	16.00	16
9597	16.00	16
9599	16.00	16
9601	16.00	16
9603	16.00	16
9605	16.00	16
9607	16.00	16
9609	16.00	16
9611	16.00	16
9613	16.00	16
9615	16.00	16
9617	16.00	16
9619	16.00	16
9621	16.00	16
9623	16.00	16
9625	16.00	16
9627	16.00	16
9629	16.00	16
9631	16.00	16
9633	16.00	16
9635	16.00	16
9637	16.00	16
9639	16.00	16
9641	16.00	16
9643	16.00	16
9645	16.00	16
9647	16.00	16
9649	16.00	16
9651	16.00	16
9653	16.00	16
9655	16.00	16
9657	16.00	16
9659	16.00	16
9661	16.00	16
9663	16.00	16
9665	16.00	16
9667	16.00	16
9669	16.00	16
9671	16.00	16
9673	16.00	16
9675	16.00	16
9677	16.00	16
9679	16.00	16
9681	16.00	16
9683	16.00	16
9685	16.00	16
9687	16.00	16
9689	16.00	16
9691	16.00	16
9693	16.00	16
9695	16.00	16
9697	16.00	16
9699	16.00	16
9701	16.00	16
9703	16.00	16
9705	16.00	16
9707	16.00	16
9709	16.00	16
9711	16.00	16
9713	16.00	16
9715	16.00	16
9717	16.00	16
9719	16.00	16
9721	16.00	16
9723	16.00	16
9725	16.00	16
9727	16.00	16
9729	16.00	16
9731	16.00	16
9733	16.00	16
9735	16.00	16
9737	16.00	16
9739	16.00	16
9741	16.00	16
9743	16.00	16
9745	16.00	16
9747	16.00	16
9749	16.00	16
9751	16.00	16
9753	16.00	16
9755	16.00	16
9757	16.00	16
9759	16.00	16
9761	16.00	16
9763	16.00	16
9765	16.00	16
9767	16.00	16
9769	16.00	16
9771	16.00	16
9773	16.00	16
9775	16.00	16
9777	16.00	16
9779	16.00	16
9781	16.00	16
9783	16.00	16
9785	16.00	16
9787	16.00	16
9789	16.00	16
9791	16.00	16
9793	16.00	16
9795	16.00	16
9797	16.00	16
9799	16.00	16
9801	16.00	16
9803	16.00	16
9805	16.00	16
9807	16.00	16
9809	16.00	16
9811	16.00	16
9813	16.00	16
9815	16.00	16
9817	16.00	16
9819	16.00	16
9821	16.00	16
9823	16.00	16
9825	16.00	16
9827	16.00	16
9829	16.00	16
9831	16.00	16
9833	16.00	16
9835	16.00	16
9837	16.00	16
9839	16.00	16
9841	16.00	16
9843	16.00	16
9845	16.00	16
9847	16.00	16
9849	16.00	16
9851	16.00	16
9853	16.00	16
9855	16.00	16
9857	16.00	16
9859	16.00	16
9861	16.00	16
9863	16.00	16
9865	16.00	16
9867	16.00	16
9869	16.00	16
9871	16.00	16
9873	16.00	16
9875	16.00	16
9877	16.00	16
9879	16.00	16
9881	16.00	16
9883	16.00	16
9885	16.00	16
9887	16.00	16
9889	16.00	16
9891	16.00	16
9893	16.00	16
9895	16.00	16
9897	16.00	16
9899	16.00	16
9901	16.00	16
9903	16.00	16
9905	16.00	16
9907	16.00	16
9909	16.00	16
9911	16.00	16
9913	16.00	16
9915	16.00	16
9917	16.00	16
9919	16.00	16
9921	16.00	16
9923	16.00	16
9925	16.00	16
9927	16.00	16
9929	16.00	16
9931	16.00	16
9933	16.00	16
9935	16.00	16
9937	16.00	16
9939	16.00	16
9941	16.00	16
9943	16.00	16
9945	16.00	16
9947	16.00	16
9949	16.00	16
9951	16.00	16
9953	16.00	16
9955	16.00	16
9957	16.00	16
9959	16.00	16
9961	16.00	16
9963	16.00	16
9965	16.00	16
9967	16.00	16
9969	16.00	16
9971	16.00	16
9973	16.00	16
9975	16.00	16
9977	16.00	16
9979	16.00	16
9981	16.00	16
9983	16.00	16
9985	16.00	16
9987	16.00	16
9989	16.00	16
9991	16.00	16
9993	16.00	16
9995	16.00	16
9997	16.00	16
9999	16.00	16
Run 3
5	-29.60	-4
7	-7.20	3
9	-3.60	3
11	-3.60	3
13	-3.60	3
15	1.40	11
17	4.00	11
19	5.20	11
21	5.20	11
23	6.60	11
25	6.60	11
27	6.80	11
29	6.80	11
31	6.80	11
33	6.80	11
35	7.00	11
37	7.20	11
39	7.20	11
41	7.20	11
43	7.20	11
45	7.20	11
47	7.20	11
49	7.20	11
51	7.20	11
53	7.20	11
55	7.20	11
57	7.20	11
59	7.20	11
61	7.20	11
63	7.20	11
65	7.20	11
67	7.20	11
69	7.20	11
71	7.20	11
73	7.20	11
75	7.20	11
77	7.20	11
79	7.20	11
81	7.20	11
83	7.20	11
85	7.20	11
87	7.20	11
89	7.20	11
91	7.20	11
93	7.20	11
95	7.20	11
97	7.20	11
99	7.20	11
101	7.20	11
103	7.20	11
105	7.20	11
107	7.20	11
109	7.20	11
111	7.60	11
113	7.60	11
115	7.60	11
117	7.60	11
119	7.60	11
121	7.60	11
123	7.60	11
125	7.60	11
127	7.60	11
129	7.80	11
131	7.80	11
133	7.80	11
135	7.80	11
137	7.80	11
139	8.60	11
141	8.60	11
143	8.60	11
145	8.60	11
147	8.60	11
149	8.60	11
151	8.60	11
153	8.60	11
155	8.60	11
157	8.60	11
159	8.60	11
161	8.80	11
163	8.80	11
165	8.80	11
167	8.80	11
169	8.80	11
171	8.80	11
173	8.80	11
175	8.80	11
177	8.80	11
179	8.80	11
181	8.80	11
183	8.80	11
185	9.00	11
187	9.00	11
189	9.00	11
191	9.00	11
193	9.00	11
195	9.00	11
197	9.00	11
199	9.00	11
201	9.00	11
203	9.00	11
205	9.00	11
207	9.00	11
209	9.20	11
211	9.20	11
213	9.20	11
215	9.20	11
217	9.20	11
219	9.20	11
221	9.20	11
223	9.20	11
225	9.20	11
227	9.20	11
229	9.20	11
231	9.20	11
233	9.60	11
235	9.60	11
237	9.60	11
239	9.60	11
241	9.60	11
243	9.60	11
245	9.60	11
247	10.20	11
249	10.20	11
251	10.20	11
253	10.20	11
255	10.20	11
257	10.20	11
259	10.20	11
261	10.20	11
263	10.20	11
265	10.20	11
267	10.20	11
269	10.20	11
271	10.20	11
273	10.20	11
275	10.20	11
277	10.20	11
279	10.20	11
281	10.20	11
283	10.20	11
285	10.40	11
287	10.40	11
289	10.40	11
291	10.40	11
293	10.40	11
295	10.40	11
297	10.40	11
299	10.40	11
301	10.40	11
303	10.40	11
305	10.40	11
307	10.40	11
309	10.40	11
311	10.40	11
313	10.40	11
315	10.40	11
317	10.40	11
319	10.40	11
321	10.40	11
323	10.40	11
325	10.40	11
327	10.40	11
329	10.40	11
331	10.40	11
333	10.40	11
335	10.40	11
337	10.40	11
339	10.40	11
341	10.40	11
343	10.40	11
345	10.40	11
347	10.40	11
349	10.40	11
351	10.40	11
353	10.40	11
355	10.40	11
357	10.40	11
359	10.40	11
361	10.40	11
363	10.40	11
365	10.40	11
367	10.40	11
369	10.40	11
371	10.40	11
373	10.40	11
375	10.40	11
377	10.40	11
379	10.40	11
381	10.40	11
383	10.40	11
385	10.40	11
387	10.40	11
389	10.40	11
391	10.40	11
393	10.40	11
395	10.40	11
397	10.40	11
399	10.40	11
401	10.40	11
403	10.40	11
405	10.40	11
407	10.40	11
409	10.40	11
411	10.40	11
413	10.40	11
415	10.40	11
417	10.40	11
419	10.40	11
421	10.40	11
423	10.40	11
425	10.40	11
427	10.40	11
429	10.40	11
431	10.40	11
433	10.40	11
435	10.40	11
437	10.40	11
439	10.80	12
441	10.80	12
443	10.80	12
445	10.80	12
447	10.80	12
449	10.80	12
451	10.80	12
453	10.80	12
455	10.80	12
457	10.80	12
459	10.80	12
461	10.80	12
463	10.80	12
465	11.60	14
467	11.60	14
469	11.60	14
471	11.60	14
473	11.60	14
475	11.60	14
477	11.60	14
479	11.60	14
481	11.60	14
483	11.60	14
485	11.60	14
487	11.60	14
489	11.60	14
491	11.60	14
493	11.60	14
495	11.60	14
497	11.60	14
499	11.60	14
501	11.60	14
503	11.60	14
505	11.60	14
507	11.60	14
509	11.60	14
511	11.60	14
513	11.60	14
515	11.60	14
517	11.60	14
519	11.60	14
521	11.60	14
523	11.60	14
525	11.60	14
527	11.60	14
529	11.60	14
531	11.60	14
533	11.60	14
535	11.60	14
537	11.60	14
539	11.60	14
541	11.60	14
543	11.60	14
545	12.20	14
547	12.20	14
549	12.20	14
551	12.20	14
553	12.20	14
555	12.20	14
557	12.20	14
559	12.20	14
561	12.20	14
563	12.20	14
565	12.20	14
567	12.20	14
569	12.20	14
571	12.20	14
573	12.20	14
575	12.20	14
577	12.20	14
579	12.20	14
581	12.20	14
583	12.20	14
585	12.20	14
587	12.20	14
589	12.20	14
591	12.20	14
593	12.20	14
595	12.20	14
597	12.20	14
599	12.20	14
601	12.20	14
603	12.20	14
605	12.20	14
607	12.20	14
609	12.20	14
611	12.20	14
613	12.20	14
615	12.20	14
617	12.20	14
619	12.20	14
621	12.20	14
623	12.20	14
625	12.20	14
627	12.20	14
629	12.20	14
631	12.20	14
633	12.20	14
635	12.20	14
637	12.20	14
639	12.20	14
641	12.20	14
643	12.20	14
645	12.20	14
647	12.20	14
649	12.20	14
651	12.20	14
653	12.20	14
655	12.20	14
657	12.20	14
659	12.20	14
661	12.20	14
663	12.20	14
665	12.20	14
667	12.20	14
669	12.20	14
671	12.20	14
673	12.20	14
675	12.20	14
677	12.20	14
679	12.20	14
681	12.20	14
683	12.20	14
685	12.20	14
687	12.20	14
689	12.20	14
691	12.20	14
693	12.20	14
695	12.20	14
697	12.20	14
699	12.20	14
701	12.20	14
703	12.20	14
705	12.20	14
707	12.20	14
709	12.20	14
711	12.20	14
713	12.20	14
715	12.20	14
717	12.20	14
719	12.20	14
721	12.20	14
723	12.20	14
725	12.20	14
727	12.20	14
729	12.60	14
731	12.60	14
733	12.60	14
735	12.60	14
737	12.60	14
739	12.60	14
741	12.60	14
743	12.60	14
745	12.60	14
747	12.60	14
749	12.60	14
751	12.60	14
753	12.60	14
755	12.60	14
757	12.60	14
759	12.60	14
761	12.60	14
763	12.60	14
765	12.60	14
767	12.60	14
769	12.60	14
771	12.60	14
773	12.60	14
775	12.60	14
777	12.60	14
779	12.60	14
781	12.60	14
783	12.60	14
785	12.60	14
787	12.60	14
789	12.60	14
791	12.60	14
793	12.60	14
795	12.60	14
797	12.60	14
799	12.60	14
801	12.60	14
803	12.60	14
805	12.60	14
807	12.60	14
809	12.60	14
811	12.60	14
813	12.60	14
815	12.60	14
817	12.60	14
819	12.60	14
821	12.60	14
823	12.60	14
825	12.60	14
827	12.60	14
829	12.60	14
831	12.60	14
833	12.60	14
835	12.60	14
837	12.60	14
839	12.80	14
841	12.80	14
843	12.80	14
845	12.80	14
847	12.80	14
849	12.80	14
851	12.80	14
853	12.80	14
855	12.80	14
857	12.80	14
859	12.80	14
861	12.80	14
863	12.80	14
865	12.80	14
867	12.80	14
869	12.80	14
871	12.80	14
873	12.80	14
875	12.80	14
877	12.80	14
879	12.80	14
881	12.80	14
883	12.80	14
885	12.80	14
887	12.80	14
889	12.80	14
891	12.80	14
893	12.80	14
895	12.80	14
897	12.80	14
899	13.20	14
901	13.20	14
903	13.20	14
905	13.20	14
907	13.20	14
909	13.20	14
911	13.20	14
913	13.20	14
915	13.20	14
917	13.20	14
919	13.20	14
921	13.20	14
923	13.20	14
925	13.20	14
927	13.20	14
929	13.20	14
931	13.20	14
933	13.20	14
935	13.20	14
937	13.20	14
939	13.20	14
941	13.20	14
943	13.20	14
945	13.20	14
947	13.20	14
949	13.20	14
951	13.20	14
953	13.20	14
955	13.20	14
957	13.20	14
959	13.20	14
961	13.20	14
963	13.20	14
965	13.20	14
967	13.20	14
969	13.60	14
971	13.60	14
973	13.60	14
975	13.60	14
977	13.60	14
979	13.60	14
981	13.60	14
983	13.60	14
985	13.60	14
987	13.60	14
989	13.60	14
991	13.60	14
993	13.60	14
995	13.60	14
997	13.60	14
999	13.60	14
1001	13.60	14
1003	13.60	14
1005	13.60	14
1007	13.60	14
1009	13.60	14
1011	13.60	14
1013	13.60	14
1015	13.60	14
1017	13.60	14
1019	13.60	14
1021	13.60	14
1023	13.60	14
1025	13.60	14
1027	13.60	14
1029	13.60	14
1031	13.60	14
1033	13.60	14
1035	13.60	14
1037	13.60	14
1039	13.60	14
1041	13.60	14
1043	13.60	14
1045	13.60	14
1047	13.60	14
1049	13.60	14
1051	13.60	14
1053	13.60	14
1055	13.60	14
1057	13.60	14
1059	13.60	14
1061	13.60	14
1063	13.60	14
1065	13.60	14
1067	13.60	14
1069	13.60	14
1071	13.60	14
1073	13.60	14
1075	13.60	14
1077	13.60	14
1079	13.60	14
1081	13.60	14
1083	13.60	14
1085	13.60	14
1087	13.60	14
1089	13.60	14
1091	13.60	14
1093	13.60	14
1095	13.60	14
1097	13.60	14
1099	13.60	14
1101	13.60	14
1103	13.60	14
1105	13.60	14
1107	13.60	14
1109	13.60	14
1111	13.60	14
1113	13.60	14
1115	13.60	14
1117	13.60	14
1119	13.60	14
1121	13.60	14
1123	13.60	14
1125	13.60	14
1127	13.60	14
1129	13.60	14
1131	13.60	14
1133	13.60	14
1135	13.60	14
1137	13.60	14
1139	13.60	14
1141	13.60	14
1143	13.60	14
1145	13.60	14
1147	13.60	14
1149	13.60	14
1151	13.60	14
1153	13.60	14
1155	13.60	14
1157	13.60	14
1159	13.60	14
1161	13.60	14
1163	13.60	14
1165	13.60	14
1167	13.60	14
1169	13.60	14
1171	13.60	14
1173	13.60	14
1175	13.60	14
1177	13.60	14
1179	13.60	14
1181	13.60	14
1183	13.60	14
1185	13.60	14
1187	13.60	14
1189	13.60	14
1191	13.60	14
1193	13.60	14
1195	13.60	14
1197	13.60	14
1199	13.60	14
1201	13.60	14
1203	13.60	14
1205	13.60	14
1207	14.20	16
1209	14.20	16
1211	14.20	16
1213	14.20	16
1215	14.20	16
1217	14.20	16
1219	14.20	16
1221	14.20	16
1223	14.20	16
1225	14.20	16
1227	14.20	16
1229	14.20	16
1231	14.20	16
1233	14.20	16
1235	14.20	16
1237	14.20	16
1239	14.20	16
1241	14.20	16
1243	14.20	16
1245	14.20	16
1247	14.20	16
1249	14.20	16
1251	14.20	16
1253	14.20	16
1255	14.20	16
1257	14.20	16
1259	14.20	16
1261	14.20	16
1263	14.20	16
1265	14.20	16
1267	14.20	16
1269	14.20	16
1271	14.20	16
1273	14.20	16
1275	14.20	16
1277	14.20	16
1279	14.20	16
1281	14.20	16
1283	14.20	16
1285	14.20	16
1287	14.20	16
1289	14.20	16
1291	14.20	16
1293	14.20	16
1295	14.20	16
1297	14.20	16
1299	14.20	16
1301	14.20	16
1303	14.20	16
1305	14.20	16
1307	14.20	16
1309	14.20	16
1311	14.20	16
1313	14.20	16
1315	14.20	16
1317	14.20	16
1319	14.20	16
1321	14.20	16
1323	14.20	16
1325	14.20	16
1327	14.20	16
1329	14.20	16
1331	14.20	16
1333	14.20	16
1335	14.20	16
1337	14.20	16
1339	14.20	16
1341	14.20	16
1343	14.20	16
1345	14.20	16
1347	14.20	16
1349	14.20	16
1351	14.20	16
1353	14.20	16
1355	14.20	16
1357	14.20	16
1359	14.20	16
1361	14.20	16
1363	14.20	16
1365	14.20	16
1367	14.20	16
1369	14.20	16
1371	14.20	16
1373	14.20	16
1375	14.20	16
1377	14.20	16
1379	14.20	16
1381	14.20	16
1383	14.20	16
1385	14.20	16
1387	14.20	16
1389	14.20	16
1391	14.20	16
1393	14.20	16
1395	14.20	16
1397	14.20	16
1399	14.20	16
1401	14.20	16
1403	14.20	16
1405	14.20	16
1407	14.20	16
1409	14.20	16
1411	14.20	16
1413	14.20	16
1415	14.20	16
1417	14.20	16
1419	14.20	16
1421	14.20	16
1423	14.20	16
1425	14.20	16
1427	14.20	16
1429	14.20	16
1431	14.20	16
1433	14.20	16
1435	14.20	16
1437	14.20	16
1439	14.20	16
1441	14.20	16
1443	14.20	16
1445	14.20	16
1447	14.20	16
1449	14.20	16
1451	14.20	16
1453	14.20	16
1455	14.20	16
1457	14.20	16
1459	14.20	16
1461	14.20	16
1463	14.20	16
1465	14.20	16
1467	14.20	16
1469	14.20	16
1471	14.20	16
1473	14.20	16
1475	14.20	16
1477	14.20	16
1479	14.20	16
1481	14.20	16
1483	14.20	16
1485	14.20	16
1487	14.20	16
1489	14.20	16
1491	14.20	16
1493	14.20	16
1495	14.20	16
1497	14.20	16
1499	14.20	16
1501	14.20	16
1503	14.20	16
1505	14.20	16
1507	14.20	16
1509	14.20	16
1511	14.20	16
1513	14.20	16
1515	14.20	16
1517	14.20	16
1519	14.20	16
1521	14.20	16
1523	14.20	16
1525	14.20	16
1527	14.20	16
1529	14.20	16
1531	14.20	16
1533	14.20	16
1535	14.20	16
1537	14.20	16
1539	14.20	16
1541	14.20	16
1543	14.20	16
1545	14.20	16
1547	14.20	16
1549	14.20	16
1551	14.20	16
1553	14.20	16
1555	14.20	16
1557	14.20	16
1559	14.20	16
1561	14.20	16
1563	14.20	16
1565	14.20	16
1567	14.20	16
1569	14.20	16
1571	14.20	16
1573	14.20	16
1575	14.20	16
1577	14.20	16
1579	14.20	16
1581	14.20	16
1583	14.20	16
1585	14.20	16
1587	14.20	16
1589	14.20	16
1591	14.20	16
1593	14.20	16
1595	14.20	16
1597	14.20	16
1599	14.20	16
1601	14.20	16
1603	14.20	16
1605	14.20	16
1607	14.20	16
1609	14.20	16
1611	14.20	16
1613	14.20	16
1615	14.20	16
1617	14.20	16
1619	14.20	16
1621	14.20	16
1623	14.20	16
1625	14.20	16
1627	14.20	16
1629	14.20	16
1631	14.20	16
1633	14.20	16
1635	14.20	16
1637	14.20	16
1639	14.20	16
1641	14.20	16
1643	14.20	16
1645	14.20	16
1647	14.20	16
1649	14.20	16
1651	14.20	16
1653	14.20	16
1655	14.20	16
1657	14.20	16
1659	14.20	16
1661	14.20	16
1663	14.20	16
1665	14.20	16
1667	14.20	16
1669	14.20	16
1671	14.20	16
1673	14.20	16
1675	14.20	16
1677	14.20	16
1679	14.20	16
1681	14.20	16
1683	14.20	16
1685	14.20	16
1687	14.20	16
1689	14.20	16
1691	14.20	16
1693	14.20	16
1695	14.20	16
1697	14.20	16
1699	14.20	16
1701	14.20	16
1703	14.20	16
1705	14.20	16
1707	14.20	16
1709	14.20	16
1711	14.20	16
1713	14.20	16
1715	14.20	16
1717	14.20	16
1719	14.20	16
1721	14.20	16
1723	14.20	16
1725	14.20	16
1727	14.20	16
1729	14.20	16
1731	14.20	16
1733	14.20	16
1735	14.20	16
1737	14.20	16
1739	14.20	16
1741	14.20	16
1743	14.20	16
1745	14.20	16
1747	14.20	16
1749	14.20	16
1751	14.20	16
1753	14.20	16
1755	14.20	16
1757	14.20	16
1759	14.20	16
1761	14.20	16
1763	14.20	16
1765	14.20	16
1767	14.20	16
1769	14.20	16
1771	14.20	16
1773	14.20	16
1775	14.20	16
1777	14.20	16
1779	14.20	16
1781	14.20	16
1783	14.20	16
1785	14.20	16
1787	14.20	16
1789	14.20	16
1791	14.20	16
1793	14.20	16
1795	14.20	16
1797	14.20	16
1799	14.20	16
1801	14.20	16
1803	14.20	16
1805	14.20	16
1807	14.20	16
1809	14.20	16
1811	14.20	16
1813	14.20	16
1815	14.20	16
1817	14.20	16
1819	14.20	16
1821	14.20	16
1823	14.20	16
1825	14.20	16
1827	14.20	16
1829	14.20	16
1831	14.20	16
1833	14.20	16
1835	14.20	16
1837	14.20	16
1839	14.20	16
1841	14.20	16
1843	14.20	16
1845	14.20	16
1847	14.20	16
1849	14.20	16
1851	14.20	16
1853	14.20	16
1855	14.20	16
1857	14.20	16
1859	14.20	16
1861	14.20	16
1863	14.20	16
1865	14.20	16
1867	14.20	16
1869	14.20	16
1871	14.20	16
1873	14.20	16
1875	14.20	16
1877	14.20	16
1879	14.20	16
1881	14.20	16
1883	14.20	16
1885	14.20	16
1887	14.20	16
1889	14.20	16
1891	14.20	16
1893	14.20	16
1895	14.20	16
1897	14.20	16
1899	14.20	16
1901	14.20	16
1903	14.20	16
1905	14.20	16
1907	14.20	16
1909	14.20	16
1911	14.20	16
1913	14.20	16
1915	14.20	16
1917	14.20	16
1919	14.20	16
1921	14.20	16
1923	14.20	16
1925	14.20	16
1927	14.20	16
1929	14.20	16
1931	14.20	16
1933	14.20	16
1935	14.20	16
1937	14.20	16
1939	14.20	16
1941	14.20	16
1943	14.20	16
1945	14.20	16
1947	14.20	16
1949	14.20	16
1951	14.20	16
1953	14.20	16
1955	14.20	16
1957	14.20	16
1959	14.20	16
1961	14.20	16
1963	14.20	16
1965	14.20	16
1967	14.20	16
1969	14.20	16
1971	14.20	16
1973	14.20	16
1975	14.20	16
1977	14.20	16
1979	14.20	16
1981	14.20	16
1983	14.20	16
1985	14.20	16
1987	14.20	16
1989	14.20	16
1991	14.20	16
1993	14.20	16
1995	14.20	16
1997	14.20	16
1999	14.20	16
2001	14.20	16
2003	14.20	16
2005	14.20	16
2007	14.20	16
2009	14.20	16
2011	14.20	16
2013	14.20	16
2015	14.20	16
2017	14.20	16
2019	14.20	16
2021	14.80	16
2023	14.80	16
2025	14.80	16
2027	14.80	16
2029	14.80	16
2031	14.80	16
2033	14.80	16
2035	14.80	16
2037	14.80	16
2039	14.80	16
2041	14.80	16
2043	14.80	16
2045	14.80	16
2047	14.80	16
2049	14.80	16
2051	14.80	16
2053	14.80	16
2055	14.80	16
2057	14.80	16
2059	14.80	16
2061	15.20	16
2063	15.20	16
2065	15.20	16
2067	15.20	16
2069	15.20	16
2071	15.20	16
2073	15.20	16
2075	15.20	16
2077	15.20	16
2079	15.20	16
2081	15.20	16
2083	15.20	16
2085	15.20	16
2087	15.20	16
2089	15.20	16
2091	15.20	16
2093	15.20	16
2095	15.20	16
2097	15.20	16
2099	15.20	16
2101	15.20	16
2103	15.20	16
2105	15.20	16
2107	15.20	16
2109	15.20	16
2111	15.20	16
2113	15.20	16
2115	15.20	16
2117	15.20	16
2119	15.20	16
2121	15.20	16
2123	15.20	16
2125	15.20	16
2127	15.20	16
2129	15.20	16
2131	15.20	16
2133	15.20	16
2135	15.20	16
2137	15.20	16
2139	15.20	16
2141	15.20	16
2143	15.20	16
2145	15.20	16
2147	15.20	16
2149	15.20	16
2151	15.20	16
2153	15.20	16
2155	15.20	16
2157	15.20	16
2159	15.20	16
2161	15.20	16
2163	15.20	16
2165	15.20	16
2167	15.20	16
2169	15.20	16
2171	15.20	16
2173	15.20	16
2175	15.20	16
2177	15.20	16
2179	15.20	16
2181	15.20	16
2183	15.20	16
2185	15.20	16
2187	15.20	16
2189	15.20	16
2191	15.20	16
2193	15.20	16
2195	15.20	16
2197	15.20	16
2199	15.20	16
2201	15.20	16
2203	15.20	16
2205	15.20	16
2207	15.20	16
2209	15.20	16
2211	15.20	16
2213	15.20	16
2215	15.20	16
2217	15.20	16
2219	15.20	16
2221	15.20	16
2223	15.20	16
2225	15.20	16
2227	15.20	16
2229	15.20	16
2231	15.20	16
2233	15.20	16
2235	15.20	16
2237	15.20	16
2239	15.20	16
2241	15.20	16
2243	15.20	16
2245	15.20	16
2247	15.20	16
2249	15.20	16
2251	15.20	16
2253	15.20	16
2255	15.20	16
2257	15.20	16
2259	15.20	16
2261	15.20	16
2263	15.20	16
2265	15.20	16
2267	15.20	16
2269	15.20	16
2271	15.20	16
2273	15.20	16
2275	15.20	16
2277	15.20	16
2279	15.20	16
2281	15.20	16
2283	15.20	16
2285	15.20	16
2287	15.20	16
2289	15.20	16
2291	15.20	16
2293	15.20	16
2295	15.20	16
2297	15.20	16
2299	15.20	16
2301	15.20	16
2303	15.20	16
2305	15.20	16
2307	15.60	16
2309	15.60	16
2311	15.60	16
2313	15.60	16
2315	15.60	16
2317	15.60	16
2319	15.60	16
2321	15.60	16
2323	15.60	16
2325	15.60	16
2327	15.60	16
2329	15.60	16
2331	15.60	16
2333	15.60	16
2335	15.60	16
2337	15.60	16
2339	15.60	16
2341	15.60	16
2343	15.60	16
2345	15.60	16
2347	15.60	16
2349	15.60	16
2351	15.60	16
2353	15.60	16
2355	15.60	16
2357	16.00	16
2359	16.00	16
2361	16.00	16
2363	16.00	16
2365	16.00	16
2367	16.00	16
2369	16.00	16
2371	16.00	16
2373	16.00	16
2375	16.00	16
2377	16.00	16
2379	16.00	16
2381	16.00	16
2383	16.00	16
2385	16.00	16
2387	16.00	16
2389	16.00	16
2391	16.00	16
2393	16.00	16
2395	16.00	16
2397	16.00	16
2399	16.00	16
2401	16.00	16
2403	16.00	16
2405	16.00	16
2407	16.00	16
2409	16.00	16
2411	16.00	16
2413	16.00	16
2415	16.00	16
2417	16.00	16
2419	16.00	16
2421	16.00	16
2423	16.00	16
2425	16.00	16
2427	16.00	16
2429	16.00	16
2431	16.00	16
2433	16.00	16
2435	16.00	16
2437	16.00	16
2439	16.00	16
2441	16.00	16
2443	16.00	16
2445	16.00	16
2447	16.00	16
2449	16.00	16
2451	16.00	16
2453	16.00	16
2455	16.00	16
2457	16.00	16
2459	16.00	16
2461	16.00	16
2463	16.00	16
2465	16.00	16
2467	16.00	16
2469	16.00	16
2471	16.00	16
2473	16.00	16
2475	16.00	16
2477	16.00	16
2479	16.00	16
2481	16.00	16
2483	16.00	16
2485	16.00	16
2487	16.00	16
2489	16.00	16
2491	16.00	16
2493	16.00	16
2495	16.00	16
2497	16.00	16
2499	16.00	16
2501	16.00	16
2503	16.00	16
2505	16.00	16
2507	16.00	16
2509	16.00	16
2511	16.00	16
2513	16.00	16
2515	16.00	16
2517	16.00	16
2519	16.00	16
2521	16.00	16
2523	16.00	16
2525	16.00	16
2527	16.00	16
2529	16.00	16
2531	16.00	16
2533	16.00	16
2535	16.00	16
2537	16.00	16
2539	16.00	16
2541	16.00	16
2543	16.00	16
2545	16.00	16
2547	16.00	16
2549	16.00	16
2551	16.00	16
2553	16.00	16
2555	16.00	16
2557	16.00	16
2559	16.00	16
2561	16.00	16
2563	16.00	16
2565	16.00	16
2567	16.00	16
2569	16.00	16
2571	16.00	16
2573	16.00	16
2575	16.00	16
2577	16.00	16
2579	16.00	16
2581	16.00	16
2583	16.00	16
2585	16.00	16
2587	16.00	16
2589	16.00	16
2591	16.00	16
2593	16.00	16
2595	16.00	16
2597	16.00	16
2599	16.00	16
2601	16.00	16
2603	16.00	16
2605	16.00	16
2607	16.00	16
2609	16.00	16
2611	16.00	16
2613	16.00	16
2615	16.00	16
2617	16.00	16
2619	16.00	16
2621	16.00	16
2623	16.00	16
2625	16.00	16
2627	16.00	16
2629	16.00	16
2631	16.00	16
2633	16.00	16
2635	16.00	16
2637	16.00	16
2639	16.00	16
2641	16.00	16
2643	16.00	16
2645	16.00	16
2647	16.00	16
2649	16.00	16
2651	16.00	16
2653	16.00	16
2655	16.00	16
2657	16.00	16
2659	16.00	16
2661	16.00	16
2663	16.00	16
2665	16.00	16
2667	16.00	16
2669	16.00	16
2671	16.00	16
2673	16.00	16
2675	16.00	16
2677	16.00	16
2679	16.00	16
2681	16.00	16
2683	16.00	16
2685	16.00	16
2687	16.00	16
2689	16.00	16
2691	16.00	16
2693	16.00	16
2695	16.00	16
2697	16.00	16
2699	16.00	16
2701	16.00	16
2703	16.00	16
2705	16.00	16
2707	16.00	16
2709	16.00	16
2711	16.00	16
2713	16.00	16
2715	16.00	16
2717	16.00	16
2719	16.00	16
2721	16.00	16
2723	16.00	16
2725	16.00	16
2727	16.00	16
2729	16.00	16
2731	16.00	16
2733	16.00	16
2735	16.00	16
2737	16.00	16
2739	16.00	16
2741	16.00	16
2743	16.00	16
2745	16.00	16
2747	16.00	16
2749	16.00	16
2751	16.00	16
2753	16.00	16
2755	16.00	16
2757	16.00	16
2759	16.00	16
2761	16.00	16
2763	16.00	16
2765	16.00	16
2767	16.00	16
2769	16.00	16
2771	16.00	16
2773	16.00	16
2775	16.00	16
2777	16.00	16
2779	16.00	16
2781	16.00	16
2783	16.00	16
2785	16.00	16
2787	16.00	16
2789	16.00	16
2791	16.00	16
2793	16.00	16
2795	16.00	16
2797	16.00	16
2799	16.00	16
2801	16.00	16
2803	16.00	16
2805	16.00	16
2807	16.00	16
2809	16.00	16
2811	16.00	16
2813	16.00	16
2815	16.00	16
2817	16.00	16
2819	16.00	16
2821	16.00	16
2823	16.00	16
2825	16.00	16
2827	16.00	16
2829	16.00	16
2831	16.00	16
2833	16.00	16
2835	16.00	16
2837	16.00	16
2839	16.00	16
2841	16.00	16
2843	16.00	16
2845	16.00	16
2847	16.00	16
2849	16.00	16
2851	16.00	16
2853	16.00	16
2855	16.00	16
2857	16.00	16
2859	16.00	16
2861	16.00	16
2863	16.00	16
2865	16.00	16
2867	16.00	16
2869	16.00	16
2871	16.00	16
2873	16.00	16
2875	16.00	16
2877	16.00	16
2879	16.00	16
2881	16.00	16
2883	16.00	16
2885	16.00	16
2887	16.00	16
2889	16.00	16
2891	16.00	16
2893	16.00	16
2895	16.00	16
2897	16.00	16
2899	16.00	16
2901	16.00	16
2903	16.00	16
2905	16.00	16
2907	16.00	16
2909	16.00	16
2911	16.00	16
2913	16.00	16
2915	16.00	16
2917	16.00	16
2919	16.00	16
2921	16.00	16
2923	16.00	16
2925	16.00	16
2927	16.00	16
2929	16.00	16
2931	16.00	16
2933	16.00	16
2935	16.00	16
2937	16.00	16
2939	16.00	16
2941	16.00	16
2943	16.00	16
2945	16.00	16
2947	16.00	16
2949	16.00	16
2951	16.00	16
2953	16.00	16
2955	16.00	16
2957	16.00	16
2959	16.00	16
2961	16.00	16
2963	16.00	16
2965	16.00	16
2967	16.00	16
2969	16.00	16
2971	16.00	16
2973	16.00	16
2975	16.00	16
2977	16.00	16
2979	16.00	16
2981	16.00	16
2983	16.00	16
2985	16.00	16
2987	16.00	16
2989	16.00	16
2991	16.00	16
2993	16.00	16
2995	16.00	16
2997	16.00	16
2999	16.00	16
3001	16.00	16
3003	16.00	16
3005	16.00	16
3007	16.00	16
3009	16.00	16
3011	16.00	16
3013	16.00	16
3015	16.00	16
3017	16.00	16
3019	16.00	16
3021	16.00	16
3023	16.00	16
3025	16.00	16
3027	16.00	16
3029	16.00	16
3031	16.00	16
3033	16.00	16
3035	16.00	16
3037	16.00	16
3039	16.00	16
3041	16.00	16
3043	16.00	16
3045	16.00	16
3047	16.00	16
3049	16.00	16
3051	16.00	16
3053	16.00	16
3055	16.00	16
3057	16.00	16
3059	16.00	16
3061	16.00	16
3063	16.00	16
3065	16.00	16
3067	16.00	16
3069	16.00	16
3071	16.00	16
3073	16.00	16
3075	16.00	16
3077	16.00	16
3079	16.00	16
3081	16.00	16
3083	16.00	16
3085	16.00	16
3087	16.00	16
3089	16.00	16
3091	16.00	16
3093	16.00	16
3095	16.00	16
3097	16.00	16
3099	16.00	16
3101	16.00	16
3103	16.00	16
3105	16.00	16
3107	16.00	16
3109	16.00	16
3111	16.00	16
3113	16.00	16
3115	16.00	16
3117	16.00	16
3119	16.00	16
3121	16.00	16
3123	16.00	16
3125	16.00	16
3127	16.00	16
3129	16.00	16
3131	16.00	16
3133	16.00	16
3135	16.00	16
3137	16.00	16
3139	16.00	16
3141	16.00	16
3143	16.00	16
3145	16.00	16
3147	16.00	16
3149	16.00	16
3151	16.00	16
3153	16.00	16
3155	16.00	16
3157	16.00	16
3159	16.00	16
3161	16.00	16
3163	16.00	16
3165	16.00	16
3167	16.00	16
3169	16.00	16
3171	16.00	16
3173	16.00	16
3175	16.00	16
3177	16.00	16
3179	16.00	16
3181	16.00	16
3183	16.00	16
3185	16.00	16
3187	16.00	16
3189	16.00	16
3191	16.00	16
3193	16.00	16
3195	16.00	16
3197	16.00	16
3199	16.00	16
3201	16.00	16
3203	16.00	16
3205	16.00	16
3207	16.00	16
3209	16.00	16
3211	16.00	16
3213	16.00	16
3215	16.00	16
3217	16.00	16
3219	16.00	16
3221	16.00	16
3223	16.00	16
3225	16.00	16
3227	16.00	16
3229	16.00	16
3231	16.00	16
3233	16.00	16
3235	16.00	16
3237	16.00	16
3239	16.00	16
3241	16.00	16
3243	16.00	16
3245	16.00	16
3247	16.00	16
3249	16.00	16
3251	16.00	16
3253	16.00	16
3255	16.00	16
3257	16.00	16
3259	16.00	16
3261	16.00	16
3263	16.00	16
3265	16.00	16
3267	16.00	16
3269	16.00	16
3271	16.00	16
3273	16.00	16
3275	16.00	16
3277	16.00	16
3279	16.00	16
3281	16.00	16
3283	16.00	16
3285	16.00	16
3287	16.00	16
3289	16.00	16
3291	16.00	16
3293	16.00	16
3295	16.00	16
3297	16.00	16
3299	16.00	16
3301	16.00	16
3303	16.00	16
3305	16.00	16
3307	16.00	16
3309	16.00	16
3311	16.00	16
3313	16.00	16
3315	16.00	16
3317	16.00	16
3319	16.00	16
3321	16.00	16
3323	16.00	16
3325	16.00	16
3327	16.00	16
3329	16.00	16
3331	16.00	16
3333	16.00	16
3335	16.00	16
3337	16.00	16
3339	16.00	16
3341	16.00	16
3343	16.00	16
3345	16.00	16
3347	16.00	16
3349	16.00	16
3351	16.00	16
3353	16.00	16
3355	16.00	16
3357	16.00	16
3359	16.00	16
3361	16.00	16
3363	16.00	16
3365	16.00	16
3367	16.00	16
3369	16.00	16
3371	16.00	16
3373	16.00	16
3375	16.00	16
3377	16.00	16
3379	16.00	16
3381	16.00	16
3383	16.00	16
3385	16.00	16
3387	16.00	16
3389	16.00	16
3391	16.00	16
3393	16.00	16
3395	16.00	16
3397	16.00	16
3399	16.00	16
3401	16.00	16
3403	16.00	16
3405	16.00	16
3407	16.00	16
3409	16.00	16
3411	16.00	16
3413	16.00	16
3415	16.00	16
3417	16.00	16
3419	16.00	16
3421	16.00	16
3423	16.00	16
3425	16.00	16
3427	16.00	16
3429	16.00	16
3431	16.00	16
3433	16.00	16
3435	16.00	16
3437	16.00	16
3439	16.00	16
3441	16.00	16
3443	16.00	16
3445	16.00	16
3447	16.00	16
3449	16.00	16
3451	16.00	16
3453	16.00	16
3455	16.00	16
3457	16.00	16
3459	16.00	16
3461	16.00	16
3463	16.00	16
3465	16.00	16
3467	16.00	16
3469	16.00	16
3471	16.00	16
3473	16.00	16
3475	16.00	16
3477	16.00	16
3479	16.00	16
3481	16.00	16
3483	16.00	16
3485	16.00	16
3487	16.00	16
3489	16.00	16
3491	16.00	16
3493	16.00	16
3495	16.00	16
3497	16.00	16
3499	16.00	16
3501	16.00	16
3503	16.00	16
3505	16.00	16
3507	16.00	16
3509	16.00	16
3511	16.00	16
3513	16.00	16
3515	16.00	16
3517	16.00	16
3519	16.00	16
3521	16.00	16
3523	16.00	16
3525	16.00	16
3527	16.00	16
3529	16.00	16
3531	16.00	16
3533	16.00	16
3535	16.00	16
3537	16.00	16
3539	16.00	16
3541	16.00	16
3543	16.00	16
3545	16.00	16
3547	16.00	16
3549	16.00	16
3551	16.00	16
3553	16.00	16
3555	16.00	16
3557	16.00	16
3559	16.00	16
3561	16.00	16
3563	16.00	16
3565	16.00	16
3567	16.00	16
3569	16.00	16
3571	16.00	16
3573	16.00	16
3575	16.00	16
3577	16.00	16
3579	16.00	16
3581	16.00	16
3583	16.00	16
3585	16.00	16
3587	16.00	16
3589	16.00	16
3591	16.00	16
3593	16.00	16
3595	16.00	16
3597	16.00	16
3599	16.00	16
3601	16.00	16
3603	16.00	16
3605	16.00	16
3607	16.00	16
3609	16.00	16
3611	16.00	16
3613	16.00	16
3615	16.00	16
3617	16.00	16
3619	16.00	16
3621	16.00	16
3623	16.00	16
3625	16.00	16
3627	16.00	16
3629	16.00	16
3631	16.00	16
3633	16.00	16
3635	16.00	16
3637	16.00	16
3639	16.00	16
3641	16.00	16
3643	16.00	16
3645	16.00	16
3647	16.00	16
3649	16.00	16
3651	16.00	16
3653	16.00	16
3655	16.00	16
3657	16.00	16
3659	16.00	16
3661	16.00	16
3663	16.00	16
3665	16.00	16
3667	16.00	16
3669	16.00	16
3671	16.00	16
3673	16.00	16
3675	16.00	16
3677	16.00	16
3679	16.00	16
3681	16.00	16
3683	16.00	16
3685	16.00	16
3687	16.00	16
3689	16.00	16
3691	16.00	16
3693	16.00	16
3695	16.00	16
3697	16.00	16
3699	16.00	16
3701	16.00	16
3703	16.00	16
3705	16.00	16
3707	16.00	16
3709	16.00	16
3711	16.00	16
3713	16.00	16
3715	16.00	16
3717	16.00	16
3719	16.00	16
3721	16.00	16
3723	16.00	16
3725	16.00	16
3727	16.00	16
3729	16.00	16
3731	16.00	16
3733	16.00	16
3735	16.00	16
3737	16.00	16
3739	16.00	16
3741	16.00	16
3743	16.00	16
3745	16.00	16
3747	16.00	16
3749	16.00	16
3751	16.00	16
3753	16.00	16
3755	16.00	16
3757	16.00	16
3759	16.00	16
3761	16.00	16
3763	16.00	16
3765	16.00	16
3767	16.00	16
3769	16.00	16
3771	16.00	16
3773	16.00	16
3775	16.00	16
3777	16.00	16
3779	16.00	16
3781	16.00	16
3783	16.00	16
3785	16.00	16
3787	16.00	16
3789	16.00	16
3791	16.00	16
3793	16.00	16
3795	16.00	16
3797	16.00	16
3799	16.00	16
3801	16.00	16
3803	16.00	16
3805	16.00	16
3807	16.00	16
3809	16.00	16
3811	16.00	16
3813	16.00	16
3815	16.00	16
3817	16.00	16
3819	16.00	16
3821	16.00	16
3823	16.00	16
3825	16.00	16
3827	16.00	16
3829	16.00	16
3831	16.00	16
3833	16.00	16
3835	16.00	16
3837	16.00	16
3839	16.00	16
3841	16.00	16
3843	16.00	16
3845	16.00	16
3847	16.00	16
3849	16.00	16
3851	16.00	16
3853	16.00	16
3855	16.00	16
3857	16.00	16
3859	16.00	16
3861	16.00	16
3863	16.00	16
3865	16.00	16
3867	16.00	16
3869	16.00	16
3871	16.00	16
3873	16.00	16
3875	16.00	16
3877	16.00	16
3879	16.00	16
3881	16.00	16
3883	16.00	16
3885	16.00	16
3887	16.00	16
3889	16.00	16
3891	16.00	16
3893	16.00	16
3895	16.00	16
3897	16.00	16
3899	16.00	16
3901	16.00	16
3903	16.00	16
3905	16.00	16
3907	16.00	16
3909	16.00	16
3911	16.00	16
3913	16.00	16
3915	16.00	16
3917	16.00	16
3919	16.00	16
3921	16.00	16
3923	16.00	16
3925	16.00	16
3927	16.00	16
3929	16.00	16
3931	16.00	16
3933	16.00	16
3935	16.00	16
3937	16.00	16
3939	16.00	16
3941	16.00	16
3943	16.00	16
3945	16.00	16
3947	16.00	16
3949	16.00	16
3951	16.00	16
3953	16.00	16
3955	16.00	16
3957	16.00	16
3959	16.00	16
3961	16.00	16
3963	16.00	16
3965	16.00	16
3967	16.00	16
3969	16.00	16
3971	16.00	16
3973	16.00	16
3975	16.00	16
3977	16.00	16
3979	16.00	16
3981	16.00	16
3983	16.00	16
3985	16.00	16
3987	16.00	16
3989	16.00	16
3991	16.00	16
3993	16.00	16
3995	16.00	16
3997	16.00	16
3999	16.00	16
4001	16.00	16
4003	16.00	16
4005	16.00	16
4007	16.00	16
4009	16.00	16
4011	16.00	16
4013	16.00	16
4015	16.00	16
4017	16.00	16
4019	16.00	16
4021	16.00	16
4023	16.00	16
4025	16.00	16
4027	16.00	16
4029	16.00	16
4031	16.00	16
4033	16.00	16
4035	16.00	16
4037	16.00	16
4039	16.00	16
4041	16.00	16
4043	16.00	16
4045	16.00	16
4047	16.00	16
4049	16.00	16
4051	16.00	16
4053	16.00	16
4055	16.00	16
4057	16.00	16
4059	16.00	16
4061	16.00	16
4063	16.00	16
4065	16.00	16
4067	16.00	16
4069	16.00	16
4071	16.00	16
4073	16.00	16
4075	16.00	16
4077	16.00	16
4079	16.00	16
4081	16.00	16
4083	16.00	16
4085	16.00	16
4087	16.00	16
4089	16.00	16
4091	16.00	16
4093	16.00	16
4095	16.00	16
4097	16.00	16
4099	16.00	16
4101	16.00	16
4103	16.00	16
4105	16.00	16
4107	16.00	16
4109	16.00	16
4111	16.00	16
4113	16.00	16
4115	16.00	16
4117	16.00	16
4119	16.00	16
4121	16.00	16
4123	16.00	16
4125	16.00	16
4127	16.00	16
4129	16.00	16
4131	16.00	16
4133	16.00	16
4135	16.00	16
4137	16.00	16
4139	16.00	16
4141	16.00	16
4143	16.00	16
4145	16.00	16
4147	16.00	16
4149	16.00	16
4151	16.00	16
4153	16.00	16
4155	16.00	16
4157	16.00	16
4159	16.00	16
4161	16.00	16
4163	16.00	16
4165	16.00	16
4167	16.00	16
4169	16.00	16
4171	16.00	16
4173	16.00	16
4175	16.00	16
4177	16.00	16
4179	16.00	16
4181	16.00	16
4183	16.00	16
4185	16.00	16
4187	16.00	16
4189	16.00	16
4191	16.00	16
4193	16.00	16
4195	16.00	16
4197	16.00	16
4199	16.00	16
4201	16.00	16
4203	16.00	16
4205	16.00	16
4207	16.00	16
4209	16.00	16
4211	16.00	16
4213	16.00	16
4215	16.00	16
4217	16.00	16
4219	16.00	16
4221	16.00	16
4223	16.00	16
4225	16.00	16
4227	16.00	16
4229	16.00	16
4231	16.00	16
4233	16.00	16
4235	16.00	16
4237	16.00	16
4239	16.00	16
4241	16.00	16
4243	16.00	16
4245	16.00	16
4247	16.00	16
4249	16.00	16
4251	16.00	16
4253	16.00	16
4255	16.00	16
4257	16.00	16
4259	16.00	16
4261	16.00	16
4263	16.00	16
4265	16.00	16
4267	16.00	16
4269	16.00	16
4271	16.00	16
4273	16.00	16
4275	16.00	16
4277	16.00	16
4279	16.00	16
4281	16.00	16
4283	16.00	16
4285	16.00	16
4287	16.00	16
4289	16.00	16
4291	16.00	16
4293	16.00	16
4295	16.00	16
4297	16.00	16
4299	16.00	16
4301	16.00	16
4303	16.00	16
4305	16.00	16
4307	16.00	16
4309	16.00	16
4311	16.00	16
4313	16.00	16
4315	16.00	16
4317	16.00	16
4319	16.00	16
4321	16.00	16
4323	16.00	16
4325	16.00	16
4327	16.00	16
4329	16.00	16
4331	16.00	16
4333	16.00	16
4335	16.00	16
4337	16.00	16
4339	16.00	16
4341	16.00	16
4343	16.00	16
4345	16.00	16
4347	16.00	16
4349	16.00	16
4351	16.00	16
4353	16.00	16
4355	16.00	16
4357	16.00	16
4359	16.00	16
4361	16.00	16
4363	16.00	16
4365	16.00	16
4367	16.00	16
4369	16.00	16
4371	16.00	16
4373	16.00	16
4375	16.00	16
4377	16.00	16
4379	16.00	16
4381	16.00	16
4383	16.00	16
4385	16.00	16
4387	16.00	16
4389	16.00	16
4391	16.00	16
4393	16.00	16
4395	16.00	16
4397	16.00	16
4399	16.00	16
4401	16.00	16
4403	16.00	16
4405	16.00	16
4407	16.00	16
4409	16.00	16
4411	16.00	16
4413	16.00	16
4415	16.00	16
4417	16.00	16
4419	16.00	16
4421	16.00	16
4423	16.00	16
4425	16.00	16
4427	16.00	16
4429	16.00	16
4431	16.00	16
4433	16.00	16
4435	16.00	16
4437	16.00	16
4439	16.00	16
4441	16.00	16
4443	16.00	16
4445	16.00	16
4447	16.00	16
4449	16.00	16
4451	16.00	16
4453	16.00	16
4455	16.00	16
4457	16.00	16
4459	16.00	16
4461	16.00	16
4463	16.00	16
4465	16.00	16
4467	16.00	16
4469	16.00	16
4471	16.00	16
4473	16.00	16
4475	16.00	16
4477	16.00	16
4479	16.00	16
4481	16.00	16
4483	16.00	16
4485	16.00	16
4487	16.00	16
4489	16.00	16
4491	16.00	16
4493	16.00	16
4495	16.00	16
4497	16.00	16
4499	16.00	16
4501	16.00	16
4503	16.00	16
4505	16.00	16
4507	16.00	16
4509	16.00	16
4511	16.00	16
4513	16.00	16
4515	16.00	16
4517	16.00	16
4519	16.00	16
4521	16.00	16
4523	16.00	16
4525	16.00	16
4527	16.00	16
4529	16.00	16
4531	16.00	16
4533	16.00	16
4535	16.00	16
4537	16.00	16
4539	16.00	16
4541	16.00	16
4543	16.00	16
4545	16.00	16
4547	16.00	16
4549	16.00	16
4551	16.00	16
4553	16.00	16
4555	16.00	16
4557	16.00	16
4559	16.00	16
4561	16.00	16
4563	16.00	16
4565	16.00	16
4567	16.00	16
4569	16.00	16
4571	16.00	16
4573	16.00	16
4575	16.00	16
4577	16.00	16
4579	16.00	16
4581	16.00	16
4583	16.00	16
4585	16.00	16
4587	16.00	16
4589	16.00	16
4591	16.00	16
4593	16.00	16
4595	16.00	16
4597	16.00	16
4599	16.00	16
4601	16.00	16
4603	16.00	16
4605	16.00	16
4607	16.00	16
4609	16.00	16
4611	16.00	16
4613	16.00	16
4615	16.00	16
4617	16.00	16
4619	16.00	16
4621	16.00	16
4623	16.00	16
4625	16.00	16
4627	16.00	16
4629	16.00	16
4631	16.00	16
4633	16.00	16
4635	16.00	16
4637	16.00	16
4639	16.00	16
4641	16.00	16
4643	16.00	16
4645	16.00	16
4647	16.00	16
4649	16.00	16
4651	16.00	16
4653	16.00	16
4655	16.00	16
4657	16.00	16
4659	16.00	16
4661	16.00	16
4663	16.00	16
4665	16.00	16
4667	16.00	16
4669	16.00	16
4671	16.00	16
4673	16.00	16
4675	16.00	16
4677	16.00	16
4679	16.00	16
4681	16.00	16
4683	16.00	16
4685	16.00	16
4687	16.00	16
4689	16.00	16
4691	16.00	16
4693	16.00	16
4695	16.00	16
4697	16.00	16
4699	16.00	16
4701	16.00	16
4703	16.00	16
4705	16.00	16
4707	16.00	16
4709	16.00	16
4711	16.00	16
4713	16.00	16
4715	16.00	16
4717	16.00	16
4719	16.00	16
4721	16.00	16
4723	16.00	16
4725	16.00	16
4727	16.00	16
4729	16.00	16
4731	16.00	16
4733	16.00	16
4735	16.00	16
4737	16.00	16
4739	16.00	16
4741	16.00	16
4743	16.00	16
4745	16.00	16
4747	16.00	16
4749	16.00	16
4751	16.00	16
4753	16.00	16
4755	16.00	16
4757	16.00	16
4759	16.00	16
4761	16.00	16
4763	16.00	16
4765	16.00	16
4767	16.00	16
4769	16.00	16
4771	16.00	16
4773	16.00	16
4775	16.00	16
4777	16.00	16
4779	16.00	16
4781	16.00	16
4783	16.00	16
4785	16.00	16
4787	16.00	16
4789	16.00	16
4791	16.00	16
4793	16.00	16
4795	16.00	16
4797	16.00	16
4799	16.00	16
4801	16.00	16
4803	16.00	16
4805	16.00	16
4807	16.00	16
4809	16.00	16
4811	16.00	16
4813	16.00	16
4815	16.00	16
4817	16.00	16
4819	16.00	16
4821	16.00	16
4823	16.00	16
4825	16.00	16
4827	16.00	16
4829	16.00	16
4831	16.00	16
4833	16.00	16
4835	16.00	16
4837	16.00	16
4839	16.00	16
4841	16.00	16
4843	16.00	16
4845	16.00	16
4847	16.00	16
4849	16.00	16
4851	16.00	16
4853	16.00	16
4855	16.00	16
4857	16.00	16
4859	16.00	16
4861	16.00	16
4863	16.00	16
4865	16.00	16
4867	16.00	16
4869	16.00	16
4871	16.00	16
4873	16.00	16
4875	16.00	16
4877	16.00	16
4879	16.00	16
4881	16.00	16
4883	16.00	16
4885	16.00	16
4887	16.00	16
4889	16.00	16
4891	16.00	16
4893	16.00	16
4895	16.00	16
4897	16.00	16
4899	16.00	16
4901	16.00	16
4903	16.00	16
4905	16.00	16
4907	16.00	16
4909	16.00	16
4911	16.00	16
4913	16.00	16
4915	16.00	16
4917	16.00	16
4919	16.00	16
4921	16.00	16
4923	16.00	16
4925	16.00	16
4927	16.00	16
4929	16.00	16
4931	16.00	16
4933	16.00	16
4935	16.00	16
4937	16.00	16
4939	16.00	16
4941	16.00	16
4943	16.00	16
4945	16.00	16
4947	16.00	16
4949	16.00	16
4951	16.00	16
4953	16.00	16
4955	16.00	16
4957	16.00	16
4959	16.00	16
4961	16.00	16
4963	16.00	16
4965	16.00	16
4967	16.00	16
4969	16.00	16
4971	16.00	16
4973	16.00	16
4975	16.00	16
4977	16.00	16
4979	16.00	16
4981	16.00	16
4983	16.00	16
4985	16.00	16
4987	16.00	16
4989	16.00	16
4991	16.00	16
4993	16.00	16
4995	16.00	16
4997	16.00	16
4999	16.00	16
5001	16.00	16
5003	16.00	16
5005	16.00	16
5007	16.00	16
5009	16.00	16
5011	16.00	16
5013	16.00	16
5015	16.00	16
5017	16.00	16
5019	16.00	16
5021	16.00	16
5023	16.00	16
5025	16.00	16
5027	16.00	16
5029	16.00	16
5031	16.00	16
5033	16.00	16
5035	16.00	16
5037	16.00	16
5039	16.00	16
5041	16.00	16
5043	16.00	16
5045	16.00	16
5047	16.00	16
5049	16.00	16
5051	16.00	16
5053	16.00	16
5055	16.00	16
5057	16.00	16
5059	16.00	16
5061	16.00	16
5063	16.00	16
5065	16.00	16
5067	16.00	16
5069	16.00	16
5071	16.00	16
5073	16.00	16
5075	16.00	16
5077	16.00	16
5079	16.00	16
5081	16.00	16
5083	16.00	16
5085	16.00	16
5087	16.00	16
5089	16.00	16
5091	16.00	16
5093	16.00	16
5095	16.00	16
5097	16.00	16
5099	16.00	16
5101	16.00	16
5103	16.00	16
5105	16.00	16
5107	16.00	16
5109	16.00	16
5111	16.00	16
5113	16.00	16
5115	16.00	16
5117	16.00	16
5119	16.00	16
5121	16.00	16
5123	16.00	16
5125	16.00	16
5127	16.00	16
5129	16.00	16
5131	16.00	16
5133	16.00	16
5135	16.00	16
5137	16.00	16
5139	16.00	16
5141	16.00	16
5143	16.00	16
5145	16.00	16
5147	16.00	16
5149	16.00	16
5151	16.00	16
5153	16.00	16
5155	16.00	16
5157	16.00	16
5159	16.00	16
5161	16.00	16
5163	16.00	16
5165	16.00	16
5167	16.00	16
5169	16.00	16
5171	16.00	16
5173	16.00	16
5175	16.00	16
5177	16.00	16
5179	16.00	16
5181	16.00	16
5183	16.00	16
5185	16.00	16
5187	16.00	16
5189	16.00	16
5191	16.00	16
5193	16.00	16
5195	16.00	16
5197	16.00	16
5199	16.00	16
5201	16.00	16
5203	16.00	16
5205	16.00	16
5207	16.00	16
5209	16.00	16
5211	16.00	16
5213	16.00	16
5215	16.00	16
5217	16.00	16
5219	16.00	16
5221	16.00	16
5223	16.00	16
5225	16.00	16
5227	16.00	16
5229	16.00	16
5231	16.00	16
5233	16.00	16
5235	16.00	16
5237	16.00	16
5239	16.00	16
5241	16.00	16
5243	16.00	16
5245	16.00	16
5247	16.00	16
5249	16.00	16
5251	16.00	16
5253	16.00	16
5255	16.00	16
5257	16.00	16
5259	16.00	16
5261	16.00	16
5263	16.00	16
5265	16.00	16
5267	16.00	16
5269	16.00	16
5271	16.00	16
5273	16.00	16
5275	16.00	16
5277	16.00	16
5279	16.00	16
5281	16.00	16
5283	16.00	16
5285	16.00	16
5287	16.00	16
5289	16.00	16
5291	16.00	16
5293	16.00	16
5295	16.00	16
5297	16.00	16
5299	16.00	16
5301	16.00	16
5303	16.00	16
5305	16.00	16
5307	16.00	16
5309	16.00	16
5311	16.00	16
5313	16.00	16
5315	16.00	16
5317	16.00	16
5319	16.00	16
5321	16.00	16
5323	16.00	16
5325	16.00	16
5327	16.00	16
5329	16.00	16
5331	16.00	16
5333	16.00	16
5335	16.00	16
5337	16.00	16
5339	16.00	16
5341	16.00	16
5343	16.00	16
5345	16.00	16
5347	16.00	16
5349	16.00	16
5351	16.00	16
5353	16.00	16
5355	16.00	16
5357	16.00	16
5359	16.00	16
5361	16.00	16
5363	16.00	16
5365	16.00	16
5367	16.00	16
5369	16.00	16
5371	16.00	16
5373	16.00	16
5375	16.00	16
5377	16.00	16
5379	16.00	16
5381	16.00	16
5383	16.00	16
5385	16.00	16
5387	16.00	16
5389	16.00	16
5391	16.00	16
5393	16.00	16
5395	16.00	16
5397	16.00	16
5399	16.00	16
5401	16.00	16
5403	16.00	16
5405	16.00	16
5407	16.00	16
5409	16.00	16
5411	16.00	16
5413	16.00	16
5415	16.00	16
5417	16.00	16
5419	16.00	16
5421	16.00	16
5423	16.00	16
5425	16.00	16
5427	16.00	16
5429	16.00	16
5431	16.00	16
5433	16.00	16
5435	16.00	16
5437	16.00	16
5439	16.00	16
5441	16.00	16
5443	16.00	16
5445	16.00	16
5447	16.00	16
5449	16.00	16
5451	16.00	16
5453	16.00	16
5455	16.00	16
5457	16.00	16
5459	16.00	16
5461	16.00	16
5463	16.00	16
5465	16.00	16
5467	16.00	16
5469	16.00	16
5471	16.00	16
5473	16.00	16
5475	16.00	16
5477	16.00	16
5479	16.00	16
5481	16.00	16
5483	16.00	16
5485	16.00	16
5487	16.00	16
5489	16.00	16
5491	16.00	16
5493	16.00	16
5495	16.00	16
5497	16.00	16
5499	16.00	16
5501	16.00	16
5503	16.00	16
5505	16.00	16
5507	16.00	16
5509	16.00	16
5511	16.00	16
5513	16.00	16
5515	16.00	16
5517	16.00	16
5519	16.00	16
5521	16.00	16
5523	16.00	16
5525	16.00	16
5527	16.00	16
5529	16.00	16
5531	16.00	16
5533	16.00	16
5535	16.00	16
5537	16.00	16
5539	16.00	16
5541	16.00	16
5543	16.00	16
5545	16.00	16
5547	16.00	16
5549	16.00	16
5551	16.00	16
5553	16.00	16
5555	16.00	16
5557	16.00	16
5559	16.00	16
5561	16.00	16
5563	16.00	16
5565	16.00	16
5567	16.00	16
5569	16.00	16
5571	16.00	16
5573	16.00	16
5575	16.00	16
5577	16.00	16
5579	16.00	16
5581	16.00	16
5583	16.00	16
5585	16.00	16
5587	16.00	16
5589	16.00	16
5591	16.00	16
5593	16.00	16
5595	16.00	16
5597	16.00	16
5599	16.00	16
5601	16.00	16
5603	16.00	16
5605	16.00	16
5607	16.00	16
5609	16.00	16
5611	16.00	16
5613	16.00	16
5615	16.00	16
5617	16.00	16
5619	16.00	16
5621	16.00	16
5623	16.00	16
5625	16.00	16
5627	16.00	16
5629	16.00	16
5631	16.00	16
5633	16.00	16
5635	16.00	16
5637	16.00	16
5639	16.00	16
5641	16.00	16
5643	16.00	16
5645	16.00	16
5647	16.00	16
5649	16.00	16
5651	16.00	16
5653	16.00	16
5655	16.00	16
5657	16.00	16
5659	16.00	16
5661	16.00	16
5663	16.00	16
5665	16.00	16
5667	16.00	16
5669	16.00	16
5671	16.00	16
5673	16.00	16
5675	16.00	16
5677	16.00	16
5679	16.00	16
5681	16.00	16
5683	16.00	16
5685	16.00	16
5687	16.00	16
5689	16.00	16
5691	16.00	16
5693	16.00	16
5695	16.00	16
5697	16.00	16
5699	16.00	16
5701	16.00	16
5703	16.00	16
5705	16.00	16
5707	16.00	16
5709	16.00	16
5711	16.00	16
5713	16.00	16
5715	16.00	16
5717	16.00	16
5719	16.00	16
5721	16.00	16
5723	16.00	16
5725	16.00	16
5727	16.00	16
5729	16.00	16
5731	16.00	16
5733	16.00	16
5735	16.00	16
5737	16.00	16
5739	16.00	16
5741	16.00	16
5743	16.00	16
5745	16.00	16
5747	16.00	16
5749	16.00	16
5751	16.00	16
5753	16.00	16
5755	16.00	16
5757	16.00	16
5759	16.00	16
5761	16.00	16
5763	16.00	16
5765	16.00	16
5767	16.00	16
5769	16.00	16
5771	16.00	16
5773	16.00	16
5775	16.00	16
5777	16.00	16
5779	16.00	16
5781	16.00	16
5783	16.00	16
5785	16.00	16
5787	16.00	16
5789	16.00	16
5791	16.00	16
5793	16.00	16
5795	16.00	16
5797	16.00	16
5799	16.00	16
5801	16.00	16
5803	16.00	16
5805	16.00	16
5807	16.00	16
5809	16.00	16
5811	16.00	16
5813	16.00	16
5815	16.00	16
5817	16.00	16
5819	16.00	16
5821	16.00	16
5823	16.00	16
5825	16.00	16
5827	16.00	16
5829	16.00	16
5831	16.00	16
5833	16.00	16
5835	16.00	16
5837	16.00	16
5839	16.00	16
5841	16.00	16
5843	16.00	16
5845	16.00	16
5847	16.00	16
5849	16.00	16
5851	16.00	16
5853	16.00	16
5855	16.00	16
5857	16.00	16
5859	16.00	16
5861	16.00	16
5863	16.00	16
5865	16.00	16
5867	16.00	16
5869	16.00	16
5871	16.00	16
5873	16.00	16
5875	16.00	16
5877	16.00	16
5879	16.00	16
5881	16.00	16
5883	16.00	16
5885	16.00	16
5887	16.00	16
5889	16.00	16
5891	16.00	16
5893	16.00	16
5895	16.00	16
5897	16.00	16
5899	16.00	16
5901	16.00	16
5903	16.00	16
5905	16.00	16
5907	16.00	16
5909	16.00	16
5911	16.00	16
5913	16.00	16
5915	16.00	16
5917	16.00	16
5919	16.00	16
5921	16.00	16
5923	16.00	16
5925	16.00	16
5927	16.00	16
5929	16.00	16
5931	16.00	16
5933	16.00	16
5935	16.00	16
5937	16.00	16
5939	16.00	16
5941	16.00	16
5943	16.00	16
5945	16.00	16
5947	16.00	16
5949	16.00	16
5951	16.00	16
5953	16.00	16
5955	16.00	16
5957	16.00	16
5959	16.00	16
5961	16.00	16
5963	16.00	16
5965	16.00	16
5967	16.00	16
5969	16.00	16
5971	16.00	16
5973	16.00	16
5975	16.00	16
5977	16.00	16
5979	16.00	16
5981	16.00	16
5983	16.00	16
5985	16.00	16
5987	16.00	16
5989	16.00	16
5991	16.00	16
5993	16.00	16
5995	16.00	16
5997	16.00	16
5999	16.00	16
6001	16.00	16
6003	16.00	16
6005	16.00	16
6007	16.00	16
6009	16.00	16
6011	16.00	16
6013	16.00	16
6015	16.00	16
6017	16.00	16
6019	16.00	16
6021	16.00	16
6023	16.00	16
6025	16.00	16
6027	16.00	16
6029	16.00	16
6031	16.00	16
6033	16.00	16
6035	16.00	16
6037	16.00	16
6039	16.00	16
6041	16.00	16
6043	16.00	16
6045	16.00	16
6047	16.00	16
6049	16.00	16
6051	16.00	16
6053	16.00	16
6055	16.00	16
6057	16.00	16
6059	16.00	16
6061	16.00	16
6063	16.00	16
6065	16.00	16
6067	16.00	16
6069	16.00	16
6071	16.00	16
6073	16.00	16
6075	16.00	16
6077	16.00	16
6079	16.00	16
6081	16.00	16
6083	16.00	16
6085	16.00	16
6087	16.00	16
6089	16.00	16
6091	16.00	16
6093	16.00	16
6095	16.00	16
6097	16.00	16
6099	16.00	16
6101	16.00	16
6103	16.00	16
6105	16.00	16
6107	16.00	16
6109	16.00	16
6111	16.00	16
6113	16.00	16
6115	16.00	16
6117	16.00	16
6119	16.00	16
6121	16.00	16
6123	16.00	16
6125	16.00	16
6127	16.00	16
6129	16.00	16
6131	16.00	16
6133	16.00	16
6135	16.00	16
6137	16.00	16
6139	16.00	16
6141	16.00	16
6143	16.00	16
6145	16.00	16
6147	16.00	16
6149	16.00	16
6151	16.00	16
6153	16.00	16
6155	16.00	16
6157	16.00	16
6159	16.00	16
6161	16.00	16
6163	16.00	16
6165	16.00	16
6167	16.00	16
6169	16.00	16
6171	16.00	16
6173	16.00	16
6175	16.00	16
6177	16.00	16
6179	16.00	16
6181	16.00	16
6183	16.00	16
6185	16.00	16
6187	16.00	16
6189	16.00	16
6191	16.00	16
6193	16.00	16
6195	16.00	16
6197	16.00	16
6199	16.00	16
6201	16.00	16
6203	16.00	16
6205	16.00	16
6207	16.00	16
6209	16.00	16
6211	16.00	16
6213	16.00	16
6215	16.00	16
6217	16.00	16
6219	16.00	16
6221	16.00	16
6223	16.00	16
6225	16.00	16
6227	16.00	16
6229	16.00	16
6231	16.00	16
6233	16.00	16
6235	16.00	16
6237	16.00	16
6239	16.00	16
6241	16.00	16
6243	16.00	16
6245	16.00	16
6247	16.00	16
6249	16.00	16
6251	16.00	16
6253	16.00	16
6255	16.00	16
6257	16.00	16
6259	16.00	16
6261	16.00	16
6263	16.00	16
6265	16.00	16
6267	16.00	16
6269	16.00	16
6271	16.00	16
6273	16.00	16
6275	16.00	16
6277	16.00	16
6279	16.00	16
6281	16.00	16
6283	16.00	16
6285	16.00	16
6287	16.00	16
6289	16.00	16
6291	16.00	16
6293	16.00	16
6295	16.00	16
6297	16.00	16
6299	16.00	16
6301	16.00	16
6303	16.00	16
6305	16.00	16
6307	16.00	16
6309	16.00	16
6311	16.00	16
6313	16.00	16
6315	16.00	16
6317	16.00	16
6319	16.00	16
6321	16.00	16
6323	16.00	16
6325	16.00	16
6327	16.00	16
6329	16.00	16
6331	16.00	16
6333	16.00	16
6335	16.00	16
6337	16.00	16
6339	16.00	16
6341	16.00	16
6343	16.00	16
6345	16.00	16
6347	16.00	16
6349	16.00	16
6351	16.00	16
6353	16.00	16
6355	16.00	16
6357	16.00	16
6359	16.00	16
6361	16.00	16
6363	16.00	16
6365	16.00	16
6367	16.00	16
6369	16.00	16
6371	16.00	16
6373	16.00	16
6375	16.00	16
6377	16.00	16
6379	16.00	16
6381	16.00	16
6383	16.00	16
6385	16.00	16
6387	16.00	16
6389	16.00	16
6391	16.00	16
6393	16.00	16
6395	16.00	16
6397	16.00	16
6399	16.00	16
6401	16.00	16
6403	16.00	16
6405	16.00	16
6407	16.00	16
6409	16.00	16
6411	16.00	16
6413	16.00	16
6415	16.00	16
6417	16.00	16
6419	16.00	16
6421	16.00	16
6423	16.00	16
6425	16.00	16
6427	16.00	16
6429	16.00	16
6431	16.00	16
6433	16.00	16
6435	16.00	16
6437	16.00	16
6439	16.00	16
6441	16.00	16
6443	16.00	16
6445	16.00	16
6447	16.00	16
6449	16.00	16
6451	16.00	16
6453	16.00	16
6455	16.00	16
6457	16.00	16
6459	16.00	16
6461	16.00	16
6463	16.00	16
6465	16.00	16
6467	16.00	16
6469	16.00	16
6471	16.00	16
6473	16.00	16
6475	16.00	16
6477	16.00	16
6479	16.00	16
6481	16.00	16
6483	16.00	16
6485	16.00	16
6487	16.00	16
6489	16.00	16
6491	16.00	16
6493	16.00	16
6495	16.00	16
6497	16.00	16
6499	16.00	16
6501	16.00	16
6503	16.00	16
6505	16.00	16
6507	16.00	16
6509	16.00	16
6511	16.00	16
6513	16.00	16
6515	16.00	16
6517	16.00	16
6519	16.00	16
6521	16.00	16
6523	16.00	16
6525	16.00	16
6527	16.00	16
6529	16.00	16
6531	16.00	16
6533	16.00	16
6535	16.00	16
6537	16.00	16
6539	16.00	16
6541	16.00	16
6543	16.00	16
6545	16.00	16
6547	16.00	16
6549	16.00	16
6551	16.00	16
6553	16.00	16
6555	16.00	16
6557	16.00	16
6559	16.00	16
6561	16.00	16
6563	16.00	16
6565	16.00	16
6567	16.00	16
6569	16.00	16
6571	16.00	16
6573	16.00	16
6575	16.00	16
6577	16.00	16
6579	16.00	16
6581	16.00	16
6583	16.00	16
6585	16.00	16
6587	16.00	16
6589	16.00	16
6591	16.00	16
6593	16.00	16
6595	16.00	16
6597	16.00	16
6599	16.00	16
6601	16.00	16
6603	16.00	16
6605	16.00	16
6607	16.00	16
6609	16.00	16
6611	16.00	16
6613	16.00	16
6615	16.00	16
6617	16.00	16
6619	16.00	16
6621	16.00	16
6623	16.00	16
6625	16.00	16
6627	16.00	16
6629	16.00	16
6631	16.00	16
6633	16.00	16
6635	16.00	16
6637	16.00	16
6639	16.00	16
6641	16.00	16
6643	16.00	16
6645	16.00	16
6647	16.00	16
6649	16.00	16
6651	16.00	16
6653	16.00	16
6655	16.00	16
6657	16.00	16
6659	16.00	16
6661	16.00	16
6663	16.00	16
6665	16.00	16
6667	16.00	16
6669	16.00	16
6671	16.00	16
6673	16.00	16
6675	16.00	16
6677	16.00	16
6679	16.00	16
6681	16.00	16
6683	16.00	16
6685	16.00	16
6687	16.00	16
6689	16.00	16
6691	16.00	16
6693	16.00	16
6695	16.00	16
6697	16.00	16
6699	16.00	16
6701	16.00	16
6703	16.00	16
6705	16.00	16
6707	16.00	16
6709	16.00	16
6711	16.00	16
6713	16.00	16
6715	16.00	16
6717	16.00	16
6719	16.00	16
6721	16.00	16
6723	16.00	16
6725	16.00	16
6727	16.00	16
6729	16.00	16
6731	16.00	16
6733	16.00	16
6735	16.00	16
6737	16.00	16
6739	16.00	16
6741	16.00	16
6743	16.00	16
6745	16.00	16
6747	16.00	16
6749	16.00	16
6751	16.00	16
6753	16.00	16
6755	16.00	16
6757	16.00	16
6759	16.00	16
6761	16.00	16
6763	16.00	16
6765	16.00	16
6767	16.00	16
6769	16.00	16
6771	16.00	16
6773	16.00	16
6775	16.00	16
6777	16.00	16
6779	16.00	16
6781	16.00	16
6783	16.00	16
6785	16.00	16
6787	16.00	16
6789	16.00	16
6791	16.00	16
6793	16.00	16
6795	16.00	16
6797	16.00	16
6799	16.00	16
6801	16.00	16
6803	16.00	16
6805	16.00	16
6807	16.00	16
6809	16.00	16
6811	16.00	16
6813	16.00	16
6815	16.00	16
6817	16.00	16
6819	16.00	16
6821	16.00	16
6823	16.00	16
6825	16.00	16
6827	16.00	16
6829	16.00	16
6831	16.00	16
6833	16.00	16
6835	16.00	16
6837	16.00	16
6839	16.00	16
6841	16.00	16
6843	16.00	16
6845	16.00	16
6847	16.00	16
6849	16.00	16
6851	16.00	16
6853	16.00	16
6855	16.00	16
6857	16.00	16
6859	16.00	16
6861	16.00	16
6863	16.00	16
6865	16.00	16
6867	16.00	16
6869	16.00	16
6871	16.00	16
6873	16.00	16
6875	16.00	16
6877	16.00	16
6879	16.00	16
6881	16.00	16
6883	16.00	16
6885	16.00	16
6887	16.00	16
6889	16.00	16
6891	16.00	16
6893	16.00	16
6895	16.00	16
6897	16.00	16
6899	16.00	16
6901	16.00	16
6903	16.00	16
6905	16.00	16
6907	16.00	16
6909	16.00	16
6911	16.00	16
6913	16.00	16
6915	16.00	16
6917	16.00	16
6919	16.00	16
6921	16.00	16
6923	16.00	16
6925	16.00	16
6927	16.00	16
6929	16.00	16
6931	16.00	16
6933	16.00	16
6935	16.00	16
6937	16.00	16
6939	16.00	16
6941	16.00	16
6943	16.00	16
6945	16.00	16
6947	16.00	16
6949	16.00	16
6951	16.00	16
6953	16.00	16
6955	16.00	16
6957	16.00	16
6959	16.00	16
6961	16.00	16
6963	16.00	16
6965	16.00	16
6967	16.00	16
6969	16.00	16
6971	16.00	16
6973	16.00	16
6975	16.00	16
6977	16.00	16
6979	16.00	16
6981	16.00	16
6983	16.00	16
6985	16.00	16
6987	16.00	16
6989	16.00	16
6991	16.00	16
6993	16.00	16
6995	16.00	16
6997	16.00	16
6999	16.00	16
7001	16.00	16
7003	16.00	16
7005	16.00	16
7007	16.00	16
7009	16.00	16
7011	16.00	16
7013	16.00	16
7015	16.00	16
7017	16.00	16
7019	16.00	16
7021	16.00	16
7023	16.00	16
7025	16.00	16
7027	16.00	16
7029	16.00	16
7031	16.00	16
7033	16.00	16
7035	16.00	16
7037	16.00	16
7039	16.00	16
7041	16.00	16
7043	16.00	16
7045	16.00	16
7047	16.00	16
7049	16.00	16
7051	16.00	16
7053	16.00	16
7055	16.00	16
7057	16.00	16
7059	16.00	16
7061	16.00	16
7063	16.00	16
7065	16.00	16
7067	16.00	16
7069	16.00	16
7071	16.00	16
7073	16.00	16
7075	16.00	16
7077	16.00	16
7079	16.00	16
7081	16.00	16
7083	16.00	16
7085	16.00	16
7087	16.00	16
7089	16.00	16
7091	16.00	16
7093	16.00	16
7095	16.00	16
7097	16.00	16
7099	16.00	16
7101	16.00	16
7103	16.00	16
7105	16.00	16
7107	16.00	16
7109	16.00	16
7111	16.00	16
7113	16.00	16
7115	16.00	16
7117	16.00	16
7119	16.00	16
7121	16.00	16
7123	16.00	16
7125	16.00	16
7127	16.00	16
7129	16.00	16
7131	16.00	16
7133	16.00	16
7135	16.00	16
7137	16.00	16
7139	16.00	16
7141	16.00	16
7143	16.00	16
7145	16.00	16
7147	16.00	16
7149	16.00	16
7151	16.00	16
7153	16.00	16
7155	16.00	16
7157	16.00	16
7159	16.00	16
7161	16.00	16
7163	16.00	16
7165	16.00	16
7167	16.00	16
7169	16.00	16
7171	16.00	16
7173	16.00	16
7175	16.00	16
7177	16.00	16
7179	16.00	16
7181	16.00	16
7183	16.00	16
7185	16.00	16
7187	16.00	16
7189	16.00	16
7191	16.00	16
7193	16.00	16
7195	16.00	16
7197	16.00	16
7199	16.00	16
7201	16.00	16
7203	16.00	16
7205	16.00	16
7207	16.00	16
7209	16.00	16
7211	16.00	16
7213	16.00	16
7215	16.00	16
7217	16.00	16
7219	16.00	16
7221	16.00	16
7223	16.00	16
7225	16.00	16
7227	16.00	16
7229	16.00	16
7231	16.00	16
7233	16.00	16
7235	16.00	16
7237	16.00	16
7239	16.00	16
7241	16.00	16
7243	16.00	16
7245	16.00	16
7247	16.00	16
7249	16.00	16
7251	16.00	16
7253	16.00	16
7255	16.00	16
7257	16.00	16
7259	16.00	16
7261	16.00	16
7263	16.00	16
7265	16.00	16
7267	16.00	16
7269	16.00	16
7271	16.00	16
7273	16.00	16
7275	16.00	16
7277	16.00	16
7279	16.00	16
7281	16.00	16
7283	16.00	16
7285	16.00	16
7287	16.00	16
7289	16.00	16
7291	16.00	16
7293	16.00	16
7295	16.00	16
7297	16.00	16
7299	16.00	16
7301	16.00	16
7303	16.00	16
7305	16.00	16
7307	16.00	16
7309	16.00	16
7311	16.00	16
7313	16.00	16
7315	16.00	16
7317	16.00	16
7319	16.00	16
7321	16.00	16
7323	16.00	16
7325	16.00	16
7327	16.00	16
7329	16.00	16
7331	16.00	16
7333	16.00	16
7335	16.00	16
7337	16.00	16
7339	16.00	16
7341	16.00	16
7343	16.00	16
7345	16.00	16
7347	16.00	16
7349	16.00	16
7351	16.00	16
7353	16.00	16
7355	16.00	16
7357	16.00	16
7359	16.00	16
7361	16.00	16
7363	16.00	16
7365	16.00	16
7367	16.00	16
7369	16.00	16
7371	16.00	16
7373	16.00	16
7375	16.00	16
7377	16.00	16
7379	16.00	16
7381	16.00	16
7383	16.00	16
7385	16.00	16
7387	16.00	16
7389	16.00	16
7391	16.00	16
7393	16.00	16
7395	16.00	16
7397	16.00	16
7399	16.00	16
7401	16.00	16
7403	16.00	16
7405	16.00	16
7407	16.00	16
7409	16.00	16
7411	16.00	16
7413	16.00	16
7415	16.00	16
7417	16.00	16
7419	16.00	16
7421	16.00	16
7423	16.00	16
7425	16.00	16
7427	16.00	16
7429	16.00	16
7431	16.00	16
7433	16.00	16
7435	16.00	16
7437	16.00	16
7439	16.00	16
7441	16.00	16
7443	16.00	16
7445	16.00	16
7447	16.00	16
7449	16.00	16
7451	16.00	16
7453	16.00	16
7455	16.00	16
7457	16.00	16
7459	16.00	16
7461	16.00	16
7463	16.00	16
7465	16.00	16
7467	16.00	16
7469	16.00	16
7471	16.00	16
7473	16.00	16
7475	16.00	16
7477	16.00	16
7479	16.00	16
7481	16.00	16
7483	16.00	16
7485	16.00	16
7487	16.00	16
7489	16.00	16
7491	16.00	16
7493	16.00	16
7495	16.00	16
7497	16.00	16
7499	16.00	16
7501	16.00	16
7503	16.00	16
7505	16.00	16
7507	16.00	16
7509	16.00	16
7511	16.00	16
7513	16.00	16
7515	16.00	16
7517	16.00	16
7519	16.00	16
7521	16.00	16
7523	16.00	16
7525	16.00	16
7527	16.00	16
7529	16.00	16
7531	16.00	16
7533	16.00	16
7535	16.00	16
7537	16.00	16
7539	16.00	16
7541	16.00	16
7543	16.00	16
7545	16.00	16
7547	16.00	16
7549	16.00	16
7551	16.00	16
7553	16.00	16
7555	16.00	16
7557	16.00	16
7559	16.00	16
7561	16.00	16
7563	16.00	16
7565	16.00	16
7567	16.00	16
7569	16.00	16
7571	16.00	16
7573	16.00	16
7575	16.00	16
7577	16.00	16
7579	16.00	16
7581	16.00	16
7583	16.00	16
7585	16.00	16
7587	16.00	16
7589	16.00	16
7591	16.00	16
7593	16.00	16
7595	16.00	16
7597	16.00	16
7599	16.00	16
7601	16.00	16
7603	16.00	16
7605	16.00	16
7607	16.00	16
7609	16.00	16
7611	16.00	16
7613	16.00	16
7615	16.00	16
7617	16.00	16
7619	16.00	16
7621	16.00	16
7623	16.00	16
7625	16.00	16
7627	16.00	16
7629	16.00	16
7631	16.00	16
7633	16.00	16
7635	16.00	16
7637	16.00	16
7639	16.00	16
7641	16.00	16
7643	16.00	16
7645	16.00	16
7647	16.00	16
7649	16.00	16
7651	16.00	16
7653	16.00	16
7655	16.00	16
7657	16.00	16
7659	16.00	16
7661	16.00	16
7663	16.00	16
7665	16.00	16
7667	16.00	16
7669	16.00	16
7671	16.00	16
7673	16.00	16
7675	16.00	16
7677	16.00	16
7679	16.00	16
7681	16.00	16
7683	16.00	16
7685	16.00	16
7687	16.00	16
7689	16.00	16
7691	16.00	16
7693	16.00	16
7695	16.00	16
7697	16.00	16
7699	16.00	16
7701	16.00	16
7703	16.00	16
7705	16.00	16
7707	16.00	16
7709	16.00	16
7711	16.00	16
7713	16.00	16
7715	16.00	16
7717	16.00	16
7719	16.00	16
7721	16.00	16
7723	16.00	16
7725	16.00	16
7727	16.00	16
7729	16.00	16
7731	16.00	16
7733	16.00	16
7735	16.00	16
7737	16.00	16
7739	16.00	16
7741	16.00	16
7743	16.00	16
7745	16.00	16
7747	16.00	16
7749	16.00	16
7751	16.00	16
7753	16.00	16
7755	16.00	16
7757	16.00	16
7759	16.00	16
7761	16.00	16
7763	16.00	16
7765	16.00	16
7767	16.00	16
7769	16.00	16
7771	16.00	16
7773	16.00	16
7775	16.00	16
7777	16.00	16
7779	16.00	16
7781	16.00	16
7783	16.00	16
7785	16.00	16
7787	16.00	16
7789	16.00	16
7791	16.00	16
7793	16.00	16
7795	16.00	16
7797	16.00	16
7799	16.00	16
7801	16.00	16
7803	16.00	16
7805	16.00	16
7807	16.00	16
7809	16.00	16
7811	16.00	16
7813	16.00	16
7815	16.00	16
7817	16.00	16
7819	16.00	16
7821	16.00	16
7823	16.00	16
7825	16.00	16
7827	16.00	16
7829	16.00	16
7831	16.00	16
7833	16.00	16
7835	16.00	16
7837	16.00	16
7839	16.00	16
7841	16.00	16
7843	16.00	16
7845	16.00	16
7847	16.00	16
7849	16.00	16
7851	16.00	16
7853	16.00	16
7855	16.00	16
7857	16.00	16
7859	16.00	16
7861	16.00	16
7863	16.00	16
7865	16.00	16
7867	16.00	16
7869	16.00	16
7871	16.00	16
7873	16.00	16
7875	16.00	16
7877	16.00	16
7879	16.00	16
7881	16.00	16
7883	16.00	16
7885	16.00	16
7887	16.00	16
7889	16.00	16
7891	16.00	16
7893	16.00	16
7895	16.00	16
7897	16.00	16
7899	16.00	16
7901	16.00	16
7903	16.00	16
7905	16.00	16
7907	16.00	16
7909	16.00	16
7911	16.00	16
7913	16.00	16
7915	16.00	16
7917	16.00	16
7919	16.00	16
7921	16.00	16
7923	16.00	16
7925	16.00	16
7927	16.00	16
7929	16.00	16
7931	16.00	16
7933	16.00	16
7935	16.00	16
7937	16.00	16
7939	16.00	16
7941	16.00	16
7943	16.00	16
7945	16.00	16
7947	16.00	16
7949	16.00	16
7951	16.00	16
7953	16.00	16
7955	16.00	16
7957	16.00	16
7959	16.00	16
7961	16.00	16
7963	16.00	16
7965	16.00	16
7967	16.00	16
7969	16.00	16
7971	16.00	16
7973	16.00	16
7975	16.00	16
7977	16.00	16
7979	16.00	16
7981	16.00	16
7983	16.00	16
7985	16.00	16
7987	16.00	16
7989	16.00	16
7991	16.00	16
7993	16.00	16
7995	16.00	16
7997	16.00	16
7999	16.00	16
8001	16.00	16
8003	16.00	16
8005	16.00	16
8007	16.00	16
8009	16.00	16
8011	16.00	16
8013	16.00	16
8015	16.00	16
8017	16.00	16
8019	16.00	16
8021	16.00	16
8023	16.00	16
8025	16.00	16
8027	16.00	16
8029	16.00	16
8031	16.00	16
8033	16.00	16
8035	16.00	16
8037	16.00	16
8039	16.00	16
8041	16.00	16
8043	16.00	16
8045	16.00	16
8047	16.00	16
8049	16.00	16
8051	16.00	16
8053	16.00	16
8055	16.00	16
8057	16.00	16
8059	16.00	16
8061	16.00	16
8063	16.00	16
8065	16.00	16
8067	16.00	16
8069	16.00	16
8071	16.00	16
8073	16.00	16
8075	16.00	16
8077	16.00	16
8079	16.00	16
8081	16.00	16
8083	16.00	16
8085	16.00	16
8087	16.00	16
8089	16.00	16
8091	16.00	16
8093	16.00	16
8095	16.00	16
8097	16.00	16
8099	16.00	16
8101	16.00	16
8103	16.00	16
8105	16.00	16
8107	16.00	16
8109	16.00	16
8111	16.00	16
8113	16.00	16
8115	16.00	16
8117	16.00	16
8119	16.00	16
8121	16.00	16
8123	16.00	16
8125	16.00	16
8127	16.00	16
8129	16.00	16
8131	16.00	16
8133	16.00	16
8135	16.00	16
8137	16.00	16
8139	16.00	16
8141	16.00	16
8143	16.00	16
8145	16.00	16
8147	16.00	16
8149	16.00	16
8151	16.00	16
8153	16.00	16
8155	16.00	16
8157	16.00	16
8159	16.00	16
8161	16.00	16
8163	16.00	16
8165	16.00	16
8167	16.00	16
8169	16.00	16
8171	16.00	16
8173	16.00	16
8175	16.00	16
8177	16.00	16
8179	16.00	16
8181	16.00	16
8183	16.00	16
8185	16.00	16
8187	16.00	16
8189	16.00	16
8191	16.00	16
8193	16.00	16
8195	16.00	16
8197	16.00	16
8199	16.00	16
8201	16.00	16
8203	16.00	16
8205	16.00	16
8207	16.00	16
8209	16.00	16
8211	16.00	16
8213	16.00	16
8215	16.00	16
8217	16.00	16
8219	16.00	16
8221	16.00	16
8223	16.00	16
8225	16.00	16
8227	16.00	16
8229	16.00	16
8231	16.00	16
8233	16.00	16
8235	16.00	16
8237	16.00	16
8239	16.00	16
8241	16.00	16
8243	16.00	16
8245	16.00	16
8247	16.00	16
8249	16.00	16
8251	16.00	16
8253	16.00	16
8255	16.00	16
8257	16.00	16
8259	16.00	16
8261	16.00	16
8263	16.00	16
8265	16.00	16
8267	16.00	16
8269	16.00	16
8271	16.00	16
8273	16.00	16
8275	16.00	16
8277	16.00	16
8279	16.00	16
8281	16.00	16
8283	16.00	16
8285	16.00	16
8287	16.00	16
8289	16.00	16
8291	16.00	16
8293	16.00	16
8295	16.00	16
8297	16.00	16
8299	16.00	16
8301	16.00	16
8303	16.00	16
8305	16.00	16
8307	16.00	16
8309	16.00	16
8311	16.00	16
8313	16.00	16
8315	16.00	16
8317	16.00	16
8319	16.00	16
8321	16.00	16
8323	16.00	16
8325	16.00	16
8327	16.00	16
8329	16.00	16
8331	16.00	16
8333	16.00	16
8335	16.00	16
8337	16.00	16
8339	16.00	16
8341	16.00	16
8343	16.00	16
8345	16.00	16
8347	16.00	16
8349	16.00	16
8351	16.00	16
8353	16.00	16
8355	16.00	16
8357	16.00	16
8359	16.00	16
8361	16.00	16
8363	16.00	16
8365	16.00	16
8367	16.00	16
8369	16.00	16
8371	16.00	16
8373	16.00	16
8375	16.00	16
8377	16.00	16
8379	16.00	16
8381	16.00	16
8383	16.00	16
8385	16.00	16
8387	16.00	16
8389	16.00	16
8391	16.00	16
8393	16.00	16
8395	16.00	16
8397	16.00	16
8399	16.00	16
8401	16.00	16
8403	16.00	16
8405	16.00	16
8407	16.00	16
8409	16.00	16
8411	16.00	16
8413	16.00	16
8415	16.00	16
8417	16.00	16
8419	16.00	16
8421	16.00	16
8423	16.00	16
8425	16.00	16
8427	16.00	16
8429	16.00	16
8431	16.00	16
8433	16.00	16
8435	16.00	16
8437	16.00	16
8439	16.00	16
8441	16.00	16
8443	16.00	16
8445	16.00	16
8447	16.00	16
8449	16.00	16
8451	16.00	16
8453	16.00	16
8455	16.00	16
8457	16.00	16
8459	16.00	16
8461	16.00	16
8463	16.00	16
8465	16.00	16
8467	16.00	16
8469	16.00	16
8471	16.00	16
8473	16.00	16
8475	16.00	16
8477	16.00	16
8479	16.00	16
8481	16.00	16
8483	16.00	16
8485	16.00	16
8487	16.00	16
8489	16.00	16
8491	16.00	16
8493	16.00	16
8495	16.00	16
8497	16.00	16
8499	16.00	16
8501	16.00	16
8503	16.00	16
8505	16.00	16
8507	16.00	16
8509	16.00	16
8511	16.00	16
8513	16.00	16
8515	16.00	16
8517	16.00	16
8519	16.00	16
8521	16.00	16
8523	16.00	16
8525	16.00	16
8527	16.00	16
8529	16.00	16
8531	16.00	16
8533	16.00	16
8535	16.00	16
8537	16.00	16
8539	16.00	16
8541	16.00	16
8543	16.00	16
8545	16.00	16
8547	16.00	16
8549	16.00	16
8551	16.00	16
8553	16.00	16
8555	16.00	16
8557	16.00	16
8559	16.00	16
8561	16.00	16
8563	16.00	16
8565	16.00	16
8567	16.00	16
8569	16.00	16
8571	16.00	16
8573	16.00	16
8575	16.00	16
8577	16.00	16
8579	16.00	16
8581	16.00	16
8583	16.00	16
8585	16.00	16
8587	16.00	16
8589	16.00	16
8591	16.00	16
8593	16.00	16
8595	16.00	16
8597	16.00	16
8599	16.00	16
8601	16.00	16
8603	16.00	16
8605	16.00	16
8607	16.00	16
8609	16.00	16
8611	16.00	16
8613	16.00	16
8615	16.00	16
8617	16.00	16
8619	16.00	16
8621	16.00	16
8623	16.00	16
8625	16.00	16
8627	16.00	16
8629	16.00	16
8631	16.00	16
8633	16.00	16
8635	16.00	16
8637	16.00	16
8639	16.00	16
8641	16.00	16
8643	16.00	16
8645	16.00	16
8647	16.00	16
8649	16.00	16
8651	16.00	16
8653	16.00	16
8655	16.00	16
8657	16.00	16
8659	16.00	16
8661	16.00	16
8663	16.00	16
8665	16.00	16
8667	16.00	16
8669	16.00	16
8671	16.00	16
8673	16.00	16
8675	16.00	16
8677	16.00	16
8679	16.00	16
8681	16.00	16
8683	16.00	16
8685	16.00	16
8687	16.00	16
8689	16.00	16
8691	16.00	16
8693	16.00	16
8695	16.00	16
8697	16.00	16
8699	16.00	16
8701	16.00	16
8703	16.00	16
8705	16.00	16
8707	16.00	16
8709	16.00	16
8711	16.00	16
8713	16.00	16
8715	16.00	16
8717	16.00	16
8719	16.00	16
8721	16.00	16
8723	16.00	16
8725	16.00	16
8727	16.00	16
8729	16.00	16
8731	16.00	16
8733	16.00	16
8735	16.00	16
8737	16.00	16
8739	16.00	16
8741	16.00	16
8743	16.00	16
8745	16.00	16
8747	16.00	16
8749	16.00	16
8751	16.00	16
8753	16.00	16
8755	16.00	16
8757	16.00	16
8759	16.00	16
8761	16.00	16
8763	16.00	16
8765	16.00	16
8767	16.00	16
8769	16.00	16
8771	16.00	16
8773	16.00	16
8775	16.00	16
8777	16.00	16
8779	16.00	16
8781	16.00	16
8783	16.00	16
8785	16.00	16
8787	16.00	16
8789	16.00	16
8791	16.00	16
8793	16.00	16
8795	16.00	16
8797	16.00	16
8799	16.00	16
8801	16.00	16
8803	16.00	16
8805	16.00	16
8807	16.00	16
8809	16.00	16
8811	16.00	16
8813	16.00	16
8815	16.00	16
8817	16.00	16
8819	16.00	16
8821	16.00	16
8823	16.00	16
8825	16.00	16
8827	16.00	16
8829	16.00	16
8831	16.00	16
8833	16.00	16
8835	16.00	16
8837	16.00	16
8839	16.00	16
8841	16.00	16
8843	16.00	16
8845	16.00	16
8847	16.00	16
8849	16.00	16
8851	16.00	16
8853	16.00	16
8855	16.00	16
8857	16.00	16
8859	16.00	16
8861	16.00	16
8863	16.00	16
8865	16.00	16
8867	16.00	16
8869	16.00	16
8871	16.00	16
8873	16.00	16
8875	16.00	16
8877	16.00	16
8879	16.00	16
8881	16.00	16
8883	16.00	16
8885	16.00	16
8887	16.00	16
8889	16.00	16
8891	16.00	16
8893	16.00	16
8895	16.00	16
8897	16.00	16
8899	16.00	16
8901	16.00	16
8903	16.00	16
8905	16.00	16
8907	16.00	16
8909	16.00	16
8911	16.00	16
8913	16.00	16
8915	16.00	16
8917	16.00	16
8919	16.00	16
8921	16.00	16
8923	16.00	16
8925	16.00	16
8927	16.00	16
8929	16.00	16
8931	16.00	16
8933	16.00	16
8935	16.00	16
8937	16.00	16
8939	16.00	16
8941	16.00	16
8943	16.00	16
8945	16.00	16
8947	16.00	16
8949	16.00	16
8951	16.00	16
8953	16.00	16
8955	16.00	16
8957	16.00	16
8959	16.00	16
8961	16.00	16
8963	16.00	16
8965	16.00	16
8967	16.00	16
8969	16.00	16
8971	16.00	16
8973	16.00	16
8975	16.00	16
8977	16.00	16
8979	16.00	16
8981	16.00	16
8983	16.00	16
8985	16.00	16
8987	16.00	16
8989	16.00	16
8991	16.00	16
8993	16.00	16
8995	16.00	16
8997	16.00	16
8999	16.00	16
9001	16.00	16
9003	16.00	16
9005	16.00	16
9007	16.00	16
9009	16.00	16
9011	16.00	16
9013	16.00	16
9015	16.00	16
9017	16.00	16
9019	16.00	16
9021	16.00	16
9023	16.00	16
9025	16.00	16
9027	16.00	16
9029	16.00	16
9031	16.00	16
9033	16.00	16
9035	16.00	16
9037	16.00	16
9039	16.00	16
9041	16.00	16
9043	16.00	16
9045	16.00	16
9047	16.00	16
9049	16.00	16
9051	16.00	16
9053	16.00	16
9055	16.00	16
9057	16.00	16
9059	16.00	16
9061	16.00	16
9063	16.00	16
9065	16.00	16
9067	16.00	16
9069	16.00	16
9071	16.00	16
9073	16.00	16
9075	16.00	16
9077	16.00	16
9079	16.00	16
9081	16.00	16
9083	16.00	16
9085	16.00	16
9087	16.00	16
9089	16.00	16
9091	16.00	16
9093	16.00	16
9095	16.00	16
9097	16.00	16
9099	16.00	16
9101	16.00	16
9103	16.00	16
9105	16.00	16
9107	16.00	16
9109	16.00	16
9111	16.00	16
9113	16.00	16
9115	16.00	16
9117	16.00	16
9119	16.00	16
9121	16.00	16
9123	16.00	16
9125	16.00	16
9127	16.00	16
9129	16.00	16
9131	16.00	16
9133	16.00	16
9135	16.00	16
9137	16.00	16
9139	16.00	16
9141	16.00	16
9143	16.00	16
9145	16.00	16
9147	16.00	16
9149	16.00	16
9151	16.00	16
9153	16.00	16
9155	16.00	16
9157	16.00	16
9159	16.00	16
9161	16.00	16
9163	16.00	16
9165	16.00	16
9167	16.00	16
9169	16.00	16
9171	16.00	16
9173	16.00	16
9175	16.00	16
9177	16.00	16
9179	16.00	16
9181	16.00	16
9183	16.00	16
9185	16.00	16
9187	16.00	16
9189	16.00	16
9191	16.00	16
9193	16.00	16
9195	16.00	16
9197	16.00	16
9199	16.00	16
9201	16.00	16
9203	16.00	16
9205	16.00	16
9207	16.00	16
9209	16.00	16
9211	16.00	16
9213	16.00	16
9215	16.00	16
9217	16.00	16
9219	16.00	16
9221	16.00	16
9223	16.00	16
9225	16.00	16
9227	16.00	16
9229	16.00	16
9231	16.00	16
9233	16.00	16
9235	16.00	16
9237	16.00	16
9239	16.00	16
9241	16.00	16
9243	16.00	16
9245	16.00	16
9247	16.00	16
9249	16.00	16
9251	16.00	16
9253	16.00	16
9255	16.00	16
9257	16.00	16
9259	16.00	16
9261	16.00	16
9263	16.00	16
9265	16.00	16
9267	16.00	16
9269	16.00	16
9271	16.00	16
9273	16.00	16
9275	16.00	16
9277	16.00	16
9279	16.00	16
9281	16.00	16
9283	16.00	16
9285	16.00	16
9287	16.00	16
9289	16.00	16
9291	16.00	16
9293	16.00	16
9295	16.00	16
9297	16.00	16
9299	16.00	16
9301	16.00	16
9303	16.00	16
9305	16.00	16
9307	16.00	16
9309	16.00	16
9311	16.00	16
9313	16.00	16
9315	16.00	16
9317	16.00	16
9319	16.00	16
9321	16.00	16
9323	16.00	16
9325	16.00	16
9327	16.00	16
9329	16.00	16
9331	16.00	16
9333	16.00	16
9335	16.00	16
9337	16.00	16
9339	16.00	16
9341	16.00	16
9343	16.00	16
9345	16.00	16
9347	16.00	16
9349	16.00	16
9351	16.00	16
9353	16.00	16
9355	16.00	16
9357	16.00	16
9359	16.00	16
9361	16.00	16
9363	16.00	16
9365	16.00	16
9367	16.00	16
9369	16.00	16
9371	16.00	16
9373	16.00	16
9375	16.00	16
9377	16.00	16
9379	16.00	16
9381	16.00	16
9383	16.00	16
9385	16.00	16
9387	16.00	16
9389	16.00	16
9391	16.00	16
9393	16.00	16
9395	16.00	16
9397	16.00	16
9399	16.00	16
9401	16.00	16
9403	16.00	16
9405	16.00	16
9407	16.00	16
9409	16.00	16
9411	16.00	16
9413	16.00	16
9415	16.00	16
9417	16.00	16
9419	16.00	16
9421	16.00	16
9423	16.00	16
9425	16.00	16
9427	16.00	16
9429	16.00	16
9431	16.00	16
9433	16.00	16
9435	16.00	16
9437	16.00	16
9439	16.00	16
9441	16.00	16
9443	16.00	16
9445	16.00	16
9447	16.00	16
9449	16.00	16
9451	16.00	16
9453	16.00	16
9455	16.00	16
9457	16.00	16
9459	16.00	16
9461	16.00	16
9463	16.00	16
9465	16.00	16
9467	16.00	16
9469	16.00	16
9471	16.00	16
9473	16.00	16
9475	16.00	16
9477	16.00	16
9479	16.00	16
9481	16.00	16
9483	16.00	16
9485	16.00	16
9487	16.00	16
9489	16.00	16
9491	16.00	16
9493	16.00	16
9495	16.00	16
9497	16.00	16
9499	16.00	16
9501	16.00	16
9503	16.00	16
9505	16.00	16
9507	16.00	16
9509	16.00	16
9511	16.00	16
9513	16.00	16
9515	16.00	16
9517	16.00	16
9519	16.00	16
9521	16.00	16
9523	16.00	16
9525	16.00	16
9527	16.00	16
9529	16.00	16
9531	16.00	16
9533	16.00	16
9535	16.00	16
9537	16.00	16
9539	16.00	16
9541	16.00	16
9543	16.00	16
9545	16.00	16
9547	16.00	16
9549	16.00	16
9551	16.00	16
9553	16.00	16
9555	16.00	16
9557	16.00	16
9559	16.00	16
9561	16.00	16
9563	16.00	16
9565	16.00	16
9567	16.00	16
9569	16.00	16
9571	16.00	16
9573	16.00	16
9575	16.00	16
9577	16.00	16
9579	16.00	16
9581	16.00	16
9583	16.00	16
9585	16.00	16
9587	16.00	16
9589	16.00	16
9591	16.00	16
9593	16.00	16
9595	16.00	16
9597	16.00	16
9599	16.00	16
9601	16.00	16
9603	16.00	16
9605	16.00	16
9607	16.00	16
9609	16.00	16
9611	16.00	16
9613	16.00	16
9615	16.00	16
9617	16.00	16
9619	16.00	16
9621	16.00	16
9623	16.00	16
9625	16.00	16
9627	16.00	16
9629	16.00	16
9631	16.00	16
9633	16.00	16
9635	16.00	16
9637	16.00	16
9639	16.00	16
9641	16.00	16
9643	16.00	16
9645	16.00	16
9647	16.00	16
9649	16.00	16
9651	16.00	16
9653	16.00	16
9655	16.00	16
9657	16.00	16
9659	16.00	16
9661	16.00	16
9663	16.00	16
9665	16.00	16
9667	16.00	16
9669	16.00	16
9671	16.00	16
9673	16.00	16
9675	16.00	16
9677	16.00	16
9679	16.00	16
9681	16.00	16
9683	16.00	16
9685	16.00	16
9687	16.00	16
9689	16.00	16
9691	16.00	16
9693	16.00	16
9695	16.00	16
9697	16.00	16
9699	16.00	16
9701	16.00	16
9703	16.00	16
9705	16.00	16
9707	16.00	16
9709	16.00	16
9711	16.00	16
9713	16.00	16
9715	16.00	16
9717	16.00	16
9719	16.00	16
9721	16.00	16
9723	16.00	16
9725	16.00	16
9727	16.00	16
9729	16.00	16
9731	16.00	16
9733	16.00	16
9735	16.00	16
9737	16.00	16
9739	16.00	16
9741	16.00	16
9743	16.00	16
9745	16.00	16
9747	16.00	16
9749	16.00	16
9751	16.00	16
9753	16.00	16
9755	16.00	16
9757	16.00	16
9759	16.00	16
9761	16.00	16
9763	16.00	16
9765	16.00	16
9767	16.00	16
9769	16.00	16
9771	16.00	16
9773	16.00	16
9775	16.00	16
9777	16.00	16
9779	16.00	16
9781	16.00	16
9783	16.00	16
9785	16.00	16
9787	16.00	16
9789	16.00	16
9791	16.00	16
9793	16.00	16
9795	16.00	16
9797	16.00	16
9799	16.00	16
9801	16.00	16
9803	16.00	16
9805	16.00	16
9807	16.00	16
9809	16.00	16
9811	16.00	16
9813	16.00	16
9815	16.00	16
9817	16.00	16
9819	16.00	16
9821	16.00	16
9823	16.00	16
9825	16.00	16
9827	16.00	16
9829	16.00	16
9831	16.00	16
9833	16.00	16
9835	16.00	16
9837	16.00	16
9839	16.00	16
9841	16.00	16
9843	16.00	16
9845	16.00	16
9847	16.00	16
9849	16.00	16
9851	16.00	16
9853	16.00	16
9855	16.00	16
9857	16.00	16
9859	16.00	16
9861	16.00	16
9863	16.00	16
9865	16.00	16
9867	16.00	16
9869	16.00	16
9871	16.00	16
9873	16.00	16
9875	16.00	16
9877	16.00	16
9879	16.00	16
9881	16.00	16
9883	16.00	16
9885	16.00	16
9887	16.00	16
9889	16.00	16
9891	16.00	16
9893	16.00	16
9895	16.00	16
9897	16.00	16
9899	16.00	16
9901	16.00	16
9903	16.00	16
9905	16.00	16
9907	16.00	16
9909	16.00	16
9911	16.00	16
9913	16.00	16
9915	16.00	16
9917	16.00	16
9919	16.00	16
9921	16.00	16
9923	16.00	16
9925	16.00	16
9927	16.00	16
9929	16.00	16
9931	16.00	16
9933	16.00	16
9935	16.00	16
9937	16.00	16
9939	16.00	16
9941	16.00	16
9943	16.00	16
9945	16.00	16
9947	16.00	16
9949	16.00	16
9951	16.00	16
9953	16.00	16
9955	16.00	16
9957	16.00	16
9959	16.00	16
9961	16.00	16
9963	16.00	16
9965	16.00	16
9967	16.00	16
9969	16.00	16
9971	16.00	16
9973	16.00	16
9975	16.00	16
9977	16.00	16
9979	16.00	16
9981	16.00	16
9983	16.00	16
9985	16.00	16
9987	16.00	16
9989	16.00	16
9991	16.00	16
9993	16.00	16
9995	16.00	16
9997	16.00	16
9999	16.00	16
Run 4
5	-36.00	6
7	-18.00	6
9	-6.60	9
11	1.80	9
13	2.00	9
15	2.00	9
17	4.00	9
19	5.40	9
21	5.80	9
23	5.80	9
25	5.80	9
27	5.80	9
29	6.20	9
31	6.20	9
33	6.20	9
35	7.00	9
37	7.00	9
39	7.00	9
41	7.00	9
43	7.00	9
45	7.00	9
47	7.00	9
49	7.00	9
51	7.00	9
53	7.00	9
55	7.00	9
57	7.40	9
59	7.40	9
61	7.40	9
63	7.40	9
65	7.40	9
67	7.40	9
69	7.40	9
71	7.40	9
73	7.40	9
75	7.40	9
77	7.40	9
79	7.40	9
81	7.40	9
83	7.40	9
85	7.40	9
87	7.40	9
89	7.40	9
91	7.40	9
93	7.40	9
95	7.40	9
97	7.40	9
99	7.40	9
101	7.40	9
103	7.80	9
105	7.80	9
107	7.80	9
109	7.80	9
111	8.40	9
113	8.40	9
115	8.40	9
117	8.40	9
119	8.40	9
121	8.40	9
123	8.40	9
125	8.80	10
127	8.80	10
129	8.80	10
131	8.80	10
133	8.80	10
135	8.80	10
137	8.80	10
139	8.80	10
141	8.80	10
143	8.80	10
145	8.80	10
147	8.80	10
149	8.80	10
151	8.80	10
153	8.80	10
155	8.80	10
157	8.80	10
159	8.80	10
161	8.80	10
163	8.80	10
165	8.80	10
167	8.80	10
169	8.80	10
171	9.00	10
173	9.00	10
175	9.00	10
177	9.00	10
179	9.20	10
181	9.20	10
183	9.20	10
185	9.20	10
187	9.20	10
189	9.20	10
191	9.20	10
193	9.20	10
195	9.20	10
197	9.20	10
199	9.20	10
201	9.20	10
203	9.20	10
205	9.20	10
207	9.20	10
209	9.20	10
211	9.20	10
213	9.20	10
215	9.20	10
217	9.20	10
219	9.20	10
221	9.20	10
223	9.20	10
225	9.20	10
227	9.20	10
229	9.20	10
231	9.20	10
233	9.20	10
235	9.20	10
237	9.20	10
239	9.20	10
241	9.20	10
243	9.20	10
245	9.20	10
247	9.20	10
249	9.40	10
251	9.40	10
253	9.40	10
255	9.40	10
257	9.40	10
259	9.40	10
261	9.40	10
263	9.40	10
265	9.40	10
267	9.40	10
269	9.40	10
271	9.40	10
273	9.40	10
275	9.40	10
277	9.40	10
279	9.40	10
281	9.40	10
283	9.40	10
285	9.40	10
287	9.40	10
289	9.40	10
291	9.40	10
293	9.40	10
295	9.40	10
297	9.40	10
299	9.40	10
301	9.40	10
303	9.40	10
305	9.40	10
307	9.60	10
309	9.60	10
311	9.60	10
313	9.60	10
315	9.80	10
317	9.80	10
319	9.80	10
321	9.80	10
323	9.80	10
325	9.80	10
327	9.80	10
329	9.80	10
331	9.80	10
333	9.80	10
335	9.80	10
337	9.80	10
339	9.80	10
341	9.80	10
343	9.80	10
345	9.80	10
347	9.80	10
349	9.80	10
351	9.80	10
353	9.80	10
355	9.80	10
357	9.80	10
359	9.80	10
361	9.80	10
363	9.80	10
365	9.80	10
367	9.80	10
369	9.80	10
371	9.80	10
373	9.80	10
375	9.80	10
377	9.80	10
379	9.80	10
381	9.80	10
383	9.80	10
385	10.40	12
387	10.40	12
389	10.40	12
391	10.40	12
393	10.40	12
395	10.40	12
397	10.40	12
399	10.40	12
401	10.40	12
403	10.40	12
405	10.40	12
407	10.40	12
409	10.40	12
411	10.40	12
413	10.40	12
415	10.40	12
417	10.40	12
419	10.40	12
421	10.40	12
423	10.40	12
425	10.40	12
427	10.40	12
429	10.40	12
431	10.40	12
433	10.40	12
435	10.40	12
437	10.40	12
439	10.40	12
441	10.40	12
443	10.40	12
445	10.40	12
447	10.40	12
449	10.40	12
451	10.40	12
453	10.40	12
455	10.40	12
457	10.40	12
459	10.40	12
461	10.40	12
463	10.40	12
465	10.40	12
467	10.40	12
469	10.40	12
471	10.40	12
473	10.40	12
475	10.40	12
477	10.40	12
479	10.40	12
481	10.40	12
483	10.40	12
485	10.40	12
487	10.40	12
489	10.40	12
491	10.40	12
493	10.40	12
495	10.40	12
497	10.40	12
499	10.40	12
501	10.40	12
503	10.40	12
505	10.40	12
507	10.40	12
509	10.40	12
511	10.40	12
513	10.40	12
515	10.40	12
517	10.40	12
519	10.40	12
521	10.40	12
523	10.40	12
525	10.40	12
527	10.40	12
529	10.40	12
531	10.40	12
533	10.40	12
535	10.40	12
537	10.40	12
539	10.40	12
541	10.40	12
543	10.40	12
545	10.40	12
547	10.40	12
549	10.40	12
551	10.40	12
553	10.40	12
555	10.40	12
557	10.40	12
559	10.40	12
561	10.40	12
563	10.40	12
565	10.40	12
567	10.40	12
569	10.40	12
571	10.40	12
573	10.40	12
575	10.40	12
577	10.40	12
579	10.40	12
581	10.40	12
583	10.40	12
585	10.40	12
587	10.40	12
589	10.40	12
591	10.40	12
593	10.40	12
595	10.40	12
597	10.40	12
599	10.40	12
601	10.40	12
603	10.40	12
605	10.40	12
607	10.40	12
609	10.40	12
611	10.40	12
613	10.40	12
615	10.40	12
617	10.40	12
619	10.40	12
621	10.40	12
623	10.40	12
625	10.40	12
627	10.40	12
629	10.40	12
631	10.40	12
633	10.80	12
635	10.80	12
637	10.80	12
639	10.80	12
641	10.80	12
643	10.80	12
645	10.80	12
647	10.80	12
649	10.80	12
651	10.80	12
653	10.80	12
655	10.80	12
657	10.80	12
659	10.80	12
661	10.80	12
663	10.80	12
665	11.20	12
667	11.20	12
669	11.20	12
671	11.20	12
673	11.20	12
675	11.20	12
677	11.20	12
679	11.20	12
681	11.20	12
683	11.20	12
685	11.20	12
687	11.20	12
689	11.20	12
691	11.20	12
693	11.20	12
695	11.20	12
697	11.20	12
699	11.20	12
701	11.20	12
703	11.20	12
705	11.20	12
707	11.20	12
709	11.20	12
711	11.20	12
713	11.20	12
715	11.20	12
717	11.20	12
719	11.20	12
721	11.20	12
723	11.20	12
725	11.20	12
727	11.20	12
729	11.20	12
731	11.20	12
733	11.20	12
735	11.20	12
737	11.20	12
739	11.20	12
741	11.20	12
743	11.20	12
745	11.20	12
747	11.20	12
749	11.20	12
751	11.20	12
753	11.20	12
755	11.20	12
757	11.20	12
759	11.20	12
761	11.20	12
763	11.20	12
765	11.20	12
767	11.20	12
769	11.20	12
771	11.20	12
773	11.20	12
775	11.20	12
777	11.20	12
779	11.20	12
781	11.20	12
783	11.20	12
785	11.20	12
787	11.20	12
789	11.20	12
791	11.20	12
793	11.60	12
795	11.60	12
797	11.60	12
799	11.60	12
801	11.60	12
803	11.60	12
805	11.60	12
807	11.60	12
809	12.00	12
811	12.00	12
813	12.00	12
815	12.00	12
817	12.20	13
819	12.20	13
821	12.20	13
823	12.20	13
825	12.20	13
827	12.20	13
829	12.20	13
831	12.20	13
833	12.20	13
835	12.20	13
837	12.20	13
839	12.20	13
841	12.20	13
843	12.20	13
845	12.20	13
847	12.20	13
849	12.20	13
851	12.20	13
853	12.60	14
855	12.60	14
857	12.60	14
859	12.60	14
861	12.60	14
863	12.60	14
865	12.60	14
867	12.60	14
869	12.60	14
871	12.60	14
873	12.60	14
875	12.60	14
877	12.60	14
879	12.60	14
881	12.60	14
883	12.60	14
885	12.60	14
887	12.60	14
889	12.60	14
891	12.60	14
893	12.60	14
895	12.60	14
897	12.60	14
899	12.60	14
901	12.60	14
903	12.60	14
905	12.60	14
907	12.60	14
909	12.60	14
911	12.60	14
913	12.60	14
915	12.60	14
917	12.60	14
919	12.60	14
921	12.60	14
923	12.60	14
925	12.60	14
927	12.60	14
929	12.60	14
931	12.60	14
933	12.60	14
935	12.60	14
937	12.60	14
939	12.60	14
941	12.60	14
943	12.60	14
945	12.60	14
947	12.60	14
949	12.60	14
951	12.60	14
953	12.60	14
955	12.60	14
957	12.60	14
959	12.60	14
961	12.60	14
963	12.60	14
965	12.60	14
967	12.60	14
969	12.60	14
971	12.60	14
973	12.60	14
975	12.60	14
977	12.60	14
979	12.60	14
981	12.60	14
983	12.60	14
985	12.60	14
987	12.60	14
989	12.60	14
991	12.60	14
993	12.60	14
995	12.60	14
997	12.60	14
999	12.60	14
1001	12.60	14
1003	12.60	14
1005	12.60	14
1007	12.60	14
1009	12.60	14
1011	12.60	14
1013	12.60	14
1015	12.60	14
1017	12.60	14
1019	12.60	14
1021	12.60	14
1023	12.60	14
1025	12.60	14
1027	12.60	14
1029	12.60	14
1031	12.60	14
1033	12.60	14
1035	12.60	14
1037	12.60	14
1039	12.60	14
1041	12.60	14
1043	12.60	14
1045	12.60	14
1047	12.60	14
1049	12.60	14
1051	12.60	14
1053	12.60	14
1055	12.60	14
1057	12.60	14
1059	12.60	14
1061	12.60	14
1063	12.60	14
1065	12.60	14
1067	12.60	14
1069	12.60	14
1071	12.60	14
1073	12.60	14
1075	12.60	14
1077	12.60	14
1079	12.60	14
1081	12.60	14
1083	12.60	14
1085	12.60	14
1087	12.60	14
1089	12.60	14
1091	12.60	14
1093	12.60	14
1095	12.60	14
1097	12.60	14
1099	12.60	14
1101	12.60	14
1103	12.60	14
1105	12.60	14
1107	12.60	14
1109	12.60	14
1111	12.60	14
1113	12.60	14
1115	12.60	14
1117	12.60	14
1119	12.60	14
1121	12.60	14
1123	12.60	14
1125	12.60	14
1127	12.60	14
1129	12.60	14
1131	12.60	14
1133	12.60	14
1135	12.60	14
1137	12.60	14
1139	12.60	14
1141	12.60	14
1143	12.60	14
1145	12.60	14
1147	12.60	14
1149	12.60	14
1151	12.60	14
1153	12.60	14
1155	12.60	14
1157	12.60	14
1159	12.60	14
1161	12.60	14
1163	12.60	14
1165	12.60	14
1167	12.60	14
1169	12.60	14
1171	12.60	14
1173	12.60	14
1175	12.60	14
1177	12.60	14
1179	12.60	14
1181	12.60	14
1183	12.60	14
1185	12.60	14
1187	12.60	14
1189	12.60	14
1191	12.60	14
1193	12.60	14
1195	12.60	14
1197	12.60	14
1199	12.60	14
1201	12.60	14
1203	12.60	14
1205	12.60	14
1207	12.60	14
1209	12.60	14
1211	12.60	14
1213	12.60	14
1215	12.60	14
1217	12.60	14
1219	12.60	14
1221	12.60	14
1223	12.60	14
1225	12.60	14
1227	12.60	14
1229	12.60	14
1231	12.60	14
1233	12.60	14
1235	12.60	14
1237	12.60	14
1239	12.60	14
1241	12.60	14
1243	12.60	14
1245	12.60	14
1247	12.60	14
1249	12.60	14
1251	12.60	14
1253	12.60	14
1255	12.60	14
1257	12.60	14
1259	12.60	14
1261	12.60	14
1263	12.60	14
1265	12.80	14
1267	12.80	14
1269	12.80	14
1271	12.80	14
1273	12.80	14
1275	12.80	14
1277	12.80	14
1279	12.80	14
1281	12.80	14
1283	12.80	14
1285	12.80	14
1287	12.80	14
1289	12.80	14
1291	12.80	14
1293	12.80	14
1295	12.80	14
1297	12.80	14
1299	12.80	14
1301	12.80	14
1303	12.80	14
1305	12.80	14
1307	12.80	14
1309	12.80	14
1311	12.80	14
1313	12.80	14
1315	12.80	14
1317	12.80	14
1319	12.80	14
1321	12.80	14
1323	12.80	14
1325	12.80	14
1327	12.80	14
1329	12.80	14
1331	12.80	14
1333	13.20	14
1335	13.20	14
1337	13.20	14
1339	13.20	14
1341	13.20	14
1343	13.20	14
1345	13.20	14
1347	13.20	14
1349	13.20	14
1351	13.20	14
1353	13.20	14
1355	13.20	14
1357	13.20	14
1359	13.20	14
1361	13.20	14
1363	13.20	14
1365	13.20	14
1367	13.20	14
1369	13.20	14
1371	13.20	14
1373	13.20	14
1375	13.20	14
1377	13.20	14
1379	13.20	14
1381	13.20	14
1383	13.20	14
1385	13.20	14
1387	13.20	14
1389	13.20	14
1391	13.20	14
1393	13.20	14
1395	13.20	14
1397	13.20	14
1399	13.20	14
1401	13.20	14
1403	13.20	14
1405	13.20	14
1407	13.20	14
1409	13.20	14
1411	13.20	14
1413	13.20	14
1415	13.20	14
1417	13.20	14
1419	13.20	14
1421	13.20	14
1423	13.20	14
1425	13.20	14
1427	13.20	14
1429	13.20	14
1431	13.20	14
1433	13.20	14
1435	13.20	14
1437	13.20	14
1439	13.20	14
1441	13.20	14
1443	13.20	14
1445	13.20	14
1447	13.20	14
1449	13.20	14
1451	13.20	14
1453	13.20	14
1455	13.20	14
1457	13.20	14
1459	13.20	14
1461	13.20	14
1463	13.20	14
1465	13.20	14
1467	13.20	14
1469	13.20	14
1471	13.20	14
1473	13.20	14
1475	13.20	14
1477	13.20	14
1479	13.20	14
1481	13.20	14
1483	13.20	14
1485	13.20	14
1487	13.20	14
1489	13.20	14
1491	13.20	14
1493	13.20	14
1495	13.20	14
1497	13.20	14
1499	13.20	14
1501	13.20	14
1503	13.20	14
1505	13.20	14
1507	13.20	14
1509	13.20	14
1511	13.20	14
1513	13.20	14
1515	13.20	14
1517	13.20	14
1519	13.20	14
1521	13.20	14
1523	13.20	14
1525	13.20	14
1527	13.20	14
1529	13.20	14
1531	13.20	14
1533	13.20	14
1535	13.20	14
1537	13.20	14
1539	13.20	14
1541	13.20	14
1543	13.20	14
1545	13.20	14
1547	13.20	14
1549	13.20	14
1551	13.20	14
1553	13.20	14
1555	13.20	14
1557	13.20	14
1559	13.20	14
1561	13.20	14
1563	13.20	14
1565	13.20	14
1567	13.20	14
1569	13.20	14
1571	13.20	14
1573	13.20	14
1575	13.20	14
1577	13.20	14
1579	13.20	14
1581	13.20	14
1583	13.20	14
1585	13.20	14
1587	13.20	14
1589	13.20	14
1591	13.20	14
1593	13.20	14
1595	13.20	14
1597	13.20	14
1599	13.20	14
1601	13.20	14
1603	13.20	14
1605	13.20	14
1607	13.20	14
1609	13.20	14
1611	13.20	14
1613	13.20	14
1615	13.20	14
1617	13.20	14
1619	13.20	14
1621	13.20	14
1623	13.20	14
1625	13.20	14
1627	13.20	14
1629	13.20	14
1631	13.20	14
1633	13.20	14
1635	13.20	14
1637	13.20	14
1639	13.20	14
1641	13.20	14
1643	13.20	14
1645	13.20	14
1647	13.20	14
1649	13.20	14
1651	13.20	14
1653	13.20	14
1655	13.20	14
1657	13.20	14
1659	13.20	14
1661	13.20	14
1663	13.20	14
1665	13.20	14
1667	13.20	14
1669	13.20	14
1671	13.20	14
1673	14.00	16
1675	14.00	16
1677	14.00	16
1679	14.00	16
1681	14.00	16
1683	14.00	16
1685	14.00	16
1687	14.00	16
1689	14.00	16
1691	14.00	16
1693	14.00	16
1695	14.00	16
1697	14.00	16
1699	14.00	16
1701	14.00	16
1703	14.00	16
1705	14.00	16
1707	14.00	16
1709	14.00	16
1711	14.00	16
1713	14.00	16
1715	14.00	16
1717	14.00	16
1719	14.00	16
1721	14.00	16
1723	14.00	16
1725	14.00	16
1727	14.00	16
1729	14.00	16
1731	14.00	16
1733	14.00	16
1735	14.00	16
1737	14.00	16
1739	14.00	16
1741	14.00	16
1743	14.00	16
1745	14.00	16
1747	14.00	16
1749	14.00	16
1751	14.00	16
1753	14.00	16
1755	14.00	16
1757	14.00	16
1759	14.00	16
1761	14.00	16
1763	14.00	16
1765	14.00	16
1767	14.00	16
1769	14.00	16
1771	14.60	16
1773	14.60	16
1775	14.60	16
1777	14.60	16
1779	14.60	16
1781	14.60	16
1783	14.60	16
1785	14.60	16
1787	14.60	16
1789	14.60	16
1791	14.60	16
1793	14.60	16
1795	14.60	16
1797	14.60	16
1799	14.60	16
1801	14.60	16
1803	14.60	16
1805	14.60	16
1807	14.60	16
1809	14.60	16
1811	14.60	16
1813	14.60	16
1815	14.60	16
1817	14.60	16
1819	14.60	16
1821	14.60	16
1823	14.60	16
1825	14.60	16
1827	14.60	16
1829	14.60	16
1831	14.60	16
1833	14.60	16
1835	14.60	16
1837	14.60	16
1839	14.60	16
1841	14.60	16
1843	14.60	16
1845	14.60	16
1847	14.60	16
1849	14.60	16
1851	14.60	16
1853	14.60	16
1855	14.60	16
1857	14.60	16
1859	14.60	16
1861	14.60	16
1863	14.60	16
1865	14.60	16
1867	14.60	16
1869	14.60	16
1871	14.60	16
1873	14.60	16
1875	14.60	16
1877	14.60	16
1879	14.60	16
1881	14.60	16
1883	14.60	16
1885	14.60	16
1887	14.60	16
1889	14.60	16
1891	14.60	16
1893	14.60	16
1895	14.60	16
1897	14.60	16
1899	14.60	16
1901	14.60	16
1903	14.60	16
1905	14.60	16
1907	14.60	16
1909	14.60	16
1911	14.60	16
1913	14.60	16
1915	14.60	16
1917	14.60	16
1919	14.60	16
1921	14.60	16
1923	14.60	16
1925	14.60	16
1927	14.60	16
1929	14.60	16
1931	14.60	16
1933	14.60	16
1935	14.60	16
1937	14.60	16
1939	14.60	16
1941	14.60	16
1943	14.60	16
1945	14.60	16
1947	14.60	16
1949	14.60	16
1951	14.60	16
1953	14.60	16
1955	14.60	16
1957	14.60	16
1959	14.60	16
1961	14.60	16
1963	14.60	16
1965	14.60	16
1967	14.60	16
1969	14.60	16
1971	14.60	16
1973	14.60	16
1975	14.60	16
1977	14.60	16
1979	14.60	16
1981	14.60	16
1983	14.60	16
1985	14.60	16
1987	14.60	16
1989	14.60	16
1991	14.60	16
1993	14.60	16
1995	14.60	16
1997	14.60	16
1999	14.60	16
2001	14.60	16
2003	14.60	16
2005	14.60	16
2007	14.60	16
2009	14.60	16
2011	14.60	16
2013	14.60	16
2015	14.60	16
2017	14.60	16
2019	14.60	16
2021	14.60	16
2023	14.60	16
2025	14.60	16
2027	14.60	16
2029	14.60	16
2031	14.60	16
2033	14.60	16
2035	14.60	16
2037	14.60	16
2039	14.60	16
2041	14.60	16
2043	14.60	16
2045	14.60	16
2047	14.60	16
2049	14.60	16
2051	14.60	16
2053	14.60	16
2055	14.60	16
2057	14.60	16
2059	14.60	16
2061	14.60	16
2063	14.60	16
2065	14.60	16
2067	14.60	16
2069	14.60	16
2071	14.60	16
2073	14.60	16
2075	14.60	16
2077	14.60	16
2079	14.60	16
2081	14.60	16
2083	14.60	16
2085	14.60	16
2087	14.60	16
2089	14.60	16
2091	14.60	16
2093	14.60	16
2095	14.60	16
2097	14.60	16
2099	14.60	16
2101	14.60	16
2103	14.60	16
2105	14.60	16
2107	14.60	16
2109	14.60	16
2111	14.60	16
2113	14.60	16
2115	14.60	16
2117	14.60	16
2119	14.60	16
2121	14.60	16
2123	14.60	16
2125	14.60	16
2127	14.60	16
2129	14.60	16
2131	14.60	16
2133	14.60	16
2135	14.60	16
2137	14.60	16
2139	14.60	16
2141	14.60	16
2143	14.60	16
2145	14.80	16
2147	14.80	16
2149	14.80	16
2151	14.80	16
2153	14.80	16
2155	14.80	16
2157	14.80	16
2159	14.80	16
2161	14.80	16
2163	14.80	16
2165	14.80	16
2167	14.80	16
2169	15.20	16
2171	15.20	16
2173	15.20	16
2175	15.20	16
2177	15.20	16
2179	15.20	16
2181	15.20	16
2183	15.20	16
2185	15.20	16
2187	15.20	16
2189	15.20	16
2191	15.20	16
2193	15.20	16
2195	15.20	16
2197	15.60	16
2199	15.60	16
2201	15.60	16
2203	15.60	16
2205	15.60	16
2207	15.60	16
2209	15.60	16
2211	15.60	16
2213	15.60	16
2215	15.60	16
2217	15.60	16
2219	15.60	16
2221	15.60	16
2223	15.60	16
2225	15.60	16
2227	15.60	16
2229	15.60	16
2231	16.00	16
2233	16.00	16
2235	16.00	16
2237	16.00	16
2239	16.00	16
2241	16.00	16
2243	16.00	16
2245	16.00	16
2247	16.00	16
2249	16.00	16
2251	16.00	16
2253	16.00	16
2255	16.00	16
2257	16.00	16
2259	16.00	16
2261	16.00	16
2263	16.00	16
2265	16.00	16
2267	16.00	16
2269	16.00	16
2271	16.00	16
2273	16.00	16
2275	16.00	16
2277	16.00	16
2279	16.00	16
2281	16.00	16
2283	16.00	16
2285	16.00	16
2287	16.00	16
2289	16.00	16
2291	16.00	16
2293	16.00	16
2295	16.00	16
2297	16.00	16
2299	16.00	16
2301	16.00	16
2303	16.00	16
2305	16.00	16
2307	16.00	16
2309	16.00	16
2311	16.00	16
2313	16.00	16
2315	16.00	16
2317	16.00	16
2319	16.00	16
2321	16.00	16
2323	16.00	16
2325	16.00	16
2327	16.00	16
2329	16.00	16
2331	16.00	16
2333	16.00	16
2335	16.00	16
2337	16.00	16
2339	16.00	16
2341	16.00	16
2343	16.00	16
2345	16.00	16
2347	16.00	16
2349	16.00	16
2351	16.00	16
2353	16.00	16
2355	16.00	16
2357	16.00	16
2359	16.00	16
2361	16.00	16
2363	16.00	16
2365	16.00	16
2367	16.00	16
2369	16.00	16
2371	16.00	16
2373	16.00	16
2375	16.00	16
2377	16.00	16
2379	16.00	16
2381	16.00	16
2383	16.00	16
2385	16.00	16
2387	16.00	16
2389	16.00	16
2391	16.00	16
2393	16.00	16
2395	16.00	16
2397	16.00	16
2399	16.00	16
2401	16.00	16
2403	16.00	16
2405	16.00	16
2407	16.00	16
2409	16.00	16
2411	16.00	16
2413	16.00	16
2415	16.00	16
2417	16.00	16
2419	16.00	16
2421	16.00	16
2423	16.00	16
2425	16.00	16
2427	16.00	16
2429	16.00	16
2431	16.00	16
2433	16.00	16
2435	16.00	16
2437	16.00	16
2439	16.00	16
2441	16.00	16
2443	16.00	16
2445	16.00	16
2447	16.00	16
2449	16.00	16
2451	16.00	16
2453	16.00	16
2455	16.00	16
2457	16.00	16
2459	16.00	16
2461	16.00	16
2463	16.00	16
2465	16.00	16
2467	16.00	16
2469	16.00	16
2471	16.00	16
2473	16.00	16
2475	16.00	16
2477	16.00	16
2479	16.00	16
2481	16.00	16
2483	16.00	16
2485	16.00	16
2487	16.00	16
2489	16.00	16
2491	16.00	16
2493	16.00	16
2495	16.00	16
2497	16.00	16
2499	16.00	16
2501	16.00	16
2503	16.00	16
2505	16.00	16
2507	16.00	16
2509	16.00	16
2511	16.00	16
2513	16.00	16
2515	16.00	16
2517	16.00	16
2519	16.00	16
2521	16.00	16
2523	16.00	16
2525	16.00	16
2527	16.00	16
2529	16.00	16
2531	16.00	16
2533	16.00	16
2535	16.00	16
2537	16.00	16
2539	16.00	16
2541	16.00	16
2543	16.00	16
2545	16.00	16
2547	16.00	16
2549	16.00	16
2551	16.00	16
2553	16.00	16
2555	16.00	16
2557	16.00	16
2559	16.00	16
2561	16.00	16
2563	16.00	16
2565	16.00	16
2567	16.00	16
2569	16.00	16
2571	16.00	16
2573	16.00	16
2575	16.00	16
2577	16.00	16
2579	16.00	16
2581	16.00	16
2583	16.00	16
2585	16.00	16
2587	16.00	16
2589	16.00	16
2591	16.00	16
2593	16.00	16
2595	16.00	16
2597	16.00	16
2599	16.00	16
2601	16.00	16
2603	16.00	16
2605	16.00	16
2607	16.00	16
2609	16.00	16
2611	16.00	16
2613	16.00	16
2615	16.00	16
2617	16.00	16
2619	16.00	16
2621	16.00	16
2623	16.00	16
2625	16.00	16
2627	16.00	16
2629	16.00	16
2631	16.00	16
2633	16.00	16
2635	16.00	16
2637	16.00	16
2639	16.00	16
2641	16.00	16
2643	16.00	16
2645	16.00	16
2647	16.00	16
2649	16.00	16
2651	16.00	16
2653	16.00	16
2655	16.00	16
2657	16.00	16
2659	16.00	16
2661	16.00	16
2663	16.00	16
2665	16.00	16
2667	16.00	16
2669	16.00	16
2671	16.00	16
2673	16.00	16
2675	16.00	16
2677	16.00	16
2679	16.00	16
2681	16.00	16
2683	16.00	16
2685	16.00	16
2687	16.00	16
2689	16.00	16
2691	16.00	16
2693	16.00	16
2695	16.00	16
2697	16.00	16
2699	16.00	16
2701	16.00	16
2703	16.00	16
2705	16.00	16
2707	16.00	16
2709	16.00	16
2711	16.00	16
2713	16.00	16
2715	16.00	16
2717	16.00	16
2719	16.00	16
2721	16.00	16
2723	16.00	16
2725	16.00	16
2727	16.00	16
2729	16.00	16
2731	16.00	16
2733	16.00	16
2735	16.00	16
2737	16.00	16
2739	16.00	16
2741	16.00	16
2743	16.00	16
2745	16.00	16
2747	16.00	16
2749	16.00	16
2751	16.00	16
2753	16.00	16
2755	16.00	16
2757	16.00	16
2759	16.00	16
2761	16.00	16
2763	16.00	16
2765	16.00	16
2767	16.00	16
2769	16.00	16
2771	16.00	16
2773	16.00	16
2775	16.00	16
2777	16.00	16
2779	16.00	16
2781	16.00	16
2783	16.00	16
2785	16.00	16
2787	16.00	16
2789	16.00	16
2791	16.00	16
2793	16.00	16
2795	16.00	16
2797	16.00	16
2799	16.00	16
2801	16.00	16
2803	16.00	16
2805	16.00	16
2807	16.00	16
2809	16.00	16
2811	16.00	16
2813	16.00	16
2815	16.00	16
2817	16.00	16
2819	16.00	16
2821	16.00	16
2823	16.00	16
2825	16.00	16
2827	16.00	16
2829	16.00	16
2831	16.00	16
2833	16.00	16
2835	16.00	16
2837	16.00	16
2839	16.00	16
2841	16.00	16
2843	16.00	16
2845	16.00	16
2847	16.00	16
2849	16.00	16
2851	16.00	16
2853	16.00	16
2855	16.00	16
2857	16.00	16
2859	16.00	16
2861	16.00	16
2863	16.00	16
2865	16.00	16
2867	16.00	16
2869	16.00	16
2871	16.00	16
2873	16.00	16
2875	16.00	16
2877	16.00	16
2879	16.00	16
2881	16.00	16
2883	16.00	16
2885	16.00	16
2887	16.00	16
2889	16.00	16
2891	16.00	16
2893	16.00	16
2895	16.00	16
2897	16.00	16
2899	16.00	16
2901	16.00	16
2903	16.00	16
2905	16.00	16
2907	16.00	16
2909	16.00	16
2911	16.00	16
2913	16.00	16
2915	16.00	16
2917	16.00	16
2919	16.00	16
2921	16.00	16
2923	16.00	16
2925	16.00	16
2927	16.00	16
2929	16.00	16
2931	16.00	16
2933	16.00	16
2935	16.00	16
2937	16.00	16
2939	16.00	16
2941	16.00	16
2943	16.00	16
2945	16.00	16
2947	16.00	16
2949	16.00	16
2951	16.00	16
2953	16.00	16
2955	16.00	16
2957	16.00	16
2959	16.00	16
2961	16.00	16
2963	16.00	16
2965	16.00	16
2967	16.00	16
2969	16.00	16
2971	16.00	16
2973	16.00	16
2975	16.00	16
2977	16.00	16
2979	16.00	16
2981	16.00	16
2983	16.00	16
2985	16.00	16
2987	16.00	16
2989	16.00	16
2991	16.00	16
2993	16.00	16
2995	16.00	16
2997	16.00	16
2999	16.00	16
3001	16.00	16
3003	16.00	16
3005	16.00	16
3007	16.00	16
3009	16.00	16
3011	16.00	16
3013	16.00	16
3015	16.00	16
3017	16.00	16
3019	16.00	16
3021	16.00	16
3023	16.00	16
3025	16.00	16
3027	16.00	16
3029	16.00	16
3031	16.00	16
3033	16.00	16
3035	16.00	16
3037	16.00	16
3039	16.00	16
3041	16.00	16
3043	16.00	16
3045	16.00	16
3047	16.00	16
3049	16.00	16
3051	16.00	16
3053	16.00	16
3055	16.00	16
3057	16.00	16
3059	16.00	16
3061	16.00	16
3063	16.00	16
3065	16.00	16
3067	16.00	16
3069	16.00	16
3071	16.00	16
3073	16.00	16
3075	16.00	16
3077	16.00	16
3079	16.00	16
3081	16.00	16
3083	16.00	16
3085	16.00	16
3087	16.00	16
3089	16.00	16
3091	16.00	16
3093	16.00	16
3095	16.00	16
3097	16.00	16
3099	16.00	16
3101	16.00	16
3103	16.00	16
3105	16.00	16
3107	16.00	16
3109	16.00	16
3111	16.00	16
3113	16.00	16
3115	16.00	16
3117	16.00	16
3119	16.00	16
3121	16.00	16
3123	16.00	16
3125	16.00	16
3127	16.00	16
3129	16.00	16
3131	16.00	16
3133	16.00	16
3135	16.00	16
3137	16.00	16
3139	16.00	16
3141	16.00	16
3143	16.00	16
3145	16.00	16
3147	16.00	16
3149	16.00	16
3151	16.00	16
3153	16.00	16
3155	16.00	16
3157	16.00	16
3159	16.00	16
3161	16.00	16
3163	16.00	16
3165	16.00	16
3167	16.00	16
3169	16.00	16
3171	16.00	16
3173	16.00	16
3175	16.00	16
3177	16.00	16
3179	16.00	16
3181	16.00	16
3183	16.00	16
3185	16.00	16
3187	16.00	16
3189	16.00	16
3191	16.00	16
3193	16.00	16
3195	16.00	16
3197	16.00	16
3199	16.00	16
3201	16.00	16
3203	16.00	16
3205	16.00	16
3207	16.00	16
3209	16.00	16
3211	16.00	16
3213	16.00	16
3215	16.00	16
3217	16.00	16
3219	16.00	16
3221	16.00	16
3223	16.00	16
3225	16.00	16
3227	16.00	16
3229	16.00	16
3231	16.00	16
3233	16.00	16
3235	16.00	16
3237	16.00	16
3239	16.00	16
3241	16.00	16
3243	16.00	16
3245	16.00	16
3247	16.00	16
3249	16.00	16
3251	16.00	16
3253	16.00	16
3255	16.00	16
3257	16.00	16
3259	16.00	16
3261	16.00	16
3263	16.00	16
3265	16.00	16
3267	16.00	16
3269	16.00	16
3271	16.00	16
3273	16.00	16
3275	16.00	16
3277	16.00	16
3279	16.00	16
3281	16.00	16
3283	16.00	16
3285	16.00	16
3287	16.00	16
3289	16.00	16
3291	16.00	16
3293	16.00	16
3295	16.00	16
3297	16.00	16
3299	16.00	16
3301	16.00	16
3303	16.00	16
3305	16.00	16
3307	16.00	16
3309	16.00	16
3311	16.00	16
3313	16.00	16
3315	16.00	16
3317	16.00	16
3319	16.00	16
3321	16.00	16
3323	16.00	16
3325	16.00	16
3327	16.00	16
3329	16.00	16
3331	16.00	16
3333	16.00	16
3335	16.00	16
3337	16.00	16
3339	16.00	16
3341	16.00	16
3343	16.00	16
3345	16.00	16
3347	16.00	16
3349	16.00	16
3351	16.00	16
3353	16.00	16
3355	16.00	16
3357	16.00	16
3359	16.00	16
3361	16.00	16
3363	16.00	16
3365	16.00	16
3367	16.00	16
3369	16.00	16
3371	16.00	16
3373	16.00	16
3375	16.00	16
3377	16.00	16
3379	16.00	16
3381	16.00	16
3383	16.00	16
3385	16.00	16
3387	16.00	16
3389	16.00	16
3391	16.00	16
3393	16.00	16
3395	16.00	16
3397	16.00	16
3399	16.00	16
3401	16.00	16
3403	16.00	16
3405	16.00	16
3407	16.00	16
3409	16.00	16
3411	16.00	16
3413	16.00	16
3415	16.00	16
3417	16.00	16
3419	16.00	16
3421	16.00	16
3423	16.00	16
3425	16.00	16
3427	16.00	16
3429	16.00	16
3431	16.00	16
3433	16.00	16
3435	16.00	16
3437	16.00	16
3439	16.00	16
3441	16.00	16
3443	16.00	16
3445	16.00	16
3447	16.00	16
3449	16.00	16
3451	16.00	16
3453	16.00	16
3455	16.00	16
3457	16.00	16
3459	16.00	16
3461	16.00	16
3463	16.00	16
3465	16.00	16
3467	16.00	16
3469	16.00	16
3471	16.00	16
3473	16.00	16
3475	16.00	16
3477	16.00	16
3479	16.00	16
3481	16.00	16
3483	16.00	16
3485	16.00	16
3487	16.00	16
3489	16.00	16
3491	16.00	16
3493	16.00	16
3495	16.00	16
3497	16.00	16
3499	16.00	16
3501	16.00	16
3503	16.00	16
3505	16.00	16
3507	16.00	16
3509	16.00	16
3511	16.00	16
3513	16.00	16
3515	16.00	16
3517	16.00	16
3519	16.00	16
3521	16.00	16
3523	16.00	16
3525	16.00	16
3527	16.00	16
3529	16.00	16
3531	16.00	16
3533	16.00	16
3535	16.00	16
3537	16.00	16
3539	16.00	16
3541	16.00	16
3543	16.00	16
3545	16.00	16
3547	16.00	16
3549	16.00	16
3551	16.00	16
3553	16.00	16
3555	16.00	16
3557	16.00	16
3559	16.00	16
3561	16.00	16
3563	16.00	16
3565	16.00	16
3567	16.00	16
3569	16.00	16
3571	16.00	16
3573	16.00	16
3575	16.00	16
3577	16.00	16
3579	16.00	16
3581	16.00	16
3583	16.00	16
3585	16.00	16
3587	16.00	16
3589	16.00	16
3591	16.00	16
3593	16.00	16
3595	16.00	16
3597	16.00	16
3599	16.00	16
3601	16.00	16
3603	16.00	16
3605	16.00	16
3607	16.00	16
3609	16.00	16
3611	16.00	16
3613	16.00	16
3615	16.00	16
3617	16.00	16
3619	16.00	16
3621	16.00	16
3623	16.00	16
3625	16.00	16
3627	16.00	16
3629	16.00	16
3631	16.00	16
3633	16.00	16
3635	16.00	16
3637	16.00	16
3639	16.00	16
3641	16.00	16
3643	16.00	16
3645	16.00	16
3647	16.00	16
3649	16.00	16
3651	16.00	16
3653	16.00	16
3655	16.00	16
3657	16.00	16
3659	16.00	16
3661	16.00	16
3663	16.00	16
3665	16.00	16
3667	16.00	16
3669	16.00	16
3671	16.00	16
3673	16.00	16
3675	16.00	16
3677	16.00	16
3679	16.00	16
3681	16.00	16
3683	16.00	16
3685	16.00	16
3687	16.00	16
3689	16.00	16
3691	16.00	16
3693	16.00	16
3695	16.00	16
3697	16.00	16
3699	16.00	16
3701	16.00	16
3703	16.00	16
3705	16.00	16
3707	16.00	16
3709	16.00	16
3711	16.00	16
3713	16.00	16
3715	16.00	16
3717	16.00	16
3719	16.00	16
3721	16.00	16
3723	16.00	16
3725	16.00	16
3727	16.00	16
3729	16.00	16
3731	16.00	16
3733	16.00	16
3735	16.00	16
3737	16.00	16
3739	16.00	16
3741	16.00	16
3743	16.00	16
3745	16.00	16
3747	16.00	16
3749	16.00	16
3751	16.00	16
3753	16.00	16
3755	16.00	16
3757	16.00	16
3759	16.00	16
3761	16.00	16
3763	16.00	16
3765	16.00	16
3767	16.00	16
3769	16.00	16
3771	16.00	16
3773	16.00	16
3775	16.00	16
3777	16.00	16
3779	16.00	16
3781	16.00	16
3783	16.00	16
3785	16.00	16
3787	16.00	16
3789	16.00	16
3791	16.00	16
3793	16.00	16
3795	16.00	16
3797	16.00	16
3799	16.00	16
3801	16.00	16
3803	16.00	16
3805	16.00	16
3807	16.00	16
3809	16.00	16
3811	16.00	16
3813	16.00	16
3815	16.00	16
3817	16.00	16
3819	16.00	16
3821	16.00	16
3823	16.00	16
3825	16.00	16
3827	16.00	16
3829	16.00	16
3831	16.00	16
3833	16.00	16
3835	16.00	16
3837	16.00	16
3839	16.00	16
3841	16.00	16
3843	16.00	16
3845	16.00	16
3847	16.00	16
3849	16.00	16
3851	16.00	16
3853	16.00	16
3855	16.00	16
3857	16.00	16
3859	16.00	16
3861	16.00	16
3863	16.00	16
3865	16.00	16
3867	16.00	16
3869	16.00	16
3871	16.00	16
3873	16.00	16
3875	16.00	16
3877	16.00	16
3879	16.00	16
3881	16.00	16
3883	16.00	16
3885	16.00	16
3887	16.00	16
3889	16.00	16
3891	16.00	16
3893	16.00	16
3895	16.00	16
3897	16.00	16
3899	16.00	16
3901	16.00	16
3903	16.00	16
3905	16.00	16
3907	16.00	16
3909	16.00	16
3911	16.00	16
3913	16.00	16
3915	16.00	16
3917	16.00	16
3919	16.00	16
3921	16.00	16
3923	16.00	16
3925	16.00	16
3927	16.00	16
3929	16.00	16
3931	16.00	16
3933	16.00	16
3935	16.00	16
3937	16.00	16
3939	16.00	16
3941	16.00	16
3943	16.00	16
3945	16.00	16
3947	16.00	16
3949	16.00	16
3951	16.00	16
3953	16.00	16
3955	16.00	16
3957	16.00	16
3959	16.00	16
3961	16.00	16
3963	16.00	16
3965	16.00	16
3967	16.00	16
3969	16.00	16
3971	16.00	16
3973	16.00	16
3975	16.00	16
3977	16.00	16
3979	16.00	16
3981	16.00	16
3983	16.00	16
3985	16.00	16
3987	16.00	16
3989	16.00	16
3991	16.00	16
3993	16.00	16
3995	16.00	16
3997	16.00	16
3999	16.00	16
4001	16.00	16
4003	16.00	16
4005	16.00	16
4007	16.00	16
4009	16.00	16
4011	16.00	16
4013	16.00	16
4015	16.00	16
4017	16.00	16
4019	16.00	16
4021	16.00	16
4023	16.00	16
4025	16.00	16
4027	16.00	16
4029	16.00	16
4031	16.00	16
4033	16.00	16
4035	16.00	16
4037	16.00	16
4039	16.00	16
4041	16.00	16
4043	16.00	16
4045	16.00	16
4047	16.00	16
4049	16.00	16
4051	16.00	16
4053	16.00	16
4055	16.00	16
4057	16.00	16
4059	16.00	16
4061	16.00	16
4063	16.00	16
4065	16.00	16
4067	16.00	16
4069	16.00	16
4071	16.00	16
4073	16.00	16
4075	16.00	16
4077	16.00	16
4079	16.00	16
4081	16.00	16
4083	16.00	16
4085	16.00	16
4087	16.00	16
4089	16.00	16
4091	16.00	16
4093	16.00	16
4095	16.00	16
4097	16.00	16
4099	16.00	16
4101	16.00	16
4103	16.00	16
4105	16.00	16
4107	16.00	16
4109	16.00	16
4111	16.00	16
4113	16.00	16
4115	16.00	16
4117	16.00	16
4119	16.00	16
4121	16.00	16
4123	16.00	16
4125	16.00	16
4127	16.00	16
4129	16.00	16
4131	16.00	16
4133	16.00	16
4135	16.00	16
4137	16.00	16
4139	16.00	16
4141	16.00	16
4143	16.00	16
4145	16.00	16
4147	16.00	16
4149	16.00	16
4151	16.00	16
4153	16.00	16
4155	16.00	16
4157	16.00	16
4159	16.00	16
4161	16.00	16
4163	16.00	16
4165	16.00	16
4167	16.00	16
4169	16.00	16
4171	16.00	16
4173	16.00	16
4175	16.00	16
4177	16.00	16
4179	16.00	16
4181	16.00	16
4183	16.00	16
4185	16.00	16
4187	16.00	16
4189	16.00	16
4191	16.00	16
4193	16.00	16
4195	16.00	16
4197	16.00	16
4199	16.00	16
4201	16.00	16
4203	16.00	16
4205	16.00	16
4207	16.00	16
4209	16.00	16
4211	16.00	16
4213	16.00	16
4215	16.00	16
4217	16.00	16
4219	16.00	16
4221	16.00	16
4223	16.00	16
4225	16.00	16
4227	16.00	16
4229	16.00	16
4231	16.00	16
4233	16.00	16
4235	16.00	16
4237	16.00	16
4239	16.00	16
4241	16.00	16
4243	16.00	16
4245	16.00	16
4247	16.00	16
4249	16.00	16
4251	16.00	16
4253	16.00	16
4255	16.00	16
4257	16.00	16
4259	16.00	16
4261	16.00	16
4263	16.00	16
4265	16.00	16
4267	16.00	16
4269	16.00	16
4271	16.00	16
4273	16.00	16
4275	16.00	16
4277	16.00	16
4279	16.00	16
4281	16.00	16
4283	16.00	16
4285	16.00	16
4287	16.00	16
4289	16.00	16
4291	16.00	16
4293	16.00	16
4295	16.00	16
4297	16.00	16
4299	16.00	16
4301	16.00	16
4303	16.00	16
4305	16.00	16
4307	16.00	16
4309	16.00	16
4311	16.00	16
4313	16.00	16
4315	16.00	16
4317	16.00	16
4319	16.00	16
4321	16.00	16
4323	16.00	16
4325	16.00	16
4327	16.00	16
4329	16.00	16
4331	16.00	16
4333	16.00	16
4335	16.00	16
4337	16.00	16
4339	16.00	16
4341	16.00	16
4343	16.00	16
4345	16.00	16
4347	16.00	16
4349	16.00	16
4351	16.00	16
4353	16.00	16
4355	16.00	16
4357	16.00	16
4359	16.00	16
4361	16.00	16
4363	16.00	16
4365	16.00	16
4367	16.00	16
4369	16.00	16
4371	16.00	16
4373	16.00	16
4375	16.00	16
4377	16.00	16
4379	16.00	16
4381	16.00	16
4383	16.00	16
4385	16.00	16
4387	16.00	16
4389	16.00	16
4391	16.00	16
4393	16.00	16
4395	16.00	16
4397	16.00	16
4399	16.00	16
4401	16.00	16
4403	16.00	16
4405	16.00	16
4407	16.00	16
4409	16.00	16
4411	16.00	16
4413	16.00	16
4415	16.00	16
4417	16.00	16
4419	16.00	16
4421	16.00	16
4423	16.00	16
4425	16.00	16
4427	16.00	16
4429	16.00	16
4431	16.00	16
4433	16.00	16
4435	16.00	16
4437	16.00	16
4439	16.00	16
4441	16.00	16
4443	16.00	16
4445	16.00	16
4447	16.00	16
4449	16.00	16
4451	16.00	16
4453	16.00	16
4455	16.00	16
4457	16.00	16
4459	16.00	16
4461	16.00	16
4463	16.00	16
4465	16.00	16
4467	16.00	16
4469	16.00	16
4471	16.00	16
4473	16.00	16
4475	16.00	16
4477	16.00	16
4479	16.00	16
4481	16.00	16
4483	16.00	16
4485	16.00	16
4487	16.00	16
4489	16.00	16
4491	16.00	16
4493	16.00	16
4495	16.00	16
4497	16.00	16
4499	16.00	16
4501	16.00	16
4503	16.00	16
4505	16.00	16
4507	16.00	16
4509	16.00	16
4511	16.00	16
4513	16.00	16
4515	16.00	16
4517	16.00	16
4519	16.00	16
4521	16.00	16
4523	16.00	16
4525	16.00	16
4527	16.00	16
4529	16.00	16
4531	16.00	16
4533	16.00	16
4535	16.00	16
4537	16.00	16
4539	16.00	16
4541	16.00	16
4543	16.00	16
4545	16.00	16
4547	16.00	16
4549	16.00	16
4551	16.00	16
4553	16.00	16
4555	16.00	16
4557	16.00	16
4559	16.00	16
4561	16.00	16
4563	16.00	16
4565	16.00	16
4567	16.00	16
4569	16.00	16
4571	16.00	16
4573	16.00	16
4575	16.00	16
4577	16.00	16
4579	16.00	16
4581	16.00	16
4583	16.00	16
4585	16.00	16
4587	16.00	16
4589	16.00	16
4591	16.00	16
4593	16.00	16
4595	16.00	16
4597	16.00	16
4599	16.00	16
4601	16.00	16
4603	16.00	16
4605	16.00	16
4607	16.00	16
4609	16.00	16
4611	16.00	16
4613	16.00	16
4615	16.00	16
4617	16.00	16
4619	16.00	16
4621	16.00	16
4623	16.00	16
4625	16.00	16
4627	16.00	16
4629	16.00	16
4631	16.00	16
4633	16.00	16
4635	16.00	16
4637	16.00	16
4639	16.00	16
4641	16.00	16
4643	16.00	16
4645	16.00	16
4647	16.00	16
4649	16.00	16
4651	16.00	16
4653	16.00	16
4655	16.00	16
4657	16.00	16
4659	16.00	16
4661	16.00	16
4663	16.00	16
4665	16.00	16
4667	16.00	16
4669	16.00	16
4671	16.00	16
4673	16.00	16
4675	16.00	16
4677	16.00	16
4679	16.00	16
4681	16.00	16
4683	16.00	16
4685	16.00	16
4687	16.00	16
4689	16.00	16
4691	16.00	16
4693	16.00	16
4695	16.00	16
4697	16.00	16
4699	16.00	16
4701	16.00	16
4703	16.00	16
4705	16.00	16
4707	16.00	16
4709	16.00	16
4711	16.00	16
4713	16.00	16
4715	16.00	16
4717	16.00	16
4719	16.00	16
4721	16.00	16
4723	16.00	16
4725	16.00	16
4727	16.00	16
4729	16.00	16
4731	16.00	16
4733	16.00	16
4735	16.00	16
4737	16.00	16
4739	16.00	16
4741	16.00	16
4743	16.00	16
4745	16.00	16
4747	16.00	16
4749	16.00	16
4751	16.00	16
4753	16.00	16
4755	16.00	16
4757	16.00	16
4759	16.00	16
4761	16.00	16
4763	16.00	16
4765	16.00	16
4767	16.00	16
4769	16.00	16
4771	16.00	16
4773	16.00	16
4775	16.00	16
4777	16.00	16
4779	16.00	16
4781	16.00	16
4783	16.00	16
4785	16.00	16
4787	16.00	16
4789	16.00	16
4791	16.00	16
4793	16.00	16
4795	16.00	16
4797	16.00	16
4799	16.00	16
4801	16.00	16
4803	16.00	16
4805	16.00	16
4807	16.00	16
4809	16.00	16
4811	16.00	16
4813	16.00	16
4815	16.00	16
4817	16.00	16
4819	16.00	16
4821	16.00	16
4823	16.00	16
4825	16.00	16
4827	16.00	16
4829	16.00	16
4831	16.00	16
4833	16.00	16
4835	16.00	16
4837	16.00	16
4839	16.00	16
4841	16.00	16
4843	16.00	16
4845	16.00	16
4847	16.00	16
4849	16.00	16
4851	16.00	16
4853	16.00	16
4855	16.00	16
4857	16.00	16
4859	16.00	16
4861	16.00	16
4863	16.00	16
4865	16.00	16
4867	16.00	16
4869	16.00	16
4871	16.00	16
4873	16.00	16
4875	16.00	16
4877	16.00	16
4879	16.00	16
4881	16.00	16
4883	16.00	16
4885	16.00	16
4887	16.00	16
4889	16.00	16
4891	16.00	16
4893	16.00	16
4895	16.00	16
4897	16.00	16
4899	16.00	16
4901	16.00	16
4903	16.00	16
4905	16.00	16
4907	16.00	16
4909	16.00	16
4911	16.00	16
4913	16.00	16
4915	16.00	16
4917	16.00	16
4919	16.00	16
4921	16.00	16
4923	16.00	16
4925	16.00	16
4927	16.00	16
4929	16.00	16
4931	16.00	16
4933	16.00	16
4935	16.00	16
4937	16.00	16
4939	16.00	16
4941	16.00	16
4943	16.00	16
4945	16.00	16
4947	16.00	16
4949	16.00	16
4951	16.00	16
4953	16.00	16
4955	16.00	16
4957	16.00	16
4959	16.00	16
4961	16.00	16
4963	16.00	16
4965	16.00	16
4967	16.00	16
4969	16.00	16
4971	16.00	16
4973	16.00	16
4975	16.00	16
4977	16.00	16
4979	16.00	16
4981	16.00	16
4983	16.00	16
4985	16.00	16
4987	16.00	16
4989	16.00	16
4991	16.00	16
4993	16.00	16
4995	16.00	16
4997	16.00	16
4999	16.00	16
5001	16.00	16
5003	16.00	16
5005	16.00	16
5007	16.00	16
5009	16.00	16
5011	16.00	16
5013	16.00	16
5015	16.00	16
5017	16.00	16
5019	16.00	16
5021	16.00	16
5023	16.00	16
5025	16.00	16
5027	16.00	16
5029	16.00	16
5031	16.00	16
5033	16.00	16
5035	16.00	16
5037	16.00	16
5039	16.00	16
5041	16.00	16
5043	16.00	16
5045	16.00	16
5047	16.00	16
5049	16.00	16
5051	16.00	16
5053	16.00	16
5055	16.00	16
5057	16.00	16
5059	16.00	16
5061	16.00	16
5063	16.00	16
5065	16.00	16
5067	16.00	16
5069	16.00	16
5071	16.00	16
5073	16.00	16
5075	16.00	16
5077	16.00	16
5079	16.00	16
5081	16.00	16
5083	16.00	16
5085	16.00	16
5087	16.00	16
5089	16.00	16
5091	16.00	16
5093	16.00	16
5095	16.00	16
5097	16.00	16
5099	16.00	16
5101	16.00	16
5103	16.00	16
5105	16.00	16
5107	16.00	16
5109	16.00	16
5111	16.00	16
5113	16.00	16
5115	16.00	16
5117	16.00	16
5119	16.00	16
5121	16.00	16
5123	16.00	16
5125	16.00	16
5127	16.00	16
5129	16.00	16
5131	16.00	16
5133	16.00	16
5135	16.00	16
5137	16.00	16
5139	16.00	16
5141	16.00	16
5143	16.00	16
5145	16.00	16
5147	16.00	16
5149	16.00	16
5151	16.00	16
5153	16.00	16
5155	16.00	16
5157	16.00	16
5159	16.00	16
5161	16.00	16
5163	16.00	16
5165	16.00	16
5167	16.00	16
5169	16.00	16
5171	16.00	16
5173	16.00	16
5175	16.00	16
5177	16.00	16
5179	16.00	16
5181	16.00	16
5183	16.00	16
5185	16.00	16
5187	16.00	16
5189	16.00	16
5191	16.00	16
5193	16.00	16
5195	16.00	16
5197	16.00	16
5199	16.00	16
5201	16.00	16
5203	16.00	16
5205	16.00	16
5207	16.00	16
5209	16.00	16
5211	16.00	16
5213	16.00	16
5215	16.00	16
5217	16.00	16
5219	16.00	16
5221	16.00	16
5223	16.00	16
5225	16.00	16
5227	16.00	16
5229	16.00	16
5231	16.00	16
5233	16.00	16
5235	16.00	16
5237	16.00	16
5239	16.00	16
5241	16.00	16
5243	16.00	16
5245	16.00	16
5247	16.00	16
5249	16.00	16
5251	16.00	16
5253	16.00	16
5255	16.00	16
5257	16.00	16
5259	16.00	16
5261	16.00	16
5263	16.00	16
5265	16.00	16
5267	16.00	16
5269	16.00	16
5271	16.00	16
5273	16.00	16
5275	16.00	16
5277	16.00	16
5279	16.00	16
5281	16.00	16
5283	16.00	16
5285	16.00	16
5287	16.00	16
5289	16.00	16
5291	16.00	16
5293	16.00	16
5295	16.00	16
5297	16.00	16
5299	16.00	16
5301	16.00	16
5303	16.00	16
5305	16.00	16
5307	16.00	16
5309	16.00	16
5311	16.00	16
5313	16.00	16
5315	16.00	16
5317	16.00	16
5319	16.00	16
5321	16.00	16
5323	16.00	16
5325	16.00	16
5327	16.00	16
5329	16.00	16
5331	16.00	16
5333	16.00	16
5335	16.00	16
5337	16.00	16
5339	16.00	16
5341	16.00	16
5343	16.00	16
5345	16.00	16
5347	16.00	16
5349	16.00	16
5351	16.00	16
5353	16.00	16
5355	16.00	16
5357	16.00	16
5359	16.00	16
5361	16.00	16
5363	16.00	16
5365	16.00	16
5367	16.00	16
5369	16.00	16
5371	16.00	16
5373	16.00	16
5375	16.00	16
5377	16.00	16
5379	16.00	16
5381	16.00	16
5383	16.00	16
5385	16.00	16
5387	16.00	16
5389	16.00	16
5391	16.00	16
5393	16.00	16
5395	16.00	16
5397	16.00	16
5399	16.00	16
5401	16.00	16
5403	16.00	16
5405	16.00	16
5407	16.00	16
5409	16.00	16
5411	16.00	16
5413	16.00	16
5415	16.00	16
5417	16.00	16
5419	16.00	16
5421	16.00	16
5423	16.00	16
5425	16.00	16
5427	16.00	16
5429	16.00	16
5431	16.00	16
5433	16.00	16
5435	16.00	16
5437	16.00	16
5439	16.00	16
5441	16.00	16
5443	16.00	16
5445	16.00	16
5447	16.00	16
5449	16.00	16
5451	16.00	16
5453	16.00	16
5455	16.00	16
5457	16.00	16
5459	16.00	16
5461	16.00	16
5463	16.00	16
5465	16.00	16
5467	16.00	16
5469	16.00	16
5471	16.00	16
5473	16.00	16
5475	16.00	16
5477	16.00	16
5479	16.00	16
5481	16.00	16
5483	16.00	16
5485	16.00	16
5487	16.00	16
5489	16.00	16
5491	16.00	16
5493	16.00	16
5495	16.00	16
5497	16.00	16
5499	16.00	16
5501	16.00	16
5503	16.00	16
5505	16.00	16
5507	16.00	16
5509	16.00	16
5511	16.00	16
5513	16.00	16
5515	16.00	16
5517	16.00	16
5519	16.00	16
5521	16.00	16
5523	16.00	16
5525	16.00	16
5527	16.00	16
5529	16.00	16
5531	16.00	16
5533	16.00	16
5535	16.00	16
5537	16.00	16
5539	16.00	16
5541	16.00	16
5543	16.00	16
5545	16.00	16
5547	16.00	16
5549	16.00	16
5551	16.00	16
5553	16.00	16
5555	16.00	16
5557	16.00	16
5559	16.00	16
5561	16.00	16
5563	16.00	16
5565	16.00	16
5567	16.00	16
5569	16.00	16
5571	16.00	16
5573	16.00	16
5575	16.00	16
5577	16.00	16
5579	16.00	16
5581	16.00	16
5583	16.00	16
5585	16.00	16
5587	16.00	16
5589	16.00	16
5591	16.00	16
5593	16.00	16
5595	16.00	16
5597	16.00	16
5599	16.00	16
5601	16.00	16
5603	16.00	16
5605	16.00	16
5607	16.00	16
5609	16.00	16
5611	16.00	16
5613	16.00	16
5615	16.00	16
5617	16.00	16
5619	16.00	16
5621	16.00	16
5623	16.00	16
5625	16.00	16
5627	16.00	16
5629	16.00	16
5631	16.00	16
5633	16.00	16
5635	16.00	16
5637	16.00	16
5639	16.00	16
5641	16.00	16
5643	16.00	16
5645	16.00	16
5647	16.00	16
5649	16.00	16
5651	16.00	16
5653	16.00	16
5655	16.00	16
5657	16.00	16
5659	16.00	16
5661	16.00	16
5663	16.00	16
5665	16.00	16
5667	16.00	16
5669	16.00	16
5671	16.00	16
5673	16.00	16
5675	16.00	16
5677	16.00	16
5679	16.00	16
5681	16.00	16
5683	16.00	16
5685	16.00	16
5687	16.00	16
5689	16.00	16
5691	16.00	16
5693	16.00	16
5695	16.00	16
5697	16.00	16
5699	16.00	16
5701	16.00	16
5703	16.00	16
5705	16.00	16
5707	16.00	16
5709	16.00	16
5711	16.00	16
5713	16.00	16
5715	16.00	16
5717	16.00	16
5719	16.00	16
5721	16.00	16
5723	16.00	16
5725	16.00	16
5727	16.00	16
5729	16.00	16
5731	16.00	16
5733	16.00	16
5735	16.00	16
5737	16.00	16
5739	16.00	16
5741	16.00	16
5743	16.00	16
5745	16.00	16
5747	16.00	16
5749	16.00	16
5751	16.00	16
5753	16.00	16
5755	16.00	16
5757	16.00	16
5759	16.00	16
5761	16.00	16
5763	16.00	16
5765	16.00	16
5767	16.00	16
5769	16.00	16
5771	16.00	16
5773	16.00	16
5775	16.00	16
5777	16.00	16
5779	16.00	16
5781	16.00	16
5783	16.00	16
5785	16.00	16
5787	16.00	16
5789	16.00	16
5791	16.00	16
5793	16.00	16
5795	16.00	16
5797	16.00	16
5799	16.00	16
5801	16.00	16
5803	16.00	16
5805	16.00	16
5807	16.00	16
5809	16.00	16
5811	16.00	16
5813	16.00	16
5815	16.00	16
5817	16.00	16
5819	16.00	16
5821	16.00	16
5823	16.00	16
5825	16.00	16
5827	16.00	16
5829	16.00	16
5831	16.00	16
5833	16.00	16
5835	16.00	16
5837	16.00	16
5839	16.00	16
5841	16.00	16
5843	16.00	16
5845	16.00	16
5847	16.00	16
5849	16.00	16
5851	16.00	16
5853	16.00	16
5855	16.00	16
5857	16.00	16
5859	16.00	16
5861	16.00	16
5863	16.00	16
5865	16.00	16
5867	16.00	16
5869	16.00	16
5871	16.00	16
5873	16.00	16
5875	16.00	16
5877	16.00	16
5879	16.00	16
5881	16.00	16
5883	16.00	16
5885	16.00	16
5887	16.00	16
5889	16.00	16
5891	16.00	16
5893	16.00	16
5895	16.00	16
5897	16.00	16
5899	16.00	16
5901	16.00	16
5903	16.00	16
5905	16.00	16
5907	16.00	16
5909	16.00	16
5911	16.00	16
5913	16.00	16
5915	16.00	16
5917	16.00	16
5919	16.00	16
5921	16.00	16
5923	16.00	16
5925	16.00	16
5927	16.00	16
5929	16.00	16
5931	16.00	16
5933	16.00	16
5935	16.00	16
5937	16.00	16
5939	16.00	16
5941	16.00	16
5943	16.00	16
5945	16.00	16
5947	16.00	16
5949	16.00	16
5951	16.00	16
5953	16.00	16
5955	16.00	16
5957	16.00	16
5959	16.00	16
5961	16.00	16
5963	16.00	16
5965	16.00	16
5967	16.00	16
5969	16.00	16
5971	16.00	16
5973	16.00	16
5975	16.00	16
5977	16.00	16
5979	16.00	16
5981	16.00	16
5983	16.00	16
5985	16.00	16
5987	16.00	16
5989	16.00	16
5991	16.00	16
5993	16.00	16
5995	16.00	16
5997	16.00	16
5999	16.00	16
6001	16.00	16
6003	16.00	16
6005	16.00	16
6007	16.00	16
6009	16.00	16
6011	16.00	16
6013	16.00	16
6015	16.00	16
6017	16.00	16
6019	16.00	16
6021	16.00	16
6023	16.00	16
6025	16.00	16
6027	16.00	16
6029	16.00	16
6031	16.00	16
6033	16.00	16
6035	16.00	16
6037	16.00	16
6039	16.00	16
6041	16.00	16
6043	16.00	16
6045	16.00	16
6047	16.00	16
6049	16.00	16
6051	16.00	16
6053	16.00	16
6055	16.00	16
6057	16.00	16
6059	16.00	16
6061	16.00	16
6063	16.00	16
6065	16.00	16
6067	16.00	16
6069	16.00	16
6071	16.00	16
6073	16.00	16
6075	16.00	16
6077	16.00	16
6079	16.00	16
6081	16.00	16
6083	16.00	16
6085	16.00	16
6087	16.00	16
6089	16.00	16
6091	16.00	16
6093	16.00	16
6095	16.00	16
6097	16.00	16
6099	16.00	16
6101	16.00	16
6103	16.00	16
6105	16.00	16
6107	16.00	16
6109	16.00	16
6111	16.00	16
6113	16.00	16
6115	16.00	16
6117	16.00	16
6119	16.00	16
6121	16.00	16
6123	16.00	16
6125	16.00	16
6127	16.00	16
6129	16.00	16
6131	16.00	16
6133	16.00	16
6135	16.00	16
6137	16.00	16
6139	16.00	16
6141	16.00	16
6143	16.00	16
6145	16.00	16
6147	16.00	16
6149	16.00	16
6151	16.00	16
6153	16.00	16
6155	16.00	16
6157	16.00	16
6159	16.00	16
6161	16.00	16
6163	16.00	16
6165	16.00	16
6167	16.00	16
6169	16.00	16
6171	16.00	16
6173	16.00	16
6175	16.00	16
6177	16.00	16
6179	16.00	16
6181	16.00	16
6183	16.00	16
6185	16.00	16
6187	16.00	16
6189	16.00	16
6191	16.00	16
6193	16.00	16
6195	16.00	16
6197	16.00	16
6199	16.00	16
6201	16.00	16
6203	16.00	16
6205	16.00	16
6207	16.00	16
6209	16.00	16
6211	16.00	16
6213	16.00	16
6215	16.00	16
6217	16.00	16
6219	16.00	16
6221	16.00	16
6223	16.00	16
6225	16.00	16
6227	16.00	16
6229	16.00	16
6231	16.00	16
6233	16.00	16
6235	16.00	16
6237	16.00	16
6239	16.00	16
6241	16.00	16
6243	16.00	16
6245	16.00	16
6247	16.00	16
6249	16.00	16
6251	16.00	16
6253	16.00	16
6255	16.00	16
6257	16.00	16
6259	16.00	16
6261	16.00	16
6263	16.00	16
6265	16.00	16
6267	16.00	16
6269	16.00	16
6271	16.00	16
6273	16.00	16
6275	16.00	16
6277	16.00	16
6279	16.00	16
6281	16.00	16
6283	16.00	16
6285	16.00	16
6287	16.00	16
6289	16.00	16
6291	16.00	16
6293	16.00	16
6295	16.00	16
6297	16.00	16
6299	16.00	16
6301	16.00	16
6303	16.00	16
6305	16.00	16
6307	16.00	16
6309	16.00	16
6311	16.00	16
6313	16.00	16
6315	16.00	16
6317	16.00	16
6319	16.00	16
6321	16.00	16
6323	16.00	16
6325	16.00	16
6327	16.00	16
6329	16.00	16
6331	16.00	16
6333	16.00	16
6335	16.00	16
6337	16.00	16
6339	16.00	16
6341	16.00	16
6343	16.00	16
6345	16.00	16
6347	16.00	16
6349	16.00	16
6351	16.00	16
6353	16.00	16
6355	16.00	16
6357	16.00	16
6359	16.00	16
6361	16.00	16
6363	16.00	16
6365	16.00	16
6367	16.00	16
6369	16.00	16
6371	16.00	16
6373	16.00	16
6375	16.00	16
6377	16.00	16
6379	16.00	16
6381	16.00	16
6383	16.00	16
6385	16.00	16
6387	16.00	16
6389	16.00	16
6391	16.00	16
6393	16.00	16
6395	16.00	16
6397	16.00	16
6399	16.00	16
6401	16.00	16
6403	16.00	16
6405	16.00	16
6407	16.00	16
6409	16.00	16
6411	16.00	16
6413	16.00	16
6415	16.00	16
6417	16.00	16
6419	16.00	16
6421	16.00	16
6423	16.00	16
6425	16.00	16
6427	16.00	16
6429	16.00	16
6431	16.00	16
6433	16.00	16
6435	16.00	16
6437	16.00	16
6439	16.00	16
6441	16.00	16
6443	16.00	16
6445	16.00	16
6447	16.00	16
6449	16.00	16
6451	16.00	16
6453	16.00	16
6455	16.00	16
6457	16.00	16
6459	16.00	16
6461	16.00	16
6463	16.00	16
6465	16.00	16
6467	16.00	16
6469	16.00	16
6471	16.00	16
6473	16.00	16
6475	16.00	16
6477	16.00	16
6479	16.00	16
6481	16.00	16
6483	16.00	16
6485	16.00	16
6487	16.00	16
6489	16.00	16
6491	16.00	16
6493	16.00	16
6495	16.00	16
6497	16.00	16
6499	16.00	16
6501	16.00	16
6503	16.00	16
6505	16.00	16
6507	16.00	16
6509	16.00	16
6511	16.00	16
6513	16.00	16
6515	16.00	16
6517	16.00	16
6519	16.00	16
6521	16.00	16
6523	16.00	16
6525	16.00	16
6527	16.00	16
6529	16.00	16
6531	16.00	16
6533	16.00	16
6535	16.00	16
6537	16.00	16
6539	16.00	16
6541	16.00	16
6543	16.00	16
6545	16.00	16
6547	16.00	16
6549	16.00	16
6551	16.00	16
6553	16.00	16
6555	16.00	16
6557	16.00	16
6559	16.00	16
6561	16.00	16
6563	16.00	16
6565	16.00	16
6567	16.00	16
6569	16.00	16
6571	16.00	16
6573	16.00	16
6575	16.00	16
6577	16.00	16
6579	16.00	16
6581	16.00	16
6583	16.00	16
6585	16.00	16
6587	16.00	16
6589	16.00	16
6591	16.00	16
6593	16.00	16
6595	16.00	16
6597	16.00	16
6599	16.00	16
6601	16.00	16
6603	16.00	16
6605	16.00	16
6607	16.00	16
6609	16.00	16
6611	16.00	16
6613	16.00	16
6615	16.00	16
6617	16.00	16
6619	16.00	16
6621	16.00	16
6623	16.00	16
6625	16.00	16
6627	16.00	16
6629	16.00	16
6631	16.00	16
6633	16.00	16
6635	16.00	16
6637	16.00	16
6639	16.00	16
6641	16.00	16
6643	16.00	16
6645	16.00	16
6647	16.00	16
6649	16.00	16
6651	16.00	16
6653	16.00	16
6655	16.00	16
6657	16.00	16
6659	16.00	16
6661	16.00	16
6663	16.00	16
6665	16.00	16
6667	16.00	16
6669	16.00	16
6671	16.00	16
6673	16.00	16
6675	16.00	16
6677	16.00	16
6679	16.00	16
6681	16.00	16
6683	16.00	16
6685	16.00	16
6687	16.00	16
6689	16.00	16
6691	16.00	16
6693	16.00	16
6695	16.00	16
6697	16.00	16
6699	16.00	16
6701	16.00	16
6703	16.00	16
6705	16.00	16
6707	16.00	16
6709	16.00	16
6711	16.00	16
6713	16.00	16
6715	16.00	16
6717	16.00	16
6719	16.00	16
6721	16.00	16
6723	16.00	16
6725	16.00	16
6727	16.00	16
6729	16.00	16
6731	16.00	16
6733	16.00	16
6735	16.00	16
6737	16.00	16
6739	16.00	16
6741	16.00	16
6743	16.00	16
6745	16.00	16
6747	16.00	16
6749	16.00	16
6751	16.00	16
6753	16.00	16
6755	16.00	16
6757	16.00	16
6759	16.00	16
6761	16.00	16
6763	16.00	16
6765	16.00	16
6767	16.00	16
6769	16.00	16
6771	16.00	16
6773	16.00	16
6775	16.00	16
6777	16.00	16
6779	16.00	16
6781	16.00	16
6783	16.00	16
6785	16.00	16
6787	16.00	16
6789	16.00	16
6791	16.00	16
6793	16.00	16
6795	16.00	16
6797	16.00	16
6799	16.00	16
6801	16.00	16
6803	16.00	16
6805	16.00	16
6807	16.00	16
6809	16.00	16
6811	16.00	16
6813	16.00	16
6815	16.00	16
6817	16.00	16
6819	16.00	16
6821	16.00	16
6823	16.00	16
6825	16.00	16
6827	16.00	16
6829	16.00	16
6831	16.00	16
6833	16.00	16
6835	16.00	16
6837	16.00	16
6839	16.00	16
6841	16.00	16
6843	16.00	16
6845	16.00	16
6847	16.00	16
6849	16.00	16
6851	16.00	16
6853	16.00	16
6855	16.00	16
6857	16.00	16
6859	16.00	16
6861	16.00	16
6863	16.00	16
6865	16.00	16
6867	16.00	16
6869	16.00	16
6871	16.00	16
6873	16.00	16
6875	16.00	16
6877	16.00	16
6879	16.00	16
6881	16.00	16
6883	16.00	16
6885	16.00	16
6887	16.00	16
6889	16.00	16
6891	16.00	16
6893	16.00	16
6895	16.00	16
6897	16.00	16
6899	16.00	16
6901	16.00	16
6903	16.00	16
6905	16.00	16
6907	16.00	16
6909	16.00	16
6911	16.00	16
6913	16.00	16
6915	16.00	16
6917	16.00	16
6919	16.00	16
6921	16.00	16
6923	16.00	16
6925	16.00	16
6927	16.00	16
6929	16.00	16
6931	16.00	16
6933	16.00	16
6935	16.00	16
6937	16.00	16
6939	16.00	16
6941	16.00	16
6943	16.00	16
6945	16.00	16
6947	16.00	16
6949	16.00	16
6951	16.00	16
6953	16.00	16
6955	16.00	16
6957	16.00	16
6959	16.00	16
6961	16.00	16
6963	16.00	16
6965	16.00	16
6967	16.00	16
6969	16.00	16
6971	16.00	16
6973	16.00	16
6975	16.00	16
6977	16.00	16
6979	16.00	16
6981	16.00	16
6983	16.00	16
6985	16.00	16
6987	16.00	16
6989	16.00	16
6991	16.00	16
6993	16.00	16
6995	16.00	16
6997	16.00	16
6999	16.00	16
7001	16.00	16
7003	16.00	16
7005	16.00	16
7007	16.00	16
7009	16.00	16
7011	16.00	16
7013	16.00	16
7015	16.00	16
7017	16.00	16
7019	16.00	16
7021	16.00	16
7023	16.00	16
7025	16.00	16
7027	16.00	16
7029	16.00	16
7031	16.00	16
7033	16.00	16
7035	16.00	16
7037	16.00	16
7039	16.00	16
7041	16.00	16
7043	16.00	16
7045	16.00	16
7047	16.00	16
7049	16.00	16
7051	16.00	16
7053	16.00	16
7055	16.00	16
7057	16.00	16
7059	16.00	16
7061	16.00	16
7063	16.00	16
7065	16.00	16
7067	16.00	16
7069	16.00	16
7071	16.00	16
7073	16.00	16
7075	16.00	16
7077	16.00	16
7079	16.00	16
7081	16.00	16
7083	16.00	16
7085	16.00	16
7087	16.00	16
7089	16.00	16
7091	16.00	16
7093	16.00	16
7095	16.00	16
7097	16.00	16
7099	16.00	16
7101	16.00	16
7103	16.00	16
7105	16.00	16
7107	16.00	16
7109	16.00	16
7111	16.00	16
7113	16.00	16
7115	16.00	16
7117	16.00	16
7119	16.00	16
7121	16.00	16
7123	16.00	16
7125	16.00	16
7127	16.00	16
7129	16.00	16
7131	16.00	16
7133	16.00	16
7135	16.00	16
7137	16.00	16
7139	16.00	16
7141	16.00	16
7143	16.00	16
7145	16.00	16
7147	16.00	16
7149	16.00	16
7151	16.00	16
7153	16.00	16
7155	16.00	16
7157	16.00	16
7159	16.00	16
7161	16.00	16
7163	16.00	16
7165	16.00	16
7167	16.00	16
7169	16.00	16
7171	16.00	16
7173	16.00	16
7175	16.00	16
7177	16.00	16
7179	16.00	16
7181	16.00	16
7183	16.00	16
7185	16.00	16
7187	16.00	16
7189	16.00	16
7191	16.00	16
7193	16.00	16
7195	16.00	16
7197	16.00	16
7199	16.00	16
7201	16.00	16
7203	16.00	16
7205	16.00	16
7207	16.00	16
7209	16.00	16
7211	16.00	16
7213	16.00	16
7215	16.00	16
7217	16.00	16
7219	16.00	16
7221	16.00	16
7223	16.00	16
7225	16.00	16
7227	16.00	16
7229	16.00	16
7231	16.00	16
7233	16.00	16
7235	16.00	16
7237	16.00	16
7239	16.00	16
7241	16.00	16
7243	16.00	16
7245	16.00	16
7247	16.00	16
7249	16.00	16
7251	16.00	16
7253	16.00	16
7255	16.00	16
7257	16.00	16
7259	16.00	16
7261	16.00	16
7263	16.00	16
7265	16.00	16
7267	16.00	16
7269	16.00	16
7271	16.00	16
7273	16.00	16
7275	16.00	16
7277	16.00	16
7279	16.00	16
7281	16.00	16
7283	16.00	16
7285	16.00	16
7287	16.00	16
7289	16.00	16
7291	16.00	16
7293	16.00	16
7295	16.00	16
7297	16.00	16
7299	16.00	16
7301	16.00	16
7303	16.00	16
7305	16.00	16
7307	16.00	16
7309	16.00	16
7311	16.00	16
7313	16.00	16
7315	16.00	16
7317	16.00	16
7319	16.00	16
7321	16.00	16
7323	16.00	16
7325	16.00	16
7327	16.00	16
7329	16.00	16
7331	16.00	16
7333	16.00	16
7335	16.00	16
7337	16.00	16
7339	16.00	16
7341	16.00	16
7343	16.00	16
7345	16.00	16
7347	16.00	16
7349	16.00	16
7351	16.00	16
7353	16.00	16
7355	16.00	16
7357	16.00	16
7359	16.00	16
7361	16.00	16
7363	16.00	16
7365	16.00	16
7367	16.00	16
7369	16.00	16
7371	16.00	16
7373	16.00	16
7375	16.00	16
7377	16.00	16
7379	16.00	16
7381	16.00	16
7383	16.00	16
7385	16.00	16
7387	16.00	16
7389	16.00	16
7391	16.00	16
7393	16.00	16
7395	16.00	16
7397	16.00	16
7399	16.00	16
7401	16.00	16
7403	16.00	16
7405	16.00	16
7407	16.00	16
7409	16.00	16
7411	16.00	16
7413	16.00	16
7415	16.00	16
7417	16.00	16
7419	16.00	16
7421	16.00	16
7423	16.00	16
7425	16.00	16
7427	16.00	16
7429	16.00	16
7431	16.00	16
7433	16.00	16
7435	16.00	16
7437	16.00	16
7439	16.00	16
7441	16.00	16
7443	16.00	16
7445	16.00	16
7447	16.00	16
7449	16.00	16
7451	16.00	16
7453	16.00	16
7455	16.00	16
7457	16.00	16
7459	16.00	16
7461	16.00	16
7463	16.00	16
7465	16.00	16
7467	16.00	16
7469	16.00	16
7471	16.00	16
7473	16.00	16
7475	16.00	16
7477	16.00	16
7479	16.00	16
7481	16.00	16
7483	16.00	16
7485	16.00	16
7487	16.00	16
7489	16.00	16
7491	16.00	16
7493	16.00	16
7495	16.00	16
7497	16.00	16
7499	16.00	16
7501	16.00	16
7503	16.00	16
7505	16.00	16
7507	16.00	16
7509	16.00	16
7511	16.00	16
7513	16.00	16
7515	16.00	16
7517	16.00	16
7519	16.00	16
7521	16.00	16
7523	16.00	16
7525	16.00	16
7527	16.00	16
7529	16.00	16
7531	16.00	16
7533	16.00	16
7535	16.00	16
7537	16.00	16
7539	16.00	16
7541	16.00	16
7543	16.00	16
7545	16.00	16
7547	16.00	16
7549	16.00	16
7551	16.00	16
7553	16.00	16
7555	16.00	16
7557	16.00	16
7559	16.00	16
7561	16.00	16
7563	16.00	16
7565	16.00	16
7567	16.00	16
7569	16.00	16
7571	16.00	16
7573	16.00	16
7575	16.00	16
7577	16.00	16
7579	16.00	16
7581	16.00	16
7583	16.00	16
7585	16.00	16
7587	16.00	16
7589	16.00	16
7591	16.00	16
7593	16.00	16
7595	16.00	16
7597	16.00	16
7599	16.00	16
7601	16.00	16
7603	16.00	16
7605	16.00	16
7607	16.00	16
7609	16.00	16
7611	16.00	16
7613	16.00	16
7615	16.00	16
7617	16.00	16
7619	16.00	16
7621	16.00	16
7623	16.00	16
7625	16.00	16
7627	16.00	16
7629	16.00	16
7631	16.00	16
7633	16.00	16
7635	16.00	16
7637	16.00	16
7639	16.00	16
7641	16.00	16
7643	16.00	16
7645	16.00	16
7647	16.00	16
7649	16.00	16
7651	16.00	16
7653	16.00	16
7655	16.00	16
7657	16.00	16
7659	16.00	16
7661	16.00	16
7663	16.00	16
7665	16.00	16
7667	16.00	16
7669	16.00	16
7671	16.00	16
7673	16.00	16
7675	16.00	16
7677	16.00	16
7679	16.00	16
7681	16.00	16
7683	16.00	16
7685	16.00	16
7687	16.00	16
7689	16.00	16
7691	16.00	16
7693	16.00	16
7695	16.00	16
7697	16.00	16
7699	16.00	16
7701	16.00	16
7703	16.00	16
7705	16.00	16
7707	16.00	16
7709	16.00	16
7711	16.00	16
7713	16.00	16
7715	16.00	16
7717	16.00	16
7719	16.00	16
7721	16.00	16
7723	16.00	16
7725	16.00	16
7727	16.00	16
7729	16.00	16
7731	16.00	16
7733	16.00	16
7735	16.00	16
7737	16.00	16
7739	16.00	16
7741	16.00	16
7743	16.00	16
7745	16.00	16
7747	16.00	16
7749	16.00	16
7751	16.00	16
7753	16.00	16
7755	16.00	16
7757	16.00	16
7759	16.00	16
7761	16.00	16
7763	16.00	16
7765	16.00	16
7767	16.00	16
7769	16.00	16
7771	16.00	16
7773	16.00	16
7775	16.00	16
7777	16.00	16
7779	16.00	16
7781	16.00	16
7783	16.00	16
7785	16.00	16
7787	16.00	16
7789	16.00	16
7791	16.00	16
7793	16.00	16
7795	16.00	16
7797	16.00	16
7799	16.00	16
7801	16.00	16
7803	16.00	16
7805	16.00	16
7807	16.00	16
7809	16.00	16
7811	16.00	16
7813	16.00	16
7815	16.00	16
7817	16.00	16
7819	16.00	16
7821	16.00	16
7823	16.00	16
7825	16.00	16
7827	16.00	16
7829	16.00	16
7831	16.00	16
7833	16.00	16
7835	16.00	16
7837	16.00	16
7839	16.00	16
7841	16.00	16
7843	16.00	16
7845	16.00	16
7847	16.00	16
7849	16.00	16
7851	16.00	16
7853	16.00	16
7855	16.00	16
7857	16.00	16
7859	16.00	16
7861	16.00	16
7863	16.00	16
7865	16.00	16
7867	16.00	16
7869	16.00	16
7871	16.00	16
7873	16.00	16
7875	16.00	16
7877	16.00	16
7879	16.00	16
7881	16.00	16
7883	16.00	16
7885	16.00	16
7887	16.00	16
7889	16.00	16
7891	16.00	16
7893	16.00	16
7895	16.00	16
7897	16.00	16
7899	16.00	16
7901	16.00	16
7903	16.00	16
7905	16.00	16
7907	16.00	16
7909	16.00	16
7911	16.00	16
7913	16.00	16
7915	16.00	16
7917	16.00	16
7919	16.00	16
7921	16.00	16
7923	16.00	16
7925	16.00	16
7927	16.00	16
7929	16.00	16
7931	16.00	16
7933	16.00	16
7935	16.00	16
7937	16.00	16
7939	16.00	16
7941	16.00	16
7943	16.00	16
7945	16.00	16
7947	16.00	16
7949	16.00	16
7951	16.00	16
7953	16.00	16
7955	16.00	16
7957	16.00	16
7959	16.00	16
7961	16.00	16
7963	16.00	16
7965	16.00	16
7967	16.00	16
7969	16.00	16
7971	16.00	16
7973	16.00	16
7975	16.00	16
7977	16.00	16
7979	16.00	16
7981	16.00	16
7983	16.00	16
7985	16.00	16
7987	16.00	16
7989	16.00	16
7991	16.00	16
7993	16.00	16
7995	16.00	16
7997	16.00	16
7999	16.00	16
8001	16.00	16
8003	16.00	16
8005	16.00	16
8007	16.00	16
8009	16.00	16
8011	16.00	16
8013	16.00	16
8015	16.00	16
8017	16.00	16
8019	16.00	16
8021	16.00	16
8023	16.00	16
8025	16.00	16
8027	16.00	16
8029	16.00	16
8031	16.00	16
8033	16.00	16
8035	16.00	16
8037	16.00	16
8039	16.00	16
8041	16.00	16
8043	16.00	16
8045	16.00	16
8047	16.00	16
8049	16.00	16
8051	16.00	16
8053	16.00	16
8055	16.00	16
8057	16.00	16
8059	16.00	16
8061	16.00	16
8063	16.00	16
8065	16.00	16
8067	16.00	16
8069	16.00	16
8071	16.00	16
8073	16.00	16
8075	16.00	16
8077	16.00	16
8079	16.00	16
8081	16.00	16
8083	16.00	16
8085	16.00	16
8087	16.00	16
8089	16.00	16
8091	16.00	16
8093	16.00	16
8095	16.00	16
8097	16.00	16
8099	16.00	16
8101	16.00	16
8103	16.00	16
8105	16.00	16
8107	16.00	16
8109	16.00	16
8111	16.00	16
8113	16.00	16
8115	16.00	16
8117	16.00	16
8119	16.00	16
8121	16.00	16
8123	16.00	16
8125	16.00	16
8127	16.00	16
8129	16.00	16
8131	16.00	16
8133	16.00	16
8135	16.00	16
8137	16.00	16
8139	16.00	16
8141	16.00	16
8143	16.00	16
8145	16.00	16
8147	16.00	16
8149	16.00	16
8151	16.00	16
8153	16.00	16
8155	16.00	16
8157	16.00	16
8159	16.00	16
8161	16.00	16
8163	16.00	16
8165	16.00	16
8167	16.00	16
8169	16.00	16
8171	16.00	16
8173	16.00	16
8175	16.00	16
8177	16.00	16
8179	16.00	16
8181	16.00	16
8183	16.00	16
8185	16.00	16
8187	16.00	16
8189	16.00	16
8191	16.00	16
8193	16.00	16
8195	16.00	16
8197	16.00	16
8199	16.00	16
8201	16.00	16
8203	16.00	16
8205	16.00	16
8207	16.00	16
8209	16.00	16
8211	16.00	16
8213	16.00	16
8215	16.00	16
8217	16.00	16
8219	16.00	16
8221	16.00	16
8223	16.00	16
8225	16.00	16
8227	16.00	16
8229	16.00	16
8231	16.00	16
8233	16.00	16
8235	16.00	16
8237	16.00	16
8239	16.00	16
8241	16.00	16
8243	16.00	16
8245	16.00	16
8247	16.00	16
8249	16.00	16
8251	16.00	16
8253	16.00	16
8255	16.00	16
8257	16.00	16
8259	16.00	16
8261	16.00	16
8263	16.00	16
8265	16.00	16
8267	16.00	16
8269	16.00	16
8271	16.00	16
8273	16.00	16
8275	16.00	16
8277	16.00	16
8279	16.00	16
8281	16.00	16
8283	16.00	16
8285	16.00	16
8287	16.00	16
8289	16.00	16
8291	16.00	16
8293	16.00	16
8295	16.00	16
8297	16.00	16
8299	16.00	16
8301	16.00	16
8303	16.00	16
8305	16.00	16
8307	16.00	16
8309	16.00	16
8311	16.00	16
8313	16.00	16
8315	16.00	16
8317	16.00	16
8319	16.00	16
8321	16.00	16
8323	16.00	16
8325	16.00	16
8327	16.00	16
8329	16.00	16
8331	16.00	16
8333	16.00	16
8335	16.00	16
8337	16.00	16
8339	16.00	16
8341	16.00	16
8343	16.00	16
8345	16.00	16
8347	16.00	16
8349	16.00	16
8351	16.00	16
8353	16.00	16
8355	16.00	16
8357	16.00	16
8359	16.00	16
8361	16.00	16
8363	16.00	16
8365	16.00	16
8367	16.00	16
8369	16.00	16
8371	16.00	16
8373	16.00	16
8375	16.00	16
8377	16.00	16
8379	16.00	16
8381	16.00	16
8383	16.00	16
8385	16.00	16
8387	16.00	16
8389	16.00	16
8391	16.00	16
8393	16.00	16
8395	16.00	16
8397	16.00	16
8399	16.00	16
8401	16.00	16
8403	16.00	16
8405	16.00	16
8407	16.00	16
8409	16.00	16
8411	16.00	16
8413	16.00	16
8415	16.00	16
8417	16.00	16
8419	16.00	16
8421	16.00	16
8423	16.00	16
8425	16.00	16
8427	16.00	16
8429	16.00	16
8431	16.00	16
8433	16.00	16
8435	16.00	16
8437	16.00	16
8439	16.00	16
8441	16.00	16
8443	16.00	16
8445	16.00	16
8447	16.00	16
8449	16.00	16
8451	16.00	16
8453	16.00	16
8455	16.00	16
8457	16.00	16
8459	16.00	16
8461	16.00	16
8463	16.00	16
8465	16.00	16
8467	16.00	16
8469	16.00	16
8471	16.00	16
8473	16.00	16
8475	16.00	16
8477	16.00	16
8479	16.00	16
8481	16.00	16
8483	16.00	16
8485	16.00	16
8487	16.00	16
8489	16.00	16
8491	16.00	16
8493	16.00	16
8495	16.00	16
8497	16.00	16
8499	16.00	16
8501	16.00	16
8503	16.00	16
8505	16.00	16
8507	16.00	16
8509	16.00	16
8511	16.00	16
8513	16.00	16
8515	16.00	16
8517	16.00	16
8519	16.00	16
8521	16.00	16
8523	16.00	16
8525	16.00	16
8527	16.00	16
8529	16.00	16
8531	16.00	16
8533	16.00	16
8535	16.00	16
8537	16.00	16
8539	16.00	16
8541	16.00	16
8543	16.00	16
8545	16.00	16
8547	16.00	16
8549	16.00	16
8551	16.00	16
8553	16.00	16
8555	16.00	16
8557	16.00	16
8559	16.00	16
8561	16.00	16
8563	16.00	16
8565	16.00	16
8567	16.00	16
8569	16.00	16
8571	16.00	16
8573	16.00	16
8575	16.00	16
8577	16.00	16
8579	16.00	16
8581	16.00	16
8583	16.00	16
8585	16.00	16
8587	16.00	16
8589	16.00	16
8591	16.00	16
8593	16.00	16
8595	16.00	16
8597	16.00	16
8599	16.00	16
8601	16.00	16
8603	16.00	16
8605	16.00	16
8607	16.00	16
8609	16.00	16
8611	16.00	16
8613	16.00	16
8615	16.00	16
8617	16.00	16
8619	16.00	16
8621	16.00	16
8623	16.00	16
8625	16.00	16
8627	16.00	16
8629	16.00	16
8631	16.00	16
8633	16.00	16
8635	16.00	16
8637	16.00	16
8639	16.00	16
8641	16.00	16
8643	16.00	16
8645	16.00	16
8647	16.00	16
8649	16.00	16
8651	16.00	16
8653	16.00	16
8655	16.00	16
8657	16.00	16
8659	16.00	16
8661	16.00	16
8663	16.00	16
8665	16.00	16
8667	16.00	16
8669	16.00	16
8671	16.00	16
8673	16.00	16
8675	16.00	16
8677	16.00	16
8679	16.00	16
8681	16.00	16
8683	16.00	16
8685	16.00	16
8687	16.00	16
8689	16.00	16
8691	16.00	16
8693	16.00	16
8695	16.00	16
8697	16.00	16
8699	16.00	16
8701	16.00	16
8703	16.00	16
8705	16.00	16
8707	16.00	16
8709	16.00	16
8711	16.00	16
8713	16.00	16
8715	16.00	16
8717	16.00	16
8719	16.00	16
8721	16.00	16
8723	16.00	16
8725	16.00	16
8727	16.00	16
8729	16.00	16
8731	16.00	16
8733	16.00	16
8735	16.00	16
8737	16.00	16
8739	16.00	16
8741	16.00	16
8743	16.00	16
8745	16.00	16
8747	16.00	16
8749	16.00	16
8751	16.00	16
8753	16.00	16
8755	16.00	16
8757	16.00	16
8759	16.00	16
8761	16.00	16
8763	16.00	16
8765	16.00	16
8767	16.00	16
8769	16.00	16
8771	16.00	16
8773	16.00	16
8775	16.00	16
8777	16.00	16
8779	16.00	16
8781	16.00	16
8783	16.00	16
8785	16.00	16
8787	16.00	16
8789	16.00	16
8791	16.00	16
8793	16.00	16
8795	16.00	16
8797	16.00	16
8799	16.00	16
8801	16.00	16
8803	16.00	16
8805	16.00	16
8807	16.00	16
8809	16.00	16
8811	16.00	16
8813	16.00	16
8815	16.00	16
8817	16.00	16
8819	16.00	16
8821	16.00	16
8823	16.00	16
8825	16.00	16
8827	16.00	16
8829	16.00	16
8831	16.00	16
8833	16.00	16
8835	16.00	16
8837	16.00	16
8839	16.00	16
8841	16.00	16
8843	16.00	16
8845	16.00	16
8847	16.00	16
8849	16.00	16
8851	16.00	16
8853	16.00	16
8855	16.00	16
8857	16.00	16
8859	16.00	16
8861	16.00	16
8863	16.00	16
8865	16.00	16
8867	16.00	16
8869	16.00	16
8871	16.00	16
8873	16.00	16
8875	16.00	16
8877	16.00	16
8879	16.00	16
8881	16.00	16
8883	16.00	16
8885	16.00	16
8887	16.00	16
8889	16.00	16
8891	16.00	16
8893	16.00	16
8895	16.00	16
8897	16.00	16
8899	16.00	16
8901	16.00	16
8903	16.00	16
8905	16.00	16
8907	16.00	16
8909	16.00	16
8911	16.00	16
8913	16.00	16
8915	16.00	16
8917	16.00	16
8919	16.00	16
8921	16.00	16
8923	16.00	16
8925	16.00	16
8927	16.00	16
8929	16.00	16
8931	16.00	16
8933	16.00	16
8935	16.00	16
8937	16.00	16
8939	16.00	16
8941	16.00	16
8943	16.00	16
8945	16.00	16
8947	16.00	16
8949	16.00	16
8951	16.00	16
8953	16.00	16
8955	16.00	16
8957	16.00	16
8959	16.00	16
8961	16.00	16
8963	16.00	16
8965	16.00	16
8967	16.00	16
8969	16.00	16
8971	16.00	16
8973	16.00	16
8975	16.00	16
8977	16.00	16
8979	16.00	16
8981	16.00	16
8983	16.00	16
8985	16.00	16
8987	16.00	16
8989	16.00	16
8991	16.00	16
8993	16.00	16
8995	16.00	16
8997	16.00	16
8999	16.00	16
9001	16.00	16
9003	16.00	16
9005	16.00	16
9007	16.00	16
9009	16.00	16
9011	16.00	16
9013	16.00	16
9015	16.00	16
9017	16.00	16
9019	16.00	16
9021	16.00	16
9023	16.00	16
9025	16.00	16
9027	16.00	16
9029	16.00	16
9031	16.00	16
9033	16.00	16
9035	16.00	16
9037	16.00	16
9039	16.00	16
9041	16.00	16
9043	16.00	16
9045	16.00	16
9047	16.00	16
9049	16.00	16
9051	16.00	16
9053	16.00	16
9055	16.00	16
9057	16.00	16
9059	16.00	16
9061	16.00	16
9063	16.00	16
9065	16.00	16
9067	16.00	16
9069	16.00	16
9071	16.00	16
9073	16.00	16
9075	16.00	16
9077	16.00	16
9079	16.00	16
9081	16.00	16
9083	16.00	16
9085	16.00	16
9087	16.00	16
9089	16.00	16
9091	16.00	16
9093	16.00	16
9095	16.00	16
9097	16.00	16
9099	16.00	16
9101	16.00	16
9103	16.00	16
9105	16.00	16
9107	16.00	16
9109	16.00	16
9111	16.00	16
9113	16.00	16
9115	16.00	16
9117	16.00	16
9119	16.00	16
9121	16.00	16
9123	16.00	16
9125	16.00	16
9127	16.00	16
9129	16.00	16
9131	16.00	16
9133	16.00	16
9135	16.00	16
9137	16.00	16
9139	16.00	16
9141	16.00	16
9143	16.00	16
9145	16.00	16
9147	16.00	16
9149	16.00	16
9151	16.00	16
9153	16.00	16
9155	16.00	16
9157	16.00	16
9159	16.00	16
9161	16.00	16
9163	16.00	16
9165	16.00	16
9167	16.00	16
9169	16.00	16
9171	16.00	16
9173	16.00	16
9175	16.00	16
9177	16.00	16
9179	16.00	16
9181	16.00	16
9183	16.00	16
9185	16.00	16
9187	16.00	16
9189	16.00	16
9191	16.00	16
9193	16.00	16
9195	16.00	16
9197	16.00	16
9199	16.00	16
9201	16.00	16
9203	16.00	16
9205	16.00	16
9207	16.00	16
9209	16.00	16
9211	16.00	16
9213	16.00	16
9215	16.00	16
9217	16.00	16
9219	16.00	16
9221	16.00	16
9223	16.00	16
9225	16.00	16
9227	16.00	16
9229	16.00	16
9231	16.00	16
9233	16.00	16
9235	16.00	16
9237	16.00	16
9239	16.00	16
9241	16.00	16
9243	16.00	16
9245	16.00	16
9247	16.00	16
9249	16.00	16
9251	16.00	16
9253	16.00	16
9255	16.00	16
9257	16.00	16
9259	16.00	16
9261	16.00	16
9263	16.00	16
9265	16.00	16
9267	16.00	16
9269	16.00	16
9271	16.00	16
9273	16.00	16
9275	16.00	16
9277	16.00	16
9279	16.00	16
9281	16.00	16
9283	16.00	16
9285	16.00	16
9287	16.00	16
9289	16.00	16
9291	16.00	16
9293	16.00	16
9295	16.00	16
9297	16.00	16
9299	16.00	16
9301	16.00	16
9303	16.00	16
9305	16.00	16
9307	16.00	16
9309	16.00	16
9311	16.00	16
9313	16.00	16
9315	16.00	16
9317	16.00	16
9319	16.00	16
9321	16.00	16
9323	16.00	16
9325	16.00	16
9327	16.00	16
9329	16.00	16
9331	16.00	16
9333	16.00	16
9335	16.00	16
9337	16.00	16
9339	16.00	16
9341	16.00	16
9343	16.00	16
9345	16.00	16
9347	16.00	16
9349	16.00	16
9351	16.00	16
9353	16.00	16
9355	16.00	16
9357	16.00	16
9359	16.00	16
9361	16.00	16
9363	16.00	16
9365	16.00	16
9367	16.00	16
9369	16.00	16
9371	16.00	16
9373	16.00	16
9375	16.00	16
9377	16.00	16
9379	16.00	16
9381	16.00	16
9383	16.00	16
9385	16.00	16
9387	16.00	16
9389	16.00	16
9391	16.00	16
9393	16.00	16
9395	16.00	16
9397	16.00	16
9399	16.00	16
9401	16.00	16
9403	16.00	16
9405	16.00	16
9407	16.00	16
9409	16.00	16
9411	16.00	16
9413	16.00	16
9415	16.00	16
9417	16.00	16
9419	16.00	16
9421	16.00	16
9423	16.00	16
9425	16.00	16
9427	16.00	16
9429	16.00	16
9431	16.00	16
9433	16.00	16
9435	16.00	16
9437	16.00	16
9439	16.00	16
9441	16.00	16
9443	16.00	16
9445	16.00	16
9447	16.00	16
9449	16.00	16
9451	16.00	16
9453	16.00	16
9455	16.00	16
9457	16.00	16
9459	16.00	16
9461	16.00	16
9463	16.00	16
9465	16.00	16
9467	16.00	16
9469	16.00	16
9471	16.00	16
9473	16.00	16
9475	16.00	16
9477	16.00	16
9479	16.00	16
9481	16.00	16
9483	16.00	16
9485	16.00	16
9487	16.00	16
9489	16.00	16
9491	16.00	16
9493	16.00	16
9495	16.00	16
9497	16.00	16
9499	16.00	16
9501	16.00	16
9503	16.00	16
9505	16.00	16
9507	16.00	16
9509	16.00	16
9511	16.00	16
9513	16.00	16
9515	16.00	16
9517	16.00	16
9519	16.00	16
9521	16.00	16
9523	16.00	16
9525	16.00	16
9527	16.00	16
9529	16.00	16
9531	16.00	16
9533	16.00	16
9535	16.00	16
9537	16.00	16
9539	16.00	16
9541	16.00	16
9543	16.00	16
9545	16.00	16
9547	16.00	16
9549	16.00	16
9551	16.00	16
9553	16.00	16
9555	16.00	16
9557	16.00	16
9559	16.00	16
9561	16.00	16
9563	16.00	16
9565	16.00	16
9567	16.00	16
9569	16.00	16
9571	16.00	16
9573	16.00	16
9575	16.00	16
9577	16.00	16
9579	16.00	16
9581	16.00	16
9583	16.00	16
9585	16.00	16
9587	16.00	16
9589	16.00	16
9591	16.00	16
9593	16.00	16
9595	16.00	16
9597	16.00	16
9599	16.00	16
9601	16.00	16
9603	16.00	16
9605	16.00	16
9607	16.00	16
9609	16.00	16
9611	16.00	16
9613	16.00	16
9615	16.00	16
9617	16.00	16
9619	16.00	16
9621	16.00	16
9623	16.00	16
9625	16.00	16
9627	16.00	16
9629	16.00	16
9631	16.00	16
9633	16.00	16
9635	16.00	16
9637	16.00	16
9639	16.00	16
9641	16.00	16
9643	16.00	16
9645	16.00	16
9647	16.00	16
9649	16.00	16
9651	16.00	16
9653	16.00	16
9655	16.00	16
9657	16.00	16
9659	16.00	16
9661	16.00	16
9663	16.00	16
9665	16.00	16
9667	16.00	16
9669	16.00	16
9671	16.00	16
9673	16.00	16
9675	16.00	16
9677	16.00	16
9679	16.00	16
9681	16.00	16
9683	16.00	16
9685	16.00	16
9687	16.00	16
9689	16.00	16
9691	16.00	16
9693	16.00	16
9695	16.00	16
9697	16.00	16
9699	16.00	16
9701	16.00	16
9703	16.00	16
9705	16.00	16
9707	16.00	16
9709	16.00	16
9711	16.00	16
9713	16.00	16
9715	16.00	16
9717	16.00	16
9719	16.00	16
9721	16.00	16
9723	16.00	16
9725	16.00	16
9727	16.00	16
9729	16.00	16
9731	16.00	16
9733	16.00	16
9735	16.00	16
9737	16.00	16
9739	16.00	16
9741	16.00	16
9743	16.00	16
9745	16.00	16
9747	16.00	16
9749	16.00	16
9751	16.00	16
9753	16.00	16
9755	16.00	16
9757	16.00	16
9759	16.00	16
9761	16.00	16
9763	16.00	16
9765	16.00	16
9767	16.00	16
9769	16.00	16
9771	16.00	16
9773	16.00	16
9775	16.00	16
9777	16.00	16
9779	16.00	16
9781	16.00	16
9783	16.00	16
9785	16.00	16
9787	16.00	16
9789	16.00	16
9791	16.00	16
9793	16.00	16
9795	16.00	16
9797	16.00	16
9799	16.00	16
9801	16.00	16
9803	16.00	16
9805	16.00	16
9807	16.00	16
9809	16.00	16
9811	16.00	16
9813	16.00	16
9815	16.00	16
9817	16.00	16
9819	16.00	16
9821	16.00	16
9823	16.00	16
9825	16.00	16
9827	16.00	16
9829	16.00	16
9831	16.00	16
9833	16.00	16
9835	16.00	16
9837	16.00	16
9839	16.00	16
9841	16.00	16
9843	16.00	16
9845	16.00	16
9847	16.00	16
9849	16.00	16
9851	16.00	16
9853	16.00	16
9855	16.00	16
9857	16.00	16
9859	16.00	16
9861	16.00	16
9863	16.00	16
9865	16.00	16
9867	16.00	16
9869	16.00	16
9871	16.00	16
9873	16.00	16
9875	16.00	16
9877	16.00	16
9879	16.00	16
9881	16.00	16
9883	16.00	16
9885	16.00	16
9887	16.00	16
9889	16.00	16
9891	16.00	16
9893	16.00	16
9895	16.00	16
9897	16.00	16
9899	16.00	16
9901	16.00	16
9903	16.00	16
9905	16.00	16
9907	16.00	16
9909	16.00	16
9911	16.00	16
9913	16.00	16
9915	16.00	16
9917	16.00	16
9919	16.00	16
9921	16.00	16
9923	16.00	16
9925	16.00	16
9927	16.00	16
9929	16.00	16
9931	16.00	16
9933	16.00	16
9935	16.00	16
9937	16.00	16
9939	16.00	16
9941	16.00	16
9943	16.00	16
9945	16.00	16
9947	16.00	16
9949	16.00	16
9951	16.00	16
9953	16.00	16
9955	16.00	16
9957	16.00	16
9959	16.00	16
9961	16.00	16
9963	16.00	16
9965	16.00	16
9967	16.00	16
9969	16.00	16
9971	16.00	16
9973	16.00	16
9975	16.00	16
9977	16.00	16
9979	16.00	16
9981	16.00	16
9983	16.00	16
9985	16.00	16
9987	16.00	16
9989	16.00	16
9991	16.00	16
9993	16.00	16
9995	16.00	16
9997	16.00	16
9999	16.00	16
Run 5
5	-11.40	4
7	-9.20	4
9	-7.60	4
11	-1.40	4
13	1.20	4
15	3.20	4
17	3.60	4
19	3.60	4
21	3.60	4
23	4.00	4
25	4.00	4
27	4.00	4
29	4.00	4
31	4.00	4
33	4.00	4
35	4.00	4
37	4.00	4
39	4.00	4
41	4.80	8
43	4.80	8
45	4.80	8
47	4.80	8
49	4.80	8
51	4.80	8
53	4.80	8
55	4.80	8
57	4.80	8
59	4.80	8
61	4.80	8
63	4.80	8
65	4.80	8
67	4.80	8
69	4.80	8
71	4.80	8
73	4.80	8
75	4.80	8
77	4.80	8
79	4.80	8
81	4.80	8
83	4.80	8
85	4.80	8
87	4.80	8
89	4.80	8
91	4.80	8
93	4.80	8
95	4.80	8
97	4.80	8
99	4.80	8
101	4.80	8
103	4.80	8
105	4.80	8
107	4.80	8
109	4.80	8
111	4.80	8
113	4.80	8
115	4.80	8
117	4.80	8
119	4.80	8
121	4.80	8
123	5.00	8
125	5.00	8
127	5.00	8
129	5.00	8
131	5.00	8
133	5.00	8
135	5.40	8
137	5.40	8
139	5.40	8
141	5.40	8
143	5.40	8
145	5.40	8
147	5.40	8
149	5.40	8
151	5.40	8
153	5.40	8
155	5.40	8
157	5.60	8
159	5.60	8
161	5.60	8
163	5.60	8
165	6.00	8
167	6.20	8
169	6.20	8
171	6.20	8
173	6.20	8
175	6.20	8
177	6.20	8
179	6.20	8
181	6.20	8
183	6.40	8
185	6.40	8
187	6.40	8
189	6.40	8
191	6.40	8
193	6.40	8
195	6.40	8
197	6.40	8
199	6.40	8
201	6.40	8
203	6.40	8
205	6.40	8
207	6.40	8
209	6.40	8
211	6.40	8
213	6.40	8
215	6.40	8
217	6.40	8
219	6.40	8
221	6.40	8
223	6.40	8
225	6.40	8
227	6.40	8
229	6.40	8
231	6.40	8
233	6.40	8
235	6.40	8
237	6.40	8
239	6.40	8
241	6.80	8
243	6.80	8
245	6.80	8
247	6.80	8
249	6.80	8
251	6.80	8
253	6.80	8
255	6.80	8
257	6.80	8
259	7.20	8
261	7.20	8
263	7.20	8
265	7.20	8
267	7.20	8
269	7.20	8
271	7.20	8
273	7.20	8
275	7.20	8
277	7.20	8
279	7.20	8
281	7.60	8
283	7.60	8
285	7.60	8
287	7.60	8
289	7.60	8
291	7.60	8
293	7.60	8
295	7.60	8
297	7.60	8
299	8.80	12
301	8.80	12
303	8.80	12
305	8.80	12
307	8.80	12
309	8.80	12
311	8.80	12
313	8.80	12
315	8.80	12
317	8.80	12
319	8.80	12
321	8.80	12
323	8.80	12
325	8.80	12
327	8.80	12
329	8.80	12
331	8.80	12
333	8.80	12
335	8.80	12
337	8.80	12
339	8.80	12
341	8.80	12
343	8.80	12
345	9.60	12
347	9.60	12
349	9.60	12
351	9.60	12
353	9.60	12
355	9.60	12
357	10.40	12
359	10.40	12
361	10.40	12
363	11.20	12
365	11.20	12
367	11.20	12
369	11.60	12
371	11.60	12
373	11.60	12
375	11.60	12
377	11.60	12
379	11.60	12
381	11.60	12
383	11.60	12
385	11.60	12
387	11.60	12
389	11.60	12
391	11.60	12
393	11.60	12
395	11.60	12
397	11.60	12
399	11.60	12
401	11.60	12
403	11.60	12
405	11.60	12
407	11.60	12
409	11.60	12
411	11.60	12
413	11.60	12
415	11.60	12
417	11.60	12
419	11.60	12
421	11.60	12
423	11.60	12
425	11.60	12
427	11.60	12
429	11.60	12
431	12.00	12
433	12.00	12
435	12.00	12
437	12.00	12
439	12.00	12
441	12.00	12
443	12.00	12
445	12.00	12
447	12.00	12
449	12.00	12
451	12.00	12
453	12.00	12
455	12.00	12
457	12.00	12
459	12.00	12
461	12.00	12
463	12.00	12
465	12.00	12
467	12.00	12
469	12.00	12
471	12.00	12
473	12.00	12
475	12.00	12
477	12.00	12
479	12.00	12
481	12.00	12
483	12.00	12
485	12.00	12
487	12.00	12
489	12.00	12
491	12.00	12
493	12.00	12
495	12.00	12
497	12.00	12
499	12.00	12
501	12.00	12
503	12.00	12
505	12.00	12
507	12.00	12
509	12.00	12
511	12.00	12
513	12.00	12
515	12.00	12
517	12.00	12
519	12.00	12
521	12.00	12
523	12.00	12
525	12.00	12
527	12.00	12
529	12.00	12
531	12.00	12
533	12.00	12
535	12.00	12
537	12.00	12
539	12.00	12
541	12.00	12
543	12.00	12
545	12.00	12
547	12.00	12
549	12.00	12
551	12.00	12
553	12.00	12
555	12.00	12
557	12.00	12
559	12.00	12
561	12.00	12
563	12.00	12
565	12.00	12
567	12.00	12
569	12.00	12
571	12.00	12
573	12.00	12
575	12.00	12
577	12.00	12
579	12.00	12
581	12.00	12
583	12.00	12
585	12.00	12
587	12.00	12
589	12.00	12
591	12.00	12
593	12.00	12
595	12.00	12
597	12.00	12
599	12.00	12
601	12.00	12
603	12.00	12
605	12.00	12
607	12.00	12
609	12.00	12
611	12.00	12
613	12.00	12
615	12.00	12
617	12.00	12
619	12.00	12
621	12.00	12
623	12.00	12
625	12.00	12
627	12.00	12
629	12.00	12
631	12.00	12
633	12.00	12
635	12.00	12
637	12.00	12
639	12.00	12
641	12.00	12
643	12.00	12
645	12.00	12
647	12.00	12
649	12.00	12
651	12.00	12
653	12.00	12
655	12.00	12
657	12.00	12
659	12.00	12
661	12.00	12
663	12.00	12
665	12.00	12
667	12.00	12
669	12.00	12
671	12.00	12
673	12.20	13
675	12.20	13
677	12.20	13
679	12.20	13
681	12.20	13
683	12.20	13
685	12.20	13
687	12.20	13
689	12.20	13
691	12.20	13
693	12.20	13
695	12.20	13
697	12.20	13
699	12.20	13
701	12.20	13
703	12.20	13
705	12.20	13
707	12.20	13
709	12.20	13
711	13.00	16
713	13.00	16
715	13.00	16
717	13.00	16
719	13.00	16
721	13.00	16
723	13.00	16
725	13.00	16
727	13.80	16
729	13.80	16
731	13.80	16
733	13.80	16
735	13.80	16
737	13.80	16
739	13.80	16
741	13.80	16
743	13.80	16
745	13.80	16
747	13.80	16
749	13.80	16
751	13.80	16
753	13.80	16
755	13.80	16
757	13.80	16
759	13.80	16
761	13.80	16
763	13.80	16
765	13.80	16
767	13.80	16
769	13.80	16
771	13.80	16
773	13.80	16
775	13.80	16
777	13.80	16
779	13.80	16
781	13.80	16
783	13.80	16
785	13.80	16
787	13.80	16
789	13.80	16
791	13.80	16
793	13.80	16
795	13.80	16
797	13.80	16
799	13.80	16
801	13.80	16
803	13.80	16
805	13.80	16
807	13.80	16
809	13.80	16
811	13.80	16
813	13.80	16
815	13.80	16
817	13.80	16
819	13.80	16
821	13.80	16
823	13.80	16
825	13.80	16
827	13.80	16
829	13.80	16
831	13.80	16
833	13.80	16
835	13.80	16
837	13.80	16
839	13.80	16
841	13.80	16
843	13.80	16
845	13.80	16
847	13.80	16
849	13.80	16
851	13.80	16
853	13.80	16
855	13.80	16
857	13.80	16
859	13.80	16
861	13.80	16
863	13.80	16
865	13.80	16
867	13.80	16
869	13.80	16
871	13.80	16
873	13.80	16
875	13.80	16
877	13.80	16
879	13.80	16
881	13.80	16
883	13.80	16
885	13.80	16
887	13.80	16
889	13.80	16
891	13.80	16
893	13.80	16
895	13.80	16
897	13.80	16
899	13.80	16
901	13.80	16
903	13.80	16
905	13.80	16
907	14.60	16
909	14.60	16
911	14.60	16
913	14.60	16
915	14.60	16
917	14.60	16
919	14.60	16
921	14.60	16
923	14.60	16
925	14.60	16
927	14.60	16
929	15.00	16
931	15.00	16
933	15.00	16
935	15.00	16
937	15.00	16
939	15.00	16
941	15.00	16
943	15.20	16
945	15.20	16
947	15.20	16
949	15.20	16
951	15.20	16
953	15.20	16
955	15.20	16
957	15.20	16
959	15.20	16
961	15.20	16
963	15.20	16
965	15.20	16
967	15.20	16
969	15.20	16
971	15.20	16
973	15.20	16
975	15.20	16
977	15.20	16
979	15.20	16
981	15.20	16
983	15.20	16
985	15.20	16
987	15.20	16
989	15.20	16
991	15.20	16
993	15.20	16
995	15.20	16
997	15.20	16
999	15.20	16
1001	15.20	16
1003	15.20	16
1005	15.20	16
1007	15.20	16
1009	15.20	16
1011	15.20	16
1013	15.20	16
1015	15.20	16
1017	15.20	16
1019	15.20	16
1021	15.20	16
1023	15.20	16
1025	15.20	16
1027	15.20	16
1029	15.20	16
1031	15.20	16
1033	15.20	16
1035	15.20	16
1037	15.20	16
1039	15.20	16
1041	15.20	16
1043	15.20	16
1045	15.20	16
1047	15.20	16
1049	15.20	16
1051	15.20	16
1053	15.20	16
1055	15.20	16
1057	15.20	16
1059	15.20	16
1061	15.20	16
1063	15.20	16
1065	15.20	16
1067	15.20	16
1069	15.20	16
1071	15.20	16
1073	15.20	16
1075	15.20	16
1077	15.20	16
1079	15.20	16
1081	15.20	16
1083	15.20	16
1085	15.20	16
1087	15.20	16
1089	15.20	16
1091	15.20	16
1093	15.20	16
1095	15.20	16
1097	15.20	16
1099	15.20	16
1101	15.20	16
1103	15.20	16
1105	15.20	16
1107	15.20	16
1109	15.20	16
1111	15.20	16
1113	15.20	16
1115	15.20	16
1117	15.20	16
1119	15.20	16
1121	15.60	16
1123	15.60	16
1125	15.60	16
1127	15.60	16
1129	15.60	16
1131	15.60	16
1133	15.60	16
1135	15.60	16
1137	15.60	16
1139	15.60	16
1141	15.60	16
1143	15.60	16
1145	15.60	16
1147	15.60	16
1149	15.60	16
1151	15.60	16
1153	15.60	16
1155	15.60	16
1157	15.60	16
1159	15.60	16
1161	15.60	16
1163	15.60	16
1165	15.60	16
1167	15.60	16
1169	15.60	16
1171	15.60	16
1173	15.60	16
1175	15.60	16
1177	15.60	16
1179	15.60	16
1181	15.60	16
1183	15.60	16
1185	15.60	16
1187	15.60	16
1189	15.60	16
1191	15.60	16
1193	15.60	16
1195	15.60	16
1197	15.60	16
1199	15.60	16
1201	15.60	16
1203	15.60	16
1205	15.60	16
1207	15.60	16
1209	15.60	16
1211	15.60	16
1213	15.60	16
1215	15.60	16
1217	15.60	16
1219	15.60	16
1221	15.60	16
1223	15.60	16
1225	15.60	16
1227	15.60	16
1229	15.60	16
1231	15.60	16
1233	15.60	16
1235	15.60	16
1237	15.60	16
1239	15.60	16
1241	15.60	16
1243	15.60	16
1245	15.60	16
1247	15.60	16
1249	15.60	16
1251	15.60	16
1253	15.60	16
1255	15.60	16
1257	15.60	16
1259	15.60	16
1261	15.60	16
1263	15.60	16
1265	15.60	16
1267	15.60	16
1269	15.60	16
1271	15.60	16
1273	15.60	16
1275	15.60	16
1277	15.60	16
1279	15.60	16
1281	15.60	16
1283	15.60	16
1285	15.60	16
1287	15.60	16
1289	15.60	16
1291	15.60	16
1293	15.60	16
1295	15.60	16
1297	15.60	16
1299	15.60	16
1301	15.60	16
1303	15.60	16
1305	15.60	16
1307	15.60	16
1309	15.60	16
1311	15.60	16
1313	15.60	16
1315	15.60	16
1317	15.60	16
1319	15.60	16
1321	15.60	16
1323	15.60	16
1325	15.60	16
1327	15.60	16
1329	15.60	16
1331	15.60	16
1333	15.60	16
1335	15.60	16
1337	15.60	16
1339	15.60	16
1341	15.60	16
1343	15.60	16
1345	15.60	16
1347	15.60	16
1349	15.60	16
1351	15.60	16
1353	15.60	16
1355	15.60	16
1357	15.60	16
1359	15.60	16
1361	15.60	16
1363	15.60	16
1365	15.60	16
1367	15.60	16
1369	15.60	16
1371	15.60	16
1373	15.60	16
1375	15.60	16
1377	15.60	16
1379	15.60	16
1381	15.60	16
1383	15.60	16
1385	15.60	16
1387	15.60	16
1389	15.60	16
1391	15.60	16
1393	15.60	16
1395	15.60	16
1397	15.60	16
1399	15.60	16
1401	15.60	16
1403	15.60	16
1405	15.60	16
1407	15.60	16
1409	15.60	16
1411	15.60	16
1413	15.60	16
1415	15.60	16
1417	15.60	16
1419	15.60	16
1421	15.60	16
1423	15.60	16
1425	15.60	16
1427	15.60	16
1429	15.60	16
1431	15.60	16
1433	15.60	16
1435	15.60	16
1437	15.60	16
1439	15.60	16
1441	15.60	16
1443	15.60	16
1445	15.60	16
1447	15.60	16
1449	15.60	16
1451	15.60	16
1453	15.60	16
1455	15.60	16
1457	15.60	16
1459	15.60	16
1461	15.60	16
1463	15.60	16
1465	15.60	16
1467	15.60	16
1469	15.60	16
1471	15.60	16
1473	15.60	16
1475	15.60	16
1477	15.60	16
1479	15.60	16
1481	15.60	16
1483	15.60	16
1485	15.60	16
1487	15.60	16
1489	15.60	16
1491	15.60	16
1493	15.60	16
1495	15.60	16
1497	15.60	16
1499	15.60	16
1501	15.60	16
1503	15.60	16
1505	15.60	16
1507	15.60	16
1509	15.60	16
1511	15.60	16
1513	15.60	16
1515	16.00	16
1517	16.00	16
1519	16.00	16
1521	16.00	16
1523	16.00	16
1525	16.00	16
1527	16.00	16
1529	16.00	16
1531	16.00	16
1533	16.00	16
1535	16.00	16
1537	16.00	16
1539	16.00	16
1541	16.00	16
1543	16.00	16
1545	16.00	16
1547	16.00	16
1549	16.00	16
1551	16.00	16
1553	16.00	16
1555	16.00	16
1557	16.00	16
1559	16.00	16
1561	16.00	16
1563	16.00	16
1565	16.00	16
1567	16.00	16
1569	16.00	16
1571	16.00	16
1573	16.00	16
1575	16.00	16
1577	16.00	16
1579	16.00	16
1581	16.00	16
1583	16.00	16
1585	16.00	16
1587	16.00	16
1589	16.00	16
1591	16.00	16
1593	16.00	16
1595	16.00	16
1597	16.00	16
1599	16.00	16
1601	16.00	16
1603	16.00	16
1605	16.00	16
1607	16.00	16
1609	16.00	16
1611	16.00	16
1613	16.00	16
1615	16.00	16
1617	16.00	16
1619	16.00	16
1621	16.00	16
1623	16.00	16
1625	16.00	16
1627	16.00	16
1629	16.00	16
1631	16.00	16
1633	16.00	16
1635	16.00	16
1637	16.00	16
1639	16.00	16
1641	16.00	16
1643	16.00	16
1645	16.00	16
1647	16.00	16
1649	16.00	16
1651	16.00	16
1653	16.00	16
1655	16.00	16
1657	16.00	16
1659	16.00	16
1661	16.00	16
1663	16.00	16
1665	16.00	16
1667	16.00	16
1669	16.00	16
1671	16.00	16
1673	16.00	16
1675	16.00	16
1677	16.00	16
1679	16.00	16
1681	16.00	16
1683	16.00	16
1685	16.00	16
1687	16.00	16
1689	16.00	16
1691	16.00	16
1693	16.00	16
1695	16.00	16
1697	16.00	16
1699	16.00	16
1701	16.00	16
1703	16.00	16
1705	16.00	16
1707	16.00	16
1709	16.00	16
1711	16.00	16
1713	16.00	16
1715	16.00	16
1717	16.00	16
1719	16.00	16
1721	16.00	16
1723	16.00	16
1725	16.00	16
1727	16.00	16
1729	16.00	16
1731	16.00	16
1733	16.00	16
1735	16.00	16
1737	16.00	16
1739	16.00	16
1741	16.00	16
1743	16.00	16
1745	16.00	16
1747	16.00	16
1749	16.00	16
1751	16.00	16
1753	16.00	16
1755	16.00	16
1757	16.00	16
1759	16.00	16
1761	16.00	16
1763	16.00	16
1765	16.00	16
1767	16.00	16
1769	16.00	16
1771	16.00	16
1773	16.00	16
1775	16.00	16
1777	16.00	16
1779	16.00	16
1781	16.00	16
1783	16.00	16
1785	16.00	16
1787	16.00	16
1789	16.00	16
1791	16.00	16
1793	16.00	16
1795	16.00	16
1797	16.00	16
1799	16.00	16
1801	16.00	16
1803	16.00	16
1805	16.00	16
1807	16.00	16
1809	16.00	16
1811	16.00	16
1813	16.00	16
1815	16.00	16
1817	16.00	16
1819	16.00	16
1821	16.00	16
1823	16.00	16
1825	16.00	16
1827	16.00	16
1829	16.00	16
1831	16.00	16
1833	16.00	16
1835	16.00	16
1837	16.00	16
1839	16.00	16
1841	16.00	16
1843	16.00	16
1845	16.00	16
1847	16.00	16
1849	16.00	16
1851	16.00	16
1853	16.00	16
1855	16.00	16
1857	16.00	16
1859	16.00	16
1861	16.00	16
1863	16.00	16
1865	16.00	16
1867	16.00	16
1869	16.00	16
1871	16.00	16
1873	16.00	16
1875	16.00	16
1877	16.00	16
1879	16.00	16
1881	16.00	16
1883	16.00	16
1885	16.00	16
1887	16.00	16
1889	16.00	16
1891	16.00	16
1893	16.00	16
1895	16.00	16
1897	16.00	16
1899	16.00	16
1901	16.00	16
1903	16.00	16
1905	16.00	16
1907	16.00	16
1909	16.00	16
1911	16.00	16
1913	16.00	16
1915	16.00	16
1917	16.00	16
1919	16.00	16
1921	16.00	16
1923	16.00	16
1925	16.00	16
1927	16.00	16
1929	16.00	16
1931	16.00	16
1933	16.00	16
1935	16.00	16
1937	16.00	16
1939	16.00	16
1941	16.00	16
1943	16.00	16
1945	16.00	16
1947	16.00	16
1949	16.00	16
1951	16.00	16
1953	16.00	16
1955	16.00	16
1957	16.00	16
1959	16.00	16
1961	16.00	16
1963	16.00	16
1965	16.00	16
1967	16.00	16
1969	16.00	16
1971	16.00	16
1973	16.00	16
1975	16.00	16
1977	16.00	16
1979	16.00	16
1981	16.00	16
1983	16.00	16
1985	16.00	16
1987	16.00	16
1989	16.00	16
1991	16.00	16
1993	16.00	16
1995	16.00	16
1997	16.00	16
1999	16.00	16
2001	16.00	16
2003	16.00	16
2005	16.00	16
2007	16.00	16
2009	16.00	16
2011	16.00	16
2013	16.00	16
2015	16.00	16
2017	16.00	16
2019	16.00	16
2021	16.00	16
2023	16.00	16
2025	16.00	16
2027	16.00	16
2029	16.00	16
2031	16.00	16
2033	16.00	16
2035	16.00	16
2037	16.00	16
2039	16.00	16
2041	16.00	16
2043	16.00	16
2045	16.00	16
2047	16.00	16
2049	16.00	16
2051	16.00	16
2053	16.00	16
2055	16.00	16
2057	16.00	16
2059	16.00	16
2061	16.00	16
2063	16.00	16
2065	16.00	16
2067	16.00	16
2069	16.00	16
2071	16.00	16
2073	16.00	16
2075	16.00	16
2077	16.00	16
2079	16.00	16
2081	16.00	16
2083	16.00	16
2085	16.00	16
2087	16.00	16
2089	16.00	16
2091	16.00	16
2093	16.00	16
2095	16.00	16
2097	16.00	16
2099	16.00	16
2101	16.00	16
2103	16.00	16
2105	16.00	16
2107	16.00	16
2109	16.00	16
2111	16.00	16
2113	16.00	16
2115	16.00	16
2117	16.00	16
2119	16.00	16
2121	16.00	16
2123	16.00	16
2125	16.00	16
2127	16.00	16
2129	16.00	16
2131	16.00	16
2133	16.00	16
2135	16.00	16
2137	16.00	16
2139	16.00	16
2141	16.00	16
2143	16.00	16
2145	16.00	16
2147	16.00	16
2149	16.00	16
2151	16.00	16
2153	16.00	16
2155	16.00	16
2157	16.00	16
2159	16.00	16
2161	16.00	16
2163	16.00	16
2165	16.00	16
2167	16.00	16
2169	16.00	16
2171	16.00	16
2173	16.00	16
2175	16.00	16
2177	16.00	16
2179	16.00	16
2181	16.00	16
2183	16.00	16
2185	16.00	16
2187	16.00	16
2189	16.00	16
2191	16.00	16
2193	16.00	16
2195	16.00	16
2197	16.00	16
2199	16.00	16
2201	16.00	16
2203	16.00	16
2205	16.00	16
2207	16.00	16
2209	16.00	16
2211	16.00	16
2213	16.00	16
2215	16.00	16
2217	16.00	16
2219	16.00	16
2221	16.00	16
2223	16.00	16
2225	16.00	16
2227	16.00	16
2229	16.00	16
2231	16.00	16
2233	16.00	16
2235	16.00	16
2237	16.00	16
2239	16.00	16
2241	16.00	16
2243	16.00	16
2245	16.00	16
2247	16.00	16
2249	16.00	16
2251	16.00	16
2253	16.00	16
2255	16.00	16
2257	16.00	16
2259	16.00	16
2261	16.00	16
2263	16.00	16
2265	16.00	16
2267	16.00	16
2269	16.00	16
2271	16.00	16
2273	16.00	16
2275	16.00	16
2277	16.00	16
2279	16.00	16
2281	16.00	16
2283	16.00	16
2285	16.00	16
2287	16.00	16
2289	16.00	16
2291	16.00	16
2293	16.00	16
2295	16.00	16
2297	16.00	16
2299	16.00	16
2301	16.00	16
2303	16.00	16
2305	16.00	16
2307	16.00	16
2309	16.00	16
2311	16.00	16
2313	16.00	16
2315	16.00	16
2317	16.00	16
2319	16.00	16
2321	16.00	16
2323	16.00	16
2325	16.00	16
2327	16.00	16
2329	16.00	16
2331	16.00	16
2333	16.00	16
2335	16.00	16
2337	16.00	16
2339	16.00	16
2341	16.00	16
2343	16.00	16
2345	16.00	16
2347	16.00	16
2349	16.00	16
2351	16.00	16
2353	16.00	16
2355	16.00	16
2357	16.00	16
2359	16.00	16
2361	16.00	16
2363	16.00	16
2365	16.00	16
2367	16.00	16
2369	16.00	16
2371	16.00	16
2373	16.00	16
2375	16.00	16
2377	16.00	16
2379	16.00	16
2381	16.00	16
2383	16.00	16
2385	16.00	16
2387	16.00	16
2389	16.00	16
2391	16.00	16
2393	16.00	16
2395	16.00	16
2397	16.00	16
2399	16.00	16
2401	16.00	16
2403	16.00	16
2405	16.00	16
2407	16.00	16
2409	16.00	16
2411	16.00	16
2413	16.00	16
2415	16.00	16
2417	16.00	16
2419	16.00	16
2421	16.00	16
2423	16.00	16
2425	16.00	16
2427	16.00	16
2429	16.00	16
2431	16.00	16
2433	16.00	16
2435	16.00	16
2437	16.00	16
2439	16.00	16
2441	16.00	16
2443	16.00	16
2445	16.00	16
2447	16.00	16
2449	16.00	16
2451	16.00	16
2453	16.00	16
2455	16.00	16
2457	16.00	16
2459	16.00	16
2461	16.00	16
2463	16.00	16
2465	16.00	16
2467	16.00	16
2469	16.00	16
2471	16.00	16
2473	16.00	16
2475	16.00	16
2477	16.00	16
2479	16.00	16
2481	16.00	16
2483	16.00	16
2485	16.00	16
2487	16.00	16
2489	16.00	16
2491	16.00	16
2493	16.00	16
2495	16.00	16
2497	16.00	16
2499	16.00	16
2501	16.00	16
2503	16.00	16
2505	16.00	16
2507	16.00	16
2509	16.00	16
2511	16.00	16
2513	16.00	16
2515	16.00	16
2517	16.00	16
2519	16.00	16
2521	16.00	16
2523	16.00	16
2525	16.00	16
2527	16.00	16
2529	16.00	16
2531	16.00	16
2533	16.00	16
2535	16.00	16
2537	16.00	16
2539	16.00	16
2541	16.00	16
2543	16.00	16
2545	16.00	16
2547	16.00	16
2549	16.00	16
2551	16.00	16
2553	16.00	16
2555	16.00	16
2557	16.00	16
2559	16.00	16
2561	16.00	16
2563	16.00	16
2565	16.00	16
2567	16.00	16
2569	16.00	16
2571	16.00	16
2573	16.00	16
2575	16.00	16
2577	16.00	16
2579	16.00	16
2581	16.00	16
2583	16.00	16
2585	16.00	16
2587	16.00	16
2589	16.00	16
2591	16.00	16
2593	16.00	16
2595	16.00	16
2597	16.00	16
2599	16.00	16
2601	16.00	16
2603	16.00	16
2605	16.00	16
2607	16.00	16
2609	16.00	16
2611	16.00	16
2613	16.00	16
2615	16.00	16
2617	16.00	16
2619	16.00	16
2621	16.00	16
2623	16.00	16
2625	16.00	16
2627	16.00	16
2629	16.00	16
2631	16.00	16
2633	16.00	16
2635	16.00	16
2637	16.00	16
2639	16.00	16
2641	16.00	16
2643	16.00	16
2645	16.00	16
2647	16.00	16
2649	16.00	16
2651	16.00	16
2653	16.00	16
2655	16.00	16
2657	16.00	16
2659	16.00	16
2661	16.00	16
2663	16.00	16
2665	16.00	16
2667	16.00	16
2669	16.00	16
2671	16.00	16
2673	16.00	16
2675	16.00	16
2677	16.00	16
2679	16.00	16
2681	16.00	16
2683	16.00	16
2685	16.00	16
2687	16.00	16
2689	16.00	16
2691	16.00	16
2693	16.00	16
2695	16.00	16
2697	16.00	16
2699	16.00	16
2701	16.00	16
2703	16.00	16
2705	16.00	16
2707	16.00	16
2709	16.00	16
2711	16.00	16
2713	16.00	16
2715	16.00	16
2717	16.00	16
2719	16.00	16
2721	16.00	16
2723	16.00	16
2725	16.00	16
2727	16.00	16
2729	16.00	16
2731	16.00	16
2733	16.00	16
2735	16.00	16
2737	16.00	16
2739	16.00	16
2741	16.00	16
2743	16.00	16
2745	16.00	16
2747	16.00	16
2749	16.00	16
2751	16.00	16
2753	16.00	16
2755	16.00	16
2757	16.00	16
2759	16.00	16
2761	16.00	16
2763	16.00	16
2765	16.00	16
2767	16.00	16
2769	16.00	16
2771	16.00	16
2773	16.00	16
2775	16.00	16
2777	16.00	16
2779	16.00	16
2781	16.00	16
2783	16.00	16
2785	16.00	16
2787	16.00	16
2789	16.00	16
2791	16.00	16
2793	16.00	16
2795	16.00	16
2797	16.00	16
2799	16.00	16
2801	16.00	16
2803	16.00	16
2805	16.00	16
2807	16.00	16
2809	16.00	16
2811	16.00	16
2813	16.00	16
2815	16.00	16
2817	16.00	16
2819	16.00	16
2821	16.00	16
2823	16.00	16
2825	16.00	16
2827	16.00	16
2829	16.00	16
2831	16.00	16
2833	16.00	16
2835	16.00	16
2837	16.00	16
2839	16.00	16
2841	16.00	16
2843	16.00	16
2845	16.00	16
2847	16.00	16
2849	16.00	16
2851	16.00	16
2853	16.00	16
2855	16.00	16
2857	16.00	16
2859	16.00	16
2861	16.00	16
2863	16.00	16
2865	16.00	16
2867	16.00	16
2869	16.00	16
2871	16.00	16
2873	16.00	16
2875	16.00	16
2877	16.00	16
2879	16.00	16
2881	16.00	16
2883	16.00	16
2885	16.00	16
2887	16.00	16
2889	16.00	16
2891	16.00	16
2893	16.00	16
2895	16.00	16
2897	16.00	16
2899	16.00	16
2901	16.00	16
2903	16.00	16
2905	16.00	16
2907	16.00	16
2909	16.00	16
2911	16.00	16
2913	16.00	16
2915	16.00	16
2917	16.00	16
2919	16.00	16
2921	16.00	16
2923	16.00	16
2925	16.00	16
2927	16.00	16
2929	16.00	16
2931	16.00	16
2933	16.00	16
2935	16.00	16
2937	16.00	16
2939	16.00	16
2941	16.00	16
2943	16.00	16
2945	16.00	16
2947	16.00	16
2949	16.00	16
2951	16.00	16
2953	16.00	16
2955	16.00	16
2957	16.00	16
2959	16.00	16
2961	16.00	16
2963	16.00	16
2965	16.00	16
2967	16.00	16
2969	16.00	16
2971	16.00	16
2973	16.00	16
2975	16.00	16
2977	16.00	16
2979	16.00	16
2981	16.00	16
2983	16.00	16
2985	16.00	16
2987	16.00	16
2989	16.00	16
2991	16.00	16
2993	16.00	16
2995	16.00	16
2997	16.00	16
2999	16.00	16
3001	16.00	16
3003	16.00	16
3005	16.00	16
3007	16.00	16
3009	16.00	16
3011	16.00	16
3013	16.00	16
3015	16.00	16
3017	16.00	16
3019	16.00	16
3021	16.00	16
3023	16.00	16
3025	16.00	16
3027	16.00	16
3029	16.00	16
3031	16.00	16
3033	16.00	16
3035	16.00	16
3037	16.00	16
3039	16.00	16
3041	16.00	16
3043	16.00	16
3045	16.00	16
3047	16.00	16
3049	16.00	16
3051	16.00	16
3053	16.00	16
3055	16.00	16
3057	16.00	16
3059	16.00	16
3061	16.00	16
3063	16.00	16
3065	16.00	16
3067	16.00	16
3069	16.00	16
3071	16.00	16
3073	16.00	16
3075	16.00	16
3077	16.00	16
3079	16.00	16
3081	16.00	16
3083	16.00	16
3085	16.00	16
3087	16.00	16
3089	16.00	16
3091	16.00	16
3093	16.00	16
3095	16.00	16
3097	16.00	16
3099	16.00	16
3101	16.00	16
3103	16.00	16
3105	16.00	16
3107	16.00	16
3109	16.00	16
3111	16.00	16
3113	16.00	16
3115	16.00	16
3117	16.00	16
3119	16.00	16
3121	16.00	16
3123	16.00	16
3125	16.00	16
3127	16.00	16
3129	16.00	16
3131	16.00	16
3133	16.00	16
3135	16.00	16
3137	16.00	16
3139	16.00	16
3141	16.00	16
3143	16.00	16
3145	16.00	16
3147	16.00	16
3149	16.00	16
3151	16.00	16
3153	16.00	16
3155	16.00	16
3157	16.00	16
3159	16.00	16
3161	16.00	16
3163	16.00	16
3165	16.00	16
3167	16.00	16
3169	16.00	16
3171	16.00	16
3173	16.00	16
3175	16.00	16
3177	16.00	16
3179	16.00	16
3181	16.00	16
3183	16.00	16
3185	16.00	16
3187	16.00	16
3189	16.00	16
3191	16.00	16
3193	16.00	16
3195	16.00	16
3197	16.00	16
3199	16.00	16
3201	16.00	16
3203	16.00	16
3205	16.00	16
3207	16.00	16
3209	16.00	16
3211	16.00	16
3213	16.00	16
3215	16.00	16
3217	16.00	16
3219	16.00	16
3221	16.00	16
3223	16.00	16
3225	16.00	16
3227	16.00	16
3229	16.00	16
3231	16.00	16
3233	16.00	16
3235	16.00	16
3237	16.00	16
3239	16.00	16
3241	16.00	16
3243	16.00	16
3245	16.00	16
3247	16.00	16
3249	16.00	16
3251	16.00	16
3253	16.00	16
3255	16.00	16
3257	16.00	16
3259	16.00	16
3261	16.00	16
3263	16.00	16
3265	16.00	16
3267	16.00	16
3269	16.00	16
3271	16.00	16
3273	16.00	16
3275	16.00	16
3277	16.00	16
3279	16.00	16
3281	16.00	16
3283	16.00	16
3285	16.00	16
3287	16.00	16
3289	16.00	16
3291	16.00	16
3293	16.00	16
3295	16.00	16
3297	16.00	16
3299	16.00	16
3301	16.00	16
3303	16.00	16
3305	16.00	16
3307	16.00	16
3309	16.00	16
3311	16.00	16
3313	16.00	16
3315	16.00	16
3317	16.00	16
3319	16.00	16
3321	16.00	16
3323	16.00	16
3325	16.00	16
3327	16.00	16
3329	16.00	16
3331	16.00	16
3333	16.00	16
3335	16.00	16
3337	16.00	16
3339	16.00	16
3341	16.00	16
3343	16.00	16
3345	16.00	16
3347	16.00	16
3349	16.00	16
3351	16.00	16
3353	16.00	16
3355	16.00	16
3357	16.00	16
3359	16.00	16
3361	16.00	16
3363	16.00	16
3365	16.00	16
3367	16.00	16
3369	16.00	16
3371	16.00	16
3373	16.00	16
3375	16.00	16
3377	16.00	16
3379	16.00	16
3381	16.00	16
3383	16.00	16
3385	16.00	16
3387	16.00	16
3389	16.00	16
3391	16.00	16
3393	16.00	16
3395	16.00	16
3397	16.00	16
3399	16.00	16
3401	16.00	16
3403	16.00	16
3405	16.00	16
3407	16.00	16
3409	16.00	16
3411	16.00	16
3413	16.00	16
3415	16.00	16
3417	16.00	16
3419	16.00	16
3421	16.00	16
3423	16.00	16
3425	16.00	16
3427	16.00	16
3429	16.00	16
3431	16.00	16
3433	16.00	16
3435	16.00	16
3437	16.00	16
3439	16.00	16
3441	16.00	16
3443	16.00	16
3445	16.00	16
3447	16.00	16
3449	16.00	16
3451	16.00	16
3453	16.00	16
3455	16.00	16
3457	16.00	16
3459	16.00	16
3461	16.00	16
3463	16.00	16
3465	16.00	16
3467	16.00	16
3469	16.00	16
3471	16.00	16
3473	16.00	16
3475	16.00	16
3477	16.00	16
3479	16.00	16
3481	16.00	16
3483	16.00	16
3485	16.00	16
3487	16.00	16
3489	16.00	16
3491	16.00	16
3493	16.00	16
3495	16.00	16
3497	16.00	16
3499	16.00	16
3501	16.00	16
3503	16.00	16
3505	16.00	16
3507	16.00	16
3509	16.00	16
3511	16.00	16
3513	16.00	16
3515	16.00	16
3517	16.00	16
3519	16.00	16
3521	16.00	16
3523	16.00	16
3525	16.00	16
3527	16.00	16
3529	16.00	16
3531	16.00	16
3533	16.00	16
3535	16.00	16
3537	16.00	16
3539	16.00	16
3541	16.00	16
3543	16.00	16
3545	16.00	16
3547	16.00	16
3549	16.00	16
3551	16.00	16
3553	16.00	16
3555	16.00	16
3557	16.00	16
3559	16.00	16
3561	16.00	16
3563	16.00	16
3565	16.00	16
3567	16.00	16
3569	16.00	16
3571	16.00	16
3573	16.00	16
3575	16.00	16
3577	16.00	16
3579	16.00	16
3581	16.00	16
3583	16.00	16
3585	16.00	16
3587	16.00	16
3589	16.00	16
3591	16.00	16
3593	16.00	16
3595	16.00	16
3597	16.00	16
3599	16.00	16
3601	16.00	16
3603	16.00	16
3605	16.00	16
3607	16.00	16
3609	16.00	16
3611	16.00	16
3613	16.00	16
3615	16.00	16
3617	16.00	16
3619	16.00	16
3621	16.00	16
3623	16.00	16
3625	16.00	16
3627	16.00	16
3629	16.00	16
3631	16.00	16
3633	16.00	16
3635	16.00	16
3637	16.00	16
3639	16.00	16
3641	16.00	16
3643	16.00	16
3645	16.00	16
3647	16.00	16
3649	16.00	16
3651	16.00	16
3653	16.00	16
3655	16.00	16
3657	16.00	16
3659	16.00	16
3661	16.00	16
3663	16.00	16
3665	16.00	16
3667	16.00	16
3669	16.00	16
3671	16.00	16
3673	16.00	16
3675	16.00	16
3677	16.00	16
3679	16.00	16
3681	16.00	16
3683	16.00	16
3685	16.00	16
3687	16.00	16
3689	16.00	16
3691	16.00	16
3693	16.00	16
3695	16.00	16
3697	16.00	16
3699	16.00	16
3701	16.00	16
3703	16.00	16
3705	16.00	16
3707	16.00	16
3709	16.00	16
3711	16.00	16
3713	16.00	16
3715	16.00	16
3717	16.00	16
3719	16.00	16
3721	16.00	16
3723	16.00	16
3725	16.00	16
3727	16.00	16
3729	16.00	16
3731	16.00	16
3733	16.00	16
3735	16.00	16
3737	16.00	16
3739	16.00	16
3741	16.00	16
3743	16.00	16
3745	16.00	16
3747	16.00	16
3749	16.00	16
3751	16.00	16
3753	16.00	16
3755	16.00	16
3757	16.00	16
3759	16.00	16
3761	16.00	16
3763	16.00	16
3765	16.00	16
3767	16.00	16
3769	16.00	16
3771	16.00	16
3773	16.00	16
3775	16.00	16
3777	16.00	16
3779	16.00	16
3781	16.00	16
3783	16.00	16
3785	16.00	16
3787	16.00	16
3789	16.00	16
3791	16.00	16
3793	16.00	16
3795	16.00	16
3797	16.00	16
3799	16.00	16
3801	16.00	16
3803	16.00	16
3805	16.00	16
3807	16.00	16
3809	16.00	16
3811	16.00	16
3813	16.00	16
3815	16.00	16
3817	16.00	16
3819	16.00	16
3821	16.00	16
3823	16.00	16
3825	16.00	16
3827	16.00	16
3829	16.00	16
3831	16.00	16
3833	16.00	16
3835	16.00	16
3837	16.00	16
3839	16.00	16
3841	16.00	16
3843	16.00	16
3845	16.00	16
3847	16.00	16
3849	16.00	16
3851	16.00	16
3853	16.00	16
3855	16.00	16
3857	16.00	16
3859	16.00	16
3861	16.00	16
3863	16.00	16
3865	16.00	16
3867	16.00	16
3869	16.00	16
3871	16.00	16
3873	16.00	16
3875	16.00	16
3877	16.00	16
3879	16.00	16
3881	16.00	16
3883	16.00	16
3885	16.00	16
3887	16.00	16
3889	16.00	16
3891	16.00	16
3893	16.00	16
3895	16.00	16
3897	16.00	16
3899	16.00	16
3901	16.00	16
3903	16.00	16
3905	16.00	16
3907	16.00	16
3909	16.00	16
3911	16.00	16
3913	16.00	16
3915	16.00	16
3917	16.00	16
3919	16.00	16
3921	16.00	16
3923	16.00	16
3925	16.00	16
3927	16.00	16
3929	16.00	16
3931	16.00	16
3933	16.00	16
3935	16.00	16
3937	16.00	16
3939	16.00	16
3941	16.00	16
3943	16.00	16
3945	16.00	16
3947	16.00	16
3949	16.00	16
3951	16.00	16
3953	16.00	16
3955	16.00	16
3957	16.00	16
3959	16.00	16
3961	16.00	16
3963	16.00	16
3965	16.00	16
3967	16.00	16
3969	16.00	16
3971	16.00	16
3973	16.00	16
3975	16.00	16
3977	16.00	16
3979	16.00	16
3981	16.00	16
3983	16.00	16
3985	16.00	16
3987	16.00	16
3989	16.00	16
3991	16.00	16
3993	16.00	16
3995	16.00	16
3997	16.00	16
3999	16.00	16
4001	16.00	16
4003	16.00	16
4005	16.00	16
4007	16.00	16
4009	16.00	16
4011	16.00	16
4013	16.00	16
4015	16.00	16
4017	16.00	16
4019	16.00	16
4021	16.00	16
4023	16.00	16
4025	16.00	16
4027	16.00	16
4029	16.00	16
4031	16.00	16
4033	16.00	16
4035	16.00	16
4037	16.00	16
4039	16.00	16
4041	16.00	16
4043	16.00	16
4045	16.00	16
4047	16.00	16
4049	16.00	16
4051	16.00	16
4053	16.00	16
4055	16.00	16
4057	16.00	16
4059	16.00	16
4061	16.00	16
4063	16.00	16
4065	16.00	16
4067	16.00	16
4069	16.00	16
4071	16.00	16
4073	16.00	16
4075	16.00	16
4077	16.00	16
4079	16.00	16
4081	16.00	16
4083	16.00	16
4085	16.00	16
4087	16.00	16
4089	16.00	16
4091	16.00	16
4093	16.00	16
4095	16.00	16
4097	16.00	16
4099	16.00	16
4101	16.00	16
4103	16.00	16
4105	16.00	16
4107	16.00	16
4109	16.00	16
4111	16.00	16
4113	16.00	16
4115	16.00	16
4117	16.00	16
4119	16.00	16
4121	16.00	16
4123	16.00	16
4125	16.00	16
4127	16.00	16
4129	16.00	16
4131	16.00	16
4133	16.00	16
4135	16.00	16
4137	16.00	16
4139	16.00	16
4141	16.00	16
4143	16.00	16
4145	16.00	16
4147	16.00	16
4149	16.00	16
4151	16.00	16
4153	16.00	16
4155	16.00	16
4157	16.00	16
4159	16.00	16
4161	16.00	16
4163	16.00	16
4165	16.00	16
4167	16.00	16
4169	16.00	16
4171	16.00	16
4173	16.00	16
4175	16.00	16
4177	16.00	16
4179	16.00	16
4181	16.00	16
4183	16.00	16
4185	16.00	16
4187	16.00	16
4189	16.00	16
4191	16.00	16
4193	16.00	16
4195	16.00	16
4197	16.00	16
4199	16.00	16
4201	16.00	16
4203	16.00	16
4205	16.00	16
4207	16.00	16
4209	16.00	16
4211	16.00	16
4213	16.00	16
4215	16.00	16
4217	16.00	16
4219	16.00	16
4221	16.00	16
4223	16.00	16
4225	16.00	16
4227	16.00	16
4229	16.00	16
4231	16.00	16
4233	16.00	16
4235	16.00	16
4237	16.00	16
4239	16.00	16
4241	16.00	16
4243	16.00	16
4245	16.00	16
4247	16.00	16
4249	16.00	16
4251	16.00	16
4253	16.00	16
4255	16.00	16
4257	16.00	16
4259	16.00	16
4261	16.00	16
4263	16.00	16
4265	16.00	16
4267	16.00	16
4269	16.00	16
4271	16.00	16
4273	16.00	16
4275	16.00	16
4277	16.00	16
4279	16.00	16
4281	16.00	16
4283	16.00	16
4285	16.00	16
4287	16.00	16
4289	16.00	16
4291	16.00	16
4293	16.00	16
4295	16.00	16
4297	16.00	16
4299	16.00	16
4301	16.00	16
4303	16.00	16
4305	16.00	16
4307	16.00	16
4309	16.00	16
4311	16.00	16
4313	16.00	16
4315	16.00	16
4317	16.00	16
4319	16.00	16
4321	16.00	16
4323	16.00	16
4325	16.00	16
4327	16.00	16
4329	16.00	16
4331	16.00	16
4333	16.00	16
4335	16.00	16
4337	16.00	16
4339	16.00	16
4341	16.00	16
4343	16.00	16
4345	16.00	16
4347	16.00	16
4349	16.00	16
4351	16.00	16
4353	16.00	16
4355	16.00	16
4357	16.00	16
4359	16.00	16
4361	16.00	16
4363	16.00	16
4365	16.00	16
4367	16.00	16
4369	16.00	16
4371	16.00	16
4373	16.00	16
4375	16.00	16
4377	16.00	16
4379	16.00	16
4381	16.00	16
4383	16.00	16
4385	16.00	16
4387	16.00	16
4389	16.00	16
4391	16.00	16
4393	16.00	16
4395	16.00	16
4397	16.00	16
4399	16.00	16
4401	16.00	16
4403	16.00	16
4405	16.00	16
4407	16.00	16
4409	16.00	16
4411	16.00	16
4413	16.00	16
4415	16.00	16
4417	16.00	16
4419	16.00	16
4421	16.00	16
4423	16.00	16
4425	16.00	16
4427	16.00	16
4429	16.00	16
4431	16.00	16
4433	16.00	16
4435	16.00	16
4437	16.00	16
4439	16.00	16
4441	16.00	16
4443	16.00	16
4445	16.00	16
4447	16.00	16
4449	16.00	16
4451	16.00	16
4453	16.00	16
4455	16.00	16
4457	16.00	16
4459	16.00	16
4461	16.00	16
4463	16.00	16
4465	16.00	16
4467	16.00	16
4469	16.00	16
4471	16.00	16
4473	16.00	16
4475	16.00	16
4477	16.00	16
4479	16.00	16
4481	16.00	16
4483	16.00	16
4485	16.00	16
4487	16.00	16
4489	16.00	16
4491	16.00	16
4493	16.00	16
4495	16.00	16
4497	16.00	16
4499	16.00	16
4501	16.00	16
4503	16.00	16
4505	16.00	16
4507	16.00	16
4509	16.00	16
4511	16.00	16
4513	16.00	16
4515	16.00	16
4517	16.00	16
4519	16.00	16
4521	16.00	16
4523	16.00	16
4525	16.00	16
4527	16.00	16
4529	16.00	16
4531	16.00	16
4533	16.00	16
4535	16.00	16
4537	16.00	16
4539	16.00	16
4541	16.00	16
4543	16.00	16
4545	16.00	16
4547	16.00	16
4549	16.00	16
4551	16.00	16
4553	16.00	16
4555	16.00	16
4557	16.00	16
4559	16.00	16
4561	16.00	16
4563	16.00	16
4565	16.00	16
4567	16.00	16
4569	16.00	16
4571	16.00	16
4573	16.00	16
4575	16.00	16
4577	16.00	16
4579	16.00	16
4581	16.00	16
4583	16.00	16
4585	16.00	16
4587	16.00	16
4589	16.00	16
4591	16.00	16
4593	16.00	16
4595	16.00	16
4597	16.00	16
4599	16.00	16
4601	16.00	16
4603	16.00	16
4605	16.00	16
4607	16.00	16
4609	16.00	16
4611	16.00	16
4613	16.00	16
4615	16.00	16
4617	16.00	16
4619	16.00	16
4621	16.00	16
4623	16.00	16
4625	16.00	16
4627	16.00	16
4629	16.00	16
4631	16.00	16
4633	16.00	16
4635	16.00	16
4637	16.00	16
4639	16.00	16
4641	16.00	16
4643	16.00	16
4645	16.00	16
4647	16.00	16
4649	16.00	16
4651	16.00	16
4653	16.00	16
4655	16.00	16
4657	16.00	16
4659	16.00	16
4661	16.00	16
4663	16.00	16
4665	16.00	16
4667	16.00	16
4669	16.00	16
4671	16.00	16
4673	16.00	16
4675	16.00	16
4677	16.00	16
4679	16.00	16
4681	16.00	16
4683	16.00	16
4685	16.00	16
4687	16.00	16
4689	16.00	16
4691	16.00	16
4693	16.00	16
4695	16.00	16
4697	16.00	16
4699	16.00	16
4701	16.00	16
4703	16.00	16
4705	16.00	16
4707	16.00	16
4709	16.00	16
4711	16.00	16
4713	16.00	16
4715	16.00	16
4717	16.00	16
4719	16.00	16
4721	16.00	16
4723	16.00	16
4725	16.00	16
4727	16.00	16
4729	16.00	16
4731	16.00	16
4733	16.00	16
4735	16.00	16
4737	16.00	16
4739	16.00	16
4741	16.00	16
4743	16.00	16
4745	16.00	16
4747	16.00	16
4749	16.00	16
4751	16.00	16
4753	16.00	16
4755	16.00	16
4757	16.00	16
4759	16.00	16
4761	16.00	16
4763	16.00	16
4765	16.00	16
4767	16.00	16
4769	16.00	16
4771	16.00	16
4773	16.00	16
4775	16.00	16
4777	16.00	16
4779	16.00	16
4781	16.00	16
4783	16.00	16
4785	16.00	16
4787	16.00	16
4789	16.00	16
4791	16.00	16
4793	16.00	16
4795	16.00	16
4797	16.00	16
4799	16.00	16
4801	16.00	16
4803	16.00	16
4805	16.00	16
4807	16.00	16
4809	16.00	16
4811	16.00	16
4813	16.00	16
4815	16.00	16
4817	16.00	16
4819	16.00	16
4821	16.00	16
4823	16.00	16
4825	16.00	16
4827	16.00	16
4829	16.00	16
4831	16.00	16
4833	16.00	16
4835	16.00	16
4837	16.00	16
4839	16.00	16
4841	16.00	16
4843	16.00	16
4845	16.00	16
4847	16.00	16
4849	16.00	16
4851	16.00	16
4853	16.00	16
4855	16.00	16
4857	16.00	16
4859	16.00	16
4861	16.00	16
4863	16.00	16
4865	16.00	16
4867	16.00	16
4869	16.00	16
4871	16.00	16
4873	16.00	16
4875	16.00	16
4877	16.00	16
4879	16.00	16
4881	16.00	16
4883	16.00	16
4885	16.00	16
4887	16.00	16
4889	16.00	16
4891	16.00	16
4893	16.00	16
4895	16.00	16
4897	16.00	16
4899	16.00	16
4901	16.00	16
4903	16.00	16
4905	16.00	16
4907	16.00	16
4909	16.00	16
4911	16.00	16
4913	16.00	16
4915	16.00	16
4917	16.00	16
4919	16.00	16
4921	16.00	16
4923	16.00	16
4925	16.00	16
4927	16.00	16
4929	16.00	16
4931	16.00	16
4933	16.00	16
4935	16.00	16
4937	16.00	16
4939	16.00	16
4941	16.00	16
4943	16.00	16
4945	16.00	16
4947	16.00	16
4949	16.00	16
4951	16.00	16
4953	16.00	16
4955	16.00	16
4957	16.00	16
4959	16.00	16
4961	16.00	16
4963	16.00	16
4965	16.00	16
4967	16.00	16
4969	16.00	16
4971	16.00	16
4973	16.00	16
4975	16.00	16
4977	16.00	16
4979	16.00	16
4981	16.00	16
4983	16.00	16
4985	16.00	16
4987	16.00	16
4989	16.00	16
4991	16.00	16
4993	16.00	16
4995	16.00	16
4997	16.00	16
4999	16.00	16
5001	16.00	16
5003	16.00	16
5005	16.00	16
5007	16.00	16
5009	16.00	16
5011	16.00	16
5013	16.00	16
5015	16.00	16
5017	16.00	16
5019	16.00	16
5021	16.00	16
5023	16.00	16
5025	16.00	16
5027	16.00	16
5029	16.00	16
5031	16.00	16
5033	16.00	16
5035	16.00	16
5037	16.00	16
5039	16.00	16
5041	16.00	16
5043	16.00	16
5045	16.00	16
5047	16.00	16
5049	16.00	16
5051	16.00	16
5053	16.00	16
5055	16.00	16
5057	16.00	16
5059	16.00	16
5061	16.00	16
5063	16.00	16
5065	16.00	16
5067	16.00	16
5069	16.00	16
5071	16.00	16
5073	16.00	16
5075	16.00	16
5077	16.00	16
5079	16.00	16
5081	16.00	16
5083	16.00	16
5085	16.00	16
5087	16.00	16
5089	16.00	16
5091	16.00	16
5093	16.00	16
5095	16.00	16
5097	16.00	16
5099	16.00	16
5101	16.00	16
5103	16.00	16
5105	16.00	16
5107	16.00	16
5109	16.00	16
5111	16.00	16
5113	16.00	16
5115	16.00	16
5117	16.00	16
5119	16.00	16
5121	16.00	16
5123	16.00	16
5125	16.00	16
5127	16.00	16
5129	16.00	16
5131	16.00	16
5133	16.00	16
5135	16.00	16
5137	16.00	16
5139	16.00	16
5141	16.00	16
5143	16.00	16
5145	16.00	16
5147	16.00	16
5149	16.00	16
5151	16.00	16
5153	16.00	16
5155	16.00	16
5157	16.00	16
5159	16.00	16
5161	16.00	16
5163	16.00	16
5165	16.00	16
5167	16.00	16
5169	16.00	16
5171	16.00	16
5173	16.00	16
5175	16.00	16
5177	16.00	16
5179	16.00	16
5181	16.00	16
5183	16.00	16
5185	16.00	16
5187	16.00	16
5189	16.00	16
5191	16.00	16
5193	16.00	16
5195	16.00	16
5197	16.00	16
5199	16.00	16
5201	16.00	16
5203	16.00	16
5205	16.00	16
5207	16.00	16
5209	16.00	16
5211	16.00	16
5213	16.00	16
5215	16.00	16
5217	16.00	16
5219	16.00	16
5221	16.00	16
5223	16.00	16
5225	16.00	16
5227	16.00	16
5229	16.00	16
5231	16.00	16
5233	16.00	16
5235	16.00	16
5237	16.00	16
5239	16.00	16
5241	16.00	16
5243	16.00	16
5245	16.00	16
5247	16.00	16
5249	16.00	16
5251	16.00	16
5253	16.00	16
5255	16.00	16
5257	16.00	16
5259	16.00	16
5261	16.00	16
5263	16.00	16
5265	16.00	16
5267	16.00	16
5269	16.00	16
5271	16.00	16
5273	16.00	16
5275	16.00	16
5277	16.00	16
5279	16.00	16
5281	16.00	16
5283	16.00	16
5285	16.00	16
5287	16.00	16
5289	16.00	16
5291	16.00	16
5293	16.00	16
5295	16.00	16
5297	16.00	16
5299	16.00	16
5301	16.00	16
5303	16.00	16
5305	16.00	16
5307	16.00	16
5309	16.00	16
5311	16.00	16
5313	16.00	16
5315	16.00	16
5317	16.00	16
5319	16.00	16
5321	16.00	16
5323	16.00	16
5325	16.00	16
5327	16.00	16
5329	16.00	16
5331	16.00	16
5333	16.00	16
5335	16.00	16
5337	16.00	16
5339	16.00	16
5341	16.00	16
5343	16.00	16
5345	16.00	16
5347	16.00	16
5349	16.00	16
5351	16.00	16
5353	16.00	16
5355	16.00	16
5357	16.00	16
5359	16.00	16
5361	16.00	16
5363	16.00	16
5365	16.00	16
5367	16.00	16
5369	16.00	16
5371	16.00	16
5373	16.00	16
5375	16.00	16
5377	16.00	16
5379	16.00	16
5381	16.00	16
5383	16.00	16
5385	16.00	16
5387	16.00	16
5389	16.00	16
5391	16.00	16
5393	16.00	16
5395	16.00	16
5397	16.00	16
5399	16.00	16
5401	16.00	16
5403	16.00	16
5405	16.00	16
5407	16.00	16
5409	16.00	16
5411	16.00	16
5413	16.00	16
5415	16.00	16
5417	16.00	16
5419	16.00	16
5421	16.00	16
5423	16.00	16
5425	16.00	16
5427	16.00	16
5429	16.00	16
5431	16.00	16
5433	16.00	16
5435	16.00	16
5437	16.00	16
5439	16.00	16
5441	16.00	16
5443	16.00	16
5445	16.00	16
5447	16.00	16
5449	16.00	16
5451	16.00	16
5453	16.00	16
5455	16.00	16
5457	16.00	16
5459	16.00	16
5461	16.00	16
5463	16.00	16
5465	16.00	16
5467	16.00	16
5469	16.00	16
5471	16.00	16
5473	16.00	16
5475	16.00	16
5477	16.00	16
5479	16.00	16
5481	16.00	16
5483	16.00	16
5485	16.00	16
5487	16.00	16
5489	16.00	16
5491	16.00	16
5493	16.00	16
5495	16.00	16
5497	16.00	16
5499	16.00	16
5501	16.00	16
5503	16.00	16
5505	16.00	16
5507	16.00	16
5509	16.00	16
5511	16.00	16
5513	16.00	16
5515	16.00	16
5517	16.00	16
5519	16.00	16
5521	16.00	16
5523	16.00	16
5525	16.00	16
5527	16.00	16
5529	16.00	16
5531	16.00	16
5533	16.00	16
5535	16.00	16
5537	16.00	16
5539	16.00	16
5541	16.00	16
5543	16.00	16
5545	16.00	16
5547	16.00	16
5549	16.00	16
5551	16.00	16
5553	16.00	16
5555	16.00	16
5557	16.00	16
5559	16.00	16
5561	16.00	16
5563	16.00	16
5565	16.00	16
5567	16.00	16
5569	16.00	16
5571	16.00	16
5573	16.00	16
5575	16.00	16
5577	16.00	16
5579	16.00	16
5581	16.00	16
5583	16.00	16
5585	16.00	16
5587	16.00	16
5589	16.00	16
5591	16.00	16
5593	16.00	16
5595	16.00	16
5597	16.00	16
5599	16.00	16
5601	16.00	16
5603	16.00	16
5605	16.00	16
5607	16.00	16
5609	16.00	16
5611	16.00	16
5613	16.00	16
5615	16.00	16
5617	16.00	16
5619	16.00	16
5621	16.00	16
5623	16.00	16
5625	16.00	16
5627	16.00	16
5629	16.00	16
5631	16.00	16
5633	16.00	16
5635	16.00	16
5637	16.00	16
5639	16.00	16
5641	16.00	16
5643	16.00	16
5645	16.00	16
5647	16.00	16
5649	16.00	16
5651	16.00	16
5653	16.00	16
5655	16.00	16
5657	16.00	16
5659	16.00	16
5661	16.00	16
5663	16.00	16
5665	16.00	16
5667	16.00	16
5669	16.00	16
5671	16.00	16
5673	16.00	16
5675	16.00	16
5677	16.00	16
5679	16.00	16
5681	16.00	16
5683	16.00	16
5685	16.00	16
5687	16.00	16
5689	16.00	16
5691	16.00	16
5693	16.00	16
5695	16.00	16
5697	16.00	16
5699	16.00	16
5701	16.00	16
5703	16.00	16
5705	16.00	16
5707	16.00	16
5709	16.00	16
5711	16.00	16
5713	16.00	16
5715	16.00	16
5717	16.00	16
5719	16.00	16
5721	16.00	16
5723	16.00	16
5725	16.00	16
5727	16.00	16
5729	16.00	16
5731	16.00	16
5733	16.00	16
5735	16.00	16
5737	16.00	16
5739	16.00	16
5741	16.00	16
5743	16.00	16
5745	16.00	16
5747	16.00	16
5749	16.00	16
5751	16.00	16
5753	16.00	16
5755	16.00	16
5757	16.00	16
5759	16.00	16
5761	16.00	16
5763	16.00	16
5765	16.00	16
5767	16.00	16
5769	16.00	16
5771	16.00	16
5773	16.00	16
5775	16.00	16
5777	16.00	16
5779	16.00	16
5781	16.00	16
5783	16.00	16
5785	16.00	16
5787	16.00	16
5789	16.00	16
5791	16.00	16
5793	16.00	16
5795	16.00	16
5797	16.00	16
5799	16.00	16
5801	16.00	16
5803	16.00	16
5805	16.00	16
5807	16.00	16
5809	16.00	16
5811	16.00	16
5813	16.00	16
5815	16.00	16
5817	16.00	16
5819	16.00	16
5821	16.00	16
5823	16.00	16
5825	16.00	16
5827	16.00	16
5829	16.00	16
5831	16.00	16
5833	16.00	16
5835	16.00	16
5837	16.00	16
5839	16.00	16
5841	16.00	16
5843	16.00	16
5845	16.00	16
5847	16.00	16
5849	16.00	16
5851	16.00	16
5853	16.00	16
5855	16.00	16
5857	16.00	16
5859	16.00	16
5861	16.00	16
5863	16.00	16
5865	16.00	16
5867	16.00	16
5869	16.00	16
5871	16.00	16
5873	16.00	16
5875	16.00	16
5877	16.00	16
5879	16.00	16
5881	16.00	16
5883	16.00	16
5885	16.00	16
5887	16.00	16
5889	16.00	16
5891	16.00	16
5893	16.00	16
5895	16.00	16
5897	16.00	16
5899	16.00	16
5901	16.00	16
5903	16.00	16
5905	16.00	16
5907	16.00	16
5909	16.00	16
5911	16.00	16
5913	16.00	16
5915	16.00	16
5917	16.00	16
5919	16.00	16
5921	16.00	16
5923	16.00	16
5925	16.00	16
5927	16.00	16
5929	16.00	16
5931	16.00	16
5933	16.00	16
5935	16.00	16
5937	16.00	16
5939	16.00	16
5941	16.00	16
5943	16.00	16
5945	16.00	16
5947	16.00	16
5949	16.00	16
5951	16.00	16
5953	16.00	16
5955	16.00	16
5957	16.00	16
5959	16.00	16
5961	16.00	16
5963	16.00	16
5965	16.00	16
5967	16.00	16
5969	16.00	16
5971	16.00	16
5973	16.00	16
5975	16.00	16
5977	16.00	16
5979	16.00	16
5981	16.00	16
5983	16.00	16
5985	16.00	16
5987	16.00	16
5989	16.00	16
5991	16.00	16
5993	16.00	16
5995	16.00	16
5997	16.00	16
5999	16.00	16
6001	16.00	16
6003	16.00	16
6005	16.00	16
6007	16.00	16
6009	16.00	16
6011	16.00	16
6013	16.00	16
6015	16.00	16
6017	16.00	16
6019	16.00	16
6021	16.00	16
6023	16.00	16
6025	16.00	16
6027	16.00	16
6029	16.00	16
6031	16.00	16
6033	16.00	16
6035	16.00	16
6037	16.00	16
6039	16.00	16
6041	16.00	16
6043	16.00	16
6045	16.00	16
6047	16.00	16
6049	16.00	16
6051	16.00	16
6053	16.00	16
6055	16.00	16
6057	16.00	16
6059	16.00	16
6061	16.00	16
6063	16.00	16
6065	16.00	16
6067	16.00	16
6069	16.00	16
6071	16.00	16
6073	16.00	16
6075	16.00	16
6077	16.00	16
6079	16.00	16
6081	16.00	16
6083	16.00	16
6085	16.00	16
6087	16.00	16
6089	16.00	16
6091	16.00	16
6093	16.00	16
6095	16.00	16
6097	16.00	16
6099	16.00	16
6101	16.00	16
6103	16.00	16
6105	16.00	16
6107	16.00	16
6109	16.00	16
6111	16.00	16
6113	16.00	16
6115	16.00	16
6117	16.00	16
6119	16.00	16
6121	16.00	16
6123	16.00	16
6125	16.00	16
6127	16.00	16
6129	16.00	16
6131	16.00	16
6133	16.00	16
6135	16.00	16
6137	16.00	16
6139	16.00	16
6141	16.00	16
6143	16.00	16
6145	16.00	16
6147	16.00	16
6149	16.00	16
6151	16.00	16
6153	16.00	16
6155	16.00	16
6157	16.00	16
6159	16.00	16
6161	16.00	16
6163	16.00	16
6165	16.00	16
6167	16.00	16
6169	16.00	16
6171	16.00	16
6173	16.00	16
6175	16.00	16
6177	16.00	16
6179	16.00	16
6181	16.00	16
6183	16.00	16
6185	16.00	16
6187	16.00	16
6189	16.00	16
6191	16.00	16
6193	16.00	16
6195	16.00	16
6197	16.00	16
6199	16.00	16
6201	16.00	16
6203	16.00	16
6205	16.00	16
6207	16.00	16
6209	16.00	16
6211	16.00	16
6213	16.00	16
6215	16.00	16
6217	16.00	16
6219	16.00	16
6221	16.00	16
6223	16.00	16
6225	16.00	16
6227	16.00	16
6229	16.00	16
6231	16.00	16
6233	16.00	16
6235	16.00	16
6237	16.00	16
6239	16.00	16
6241	16.00	16
6243	16.00	16
6245	16.00	16
6247	16.00	16
6249	16.00	16
6251	16.00	16
6253	16.00	16
6255	16.00	16
6257	16.00	16
6259	16.00	16
6261	16.00	16
6263	16.00	16
6265	16.00	16
6267	16.00	16
6269	16.00	16
6271	16.00	16
6273	16.00	16
6275	16.00	16
6277	16.00	16
6279	16.00	16
6281	16.00	16
6283	16.00	16
6285	16.00	16
6287	16.00	16
6289	16.00	16
6291	16.00	16
6293	16.00	16
6295	16.00	16
6297	16.00	16
6299	16.00	16
6301	16.00	16
6303	16.00	16
6305	16.00	16
6307	16.00	16
6309	16.00	16
6311	16.00	16
6313	16.00	16
6315	16.00	16
6317	16.00	16
6319	16.00	16
6321	16.00	16
6323	16.00	16
6325	16.00	16
6327	16.00	16
6329	16.00	16
6331	16.00	16
6333	16.00	16
6335	16.00	16
6337	16.00	16
6339	16.00	16
6341	16.00	16
6343	16.00	16
6345	16.00	16
6347	16.00	16
6349	16.00	16
6351	16.00	16
6353	16.00	16
6355	16.00	16
6357	16.00	16
6359	16.00	16
6361	16.00	16
6363	16.00	16
6365	16.00	16
6367	16.00	16
6369	16.00	16
6371	16.00	16
6373	16.00	16
6375	16.00	16
6377	16.00	16
6379	16.00	16
6381	16.00	16
6383	16.00	16
6385	16.00	16
6387	16.00	16
6389	16.00	16
6391	16.00	16
6393	16.00	16
6395	16.00	16
6397	16.00	16
6399	16.00	16
6401	16.00	16
6403	16.00	16
6405	16.00	16
6407	16.00	16
6409	16.00	16
6411	16.00	16
6413	16.00	16
6415	16.00	16
6417	16.00	16
6419	16.00	16
6421	16.00	16
6423	16.00	16
6425	16.00	16
6427	16.00	16
6429	16.00	16
6431	16.00	16
6433	16.00	16
6435	16.00	16
6437	16.00	16
6439	16.00	16
6441	16.00	16
6443	16.00	16
6445	16.00	16
6447	16.00	16
6449	16.00	16
6451	16.00	16
6453	16.00	16
6455	16.00	16
6457	16.00	16
6459	16.00	16
6461	16.00	16
6463	16.00	16
6465	16.00	16
6467	16.00	16
6469	16.00	16
6471	16.00	16
6473	16.00	16
6475	16.00	16
6477	16.00	16
6479	16.00	16
6481	16.00	16
6483	16.00	16
6485	16.00	16
6487	16.00	16
6489	16.00	16
6491	16.00	16
6493	16.00	16
6495	16.00	16
6497	16.00	16
6499	16.00	16
6501	16.00	16
6503	16.00	16
6505	16.00	16
6507	16.00	16
6509	16.00	16
6511	16.00	16
6513	16.00	16
6515	16.00	16
6517	16.00	16
6519	16.00	16
6521	16.00	16
6523	16.00	16
6525	16.00	16
6527	16.00	16
6529	16.00	16
6531	16.00	16
6533	16.00	16
6535	16.00	16
6537	16.00	16
6539	16.00	16
6541	16.00	16
6543	16.00	16
6545	16.00	16
6547	16.00	16
6549	16.00	16
6551	16.00	16
6553	16.00	16
6555	16.00	16
6557	16.00	16
6559	16.00	16
6561	16.00	16
6563	16.00	16
6565	16.00	16
6567	16.00	16
6569	16.00	16
6571	16.00	16
6573	16.00	16
6575	16.00	16
6577	16.00	16
6579	16.00	16
6581	16.00	16
6583	16.00	16
6585	16.00	16
6587	16.00	16
6589	16.00	16
6591	16.00	16
6593	16.00	16
6595	16.00	16
6597	16.00	16
6599	16.00	16
6601	16.00	16
6603	16.00	16
6605	16.00	16
6607	16.00	16
6609	16.00	16
6611	16.00	16
6613	16.00	16
6615	16.00	16
6617	16.00	16
6619	16.00	16
6621	16.00	16
6623	16.00	16
6625	16.00	16
6627	16.00	16
6629	16.00	16
6631	16.00	16
6633	16.00	16
6635	16.00	16
6637	16.00	16
6639	16.00	16
6641	16.00	16
6643	16.00	16
6645	16.00	16
6647	16.00	16
6649	16.00	16
6651	16.00	16
6653	16.00	16
6655	16.00	16
6657	16.00	16
6659	16.00	16
6661	16.00	16
6663	16.00	16
6665	16.00	16
6667	16.00	16
6669	16.00	16
6671	16.00	16
6673	16.00	16
6675	16.00	16
6677	16.00	16
6679	16.00	16
6681	16.00	16
6683	16.00	16
6685	16.00	16
6687	16.00	16
6689	16.00	16
6691	16.00	16
6693	16.00	16
6695	16.00	16
6697	16.00	16
6699	16.00	16
6701	16.00	16
6703	16.00	16
6705	16.00	16
6707	16.00	16
6709	16.00	16
6711	16.00	16
6713	16.00	16
6715	16.00	16
6717	16.00	16
6719	16.00	16
6721	16.00	16
6723	16.00	16
6725	16.00	16
6727	16.00	16
6729	16.00	16
6731	16.00	16
6733	16.00	16
6735	16.00	16
6737	16.00	16
6739	16.00	16
6741	16.00	16
6743	16.00	16
6745	16.00	16
6747	16.00	16
6749	16.00	16
6751	16.00	16
6753	16.00	16
6755	16.00	16
6757	16.00	16
6759	16.00	16
6761	16.00	16
6763	16.00	16
6765	16.00	16
6767	16.00	16
6769	16.00	16
6771	16.00	16
6773	16.00	16
6775	16.00	16
6777	16.00	16
6779	16.00	16
6781	16.00	16
6783	16.00	16
6785	16.00	16
6787	16.00	16
6789	16.00	16
6791	16.00	16
6793	16.00	16
6795	16.00	16
6797	16.00	16
6799	16.00	16
6801	16.00	16
6803	16.00	16
6805	16.00	16
6807	16.00	16
6809	16.00	16
6811	16.00	16
6813	16.00	16
6815	16.00	16
6817	16.00	16
6819	16.00	16
6821	16.00	16
6823	16.00	16
6825	16.00	16
6827	16.00	16
6829	16.00	16
6831	16.00	16
6833	16.00	16
6835	16.00	16
6837	16.00	16
6839	16.00	16
6841	16.00	16
6843	16.00	16
6845	16.00	16
6847	16.00	16
6849	16.00	16
6851	16.00	16
6853	16.00	16
6855	16.00	16
6857	16.00	16
6859	16.00	16
6861	16.00	16
6863	16.00	16
6865	16.00	16
6867	16.00	16
6869	16.00	16
6871	16.00	16
6873	16.00	16
6875	16.00	16
6877	16.00	16
6879	16.00	16
6881	16.00	16
6883	16.00	16
6885	16.00	16
6887	16.00	16
6889	16.00	16
6891	16.00	16
6893	16.00	16
6895	16.00	16
6897	16.00	16
6899	16.00	16
6901	16.00	16
6903	16.00	16
6905	16.00	16
6907	16.00	16
6909	16.00	16
6911	16.00	16
6913	16.00	16
6915	16.00	16
6917	16.00	16
6919	16.00	16
6921	16.00	16
6923	16.00	16
6925	16.00	16
6927	16.00	16
6929	16.00	16
6931	16.00	16
6933	16.00	16
6935	16.00	16
6937	16.00	16
6939	16.00	16
6941	16.00	16
6943	16.00	16
6945	16.00	16
6947	16.00	16
6949	16.00	16
6951	16.00	16
6953	16.00	16
6955	16.00	16
6957	16.00	16
6959	16.00	16
6961	16.00	16
6963	16.00	16
6965	16.00	16
6967	16.00	16
6969	16.00	16
6971	16.00	16
6973	16.00	16
6975	16.00	16
6977	16.00	16
6979	16.00	16
6981	16.00	16
6983	16.00	16
6985	16.00	16
6987	16.00	16
6989	16.00	16
6991	16.00	16
6993	16.00	16
6995	16.00	16
6997	16.00	16
6999	16.00	16
7001	16.00	16
7003	16.00	16
7005	16.00	16
7007	16.00	16
7009	16.00	16
7011	16.00	16
7013	16.00	16
7015	16.00	16
7017	16.00	16
7019	16.00	16
7021	16.00	16
7023	16.00	16
7025	16.00	16
7027	16.00	16
7029	16.00	16
7031	16.00	16
7033	16.00	16
7035	16.00	16
7037	16.00	16
7039	16.00	16
7041	16.00	16
7043	16.00	16
7045	16.00	16
7047	16.00	16
7049	16.00	16
7051	16.00	16
7053	16.00	16
7055	16.00	16
7057	16.00	16
7059	16.00	16
7061	16.00	16
7063	16.00	16
7065	16.00	16
7067	16.00	16
7069	16.00	16
7071	16.00	16
7073	16.00	16
7075	16.00	16
7077	16.00	16
7079	16.00	16
7081	16.00	16
7083	16.00	16
7085	16.00	16
7087	16.00	16
7089	16.00	16
7091	16.00	16
7093	16.00	16
7095	16.00	16
7097	16.00	16
7099	16.00	16
7101	16.00	16
7103	16.00	16
7105	16.00	16
7107	16.00	16
7109	16.00	16
7111	16.00	16
7113	16.00	16
7115	16.00	16
7117	16.00	16
7119	16.00	16
7121	16.00	16
7123	16.00	16
7125	16.00	16
7127	16.00	16
7129	16.00	16
7131	16.00	16
7133	16.00	16
7135	16.00	16
7137	16.00	16
7139	16.00	16
7141	16.00	16
7143	16.00	16
7145	16.00	16
7147	16.00	16
7149	16.00	16
7151	16.00	16
7153	16.00	16
7155	16.00	16
7157	16.00	16
7159	16.00	16
7161	16.00	16
7163	16.00	16
7165	16.00	16
7167	16.00	16
7169	16.00	16
7171	16.00	16
7173	16.00	16
7175	16.00	16
7177	16.00	16
7179	16.00	16
7181	16.00	16
7183	16.00	16
7185	16.00	16
7187	16.00	16
7189	16.00	16
7191	16.00	16
7193	16.00	16
7195	16.00	16
7197	16.00	16
7199	16.00	16
7201	16.00	16
7203	16.00	16
7205	16.00	16
7207	16.00	16
7209	16.00	16
7211	16.00	16
7213	16.00	16
7215	16.00	16
7217	16.00	16
7219	16.00	16
7221	16.00	16
7223	16.00	16
7225	16.00	16
7227	16.00	16
7229	16.00	16
7231	16.00	16
7233	16.00	16
7235	16.00	16
7237	16.00	16
7239	16.00	16
7241	16.00	16
7243	16.00	16
7245	16.00	16
7247	16.00	16
7249	16.00	16
7251	16.00	16
7253	16.00	16
7255	16.00	16
7257	16.00	16
7259	16.00	16
7261	16.00	16
7263	16.00	16
7265	16.00	16
7267	16.00	16
7269	16.00	16
7271	16.00	16
7273	16.00	16
7275	16.00	16
7277	16.00	16
7279	16.00	16
7281	16.00	16
7283	16.00	16
7285	16.00	16
7287	16.00	16
7289	16.00	16
7291	16.00	16
7293	16.00	16
7295	16.00	16
7297	16.00	16
7299	16.00	16
7301	16.00	16
7303	16.00	16
7305	16.00	16
7307	16.00	16
7309	16.00	16
7311	16.00	16
7313	16.00	16
7315	16.00	16
7317	16.00	16
7319	16.00	16
7321	16.00	16
7323	16.00	16
7325	16.00	16
7327	16.00	16
7329	16.00	16
7331	16.00	16
7333	16.00	16
7335	16.00	16
7337	16.00	16
7339	16.00	16
7341	16.00	16
7343	16.00	16
7345	16.00	16
7347	16.00	16
7349	16.00	16
7351	16.00	16
7353	16.00	16
7355	16.00	16
7357	16.00	16
7359	16.00	16
7361	16.00	16
7363	16.00	16
7365	16.00	16
7367	16.00	16
7369	16.00	16
7371	16.00	16
7373	16.00	16
7375	16.00	16
7377	16.00	16
7379	16.00	16
7381	16.00	16
7383	16.00	16
7385	16.00	16
7387	16.00	16
7389	16.00	16
7391	16.00	16
7393	16.00	16
7395	16.00	16
7397	16.00	16
7399	16.00	16
7401	16.00	16
7403	16.00	16
7405	16.00	16
7407	16.00	16
7409	16.00	16
7411	16.00	16
7413	16.00	16
7415	16.00	16
7417	16.00	16
7419	16.00	16
7421	16.00	16
7423	16.00	16
7425	16.00	16
7427	16.00	16
7429	16.00	16
7431	16.00	16
7433	16.00	16
7435	16.00	16
7437	16.00	16
7439	16.00	16
7441	16.00	16
7443	16.00	16
7445	16.00	16
7447	16.00	16
7449	16.00	16
7451	16.00	16
7453	16.00	16
7455	16.00	16
7457	16.00	16
7459	16.00	16
7461	16.00	16
7463	16.00	16
7465	16.00	16
7467	16.00	16
7469	16.00	16
7471	16.00	16
7473	16.00	16
7475	16.00	16
7477	16.00	16
7479	16.00	16
7481	16.00	16
7483	16.00	16
7485	16.00	16
7487	16.00	16
7489	16.00	16
7491	16.00	16
7493	16.00	16
7495	16.00	16
7497	16.00	16
7499	16.00	16
7501	16.00	16
7503	16.00	16
7505	16.00	16
7507	16.00	16
7509	16.00	16
7511	16.00	16
7513	16.00	16
7515	16.00	16
7517	16.00	16
7519	16.00	16
7521	16.00	16
7523	16.00	16
7525	16.00	16
7527	16.00	16
7529	16.00	16
7531	16.00	16
7533	16.00	16
7535	16.00	16
7537	16.00	16
7539	16.00	16
7541	16.00	16
7543	16.00	16
7545	16.00	16
7547	16.00	16
7549	16.00	16
7551	16.00	16
7553	16.00	16
7555	16.00	16
7557	16.00	16
7559	16.00	16
7561	16.00	16
7563	16.00	16
7565	16.00	16
7567	16.00	16
7569	16.00	16
7571	16.00	16
7573	16.00	16
7575	16.00	16
7577	16.00	16
7579	16.00	16
7581	16.00	16
7583	16.00	16
7585	16.00	16
7587	16.00	16
7589	16.00	16
7591	16.00	16
7593	16.00	16
7595	16.00	16
7597	16.00	16
7599	16.00	16
7601	16.00	16
7603	16.00	16
7605	16.00	16
7607	16.00	16
7609	16.00	16
7611	16.00	16
7613	16.00	16
7615	16.00	16
7617	16.00	16
7619	16.00	16
7621	16.00	16
7623	16.00	16
7625	16.00	16
7627	16.00	16
7629	16.00	16
7631	16.00	16
7633	16.00	16
7635	16.00	16
7637	16.00	16
7639	16.00	16
7641	16.00	16
7643	16.00	16
7645	16.00	16
7647	16.00	16
7649	16.00	16
7651	16.00	16
7653	16.00	16
7655	16.00	16
7657	16.00	16
7659	16.00	16
7661	16.00	16
7663	16.00	16
7665	16.00	16
7667	16.00	16
7669	16.00	16
7671	16.00	16
7673	16.00	16
7675	16.00	16
7677	16.00	16
7679	16.00	16
7681	16.00	16
7683	16.00	16
7685	16.00	16
7687	16.00	16
7689	16.00	16
7691	16.00	16
7693	16.00	16
7695	16.00	16
7697	16.00	16
7699	16.00	16
7701	16.00	16
7703	16.00	16
7705	16.00	16
7707	16.00	16
7709	16.00	16
7711	16.00	16
7713	16.00	16
7715	16.00	16
7717	16.00	16
7719	16.00	16
7721	16.00	16
7723	16.00	16
7725	16.00	16
7727	16.00	16
7729	16.00	16
7731	16.00	16
7733	16.00	16
7735	16.00	16
7737	16.00	16
7739	16.00	16
7741	16.00	16
7743	16.00	16
7745	16.00	16
7747	16.00	16
7749	16.00	16
7751	16.00	16
7753	16.00	16
7755	16.00	16
7757	16.00	16
7759	16.00	16
7761	16.00	16
7763	16.00	16
7765	16.00	16
7767	16.00	16
7769	16.00	16
7771	16.00	16
7773	16.00	16
7775	16.00	16
7777	16.00	16
7779	16.00	16
7781	16.00	16
7783	16.00	16
7785	16.00	16
7787	16.00	16
7789	16.00	16
7791	16.00	16
7793	16.00	16
7795	16.00	16
7797	16.00	16
7799	16.00	16
7801	16.00	16
7803	16.00	16
7805	16.00	16
7807	16.00	16
7809	16.00	16
7811	16.00	16
7813	16.00	16
7815	16.00	16
7817	16.00	16
7819	16.00	16
7821	16.00	16
7823	16.00	16
7825	16.00	16
7827	16.00	16
7829	16.00	16
7831	16.00	16
7833	16.00	16
7835	16.00	16
7837	16.00	16
7839	16.00	16
7841	16.00	16
7843	16.00	16
7845	16.00	16
7847	16.00	16
7849	16.00	16
7851	16.00	16
7853	16.00	16
7855	16.00	16
7857	16.00	16
7859	16.00	16
7861	16.00	16
7863	16.00	16
7865	16.00	16
7867	16.00	16
7869	16.00	16
7871	16.00	16
7873	16.00	16
7875	16.00	16
7877	16.00	16
7879	16.00	16
7881	16.00	16
7883	16.00	16
7885	16.00	16
7887	16.00	16
7889	16.00	16
7891	16.00	16
7893	16.00	16
7895	16.00	16
7897	16.00	16
7899	16.00	16
7901	16.00	16
7903	16.00	16
7905	16.00	16
7907	16.00	16
7909	16.00	16
7911	16.00	16
7913	16.00	16
7915	16.00	16
7917	16.00	16
7919	16.00	16
7921	16.00	16
7923	16.00	16
7925	16.00	16
7927	16.00	16
7929	16.00	16
7931	16.00	16
7933	16.00	16
7935	16.00	16
7937	16.00	16
7939	16.00	16
7941	16.00	16
7943	16.00	16
7945	16.00	16
7947	16.00	16
7949	16.00	16
7951	16.00	16
7953	16.00	16
7955	16.00	16
7957	16.00	16
7959	16.00	16
7961	16.00	16
7963	16.00	16
7965	16.00	16
7967	16.00	16
7969	16.00	16
7971	16.00	16
7973	16.00	16
7975	16.00	16
7977	16.00	16
7979	16.00	16
7981	16.00	16
7983	16.00	16
7985	16.00	16
7987	16.00	16
7989	16.00	16
7991	16.00	16
7993	16.00	16
7995	16.00	16
7997	16.00	16
7999	16.00	16
8001	16.00	16
8003	16.00	16
8005	16.00	16
8007	16.00	16
8009	16.00	16
8011	16.00	16
8013	16.00	16
8015	16.00	16
8017	16.00	16
8019	16.00	16
8021	16.00	16
8023	16.00	16
8025	16.00	16
8027	16.00	16
8029	16.00	16
8031	16.00	16
8033	16.00	16
8035	16.00	16
8037	16.00	16
8039	16.00	16
8041	16.00	16
8043	16.00	16
8045	16.00	16
8047	16.00	16
8049	16.00	16
8051	16.00	16
8053	16.00	16
8055	16.00	16
8057	16.00	16
8059	16.00	16
8061	16.00	16
8063	16.00	16
8065	16.00	16
8067	16.00	16
8069	16.00	16
8071	16.00	16
8073	16.00	16
8075	16.00	16
8077	16.00	16
8079	16.00	16
8081	16.00	16
8083	16.00	16
8085	16.00	16
8087	16.00	16
8089	16.00	16
8091	16.00	16
8093	16.00	16
8095	16.00	16
8097	16.00	16
8099	16.00	16
8101	16.00	16
8103	16.00	16
8105	16.00	16
8107	16.00	16
8109	16.00	16
8111	16.00	16
8113	16.00	16
8115	16.00	16
8117	16.00	16
8119	16.00	16
8121	16.00	16
8123	16.00	16
8125	16.00	16
8127	16.00	16
8129	16.00	16
8131	16.00	16
8133	16.00	16
8135	16.00	16
8137	16.00	16
8139	16.00	16
8141	16.00	16
8143	16.00	16
8145	16.00	16
8147	16.00	16
8149	16.00	16
8151	16.00	16
8153	16.00	16
8155	16.00	16
8157	16.00	16
8159	16.00	16
8161	16.00	16
8163	16.00	16
8165	16.00	16
8167	16.00	16
8169	16.00	16
8171	16.00	16
8173	16.00	16
8175	16.00	16
8177	16.00	16
8179	16.00	16
8181	16.00	16
8183	16.00	16
8185	16.00	16
8187	16.00	16
8189	16.00	16
8191	16.00	16
8193	16.00	16
8195	16.00	16
8197	16.00	16
8199	16.00	16
8201	16.00	16
8203	16.00	16
8205	16.00	16
8207	16.00	16
8209	16.00	16
8211	16.00	16
8213	16.00	16
8215	16.00	16
8217	16.00	16
8219	16.00	16
8221	16.00	16
8223	16.00	16
8225	16.00	16
8227	16.00	16
8229	16.00	16
8231	16.00	16
8233	16.00	16
8235	16.00	16
8237	16.00	16
8239	16.00	16
8241	16.00	16
8243	16.00	16
8245	16.00	16
8247	16.00	16
8249	16.00	16
8251	16.00	16
8253	16.00	16
8255	16.00	16
8257	16.00	16
8259	16.00	16
8261	16.00	16
8263	16.00	16
8265	16.00	16
8267	16.00	16
8269	16.00	16
8271	16.00	16
8273	16.00	16
8275	16.00	16
8277	16.00	16
8279	16.00	16
8281	16.00	16
8283	16.00	16
8285	16.00	16
8287	16.00	16
8289	16.00	16
8291	16.00	16
8293	16.00	16
8295	16.00	16
8297	16.00	16
8299	16.00	16
8301	16.00	16
8303	16.00	16
8305	16.00	16
8307	16.00	16
8309	16.00	16
8311	16.00	16
8313	16.00	16
8315	16.00	16
8317	16.00	16
8319	16.00	16
8321	16.00	16
8323	16.00	16
8325	16.00	16
8327	16.00	16
8329	16.00	16
8331	16.00	16
8333	16.00	16
8335	16.00	16
8337	16.00	16
8339	16.00	16
8341	16.00	16
8343	16.00	16
8345	16.00	16
8347	16.00	16
8349	16.00	16
8351	16.00	16
8353	16.00	16
8355	16.00	16
8357	16.00	16
8359	16.00	16
8361	16.00	16
8363	16.00	16
8365	16.00	16
8367	16.00	16
8369	16.00	16
8371	16.00	16
8373	16.00	16
8375	16.00	16
8377	16.00	16
8379	16.00	16
8381	16.00	16
8383	16.00	16
8385	16.00	16
8387	16.00	16
8389	16.00	16
8391	16.00	16
8393	16.00	16
8395	16.00	16
8397	16.00	16
8399	16.00	16
8401	16.00	16
8403	16.00	16
8405	16.00	16
8407	16.00	16
8409	16.00	16
8411	16.00	16
8413	16.00	16
8415	16.00	16
8417	16.00	16
8419	16.00	16
8421	16.00	16
8423	16.00	16
8425	16.00	16
8427	16.00	16
8429	16.00	16
8431	16.00	16
8433	16.00	16
8435	16.00	16
8437	16.00	16
8439	16.00	16
8441	16.00	16
8443	16.00	16
8445	16.00	16
8447	16.00	16
8449	16.00	16
8451	16.00	16
8453	16.00	16
8455	16.00	16
8457	16.00	16
8459	16.00	16
8461	16.00	16
8463	16.00	16
8465	16.00	16
8467	16.00	16
8469	16.00	16
8471	16.00	16
8473	16.00	16
8475	16.00	16
8477	16.00	16
8479	16.00	16
8481	16.00	16
8483	16.00	16
8485	16.00	16
8487	16.00	16
8489	16.00	16
8491	16.00	16
8493	16.00	16
8495	16.00	16
8497	16.00	16
8499	16.00	16
8501	16.00	16
8503	16.00	16
8505	16.00	16
8507	16.00	16
8509	16.00	16
8511	16.00	16
8513	16.00	16
8515	16.00	16
8517	16.00	16
8519	16.00	16
8521	16.00	16
8523	16.00	16
8525	16.00	16
8527	16.00	16
8529	16.00	16
8531	16.00	16
8533	16.00	16
8535	16.00	16
8537	16.00	16
8539	16.00	16
8541	16.00	16
8543	16.00	16
8545	16.00	16
8547	16.00	16
8549	16.00	16
8551	16.00	16
8553	16.00	16
8555	16.00	16
8557	16.00	16
8559	16.00	16
8561	16.00	16
8563	16.00	16
8565	16.00	16
8567	16.00	16
8569	16.00	16
8571	16.00	16
8573	16.00	16
8575	16.00	16
8577	16.00	16
8579	16.00	16
8581	16.00	16
8583	16.00	16
8585	16.00	16
8587	16.00	16
8589	16.00	16
8591	16.00	16
8593	16.00	16
8595	16.00	16
8597	16.00	16
8599	16.00	16
8601	16.00	16
8603	16.00	16
8605	16.00	16
8607	16.00	16
8609	16.00	16
8611	16.00	16
8613	16.00	16
8615	16.00	16
8617	16.00	16
8619	16.00	16
8621	16.00	16
8623	16.00	16
8625	16.00	16
8627	16.00	16
8629	16.00	16
8631	16.00	16
8633	16.00	16
8635	16.00	16
8637	16.00	16
8639	16.00	16
8641	16.00	16
8643	16.00	16
8645	16.00	16
8647	16.00	16
8649	16.00	16
8651	16.00	16
8653	16.00	16
8655	16.00	16
8657	16.00	16
8659	16.00	16
8661	16.00	16
8663	16.00	16
8665	16.00	16
8667	16.00	16
8669	16.00	16
8671	16.00	16
8673	16.00	16
8675	16.00	16
8677	16.00	16
8679	16.00	16
8681	16.00	16
8683	16.00	16
8685	16.00	16
8687	16.00	16
8689	16.00	16
8691	16.00	16
8693	16.00	16
8695	16.00	16
8697	16.00	16
8699	16.00	16
8701	16.00	16
8703	16.00	16
8705	16.00	16
8707	16.00	16
8709	16.00	16
8711	16.00	16
8713	16.00	16
8715	16.00	16
8717	16.00	16
8719	16.00	16
8721	16.00	16
8723	16.00	16
8725	16.00	16
8727	16.00	16
8729	16.00	16
8731	16.00	16
8733	16.00	16
8735	16.00	16
8737	16.00	16
8739	16.00	16
8741	16.00	16
8743	16.00	16
8745	16.00	16
8747	16.00	16
8749	16.00	16
8751	16.00	16
8753	16.00	16
8755	16.00	16
8757	16.00	16
8759	16.00	16
8761	16.00	16
8763	16.00	16
8765	16.00	16
8767	16.00	16
8769	16.00	16
8771	16.00	16
8773	16.00	16
8775	16.00	16
8777	16.00	16
8779	16.00	16
8781	16.00	16
8783	16.00	16
8785	16.00	16
8787	16.00	16
8789	16.00	16
8791	16.00	16
8793	16.00	16
8795	16.00	16
8797	16.00	16
8799	16.00	16
8801	16.00	16
8803	16.00	16
8805	16.00	16
8807	16.00	16
8809	16.00	16
8811	16.00	16
8813	16.00	16
8815	16.00	16
8817	16.00	16
8819	16.00	16
8821	16.00	16
8823	16.00	16
8825	16.00	16
8827	16.00	16
8829	16.00	16
8831	16.00	16
8833	16.00	16
8835	16.00	16
8837	16.00	16
8839	16.00	16
8841	16.00	16
8843	16.00	16
8845	16.00	16
8847	16.00	16
8849	16.00	16
8851	16.00	16
8853	16.00	16
8855	16.00	16
8857	16.00	16
8859	16.00	16
8861	16.00	16
8863	16.00	16
8865	16.00	16
8867	16.00	16
8869	16.00	16
8871	16.00	16
8873	16.00	16
8875	16.00	16
8877	16.00	16
8879	16.00	16
8881	16.00	16
8883	16.00	16
8885	16.00	16
8887	16.00	16
8889	16.00	16
8891	16.00	16
8893	16.00	16
8895	16.00	16
8897	16.00	16
8899	16.00	16
8901	16.00	16
8903	16.00	16
8905	16.00	16
8907	16.00	16
8909	16.00	16
8911	16.00	16
8913	16.00	16
8915	16.00	16
8917	16.00	16
8919	16.00	16
8921	16.00	16
8923	16.00	16
8925	16.00	16
8927	16.00	16
8929	16.00	16
8931	16.00	16
8933	16.00	16
8935	16.00	16
8937	16.00	16
8939	16.00	16
8941	16.00	16
8943	16.00	16
8945	16.00	16
8947	16.00	16
8949	16.00	16
8951	16.00	16
8953	16.00	16
8955	16.00	16
8957	16.00	16
8959	16.00	16
8961	16.00	16
8963	16.00	16
8965	16.00	16
8967	16.00	16
8969	16.00	16
8971	16.00	16
8973	16.00	16
8975	16.00	16
8977	16.00	16
8979	16.00	16
8981	16.00	16
8983	16.00	16
8985	16.00	16
8987	16.00	16
8989	16.00	16
8991	16.00	16
8993	16.00	16
8995	16.00	16
8997	16.00	16
8999	16.00	16
9001	16.00	16
9003	16.00	16
9005	16.00	16
9007	16.00	16
9009	16.00	16
9011	16.00	16
9013	16.00	16
9015	16.00	16
9017	16.00	16
9019	16.00	16
9021	16.00	16
9023	16.00	16
9025	16.00	16
9027	16.00	16
9029	16.00	16
9031	16.00	16
9033	16.00	16
9035	16.00	16
9037	16.00	16
9039	16.00	16
9041	16.00	16
9043	16.00	16
9045	16.00	16
9047	16.00	16
9049	16.00	16
9051	16.00	16
9053	16.00	16
9055	16.00	16
9057	16.00	16
9059	16.00	16
9061	16.00	16
9063	16.00	16
9065	16.00	16
9067	16.00	16
9069	16.00	16
9071	16.00	16
9073	16.00	16
9075	16.00	16
9077	16.00	16
9079	16.00	16
9081	16.00	16
9083	16.00	16
9085	16.00	16
9087	16.00	16
9089	16.00	16
9091	16.00	16
9093	16.00	16
9095	16.00	16
9097	16.00	16
9099	16.00	16
9101	16.00	16
9103	16.00	16
9105	16.00	16
9107	16.00	16
9109	16.00	16
9111	16.00	16
9113	16.00	16
9115	16.00	16
9117	16.00	16
9119	16.00	16
9121	16.00	16
9123	16.00	16
9125	16.00	16
9127	16.00	16
9129	16.00	16
9131	16.00	16
9133	16.00	16
9135	16.00	16
9137	16.00	16
9139	16.00	16
9141	16.00	16
9143	16.00	16
9145	16.00	16
9147	16.00	16
9149	16.00	16
9151	16.00	16
9153	16.00	16
9155	16.00	16
9157	16.00	16
9159	16.00	16
9161	16.00	16
9163	16.00	16
9165	16.00	16
9167	16.00	16
9169	16.00	16
9171	16.00	16
9173	16.00	16
9175	16.00	16
9177	16.00	16
9179	16.00	16
9181	16.00	16
9183	16.00	16
9185	16.00	16
9187	16.00	16
9189	16.00	16
9191	16.00	16
9193	16.00	16
9195	16.00	16
9197	16.00	16
9199	16.00	16
9201	16.00	16
9203	16.00	16
9205	16.00	16
9207	16.00	16
9209	16.00	16
9211	16.00	16
9213	16.00	16
9215	16.00	16
9217	16.00	16
9219	16.00	16
9221	16.00	16
9223	16.00	16
9225	16.00	16
9227	16.00	16
9229	16.00	16
9231	16.00	16
9233	16.00	16
9235	16.00	16
9237	16.00	16
9239	16.00	16
9241	16.00	16
9243	16.00	16
9245	16.00	16
9247	16.00	16
9249	16.00	16
9251	16.00	16
9253	16.00	16
9255	16.00	16
9257	16.00	16
9259	16.00	16
9261	16.00	16
9263	16.00	16
9265	16.00	16
9267	16.00	16
9269	16.00	16
9271	16.00	16
9273	16.00	16
9275	16.00	16
9277	16.00	16
9279	16.00	16
9281	16.00	16
9283	16.00	16
9285	16.00	16
9287	16.00	16
9289	16.00	16
9291	16.00	16
9293	16.00	16
9295	16.00	16
9297	16.00	16
9299	16.00	16
9301	16.00	16
9303	16.00	16
9305	16.00	16
9307	16.00	16
9309	16.00	16
9311	16.00	16
9313	16.00	16
9315	16.00	16
9317	16.00	16
9319	16.00	16
9321	16.00	16
9323	16.00	16
9325	16.00	16
9327	16.00	16
9329	16.00	16
9331	16.00	16
9333	16.00	16
9335	16.00	16
9337	16.00	16
9339	16.00	16
9341	16.00	16
9343	16.00	16
9345	16.00	16
9347	16.00	16
9349	16.00	16
9351	16.00	16
9353	16.00	16
9355	16.00	16
9357	16.00	16
9359	16.00	16
9361	16.00	16
9363	16.00	16
9365	16.00	16
9367	16.00	16
9369	16.00	16
9371	16.00	16
9373	16.00	16
9375	16.00	16
9377	16.00	16
9379	16.00	16
9381	16.00	16
9383	16.00	16
9385	16.00	16
9387	16.00	16
9389	16.00	16
9391	16.00	16
9393	16.00	16
9395	16.00	16
9397	16.00	16
9399	16.00	16
9401	16.00	16
9403	16.00	16
9405	16.00	16
9407	16.00	16
9409	16.00	16
9411	16.00	16
9413	16.00	16
9415	16.00	16
9417	16.00	16
9419	16.00	16
9421	16.00	16
9423	16.00	16
9425	16.00	16
9427	16.00	16
9429	16.00	16
9431	16.00	16
9433	16.00	16
9435	16.00	16
9437	16.00	16
9439	16.00	16
9441	16.00	16
9443	16.00	16
9445	16.00	16
9447	16.00	16
9449	16.00	16
9451	16.00	16
9453	16.00	16
9455	16.00	16
9457	16.00	16
9459	16.00	16
9461	16.00	16
9463	16.00	16
9465	16.00	16
9467	16.00	16
9469	16.00	16
9471	16.00	16
9473	16.00	16
9475	16.00	16
9477	16.00	16
9479	16.00	16
9481	16.00	16
9483	16.00	16
9485	16.00	16
9487	16.00	16
9489	16.00	16
9491	16.00	16
9493	16.00	16
9495	16.00	16
9497	16.00	16
9499	16.00	16
9501	16.00	16
9503	16.00	16
9505	16.00	16
9507	16.00	16
9509	16.00	16
9511	16.00	16
9513	16.00	16
9515	16.00	16
9517	16.00	16
9519	16.00	16
9521	16.00	16
9523	16.00	16
9525	16.00	16
9527	16.00	16
9529	16.00	16
9531	16.00	16
9533	16.00	16
9535	16.00	16
9537	16.00	16
9539	16.00	16
9541	16.00	16
9543	16.00	16
9545	16.00	16
9547	16.00	16
9549	16.00	16
9551	16.00	16
9553	16.00	16
9555	16.00	16
9557	16.00	16
9559	16.00	16
9561	16.00	16
9563	16.00	16
9565	16.00	16
9567	16.00	16
9569	16.00	16
9571	16.00	16
9573	16.00	16
9575	16.00	16
9577	16.00	16
9579	16.00	16
9581	16.00	16
9583	16.00	16
9585	16.00	16
9587	16.00	16
9589	16.00	16
9591	16.00	16
9593	16.00	16
9595	16.00	16
9597	16.00	16
9599	16.00	16
9601	16.00	16
9603	16.00	16
9605	16.00	16
9607	16.00	16
9609	16.00	16
9611	16.00	16
9613	16.00	16
9615	16.00	16
9617	16.00	16
9619	16.00	16
9621	16.00	16
9623	16.00	16
9625	16.00	16
9627	16.00	16
9629	16.00	16
9631	16.00	16
9633	16.00	16
9635	16.00	16
9637	16.00	16
9639	16.00	16
9641	16.00	16
9643	16.00	16
9645	16.00	16
9647	16.00	16
9649	16.00	16
9651	16.00	16
9653	16.00	16
9655	16.00	16
9657	16.00	16
9659	16.00	16
9661	16.00	16
9663	16.00	16
9665	16.00	16
9667	16.00	16
9669	16.00	16
9671	16.00	16
9673	16.00	16
9675	16.00	16
9677	16.00	16
9679	16.00	16
9681	16.00	16
9683	16.00	16
9685	16.00	16
9687	16.00	16
9689	16.00	16
9691	16.00	16
9693	16.00	16
9695	16.00	16
9697	16.00	16
9699	16.00	16
9701	16.00	16
9703	16.00	16
9705	16.00	16
9707	16.00	16
9709	16.00	16
9711	16.00	16
9713	16.00	16
9715	16.00	16
9717	16.00	16
9719	16.00	16
9721	16.00	16
9723	16.00	16
9725	16.00	16
9727	16.00	16
9729	16.00	16
9731	16.00	16
9733	16.00	16
9735	16.00	16
9737	16.00	16
9739	16.00	16
9741	16.00	16
9743	16.00	16
9745	16.00	16
9747	16.00	16
9749	16.00	16
9751	16.00	16
9753	16.00	16
9755	16.00	16
9757	16.00	16
9759	16.00	16
9761	16.00	16
9763	16.00	16
9765	16.00	16
9767	16.00	16
9769	16.00	16
9771	16.00	16
9773	16.00	16
9775	16.00	16
9777	16.00	16
9779	16.00	16
9781	16.00	16
9783	16.00	16
9785	16.00	16
9787	16.00	16
9789	16.00	16
9791	16.00	16
9793	16.00	16
9795	16.00	16
9797	16.00	16
9799	16.00	16
9801	16.00	16
9803	16.00	16
9805	16.00	16
9807	16.00	16
9809	16.00	16
9811	16.00	16
9813	16.00	16
9815	16.00	16
9817	16.00	16
9819	16.00	16
9821	16.00	16
9823	16.00	16
9825	16.00	16
9827	16.00	16
9829	16.00	16
9831	16.00	16
9833	16.00	16
9835	16.00	16
9837	16.00	16
9839	16.00	16
9841	16.00	16
9843	16.00	16
9845	16.00	16
9847	16.00	16
9849	16.00	16
9851	16.00	16
9853	16.00	16
9855	16.00	16
9857	16.00	16
9859	16.00	16
9861	16.00	16
9863	16.00	16
9865	16.00	16
9867	16.00	16
9869	16.00	16
9871	16.00	16
9873	16.00	16
9875	16.00	16
9877	16.00	16
9879	16.00	16
9881	16.00	16
9883	16.00	16
9885	16.00	16
9887	16.00	16
9889	16.00	16
9891	16.00	16
9893	16.00	16
9895	16.00	16
9897	16.00	16
9899	16.00	16
9901	16.00	16
9903	16.00	16
9905	16.00	16
9907	16.00	16
9909	16.00	16
9911	16.00	16
9913	16.00	16
9915	16.00	16
9917	16.00	16
9919	16.00	16
9921	16.00	16
9923	16.00	16
9925	16.00	16
9927	16.00	16
9929	16.00	16
9931	16.00	16
9933	16.00	16
9935	16.00	16
9937	16.00	16
9939	16.00	16
9941	16.00	16
9943	16.00	16
9945	16.00	16
9947	16.00	16
9949	16.00	16
9951	16.00	16
9953	16.00	16
9955	16.00	16
9957	16.00	16
9959	16.00	16
9961	16.00	16
9963	16.00	16
9965	16.00	16
9967	16.00	16
9969	16.00	16
9971	16.00	16
9973	16.00	16
9975	16.00	16
9977	16.00	16
9979	16.00	16
9981	16.00	16
9983	16.00	16
9985	16.00	16
9987	16.00	16
9989	16.00	16
9991	16.00	16
9993	16.00	16
9995	16.00	16
9997	16.00	16
9999	16.00	16
Run 6
5	-53.00	4
7	-43.80	4
9	-18.80	4
11	-18.80	4
13	-11.00	4
15	-0.60	4
17	1.40	4
19	2.40	4
21	3.20	4
23	3.20	4
25	3.40	4
27	3.40	4
29	3.40	4
31	3.40	4
33	5.00	9
35	5.20	9
37	5.20	9
39	5.20	9
41	5.20	9
43	5.20	9
45	5.40	9
47	5.40	9
49	5.40	9
51	5.40	9
53	5.40	9
55	5.80	9
57	5.80	9
59	6.20	9
61	6.20	9
63	6.20	9
65	6.20	9
67	6.40	9
69	6.40	9
71	6.40	9
73	6.40	9
75	6.40	9
77	6.40	9
79	6.40	9
81	6.40	9
83	6.40	9
85	6.40	9
87	6.60	9
89	6.60	9
91	6.60	9
93	7.00	9
95	7.00	9
97	7.80	10
99	7.80	10
101	7.80	10
103	7.80	10
105	7.80	10
107	7.80	10
109	7.80	10
111	7.80	10
113	7.80	10
115	7.80	10
117	7.80	10
119	7.80	10
121	7.80	10
123	7.80	10
125	7.80	10
127	7.80	10
129	7.80	10
131	7.80	10
133	7.80	10
135	7.80	10
137	7.80	10
139	7.80	10
141	7.80	10
143	7.80	10
145	7.80	10
147	8.20	10
149	8.40	10
151	9.00	10
153	9.00	10
155	9.00	10
157	9.00	10
159	9.00	10
161	9.00	10
163	9.00	10
165	9.00	10
167	9.00	10
169	9.00	10
171	9.00	10
173	9.00	10
175	9.00	10
177	9.00	10
179	9.00	10
181	9.00	10
183	9.00	10
185	9.00	10
187	9.00	10
189	9.00	10
191	9.00	10
193	9.00	10
195	9.00	10
197	9.00	10
199	9.00	10
201	9.00	10
203	9.00	10
205	9.00	10
207	9.00	10
209	9.00	10
211	9.00	10
213	9.00	10
215	9.00	10
217	9.00	10
219	9.00	10
221	9.00	10
223	9.00	10
225	9.00	10
227	9.00	10
229	9.00	10
231	9.00	10
233	9.00	10
235	9.00	10
237	9.00	10
239	9.00	10
241	9.00	10
243	9.00	10
245	9.00	10
247	9.00	10
249	9.00	10
251	9.00	10
253	9.00	10
255	9.00	10
257	9.00	10
259	9.00	10
261	9.00	10
263	9.00	10
265	9.40	10
267	9.40	10
269	9.40	10
271	9.40	10
273	9.40	10
275	9.40	10
277	9.40	10
279	9.40	10
281	9.40	10
283	9.40	10
285	9.40	10
287	9.40	10
289	9.40	10
291	9.40	10
293	9.40	10
295	9.40	10
297	9.40	10
299	9.40	10
301	9.40	10
303	9.40	10
305	9.40	10
307	10.60	14
309	10.60	14
311	10.60	14
313	10.60	14
315	10.60	14
317	10.60	14
319	12.00	16
321	12.00	16
323	12.00	16
325	12.00	16
327	12.00	16
329	12.00	16
331	12.00	16
333	12.40	16
335	12.40	16
337	12.40	16
339	12.40	16
341	12.40	16
343	12.40	16
345	12.40	16
347	12.40	16
349	12.40	16
351	12.40	16
353	12.40	16
355	12.40	16
357	12.80	16
359	12.80	16
361	12.80	16
363	12.80	16
365	12.80	16
367	12.80	16
369	12.80	16
371	12.80	16
373	12.80	16
375	12.80	16
377	12.80	16
379	12.80	16
381	12.80	16
383	12.80	16
385	12.80	16
387	12.80	16
389	12.80	16
391	12.80	16
393	12.80	16
395	12.80	16
397	12.80	16
399	12.80	16
401	12.80	16
403	12.80	16
405	12.80	16
407	12.80	16
409	13.20	16
411	13.20	16
413	13.20	16
415	13.20	16
417	13.20	16
419	13.20	16
421	13.20	16
423	13.20	16
425	13.20	16
427	13.20	16
429	13.20	16
431	13.20	16
433	13.20	16
435	13.20	16
437	13.20	16
439	13.20	16
441	13.20	16
443	13.20	16
445	13.20	16
447	13.20	16
449	13.20	16
451	13.20	16
453	13.20	16
455	13.20	16
457	13.20	16
459	13.20	16
461	13.20	16
463	13.20	16
465	13.20	16
467	13.20	16
469	13.20	16
471	13.20	16
473	13.20	16
475	13.20	16
477	13.20	16
479	13.20	16
481	13.20	16
483	13.20	16
485	13.20	16
487	13.20	16
489	13.20	16
491	13.40	16
493	13.40	16
495	13.40	16
497	13.40	16
499	13.40	16
501	13.40	16
503	13.40	16
505	13.40	16
507	13.40	16
509	13.40	16
511	14.20	16
513	14.20	16
515	14.20	16
517	14.20	16
519	14.20	16
521	14.20	16
523	14.20	16
525	14.20	16
527	14.20	16
529	14.20	16
531	14.20	16
533	14.20	16
535	14.20	16
537	14.20	16
539	14.20	16
541	14.20	16
543	14.20	16
545	14.20	16
547	14.20	16
549	14.20	16
551	14.20	16
553	14.20	16
555	14.20	16
557	14.20	16
559	14.20	16
561	14.20	16
563	14.20	16
565	14.20	16
567	14.20	16
569	14.20	16
571	14.20	16
573	14.20	16
575	14.20	16
577	14.20	16
579	14.20	16
581	14.20	16
583	14.20	16
585	14.20	16
587	14.20	16
589	14.20	16
591	14.20	16
593	14.20	16
595	14.20	16
597	14.20	16
599	14.20	16
601	14.20	16
603	14.20	16
605	14.20	16
607	14.20	16
609	14.20	16
611	14.20	16
613	14.20	16
615	14.20	16
617	14.20	16
619	14.20	16
621	14.20	16
623	14.20	16
625	14.20	16
627	14.20	16
629	14.20	16
631	14.20	16
633	14.20	16
635	15.00	16
637	15.00	16
639	15.00	16
641	15.00	16
643	15.00	16
645	15.00	16
647	15.60	16
649	16.00	16
651	16.00	16
653	16.00	16
655	16.00	16
657	16.00	16
659	16.00	16
661	16.00	16
663	16.00	16
665	16.00	16
667	16.00	16
669	16.00	16
671	16.00	16
673	16.00	16
675	16.00	16
677	16.00	16
679	16.00	16
681	16.00	16
683	16.00	16
685	16.00	16
687	16.00	16
689	16.00	16
691	16.00	16
693	16.00	16
695	16.00	16
697	16.00	16
699	16.00	16
701	16.00	16
703	16.00	16
705	16.00	16
707	16.00	16
709	16.00	16
711	16.00	16
713	16.00	16
715	16.00	16
717	16.00	16
719	16.00	16
721	16.00	16
723	16.00	16
725	16.00	16
727	16.00	16
729	16.00	16
731	16.00	16
733	16.00	16
735	16.00	16
737	16.00	16
739	16.00	16
741	16.00	16
743	16.00	16
745	16.00	16
747	16.00	16
749	16.00	16
751	16.00	16
753	16.00	16
755	16.00	16
757	16.00	16
759	16.00	16
761	16.00	16
763	16.00	16
765	16.00	16
767	16.00	16
769	16.00	16
771	16.00	16
773	16.00	16
775	16.00	16
777	16.00	16
779	16.00	16
781	16.00	16
783	16.00	16
785	16.00	16
787	16.00	16
789	16.00	16
791	16.00	16
793	16.00	16
795	16.00	16
797	16.00	16
799	16.00	16
801	16.00	16
803	16.00	16
805	16.00	16
807	16.00	16
809	16.00	16
811	16.00	16
813	16.00	16
815	16.00	16
817	16.00	16
819	16.00	16
821	16.00	16
823	16.00	16
825	16.00	16
827	16.00	16
829	16.00	16
831	16.00	16
833	16.00	16
835	16.00	16
837	16.00	16
839	16.00	16
841	16.00	16
843	16.00	16
845	16.00	16
847	16.00	16
849	16.00	16
851	16.00	16
853	16.00	16
855	16.00	16
857	16.00	16
859	16.00	16
861	16.00	16
863	16.00	16
865	16.00	16
867	16.00	16
869	16.00	16
871	16.00	16
873	16.00	16
875	16.00	16
877	16.00	16
879	16.00	16
881	16.00	16
883	16.00	16
885	16.00	16
887	16.00	16
889	16.00	16
891	16.00	16
893	16.00	16
895	16.00	16
897	16.00	16
899	16.00	16
901	16.00	16
903	16.00	16
905	16.00	16
907	16.00	16
909	16.00	16
911	16.00	16
913	16.00	16
915	16.00	16
917	16.00	16
919	16.00	16
921	16.00	16
923	16.00	16
925	16.00	16
927	16.00	16
929	16.00	16
931	16.00	16
933	16.00	16
935	16.00	16
937	16.00	16
939	16.00	16
941	16.00	16
943	16.00	16
945	16.00	16
947	16.00	16
949	16.00	16
951	16.00	16
953	16.00	16
955	16.00	16
957	16.00	16
959	16.00	16
961	16.00	16
963	16.00	16
965	16.00	16
967	16.00	16
969	16.00	16
971	16.00	16
973	16.00	16
975	16.00	16
977	16.00	16
979	16.00	16
981	16.00	16
983	16.00	16
985	16.00	16
987	16.00	16
989	16.00	16
991	16.00	16
993	16.00	16
995	16.00	16
997	16.00	16
999	16.00	16
1001	16.00	16
1003	16.00	16
1005	16.00	16
1007	16.00	16
1009	16.00	16
1011	16.00	16
1013	16.00	16
1015	16.00	16
1017	16.00	16
1019	16.00	16
1021	16.00	16
1023	16.00	16
1025	16.00	16
1027	16.00	16
1029	16.00	16
1031	16.00	16
1033	16.00	16
1035	16.00	16
1037	16.00	16
1039	16.00	16
1041	16.00	16
1043	16.00	16
1045	16.00	16
1047	16.00	16
1049	16.00	16
1051	16.00	16
1053	16.00	16
1055	16.00	16
1057	16.00	16
1059	16.00	16
1061	16.00	16
1063	16.00	16
1065	16.00	16
1067	16.00	16
1069	16.00	16
1071	16.00	16
1073	16.00	16
1075	16.00	16
1077	16.00	16
1079	16.00	16
1081	16.00	16
1083	16.00	16
1085	16.00	16
1087	16.00	16
1089	16.00	16
1091	16.00	16
1093	16.00	16
1095	16.00	16
1097	16.00	16
1099	16.00	16
1101	16.00	16
1103	16.00	16
1105	16.00	16
1107	16.00	16
1109	16.00	16
1111	16.00	16
1113	16.00	16
1115	16.00	16
1117	16.00	16
1119	16.00	16
1121	16.00	16
1123	16.00	16
1125	16.00	16
1127	16.00	16
1129	16.00	16
1131	16.00	16
1133	16.00	16
1135	16.00	16
1137	16.00	16
1139	16.00	16
1141	16.00	16
1143	16.00	16
1145	16.00	16
1147	16.00	16
1149	16.00	16
1151	16.00	16
1153	16.00	16
1155	16.00	16
1157	16.00	16
1159	16.00	16
1161	16.00	16
1163	16.00	16
1165	16.00	16
1167	16.00	16
1169	16.00	16
1171	16.00	16
1173	16.00	16
1175	16.00	16
1177	16.00	16
1179	16.00	16
1181	16.00	16
1183	16.00	16
1185	16.00	16
1187	16.00	16
1189	16.00	16
1191	16.00	16
1193	16.00	16
1195	16.00	16
1197	16.00	16
1199	16.00	16
1201	16.00	16
1203	16.00	16
1205	16.00	16
1207	16.00	16
1209	16.00	16
1211	16.00	16
1213	16.00	16
1215	16.00	16
1217	16.00	16
1219	16.00	16
1221	16.00	16
1223	16.00	16
1225	16.00	16
1227	16.00	16
1229	16.00	16
1231	16.00	16
1233	16.00	16
1235	16.00	16
1237	16.00	16
1239	16.00	16
1241	16.00	16
1243	16.00	16
1245	16.00	16
1247	16.00	16
1249	16.00	16
1251	16.00	16
1253	16.00	16
1255	16.00	16
1257	16.00	16
1259	16.00	16
1261	16.00	16
1263	16.00	16
1265	16.00	16
1267	16.00	16
1269	16.00	16
1271	16.00	16
1273	16.00	16
1275	16.00	16
1277	16.00	16
1279	16.00	16
1281	16.00	16
1283	16.00	16
1285	16.00	16
1287	16.00	16
1289	16.00	16
1291	16.00	16
1293	16.00	16
1295	16.00	16
1297	16.00	16
1299	16.00	16
1301	16.00	16
1303	16.00	16
1305	16.00	16
1307	16.00	16
1309	16.00	16
1311	16.00	16
1313	16.00	16
1315	16.00	16
1317	16.00	16
1319	16.00	16
1321	16.00	16
1323	16.00	16
1325	16.00	16
1327	16.00	16
1329	16.00	16
1331	16.00	16
1333	16.00	16
1335	16.00	16
1337	16.00	16
1339	16.00	16
1341	16.00	16
1343	16.00	16
1345	16.00	16
1347	16.00	16
1349	16.00	16
1351	16.00	16
1353	16.00	16
1355	16.00	16
1357	16.00	16
1359	16.00	16
1361	16.00	16
1363	16.00	16
1365	16.00	16
1367	16.00	16
1369	16.00	16
1371	16.00	16
1373	16.00	16
1375	16.00	16
1377	16.00	16
1379	16.00	16
1381	16.00	16
1383	16.00	16
1385	16.00	16
1387	16.00	16
1389	16.00	16
1391	16.00	16
1393	16.00	16
1395	16.00	16
1397	16.00	16
1399	16.00	16
1401	16.00	16
1403	16.00	16
1405	16.00	16
1407	16.00	16
1409	16.00	16
1411	16.00	16
1413	16.00	16
1415	16.00	16
1417	16.00	16
1419	16.00	16
1421	16.00	16
1423	16.00	16
1425	16.00	16
1427	16.00	16
1429	16.00	16
1431	16.00	16
1433	16.00	16
1435	16.00	16
1437	16.00	16
1439	16.00	16
1441	16.00	16
1443	16.00	16
1445	16.00	16
1447	16.00	16
1449	16.00	16
1451	16.00	16
1453	16.00	16
1455	16.00	16
1457	16.00	16
1459	16.00	16
1461	16.00	16
1463	16.00	16
1465	16.00	16
1467	16.00	16
1469	16.00	16
1471	16.00	16
1473	16.00	16
1475	16.00	16
1477	16.00	16
1479	16.00	16
1481	16.00	16
1483	16.00	16
1485	16.00	16
1487	16.00	16
1489	16.00	16
1491	16.00	16
1493	16.00	16
1495	16.00	16
1497	16.00	16
1499	16.00	16
1501	16.00	16
1503	16.00	16
1505	16.00	16
1507	16.00	16
1509	16.00	16
1511	16.00	16
1513	16.00	16
1515	16.00	16
1517	16.00	16
1519	16.00	16
1521	16.00	16
1523	16.00	16
1525	16.00	16
1527	16.00	16
1529	16.00	16
1531	16.00	16
1533	16.00	16
1535	16.00	16
1537	16.00	16
1539	16.00	16
1541	16.00	16
1543	16.00	16
1545	16.00	16
1547	16.00	16
1549	16.00	16
1551	16.00	16
1553	16.00	16
1555	16.00	16
1557	16.00	16
1559	16.00	16
1561	16.00	16
1563	16.00	16
1565	16.00	16
1567	16.00	16
1569	16.00	16
1571	16.00	16
1573	16.00	16
1575	16.00	16
1577	16.00	16
1579	16.00	16
1581	16.00	16
1583	16.00	16
1585	16.00	16
1587	16.00	16
1589	16.00	16
1591	16.00	16
1593	16.00	16
1595	16.00	16
1597	16.00	16
1599	16.00	16
1601	16.00	16
1603	16.00	16
1605	16.00	16
1607	16.00	16
1609	16.00	16
1611	16.00	16
1613	16.00	16
1615	16.00	16
1617	16.00	16
1619	16.00	16
1621	16.00	16
1623	16.00	16
1625	16.00	16
1627	16.00	16
1629	16.00	16
1631	16.00	16
1633	16.00	16
1635	16.00	16
1637	16.00	16
1639	16.00	16
1641	16.00	16
1643	16.00	16
1645	16.00	16
1647	16.00	16
1649	16.00	16
1651	16.00	16
1653	16.00	16
1655	16.00	16
1657	16.00	16
1659	16.00	16
1661	16.00	16
1663	16.00	16
1665	16.00	16
1667	16.00	16
1669	16.00	16
1671	16.00	16
1673	16.00	16
1675	16.00	16
1677	16.00	16
1679	16.00	16
1681	16.00	16
1683	16.00	16
1685	16.00	16
1687	16.00	16
1689	16.00	16
1691	16.00	16
1693	16.00	16
1695	16.00	16
1697	16.00	16
1699	16.00	16
1701	16.00	16
1703	16.00	16
1705	16.00	16
1707	16.00	16
1709	16.00	16
1711	16.00	16
1713	16.00	16
1715	16.00	16
1717	16.00	16
1719	16.00	16
1721	16.00	16
1723	16.00	16
1725	16.00	16
1727	16.00	16
1729	16.00	16
1731	16.00	16
1733	16.00	16
1735	16.00	16
1737	16.00	16
1739	16.00	16
1741	16.00	16
1743	16.00	16
1745	16.00	16
1747	16.00	16
1749	16.00	16
1751	16.00	16
1753	16.00	16
1755	16.00	16
1757	16.00	16
1759	16.00	16
1761	16.00	16
1763	16.00	16
1765	16.00	16
1767	16.00	16
1769	16.00	16
1771	16.00	16
1773	16.00	16
1775	16.00	16
1777	16.00	16
1779	16.00	16
1781	16.00	16
1783	16.00	16
1785	16.00	16
1787	16.00	16
1789	16.00	16
1791	16.00	16
1793	16.00	16
1795	16.00	16
1797	16.00	16
1799	16.00	16
1801	16.00	16
1803	16.00	16
1805	16.00	16
1807	16.00	16
1809	16.00	16
1811	16.00	16
1813	16.00	16
1815	16.00	16
1817	16.00	16
1819	16.00	16
1821	16.00	16
1823	16.00	16
1825	16.00	16
1827	16.00	16
1829	16.00	16
1831	16.00	16
1833	16.00	16
1835	16.00	16
1837	16.00	16
1839	16.00	16
1841	16.00	16
1843	16.00	16
1845	16.00	16
1847	16.00	16
1849	16.00	16
1851	16.00	16
1853	16.00	16
1855	16.00	16
1857	16.00	16
1859	16.00	16
1861	16.00	16
1863	16.00	16
1865	16.00	16
1867	16.00	16
1869	16.00	16
1871	16.00	16
1873	16.00	16
1875	16.00	16
1877	16.00	16
1879	16.00	16
1881	16.00	16
1883	16.00	16
1885	16.00	16
1887	16.00	16
1889	16.00	16
1891	16.00	16
1893	16.00	16
1895	16.00	16
1897	16.00	16
1899	16.00	16
1901	16.00	16
1903	16.00	16
1905	16.00	16
1907	16.00	16
1909	16.00	16
1911	16.00	16
1913	16.00	16
1915	16.00	16
1917	16.00	16
1919	16.00	16
1921	16.00	16
1923	16.00	16
1925	16.00	16
1927	16.00	16
1929	16.00	16
1931	16.00	16
1933	16.00	16
1935	16.00	16
1937	16.00	16
1939	16.00	16
1941	16.00	16
1943	16.00	16
1945	16.00	16
1947	16.00	16
1949	16.00	16
1951	16.00	16
1953	16.00	16
1955	16.00	16
1957	16.00	16
1959	16.00	16
1961	16.00	16
1963	16.00	16
1965	16.00	16
1967	16.00	16
1969	16.00	16
1971	16.00	16
1973	16.00	16
1975	16.00	16
1977	16.00	16
1979	16.00	16
1981	16.00	16
1983	16.00	16
1985	16.00	16
1987	16.00	16
1989	16.00	16
1991	16.00	16
1993	16.00	16
1995	16.00	16
1997	16.00	16
1999	16.00	16
2001	16.00	16
2003	16.00	16
2005	16.00	16
2007	16.00	16
2009	16.00	16
2011	16.00	16
2013	16.00	16
2015	16.00	16
2017	16.00	16
2019	16.00	16
2021	16.00	16
2023	16.00	16
2025	16.00	16
2027	16.00	16
2029	16.00	16
2031	16.00	16
2033	16.00	16
2035	16.00	16
2037	16.00	16
2039	16.00	16
2041	16.00	16
2043	16.00	16
2045	16.00	16
2047	16.00	16
2049	16.00	16
2051	16.00	16
2053	16.00	16
2055	16.00	16
2057	16.00	16
2059	16.00	16
2061	16.00	16
2063	16.00	16
2065	16.00	16
2067	16.00	16
2069	16.00	16
2071	16.00	16
2073	16.00	16
2075	16.00	16
2077	16.00	16
2079	16.00	16
2081	16.00	16
2083	16.00	16
2085	16.00	16
2087	16.00	16
2089	16.00	16
2091	16.00	16
2093	16.00	16
2095	16.00	16
2097	16.00	16
2099	16.00	16
2101	16.00	16
2103	16.00	16
2105	16.00	16
2107	16.00	16
2109	16.00	16
2111	16.00	16
2113	16.00	16
2115	16.00	16
2117	16.00	16
2119	16.00	16
2121	16.00	16
2123	16.00	16
2125	16.00	16
2127	16.00	16
2129	16.00	16
2131	16.00	16
2133	16.00	16
2135	16.00	16
2137	16.00	16
2139	16.00	16
2141	16.00	16
2143	16.00	16
2145	16.00	16
2147	16.00	16
2149	16.00	16
2151	16.00	16
2153	16.00	16
2155	16.00	16
2157	16.00	16
2159	16.00	16
2161	16.00	16
2163	16.00	16
2165	16.00	16
2167	16.00	16
2169	16.00	16
2171	16.00	16
2173	16.00	16
2175	16.00	16
2177	16.00	16
2179	16.00	16
2181	16.00	16
2183	16.00	16
2185	16.00	16
2187	16.00	16
2189	16.00	16
2191	16.00	16
2193	16.00	16
2195	16.00	16
2197	16.00	16
2199	16.00	16
2201	16.00	16
2203	16.00	16
2205	16.00	16
2207	16.00	16
2209	16.00	16
2211	16.00	16
2213	16.00	16
2215	16.00	16
2217	16.00	16
2219	16.00	16
2221	16.00	16
2223	16.00	16
2225	16.00	16
2227	16.00	16
2229	16.00	16
2231	16.00	16
2233	16.00	16
2235	16.00	16
2237	16.00	16
2239	16.00	16
2241	16.00	16
2243	16.00	16
2245	16.00	16
2247	16.00	16
2249	16.00	16
2251	16.00	16
2253	16.00	16
2255	16.00	16
2257	16.00	16
2259	16.00	16
2261	16.00	16
2263	16.00	16
2265	16.00	16
2267	16.00	16
2269	16.00	16
2271	16.00	16
2273	16.00	16
2275	16.00	16
2277	16.00	16
2279	16.00	16
2281	16.00	16
2283	16.00	16
2285	16.00	16
2287	16.00	16
2289	16.00	16
2291	16.00	16
2293	16.00	16
2295	16.00	16
2297	16.00	16
2299	16.00	16
2301	16.00	16
2303	16.00	16
2305	16.00	16
2307	16.00	16
2309	16.00	16
2311	16.00	16
2313	16.00	16
2315	16.00	16
2317	16.00	16
2319	16.00	16
2321	16.00	16
2323	16.00	16
2325	16.00	16
2327	16.00	16
2329	16.00	16
2331	16.00	16
2333	16.00	16
2335	16.00	16
2337	16.00	16
2339	16.00	16
2341	16.00	16
2343	16.00	16
2345	16.00	16
2347	16.00	16
2349	16.00	16
2351	16.00	16
2353	16.00	16
2355	16.00	16
2357	16.00	16
2359	16.00	16
2361	16.00	16
2363	16.00	16
2365	16.00	16
2367	16.00	16
2369	16.00	16
2371	16.00	16
2373	16.00	16
2375	16.00	16
2377	16.00	16
2379	16.00	16
2381	16.00	16
2383	16.00	16
2385	16.00	16
2387	16.00	16
2389	16.00	16
2391	16.00	16
2393	16.00	16
2395	16.00	16
2397	16.00	16
2399	16.00	16
2401	16.00	16
2403	16.00	16
2405	16.00	16
2407	16.00	16
2409	16.00	16
2411	16.00	16
2413	16.00	16
2415	16.00	16
2417	16.00	16
2419	16.00	16
2421	16.00	16
2423	16.00	16
2425	16.00	16
2427	16.00	16
2429	16.00	16
2431	16.00	16
2433	16.00	16
2435	16.00	16
2437	16.00	16
2439	16.00	16
2441	16.00	16
2443	16.00	16
2445	16.00	16
2447	16.00	16
2449	16.00	16
2451	16.00	16
2453	16.00	16
2455	16.00	16
2457	16.00	16
2459	16.00	16
2461	16.00	16
2463	16.00	16
2465	16.00	16
2467	16.00	16
2469	16.00	16
2471	16.00	16
2473	16.00	16
2475	16.00	16
2477	16.00	16
2479	16.00	16
2481	16.00	16
2483	16.00	16
2485	16.00	16
2487	16.00	16
2489	16.00	16
2491	16.00	16
2493	16.00	16
2495	16.00	16
2497	16.00	16
2499	16.00	16
2501	16.00	16
2503	16.00	16
2505	16.00	16
2507	16.00	16
2509	16.00	16
2511	16.00	16
2513	16.00	16
2515	16.00	16
2517	16.00	16
2519	16.00	16
2521	16.00	16
2523	16.00	16
2525	16.00	16
2527	16.00	16
2529	16.00	16
2531	16.00	16
2533	16.00	16
2535	16.00	16
2537	16.00	16
2539	16.00	16
2541	16.00	16
2543	16.00	16
2545	16.00	16
2547	16.00	16
2549	16.00	16
2551	16.00	16
2553	16.00	16
2555	16.00	16
2557	16.00	16
2559	16.00	16
2561	16.00	16
2563	16.00	16
2565	16.00	16
2567	16.00	16
2569	16.00	16
2571	16.00	16
2573	16.00	16
2575	16.00	16
2577	16.00	16
2579	16.00	16
2581	16.00	16
2583	16.00	16
2585	16.00	16
2587	16.00	16
2589	16.00	16
2591	16.00	16
2593	16.00	16
2595	16.00	16
2597	16.00	16
2599	16.00	16
2601	16.00	16
2603	16.00	16
2605	16.00	16
2607	16.00	16
2609	16.00	16
2611	16.00	16
2613	16.00	16
2615	16.00	16
2617	16.00	16
2619	16.00	16
2621	16.00	16
2623	16.00	16
2625	16.00	16
2627	16.00	16
2629	16.00	16
2631	16.00	16
2633	16.00	16
2635	16.00	16
2637	16.00	16
2639	16.00	16
2641	16.00	16
2643	16.00	16
2645	16.00	16
2647	16.00	16
2649	16.00	16
2651	16.00	16
2653	16.00	16
2655	16.00	16
2657	16.00	16
2659	16.00	16
2661	16.00	16
2663	16.00	16
2665	16.00	16
2667	16.00	16
2669	16.00	16
2671	16.00	16
2673	16.00	16
2675	16.00	16
2677	16.00	16
2679	16.00	16
2681	16.00	16
2683	16.00	16
2685	16.00	16
2687	16.00	16
2689	16.00	16
2691	16.00	16
2693	16.00	16
2695	16.00	16
2697	16.00	16
2699	16.00	16
2701	16.00	16
2703	16.00	16
2705	16.00	16
2707	16.00	16
2709	16.00	16
2711	16.00	16
2713	16.00	16
2715	16.00	16
2717	16.00	16
2719	16.00	16
2721	16.00	16
2723	16.00	16
2725	16.00	16
2727	16.00	16
2729	16.00	16
2731	16.00	16
2733	16.00	16
2735	16.00	16
2737	16.00	16
2739	16.00	16
2741	16.00	16
2743	16.00	16
2745	16.00	16
2747	16.00	16
2749	16.00	16
2751	16.00	16
2753	16.00	16
2755	16.00	16
2757	16.00	16
2759	16.00	16
2761	16.00	16
2763	16.00	16
2765	16.00	16
2767	16.00	16
2769	16.00	16
2771	16.00	16
2773	16.00	16
2775	16.00	16
2777	16.00	16
2779	16.00	16
2781	16.00	16
2783	16.00	16
2785	16.00	16
2787	16.00	16
2789	16.00	16
2791	16.00	16
2793	16.00	16
2795	16.00	16
2797	16.00	16
2799	16.00	16
2801	16.00	16
2803	16.00	16
2805	16.00	16
2807	16.00	16
2809	16.00	16
2811	16.00	16
2813	16.00	16
2815	16.00	16
2817	16.00	16
2819	16.00	16
2821	16.00	16
2823	16.00	16
2825	16.00	16
2827	16.00	16
2829	16.00	16
2831	16.00	16
2833	16.00	16
2835	16.00	16
2837	16.00	16
2839	16.00	16
2841	16.00	16
2843	16.00	16
2845	16.00	16
2847	16.00	16
2849	16.00	16
2851	16.00	16
2853	16.00	16
2855	16.00	16
2857	16.00	16
2859	16.00	16
2861	16.00	16
2863	16.00	16
2865	16.00	16
2867	16.00	16
2869	16.00	16
2871	16.00	16
2873	16.00	16
2875	16.00	16
2877	16.00	16
2879	16.00	16
2881	16.00	16
2883	16.00	16
2885	16.00	16
2887	16.00	16
2889	16.00	16
2891	16.00	16
2893	16.00	16
2895	16.00	16
2897	16.00	16
2899	16.00	16
2901	16.00	16
2903	16.00	16
2905	16.00	16
2907	16.00	16
2909	16.00	16
2911	16.00	16
2913	16.00	16
2915	16.00	16
2917	16.00	16
2919	16.00	16
2921	16.00	16
2923	16.00	16
2925	16.00	16
2927	16.00	16
2929	16.00	16
2931	16.00	16
2933	16.00	16
2935	16.00	16
2937	16.00	16
2939	16.00	16
2941	16.00	16
2943	16.00	16
2945	16.00	16
2947	16.00	16
2949	16.00	16
2951	16.00	16
2953	16.00	16
2955	16.00	16
2957	16.00	16
2959	16.00	16
2961	16.00	16
2963	16.00	16
2965	16.00	16
2967	16.00	16
2969	16.00	16
2971	16.00	16
2973	16.00	16
2975	16.00	16
2977	16.00	16
2979	16.00	16
2981	16.00	16
2983	16.00	16
2985	16.00	16
2987	16.00	16
2989	16.00	16
2991	16.00	16
2993	16.00	16
2995	16.00	16
2997	16.00	16
2999	16.00	16
3001	16.00	16
3003	16.00	16
3005	16.00	16
3007	16.00	16
3009	16.00	16
3011	16.00	16
3013	16.00	16
3015	16.00	16
3017	16.00	16
3019	16.00	16
3021	16.00	16
3023	16.00	16
3025	16.00	16
3027	16.00	16
3029	16.00	16
3031	16.00	16
3033	16.00	16
3035	16.00	16
3037	16.00	16
3039	16.00	16
3041	16.00	16
3043	16.00	16
3045	16.00	16
3047	16.00	16
3049	16.00	16
3051	16.00	16
3053	16.00	16
3055	16.00	16
3057	16.00	16
3059	16.00	16
3061	16.00	16
3063	16.00	16
3065	16.00	16
3067	16.00	16
3069	16.00	16
3071	16.00	16
3073	16.00	16
3075	16.00	16
3077	16.00	16
3079	16.00	16
3081	16.00	16
3083	16.00	16
3085	16.00	16
3087	16.00	16
3089	16.00	16
3091	16.00	16
3093	16.00	16
3095	16.00	16
3097	16.00	16
3099	16.00	16
3101	16.00	16
3103	16.00	16
3105	16.00	16
3107	16.00	16
3109	16.00	16
3111	16.00	16
3113	16.00	16
3115	16.00	16
3117	16.00	16
3119	16.00	16
3121	16.00	16
3123	16.00	16
3125	16.00	16
3127	16.00	16
3129	16.00	16
3131	16.00	16
3133	16.00	16
3135	16.00	16
3137	16.00	16
3139	16.00	16
3141	16.00	16
3143	16.00	16
3145	16.00	16
3147	16.00	16
3149	16.00	16
3151	16.00	16
3153	16.00	16
3155	16.00	16
3157	16.00	16
3159	16.00	16
3161	16.00	16
3163	16.00	16
3165	16.00	16
3167	16.00	16
3169	16.00	16
3171	16.00	16
3173	16.00	16
3175	16.00	16
3177	16.00	16
3179	16.00	16
3181	16.00	16
3183	16.00	16
3185	16.00	16
3187	16.00	16
3189	16.00	16
3191	16.00	16
3193	16.00	16
3195	16.00	16
3197	16.00	16
3199	16.00	16
3201	16.00	16
3203	16.00	16
3205	16.00	16
3207	16.00	16
3209	16.00	16
3211	16.00	16
3213	16.00	16
3215	16.00	16
3217	16.00	16
3219	16.00	16
3221	16.00	16
3223	16.00	16
3225	16.00	16
3227	16.00	16
3229	16.00	16
3231	16.00	16
3233	16.00	16
3235	16.00	16
3237	16.00	16
3239	16.00	16
3241	16.00	16
3243	16.00	16
3245	16.00	16
3247	16.00	16
3249	16.00	16
3251	16.00	16
3253	16.00	16
3255	16.00	16
3257	16.00	16
3259	16.00	16
3261	16.00	16
3263	16.00	16
3265	16.00	16
3267	16.00	16
3269	16.00	16
3271	16.00	16
3273	16.00	16
3275	16.00	16
3277	16.00	16
3279	16.00	16
3281	16.00	16
3283	16.00	16
3285	16.00	16
3287	16.00	16
3289	16.00	16
3291	16.00	16
3293	16.00	16
3295	16.00	16
3297	16.00	16
3299	16.00	16
3301	16.00	16
3303	16.00	16
3305	16.00	16
3307	16.00	16
3309	16.00	16
3311	16.00	16
3313	16.00	16
3315	16.00	16
3317	16.00	16
3319	16.00	16
3321	16.00	16
3323	16.00	16
3325	16.00	16
3327	16.00	16
3329	16.00	16
3331	16.00	16
3333	16.00	16
3335	16.00	16
3337	16.00	16
3339	16.00	16
3341	16.00	16
3343	16.00	16
3345	16.00	16
3347	16.00	16
3349	16.00	16
3351	16.00	16
3353	16.00	16
3355	16.00	16
3357	16.00	16
3359	16.00	16
3361	16.00	16
3363	16.00	16
3365	16.00	16
3367	16.00	16
3369	16.00	16
3371	16.00	16
3373	16.00	16
3375	16.00	16
3377	16.00	16
3379	16.00	16
3381	16.00	16
3383	16.00	16
3385	16.00	16
3387	16.00	16
3389	16.00	16
3391	16.00	16
3393	16.00	16
3395	16.00	16
3397	16.00	16
3399	16.00	16
3401	16.00	16
3403	16.00	16
3405	16.00	16
3407	16.00	16
3409	16.00	16
3411	16.00	16
3413	16.00	16
3415	16.00	16
3417	16.00	16
3419	16.00	16
3421	16.00	16
3423	16.00	16
3425	16.00	16
3427	16.00	16
3429	16.00	16
3431	16.00	16
3433	16.00	16
3435	16.00	16
3437	16.00	16
3439	16.00	16
3441	16.00	16
3443	16.00	16
3445	16.00	16
3447	16.00	16
3449	16.00	16
3451	16.00	16
3453	16.00	16
3455	16.00	16
3457	16.00	16
3459	16.00	16
3461	16.00	16
3463	16.00	16
3465	16.00	16
3467	16.00	16
3469	16.00	16
3471	16.00	16
3473	16.00	16
3475	16.00	16
3477	16.00	16
3479	16.00	16
3481	16.00	16
3483	16.00	16
3485	16.00	16
3487	16.00	16
3489	16.00	16
3491	16.00	16
3493	16.00	16
3495	16.00	16
3497	16.00	16
3499	16.00	16
3501	16.00	16
3503	16.00	16
3505	16.00	16
3507	16.00	16
3509	16.00	16
3511	16.00	16
3513	16.00	16
3515	16.00	16
3517	16.00	16
3519	16.00	16
3521	16.00	16
3523	16.00	16
3525	16.00	16
3527	16.00	16
3529	16.00	16
3531	16.00	16
3533	16.00	16
3535	16.00	16
3537	16.00	16
3539	16.00	16
3541	16.00	16
3543	16.00	16
3545	16.00	16
3547	16.00	16
3549	16.00	16
3551	16.00	16
3553	16.00	16
3555	16.00	16
3557	16.00	16
3559	16.00	16
3561	16.00	16
3563	16.00	16
3565	16.00	16
3567	16.00	16
3569	16.00	16
3571	16.00	16
3573	16.00	16
3575	16.00	16
3577	16.00	16
3579	16.00	16
3581	16.00	16
3583	16.00	16
3585	16.00	16
3587	16.00	16
3589	16.00	16
3591	16.00	16
3593	16.00	16
3595	16.00	16
3597	16.00	16
3599	16.00	16
3601	16.00	16
3603	16.00	16
3605	16.00	16
3607	16.00	16
3609	16.00	16
3611	16.00	16
3613	16.00	16
3615	16.00	16
3617	16.00	16
3619	16.00	16
3621	16.00	16
3623	16.00	16
3625	16.00	16
3627	16.00	16
3629	16.00	16
3631	16.00	16
3633	16.00	16
3635	16.00	16
3637	16.00	16
3639	16.00	16
3641	16.00	16
3643	16.00	16
3645	16.00	16
3647	16.00	16
3649	16.00	16
3651	16.00	16
3653	16.00	16
3655	16.00	16
3657	16.00	16
3659	16.00	16
3661	16.00	16
3663	16.00	16
3665	16.00	16
3667	16.00	16
3669	16.00	16
3671	16.00	16
3673	16.00	16
3675	16.00	16
3677	16.00	16
3679	16.00	16
3681	16.00	16
3683	16.00	16
3685	16.00	16
3687	16.00	16
3689	16.00	16
3691	16.00	16
3693	16.00	16
3695	16.00	16
3697	16.00	16
3699	16.00	16
3701	16.00	16
3703	16.00	16
3705	16.00	16
3707	16.00	16
3709	16.00	16
3711	16.00	16
3713	16.00	16
3715	16.00	16
3717	16.00	16
3719	16.00	16
3721	16.00	16
3723	16.00	16
3725	16.00	16
3727	16.00	16
3729	16.00	16
3731	16.00	16
3733	16.00	16
3735	16.00	16
3737	16.00	16
3739	16.00	16
3741	16.00	16
3743	16.00	16
3745	16.00	16
3747	16.00	16
3749	16.00	16
3751	16.00	16
3753	16.00	16
3755	16.00	16
3757	16.00	16
3759	16.00	16
3761	16.00	16
3763	16.00	16
3765	16.00	16
3767	16.00	16
3769	16.00	16
3771	16.00	16
3773	16.00	16
3775	16.00	16
3777	16.00	16
3779	16.00	16
3781	16.00	16
3783	16.00	16
3785	16.00	16
3787	16.00	16
3789	16.00	16
3791	16.00	16
3793	16.00	16
3795	16.00	16
3797	16.00	16
3799	16.00	16
3801	16.00	16
3803	16.00	16
3805	16.00	16
3807	16.00	16
3809	16.00	16
3811	16.00	16
3813	16.00	16
3815	16.00	16
3817	16.00	16
3819	16.00	16
3821	16.00	16
3823	16.00	16
3825	16.00	16
3827	16.00	16
3829	16.00	16
3831	16.00	16
3833	16.00	16
3835	16.00	16
3837	16.00	16
3839	16.00	16
3841	16.00	16
3843	16.00	16
3845	16.00	16
3847	16.00	16
3849	16.00	16
3851	16.00	16
3853	16.00	16
3855	16.00	16
3857	16.00	16
3859	16.00	16
3861	16.00	16
3863	16.00	16
3865	16.00	16
3867	16.00	16
3869	16.00	16
3871	16.00	16
3873	16.00	16
3875	16.00	16
3877	16.00	16
3879	16.00	16
3881	16.00	16
3883	16.00	16
3885	16.00	16
3887	16.00	16
3889	16.00	16
3891	16.00	16
3893	16.00	16
3895	16.00	16
3897	16.00	16
3899	16.00	16
3901	16.00	16
3903	16.00	16
3905	16.00	16
3907	16.00	16
3909	16.00	16
3911	16.00	16
3913	16.00	16
3915	16.00	16
3917	16.00	16
3919	16.00	16
3921	16.00	16
3923	16.00	16
3925	16.00	16
3927	16.00	16
3929	16.00	16
3931	16.00	16
3933	16.00	16
3935	16.00	16
3937	16.00	16
3939	16.00	16
3941	16.00	16
3943	16.00	16
3945	16.00	16
3947	16.00	16
3949	16.00	16
3951	16.00	16
3953	16.00	16
3955	16.00	16
3957	16.00	16
3959	16.00	16
3961	16.00	16
3963	16.00	16
3965	16.00	16
3967	16.00	16
3969	16.00	16
3971	16.00	16
3973	16.00	16
3975	16.00	16
3977	16.00	16
3979	16.00	16
3981	16.00	16
3983	16.00	16
3985	16.00	16
3987	16.00	16
3989	16.00	16
3991	16.00	16
3993	16.00	16
3995	16.00	16
3997	16.00	16
3999	16.00	16
4001	16.00	16
4003	16.00	16
4005	16.00	16
4007	16.00	16
4009	16.00	16
4011	16.00	16
4013	16.00	16
4015	16.00	16
4017	16.00	16
4019	16.00	16
4021	16.00	16
4023	16.00	16
4025	16.00	16
4027	16.00	16
4029	16.00	16
4031	16.00	16
4033	16.00	16
4035	16.00	16
4037	16.00	16
4039	16.00	16
4041	16.00	16
4043	16.00	16
4045	16.00	16
4047	16.00	16
4049	16.00	16
4051	16.00	16
4053	16.00	16
4055	16.00	16
4057	16.00	16
4059	16.00	16
4061	16.00	16
4063	16.00	16
4065	16.00	16
4067	16.00	16
4069	16.00	16
4071	16.00	16
4073	16.00	16
4075	16.00	16
4077	16.00	16
4079	16.00	16
4081	16.00	16
4083	16.00	16
4085	16.00	16
4087	16.00	16
4089	16.00	16
4091	16.00	16
4093	16.00	16
4095	16.00	16
4097	16.00	16
4099	16.00	16
4101	16.00	16
4103	16.00	16
4105	16.00	16
4107	16.00	16
4109	16.00	16
4111	16.00	16
4113	16.00	16
4115	16.00	16
4117	16.00	16
4119	16.00	16
4121	16.00	16
4123	16.00	16
4125	16.00	16
4127	16.00	16
4129	16.00	16
4131	16.00	16
4133	16.00	16
4135	16.00	16
4137	16.00	16
4139	16.00	16
4141	16.00	16
4143	16.00	16
4145	16.00	16
4147	16.00	16
4149	16.00	16
4151	16.00	16
4153	16.00	16
4155	16.00	16
4157	16.00	16
4159	16.00	16
4161	16.00	16
4163	16.00	16
4165	16.00	16
4167	16.00	16
4169	16.00	16
4171	16.00	16
4173	16.00	16
4175	16.00	16
4177	16.00	16
4179	16.00	16
4181	16.00	16
4183	16.00	16
4185	16.00	16
4187	16.00	16
4189	16.00	16
4191	16.00	16
4193	16.00	16
4195	16.00	16
4197	16.00	16
4199	16.00	16
4201	16.00	16
4203	16.00	16
4205	16.00	16
4207	16.00	16
4209	16.00	16
4211	16.00	16
4213	16.00	16
4215	16.00	16
4217	16.00	16
4219	16.00	16
4221	16.00	16
4223	16.00	16
4225	16.00	16
4227	16.00	16
4229	16.00	16
4231	16.00	16
4233	16.00	16
4235	16.00	16
4237	16.00	16
4239	16.00	16
4241	16.00	16
4243	16.00	16
4245	16.00	16
4247	16.00	16
4249	16.00	16
4251	16.00	16
4253	16.00	16
4255	16.00	16
4257	16.00	16
4259	16.00	16
4261	16.00	16
4263	16.00	16
4265	16.00	16
4267	16.00	16
4269	16.00	16
4271	16.00	16
4273	16.00	16
4275	16.00	16
4277	16.00	16
4279	16.00	16
4281	16.00	16
4283	16.00	16
4285	16.00	16
4287	16.00	16
4289	16.00	16
4291	16.00	16
4293	16.00	16
4295	16.00	16
4297	16.00	16
4299	16.00	16
4301	16.00	16
4303	16.00	16
4305	16.00	16
4307	16.00	16
4309	16.00	16
4311	16.00	16
4313	16.00	16
4315	16.00	16
4317	16.00	16
4319	16.00	16
4321	16.00	16
4323	16.00	16
4325	16.00	16
4327	16.00	16
4329	16.00	16
4331	16.00	16
4333	16.00	16
4335	16.00	16
4337	16.00	16
4339	16.00	16
4341	16.00	16
4343	16.00	16
4345	16.00	16
4347	16.00	16
4349	16.00	16
4351	16.00	16
4353	16.00	16
4355	16.00	16
4357	16.00	16
4359	16.00	16
4361	16.00	16
4363	16.00	16
4365	16.00	16
4367	16.00	16
4369	16.00	16
4371	16.00	16
4373	16.00	16
4375	16.00	16
4377	16.00	16
4379	16.00	16
4381	16.00	16
4383	16.00	16
4385	16.00	16
4387	16.00	16
4389	16.00	16
4391	16.00	16
4393	16.00	16
4395	16.00	16
4397	16.00	16
4399	16.00	16
4401	16.00	16
4403	16.00	16
4405	16.00	16
4407	16.00	16
4409	16.00	16
4411	16.00	16
4413	16.00	16
4415	16.00	16
4417	16.00	16
4419	16.00	16
4421	16.00	16
4423	16.00	16
4425	16.00	16
4427	16.00	16
4429	16.00	16
4431	16.00	16
4433	16.00	16
4435	16.00	16
4437	16.00	16
4439	16.00	16
4441	16.00	16
4443	16.00	16
4445	16.00	16
4447	16.00	16
4449	16.00	16
4451	16.00	16
4453	16.00	16
4455	16.00	16
4457	16.00	16
4459	16.00	16
4461	16.00	16
4463	16.00	16
4465	16.00	16
4467	16.00	16
4469	16.00	16
4471	16.00	16
4473	16.00	16
4475	16.00	16
4477	16.00	16
4479	16.00	16
4481	16.00	16
4483	16.00	16
4485	16.00	16
4487	16.00	16
4489	16.00	16
4491	16.00	16
4493	16.00	16
4495	16.00	16
4497	16.00	16
4499	16.00	16
4501	16.00	16
4503	16.00	16
4505	16.00	16
4507	16.00	16
4509	16.00	16
4511	16.00	16
4513	16.00	16
4515	16.00	16
4517	16.00	16
4519	16.00	16
4521	16.00	16
4523	16.00	16
4525	16.00	16
4527	16.00	16
4529	16.00	16
4531	16.00	16
4533	16.00	16
4535	16.00	16
4537	16.00	16
4539	16.00	16
4541	16.00	16
4543	16.00	16
4545	16.00	16
4547	16.00	16
4549	16.00	16
4551	16.00	16
4553	16.00	16
4555	16.00	16
4557	16.00	16
4559	16.00	16
4561	16.00	16
4563	16.00	16
4565	16.00	16
4567	16.00	16
4569	16.00	16
4571	16.00	16
4573	16.00	16
4575	16.00	16
4577	16.00	16
4579	16.00	16
4581	16.00	16
4583	16.00	16
4585	16.00	16
4587	16.00	16
4589	16.00	16
4591	16.00	16
4593	16.00	16
4595	16.00	16
4597	16.00	16
4599	16.00	16
4601	16.00	16
4603	16.00	16
4605	16.00	16
4607	16.00	16
4609	16.00	16
4611	16.00	16
4613	16.00	16
4615	16.00	16
4617	16.00	16
4619	16.00	16
4621	16.00	16
4623	16.00	16
4625	16.00	16
4627	16.00	16
4629	16.00	16
4631	16.00	16
4633	16.00	16
4635	16.00	16
4637	16.00	16
4639	16.00	16
4641	16.00	16
4643	16.00	16
4645	16.00	16
4647	16.00	16
4649	16.00	16
4651	16.00	16
4653	16.00	16
4655	16.00	16
4657	16.00	16
4659	16.00	16
4661	16.00	16
4663	16.00	16
4665	16.00	16
4667	16.00	16
4669	16.00	16
4671	16.00	16
4673	16.00	16
4675	16.00	16
4677	16.00	16
4679	16.00	16
4681	16.00	16
4683	16.00	16
4685	16.00	16
4687	16.00	16
4689	16.00	16
4691	16.00	16
4693	16.00	16
4695	16.00	16
4697	16.00	16
4699	16.00	16
4701	16.00	16
4703	16.00	16
4705	16.00	16
4707	16.00	16
4709	16.00	16
4711	16.00	16
4713	16.00	16
4715	16.00	16
4717	16.00	16
4719	16.00	16
4721	16.00	16
4723	16.00	16
4725	16.00	16
4727	16.00	16
4729	16.00	16
4731	16.00	16
4733	16.00	16
4735	16.00	16
4737	16.00	16
4739	16.00	16
4741	16.00	16
4743	16.00	16
4745	16.00	16
4747	16.00	16
4749	16.00	16
4751	16.00	16
4753	16.00	16
4755	16.00	16
4757	16.00	16
4759	16.00	16
4761	16.00	16
4763	16.00	16
4765	16.00	16
4767	16.00	16
4769	16.00	16
4771	16.00	16
4773	16.00	16
4775	16.00	16
4777	16.00	16
4779	16.00	16
4781	16.00	16
4783	16.00	16
4785	16.00	16
4787	16.00	16
4789	16.00	16
4791	16.00	16
4793	16.00	16
4795	16.00	16
4797	16.00	16
4799	16.00	16
4801	16.00	16
4803	16.00	16
4805	16.00	16
4807	16.00	16
4809	16.00	16
4811	16.00	16
4813	16.00	16
4815	16.00	16
4817	16.00	16
4819	16.00	16
4821	16.00	16
4823	16.00	16
4825	16.00	16
4827	16.00	16
4829	16.00	16
4831	16.00	16
4833	16.00	16
4835	16.00	16
4837	16.00	16
4839	16.00	16
4841	16.00	16
4843	16.00	16
4845	16.00	16
4847	16.00	16
4849	16.00	16
4851	16.00	16
4853	16.00	16
4855	16.00	16
4857	16.00	16
4859	16.00	16
4861	16.00	16
4863	16.00	16
4865	16.00	16
4867	16.00	16
4869	16.00	16
4871	16.00	16
4873	16.00	16
4875	16.00	16
4877	16.00	16
4879	16.00	16
4881	16.00	16
4883	16.00	16
4885	16.00	16
4887	16.00	16
4889	16.00	16
4891	16.00	16
4893	16.00	16
4895	16.00	16
4897	16.00	16
4899	16.00	16
4901	16.00	16
4903	16.00	16
4905	16.00	16
4907	16.00	16
4909	16.00	16
4911	16.00	16
4913	16.00	16
4915	16.00	16
4917	16.00	16
4919	16.00	16
4921	16.00	16
4923	16.00	16
4925	16.00	16
4927	16.00	16
4929	16.00	16
4931	16.00	16
4933	16.00	16
4935	16.00	16
4937	16.00	16
4939	16.00	16
4941	16.00	16
4943	16.00	16
4945	16.00	16
4947	16.00	16
4949	16.00	16
4951	16.00	16
4953	16.00	16
4955	16.00	16
4957	16.00	16
4959	16.00	16
4961	16.00	16
4963	16.00	16
4965	16.00	16
4967	16.00	16
4969	16.00	16
4971	16.00	16
4973	16.00	16
4975	16.00	16
4977	16.00	16
4979	16.00	16
4981	16.00	16
4983	16.00	16
4985	16.00	16
4987	16.00	16
4989	16.00	16
4991	16.00	16
4993	16.00	16
4995	16.00	16
4997	16.00	16
4999	16.00	16
5001	16.00	16
5003	16.00	16
5005	16.00	16
5007	16.00	16
5009	16.00	16
5011	16.00	16
5013	16.00	16
5015	16.00	16
5017	16.00	16
5019	16.00	16
5021	16.00	16
5023	16.00	16
5025	16.00	16
5027	16.00	16
5029	16.00	16
5031	16.00	16
5033	16.00	16
5035	16.00	16
5037	16.00	16
5039	16.00	16
5041	16.00	16
5043	16.00	16
5045	16.00	16
5047	16.00	16
5049	16.00	16
5051	16.00	16
5053	16.00	16
5055	16.00	16
5057	16.00	16
5059	16.00	16
5061	16.00	16
5063	16.00	16
5065	16.00	16
5067	16.00	16
5069	16.00	16
5071	16.00	16
5073	16.00	16
5075	16.00	16
5077	16.00	16
5079	16.00	16
5081	16.00	16
5083	16.00	16
5085	16.00	16
5087	16.00	16
5089	16.00	16
5091	16.00	16
5093	16.00	16
5095	16.00	16
5097	16.00	16
5099	16.00	16
5101	16.00	16
5103	16.00	16
5105	16.00	16
5107	16.00	16
5109	16.00	16
5111	16.00	16
5113	16.00	16
5115	16.00	16
5117	16.00	16
5119	16.00	16
5121	16.00	16
5123	16.00	16
5125	16.00	16
5127	16.00	16
5129	16.00	16
5131	16.00	16
5133	16.00	16
5135	16.00	16
5137	16.00	16
5139	16.00	16
5141	16.00	16
5143	16.00	16
5145	16.00	16
5147	16.00	16
5149	16.00	16
5151	16.00	16
5153	16.00	16
5155	16.00	16
5157	16.00	16
5159	16.00	16
5161	16.00	16
5163	16.00	16
5165	16.00	16
5167	16.00	16
5169	16.00	16
5171	16.00	16
5173	16.00	16
5175	16.00	16
5177	16.00	16
5179	16.00	16
5181	16.00	16
5183	16.00	16
5185	16.00	16
5187	16.00	16
5189	16.00	16
5191	16.00	16
5193	16.00	16
5195	16.00	16
5197	16.00	16
5199	16.00	16
5201	16.00	16
5203	16.00	16
5205	16.00	16
5207	16.00	16
5209	16.00	16
5211	16.00	16
5213	16.00	16
5215	16.00	16
5217	16.00	16
5219	16.00	16
5221	16.00	16
5223	16.00	16
5225	16.00	16
5227	16.00	16
5229	16.00	16
5231	16.00	16
5233	16.00	16
5235	16.00	16
5237	16.00	16
5239	16.00	16
5241	16.00	16
5243	16.00	16
5245	16.00	16
5247	16.00	16
5249	16.00	16
5251	16.00	16
5253	16.00	16
5255	16.00	16
5257	16.00	16
5259	16.00	16
5261	16.00	16
5263	16.00	16
5265	16.00	16
5267	16.00	16
5269	16.00	16
5271	16.00	16
5273	16.00	16
5275	16.00	16
5277	16.00	16
5279	16.00	16
5281	16.00	16
5283	16.00	16
5285	16.00	16
5287	16.00	16
5289	16.00	16
5291	16.00	16
5293	16.00	16
5295	16.00	16
5297	16.00	16
5299	16.00	16
5301	16.00	16
5303	16.00	16
5305	16.00	16
5307	16.00	16
5309	16.00	16
5311	16.00	16
5313	16.00	16
5315	16.00	16
5317	16.00	16
5319	16.00	16
5321	16.00	16
5323	16.00	16
5325	16.00	16
5327	16.00	16
5329	16.00	16
5331	16.00	16
5333	16.00	16
5335	16.00	16
5337	16.00	16
5339	16.00	16
5341	16.00	16
5343	16.00	16
5345	16.00	16
5347	16.00	16
5349	16.00	16
5351	16.00	16
5353	16.00	16
5355	16.00	16
5357	16.00	16
5359	16.00	16
5361	16.00	16
5363	16.00	16
5365	16.00	16
5367	16.00	16
5369	16.00	16
5371	16.00	16
5373	16.00	16
5375	16.00	16
5377	16.00	16
5379	16.00	16
5381	16.00	16
5383	16.00	16
5385	16.00	16
5387	16.00	16
5389	16.00	16
5391	16.00	16
5393	16.00	16
5395	16.00	16
5397	16.00	16
5399	16.00	16
5401	16.00	16
5403	16.00	16
5405	16.00	16
5407	16.00	16
5409	16.00	16
5411	16.00	16
5413	16.00	16
5415	16.00	16
5417	16.00	16
5419	16.00	16
5421	16.00	16
5423	16.00	16
5425	16.00	16
5427	16.00	16
5429	16.00	16
5431	16.00	16
5433	16.00	16
5435	16.00	16
5437	16.00	16
5439	16.00	16
5441	16.00	16
5443	16.00	16
5445	16.00	16
5447	16.00	16
5449	16.00	16
5451	16.00	16
5453	16.00	16
5455	16.00	16
5457	16.00	16
5459	16.00	16
5461	16.00	16
5463	16.00	16
5465	16.00	16
5467	16.00	16
5469	16.00	16
5471	16.00	16
5473	16.00	16
5475	16.00	16
5477	16.00	16
5479	16.00	16
5481	16.00	16
5483	16.00	16
5485	16.00	16
5487	16.00	16
5489	16.00	16
5491	16.00	16
5493	16.00	16
5495	16.00	16
5497	16.00	16
5499	16.00	16
5501	16.00	16
5503	16.00	16
5505	16.00	16
5507	16.00	16
5509	16.00	16
5511	16.00	16
5513	16.00	16
5515	16.00	16
5517	16.00	16
5519	16.00	16
5521	16.00	16
5523	16.00	16
5525	16.00	16
5527	16.00	16
5529	16.00	16
5531	16.00	16
5533	16.00	16
5535	16.00	16
5537	16.00	16
5539	16.00	16
5541	16.00	16
5543	16.00	16
5545	16.00	16
5547	16.00	16
5549	16.00	16
5551	16.00	16
5553	16.00	16
5555	16.00	16
5557	16.00	16
5559	16.00	16
5561	16.00	16
5563	16.00	16
5565	16.00	16
5567	16.00	16
5569	16.00	16
5571	16.00	16
5573	16.00	16
5575	16.00	16
5577	16.00	16
5579	16.00	16
5581	16.00	16
5583	16.00	16
5585	16.00	16
5587	16.00	16
5589	16.00	16
5591	16.00	16
5593	16.00	16
5595	16.00	16
5597	16.00	16
5599	16.00	16
5601	16.00	16
5603	16.00	16
5605	16.00	16
5607	16.00	16
5609	16.00	16
5611	16.00	16
5613	16.00	16
5615	16.00	16
5617	16.00	16
5619	16.00	16
5621	16.00	16
5623	16.00	16
5625	16.00	16
5627	16.00	16
5629	16.00	16
5631	16.00	16
5633	16.00	16
5635	16.00	16
5637	16.00	16
5639	16.00	16
5641	16.00	16
5643	16.00	16
5645	16.00	16
5647	16.00	16
5649	16.00	16
5651	16.00	16
5653	16.00	16
5655	16.00	16
5657	16.00	16
5659	16.00	16
5661	16.00	16
5663	16.00	16
5665	16.00	16
5667	16.00	16
5669	16.00	16
5671	16.00	16
5673	16.00	16
5675	16.00	16
5677	16.00	16
5679	16.00	16
5681	16.00	16
5683	16.00	16
5685	16.00	16
5687	16.00	16
5689	16.00	16
5691	16.00	16
5693	16.00	16
5695	16.00	16
5697	16.00	16
5699	16.00	16
5701	16.00	16
5703	16.00	16
5705	16.00	16
5707	16.00	16
5709	16.00	16
5711	16.00	16
5713	16.00	16
5715	16.00	16
5717	16.00	16
5719	16.00	16
5721	16.00	16
5723	16.00	16
5725	16.00	16
5727	16.00	16
5729	16.00	16
5731	16.00	16
5733	16.00	16
5735	16.00	16
5737	16.00	16
5739	16.00	16
5741	16.00	16
5743	16.00	16
5745	16.00	16
5747	16.00	16
5749	16.00	16
5751	16.00	16
5753	16.00	16
5755	16.00	16
5757	16.00	16
5759	16.00	16
5761	16.00	16
5763	16.00	16
5765	16.00	16
5767	16.00	16
5769	16.00	16
5771	16.00	16
5773	16.00	16
5775	16.00	16
5777	16.00	16
5779	16.00	16
5781	16.00	16
5783	16.00	16
5785	16.00	16
5787	16.00	16
5789	16.00	16
5791	16.00	16
5793	16.00	16
5795	16.00	16
5797	16.00	16
5799	16.00	16
5801	16.00	16
5803	16.00	16
5805	16.00	16
5807	16.00	16
5809	16.00	16
5811	16.00	16
5813	16.00	16
5815	16.00	16
5817	16.00	16
5819	16.00	16
5821	16.00	16
5823	16.00	16
5825	16.00	16
5827	16.00	16
5829	16.00	16
5831	16.00	16
5833	16.00	16
5835	16.00	16
5837	16.00	16
5839	16.00	16
5841	16.00	16
5843	16.00	16
5845	16.00	16
5847	16.00	16
5849	16.00	16
5851	16.00	16
5853	16.00	16
5855	16.00	16
5857	16.00	16
5859	16.00	16
5861	16.00	16
5863	16.00	16
5865	16.00	16
5867	16.00	16
5869	16.00	16
5871	16.00	16
5873	16.00	16
5875	16.00	16
5877	16.00	16
5879	16.00	16
5881	16.00	16
5883	16.00	16
5885	16.00	16
5887	16.00	16
5889	16.00	16
5891	16.00	16
5893	16.00	16
5895	16.00	16
5897	16.00	16
5899	16.00	16
5901	16.00	16
5903	16.00	16
5905	16.00	16
5907	16.00	16
5909	16.00	16
5911	16.00	16
5913	16.00	16
5915	16.00	16
5917	16.00	16
5919	16.00	16
5921	16.00	16
5923	16.00	16
5925	16.00	16
5927	16.00	16
5929	16.00	16
5931	16.00	16
5933	16.00	16
5935	16.00	16
5937	16.00	16
5939	16.00	16
5941	16.00	16
5943	16.00	16
5945	16.00	16
5947	16.00	16
5949	16.00	16
5951	16.00	16
5953	16.00	16
5955	16.00	16
5957	16.00	16
5959	16.00	16
5961	16.00	16
5963	16.00	16
5965	16.00	16
5967	16.00	16
5969	16.00	16
5971	16.00	16
5973	16.00	16
5975	16.00	16
5977	16.00	16
5979	16.00	16
5981	16.00	16
5983	16.00	16
5985	16.00	16
5987	16.00	16
5989	16.00	16
5991	16.00	16
5993	16.00	16
5995	16.00	16
5997	16.00	16
5999	16.00	16
6001	16.00	16
6003	16.00	16
6005	16.00	16
6007	16.00	16
6009	16.00	16
6011	16.00	16
6013	16.00	16
6015	16.00	16
6017	16.00	16
6019	16.00	16
6021	16.00	16
6023	16.00	16
6025	16.00	16
6027	16.00	16
6029	16.00	16
6031	16.00	16
6033	16.00	16
6035	16.00	16
6037	16.00	16
6039	16.00	16
6041	16.00	16
6043	16.00	16
6045	16.00	16
6047	16.00	16
6049	16.00	16
6051	16.00	16
6053	16.00	16
6055	16.00	16
6057	16.00	16
6059	16.00	16
6061	16.00	16
6063	16.00	16
6065	16.00	16
6067	16.00	16
6069	16.00	16
6071	16.00	16
6073	16.00	16
6075	16.00	16
6077	16.00	16
6079	16.00	16
6081	16.00	16
6083	16.00	16
6085	16.00	16
6087	16.00	16
6089	16.00	16
6091	16.00	16
6093	16.00	16
6095	16.00	16
6097	16.00	16
6099	16.00	16
6101	16.00	16
6103	16.00	16
6105	16.00	16
6107	16.00	16
6109	16.00	16
6111	16.00	16
6113	16.00	16
6115	16.00	16
6117	16.00	16
6119	16.00	16
6121	16.00	16
6123	16.00	16
6125	16.00	16
6127	16.00	16
6129	16.00	16
6131	16.00	16
6133	16.00	16
6135	16.00	16
6137	16.00	16
6139	16.00	16
6141	16.00	16
6143	16.00	16
6145	16.00	16
6147	16.00	16
6149	16.00	16
6151	16.00	16
6153	16.00	16
6155	16.00	16
6157	16.00	16
6159	16.00	16
6161	16.00	16
6163	16.00	16
6165	16.00	16
6167	16.00	16
6169	16.00	16
6171	16.00	16
6173	16.00	16
6175	16.00	16
6177	16.00	16
6179	16.00	16
6181	16.00	16
6183	16.00	16
6185	16.00	16
6187	16.00	16
6189	16.00	16
6191	16.00	16
6193	16.00	16
6195	16.00	16
6197	16.00	16
6199	16.00	16
6201	16.00	16
6203	16.00	16
6205	16.00	16
6207	16.00	16
6209	16.00	16
6211	16.00	16
6213	16.00	16
6215	16.00	16
6217	16.00	16
6219	16.00	16
6221	16.00	16
6223	16.00	16
6225	16.00	16
6227	16.00	16
6229	16.00	16
6231	16.00	16
6233	16.00	16
6235	16.00	16
6237	16.00	16
6239	16.00	16
6241	16.00	16
6243	16.00	16
6245	16.00	16
6247	16.00	16
6249	16.00	16
6251	16.00	16
6253	16.00	16
6255	16.00	16
6257	16.00	16
6259	16.00	16
6261	16.00	16
6263	16.00	16
6265	16.00	16
6267	16.00	16
6269	16.00	16
6271	16.00	16
6273	16.00	16
6275	16.00	16
6277	16.00	16
6279	16.00	16
6281	16.00	16
6283	16.00	16
6285	16.00	16
6287	16.00	16
6289	16.00	16
6291	16.00	16
6293	16.00	16
6295	16.00	16
6297	16.00	16
6299	16.00	16
6301	16.00	16
6303	16.00	16
6305	16.00	16
6307	16.00	16
6309	16.00	16
6311	16.00	16
6313	16.00	16
6315	16.00	16
6317	16.00	16
6319	16.00	16
6321	16.00	16
6323	16.00	16
6325	16.00	16
6327	16.00	16
6329	16.00	16
6331	16.00	16
6333	16.00	16
6335	16.00	16
6337	16.00	16
6339	16.00	16
6341	16.00	16
6343	16.00	16
6345	16.00	16
6347	16.00	16
6349	16.00	16
6351	16.00	16
6353	16.00	16
6355	16.00	16
6357	16.00	16
6359	16.00	16
6361	16.00	16
6363	16.00	16
6365	16.00	16
6367	16.00	16
6369	16.00	16
6371	16.00	16
6373	16.00	16
6375	16.00	16
6377	16.00	16
6379	16.00	16
6381	16.00	16
6383	16.00	16
6385	16.00	16
6387	16.00	16
6389	16.00	16
6391	16.00	16
6393	16.00	16
6395	16.00	16
6397	16.00	16
6399	16.00	16
6401	16.00	16
6403	16.00	16
6405	16.00	16
6407	16.00	16
6409	16.00	16
6411	16.00	16
6413	16.00	16
6415	16.00	16
6417	16.00	16
6419	16.00	16
6421	16.00	16
6423	16.00	16
6425	16.00	16
6427	16.00	16
6429	16.00	16
6431	16.00	16
6433	16.00	16
6435	16.00	16
6437	16.00	16
6439	16.00	16
6441	16.00	16
6443	16.00	16
6445	16.00	16
6447	16.00	16
6449	16.00	16
6451	16.00	16
6453	16.00	16
6455	16.00	16
6457	16.00	16
6459	16.00	16
6461	16.00	16
6463	16.00	16
6465	16.00	16
6467	16.00	16
6469	16.00	16
6471	16.00	16
6473	16.00	16
6475	16.00	16
6477	16.00	16
6479	16.00	16
6481	16.00	16
6483	16.00	16
6485	16.00	16
6487	16.00	16
6489	16.00	16
6491	16.00	16
6493	16.00	16
6495	16.00	16
6497	16.00	16
6499	16.00	16
6501	16.00	16
6503	16.00	16
6505	16.00	16
6507	16.00	16
6509	16.00	16
6511	16.00	16
6513	16.00	16
6515	16.00	16
6517	16.00	16
6519	16.00	16
6521	16.00	16
6523	16.00	16
6525	16.00	16
6527	16.00	16
6529	16.00	16
6531	16.00	16
6533	16.00	16
6535	16.00	16
6537	16.00	16
6539	16.00	16
6541	16.00	16
6543	16.00	16
6545	16.00	16
6547	16.00	16
6549	16.00	16
6551	16.00	16
6553	16.00	16
6555	16.00	16
6557	16.00	16
6559	16.00	16
6561	16.00	16
6563	16.00	16
6565	16.00	16
6567	16.00	16
6569	16.00	16
6571	16.00	16
6573	16.00	16
6575	16.00	16
6577	16.00	16
6579	16.00	16
6581	16.00	16
6583	16.00	16
6585	16.00	16
6587	16.00	16
6589	16.00	16
6591	16.00	16
6593	16.00	16
6595	16.00	16
6597	16.00	16
6599	16.00	16
6601	16.00	16
6603	16.00	16
6605	16.00	16
6607	16.00	16
6609	16.00	16
6611	16.00	16
6613	16.00	16
6615	16.00	16
6617	16.00	16
6619	16.00	16
6621	16.00	16
6623	16.00	16
6625	16.00	16
6627	16.00	16
6629	16.00	16
6631	16.00	16
6633	16.00	16
6635	16.00	16
6637	16.00	16
6639	16.00	16
6641	16.00	16
6643	16.00	16
6645	16.00	16
6647	16.00	16
6649	16.00	16
6651	16.00	16
6653	16.00	16
6655	16.00	16
6657	16.00	16
6659	16.00	16
6661	16.00	16
6663	16.00	16
6665	16.00	16
6667	16.00	16
6669	16.00	16
6671	16.00	16
6673	16.00	16
6675	16.00	16
6677	16.00	16
6679	16.00	16
6681	16.00	16
6683	16.00	16
6685	16.00	16
6687	16.00	16
6689	16.00	16
6691	16.00	16
6693	16.00	16
6695	16.00	16
6697	16.00	16
6699	16.00	16
6701	16.00	16
6703	16.00	16
6705	16.00	16
6707	16.00	16
6709	16.00	16
6711	16.00	16
6713	16.00	16
6715	16.00	16
6717	16.00	16
6719	16.00	16
6721	16.00	16
6723	16.00	16
6725	16.00	16
6727	16.00	16
6729	16.00	16
6731	16.00	16
6733	16.00	16
6735	16.00	16
6737	16.00	16
6739	16.00	16
6741	16.00	16
6743	16.00	16
6745	16.00	16
6747	16.00	16
6749	16.00	16
6751	16.00	16
6753	16.00	16
6755	16.00	16
6757	16.00	16
6759	16.00	16
6761	16.00	16
6763	16.00	16
6765	16.00	16
6767	16.00	16
6769	16.00	16
6771	16.00	16
6773	16.00	16
6775	16.00	16
6777	16.00	16
6779	16.00	16
6781	16.00	16
6783	16.00	16
6785	16.00	16
6787	16.00	16
6789	16.00	16
6791	16.00	16
6793	16.00	16
6795	16.00	16
6797	16.00	16
6799	16.00	16
6801	16.00	16
6803	16.00	16
6805	16.00	16
6807	16.00	16
6809	16.00	16
6811	16.00	16
6813	16.00	16
6815	16.00	16
6817	16.00	16
6819	16.00	16
6821	16.00	16
6823	16.00	16
6825	16.00	16
6827	16.00	16
6829	16.00	16
6831	16.00	16
6833	16.00	16
6835	16.00	16
6837	16.00	16
6839	16.00	16
6841	16.00	16
6843	16.00	16
6845	16.00	16
6847	16.00	16
6849	16.00	16
6851	16.00	16
6853	16.00	16
6855	16.00	16
6857	16.00	16
6859	16.00	16
6861	16.00	16
6863	16.00	16
6865	16.00	16
6867	16.00	16
6869	16.00	16
6871	16.00	16
6873	16.00	16
6875	16.00	16
6877	16.00	16
6879	16.00	16
6881	16.00	16
6883	16.00	16
6885	16.00	16
6887	16.00	16
6889	16.00	16
6891	16.00	16
6893	16.00	16
6895	16.00	16
6897	16.00	16
6899	16.00	16
6901	16.00	16
6903	16.00	16
6905	16.00	16
6907	16.00	16
6909	16.00	16
6911	16.00	16
6913	16.00	16
6915	16.00	16
6917	16.00	16
6919	16.00	16
6921	16.00	16
6923	16.00	16
6925	16.00	16
6927	16.00	16
6929	16.00	16
6931	16.00	16
6933	16.00	16
6935	16.00	16
6937	16.00	16
6939	16.00	16
6941	16.00	16
6943	16.00	16
6945	16.00	16
6947	16.00	16
6949	16.00	16
6951	16.00	16
6953	16.00	16
6955	16.00	16
6957	16.00	16
6959	16.00	16
6961	16.00	16
6963	16.00	16
6965	16.00	16
6967	16.00	16
6969	16.00	16
6971	16.00	16
6973	16.00	16
6975	16.00	16
6977	16.00	16
6979	16.00	16
6981	16.00	16
6983	16.00	16
6985	16.00	16
6987	16.00	16
6989	16.00	16
6991	16.00	16
6993	16.00	16
6995	16.00	16
6997	16.00	16
6999	16.00	16
7001	16.00	16
7003	16.00	16
7005	16.00	16
7007	16.00	16
7009	16.00	16
7011	16.00	16
7013	16.00	16
7015	16.00	16
7017	16.00	16
7019	16.00	16
7021	16.00	16
7023	16.00	16
7025	16.00	16
7027	16.00	16
7029	16.00	16
7031	16.00	16
7033	16.00	16
7035	16.00	16
7037	16.00	16
7039	16.00	16
7041	16.00	16
7043	16.00	16
7045	16.00	16
7047	16.00	16
7049	16.00	16
7051	16.00	16
7053	16.00	16
7055	16.00	16
7057	16.00	16
7059	16.00	16
7061	16.00	16
7063	16.00	16
7065	16.00	16
7067	16.00	16
7069	16.00	16
7071	16.00	16
7073	16.00	16
7075	16.00	16
7077	16.00	16
7079	16.00	16
7081	16.00	16
7083	16.00	16
7085	16.00	16
7087	16.00	16
7089	16.00	16
7091	16.00	16
7093	16.00	16
7095	16.00	16
7097	16.00	16
7099	16.00	16
7101	16.00	16
7103	16.00	16
7105	16.00	16
7107	16.00	16
7109	16.00	16
7111	16.00	16
7113	16.00	16
7115	16.00	16
7117	16.00	16
7119	16.00	16
7121	16.00	16
7123	16.00	16
7125	16.00	16
7127	16.00	16
7129	16.00	16
7131	16.00	16
7133	16.00	16
7135	16.00	16
7137	16.00	16
7139	16.00	16
7141	16.00	16
7143	16.00	16
7145	16.00	16
7147	16.00	16
7149	16.00	16
7151	16.00	16
7153	16.00	16
7155	16.00	16
7157	16.00	16
7159	16.00	16
7161	16.00	16
7163	16.00	16
7165	16.00	16
7167	16.00	16
7169	16.00	16
7171	16.00	16
7173	16.00	16
7175	16.00	16
7177	16.00	16
7179	16.00	16
7181	16.00	16
7183	16.00	16
7185	16.00	16
7187	16.00	16
7189	16.00	16
7191	16.00	16
7193	16.00	16
7195	16.00	16
7197	16.00	16
7199	16.00	16
7201	16.00	16
7203	16.00	16
7205	16.00	16
7207	16.00	16
7209	16.00	16
7211	16.00	16
7213	16.00	16
7215	16.00	16
7217	16.00	16
7219	16.00	16
7221	16.00	16
7223	16.00	16
7225	16.00	16
7227	16.00	16
7229	16.00	16
7231	16.00	16
7233	16.00	16
7235	16.00	16
7237	16.00	16
7239	16.00	16
7241	16.00	16
7243	16.00	16
7245	16.00	16
7247	16.00	16
7249	16.00	16
7251	16.00	16
7253	16.00	16
7255	16.00	16
7257	16.00	16
7259	16.00	16
7261	16.00	16
7263	16.00	16
7265	16.00	16
7267	16.00	16
7269	16.00	16
7271	16.00	16
7273	16.00	16
7275	16.00	16
7277	16.00	16
7279	16.00	16
7281	16.00	16
7283	16.00	16
7285	16.00	16
7287	16.00	16
7289	16.00	16
7291	16.00	16
7293	16.00	16
7295	16.00	16
7297	16.00	16
7299	16.00	16
7301	16.00	16
7303	16.00	16
7305	16.00	16
7307	16.00	16
7309	16.00	16
7311	16.00	16
7313	16.00	16
7315	16.00	16
7317	16.00	16
7319	16.00	16
7321	16.00	16
7323	16.00	16
7325	16.00	16
7327	16.00	16
7329	16.00	16
7331	16.00	16
7333	16.00	16
7335	16.00	16
7337	16.00	16
7339	16.00	16
7341	16.00	16
7343	16.00	16
7345	16.00	16
7347	16.00	16
7349	16.00	16
7351	16.00	16
7353	16.00	16
7355	16.00	16
7357	16.00	16
7359	16.00	16
7361	16.00	16
7363	16.00	16
7365	16.00	16
7367	16.00	16
7369	16.00	16
7371	16.00	16
7373	16.00	16
7375	16.00	16
7377	16.00	16
7379	16.00	16
7381	16.00	16
7383	16.00	16
7385	16.00	16
7387	16.00	16
7389	16.00	16
7391	16.00	16
7393	16.00	16
7395	16.00	16
7397	16.00	16
7399	16.00	16
7401	16.00	16
7403	16.00	16
7405	16.00	16
7407	16.00	16
7409	16.00	16
7411	16.00	16
7413	16.00	16
7415	16.00	16
7417	16.00	16
7419	16.00	16
7421	16.00	16
7423	16.00	16
7425	16.00	16
7427	16.00	16
7429	16.00	16
7431	16.00	16
7433	16.00	16
7435	16.00	16
7437	16.00	16
7439	16.00	16
7441	16.00	16
7443	16.00	16
7445	16.00	16
7447	16.00	16
7449	16.00	16
7451	16.00	16
7453	16.00	16
7455	16.00	16
7457	16.00	16
7459	16.00	16
7461	16.00	16
7463	16.00	16
7465	16.00	16
7467	16.00	16
7469	16.00	16
7471	16.00	16
7473	16.00	16
7475	16.00	16
7477	16.00	16
7479	16.00	16
7481	16.00	16
7483	16.00	16
7485	16.00	16
7487	16.00	16
7489	16.00	16
7491	16.00	16
7493	16.00	16
7495	16.00	16
7497	16.00	16
7499	16.00	16
7501	16.00	16
7503	16.00	16
7505	16.00	16
7507	16.00	16
7509	16.00	16
7511	16.00	16
7513	16.00	16
7515	16.00	16
7517	16.00	16
7519	16.00	16
7521	16.00	16
7523	16.00	16
7525	16.00	16
7527	16.00	16
7529	16.00	16
7531	16.00	16
7533	16.00	16
7535	16.00	16
7537	16.00	16
7539	16.00	16
7541	16.00	16
7543	16.00	16
7545	16.00	16
7547	16.00	16
7549	16.00	16
7551	16.00	16
7553	16.00	16
7555	16.00	16
7557	16.00	16
7559	16.00	16
7561	16.00	16
7563	16.00	16
7565	16.00	16
7567	16.00	16
7569	16.00	16
7571	16.00	16
7573	16.00	16
7575	16.00	16
7577	16.00	16
7579	16.00	16
7581	16.00	16
7583	16.00	16
7585	16.00	16
7587	16.00	16
7589	16.00	16
7591	16.00	16
7593	16.00	16
7595	16.00	16
7597	16.00	16
7599	16.00	16
7601	16.00	16
7603	16.00	16
7605	16.00	16
7607	16.00	16
7609	16.00	16
7611	16.00	16
7613	16.00	16
7615	16.00	16
7617	16.00	16
7619	16.00	16
7621	16.00	16
7623	16.00	16
7625	16.00	16
7627	16.00	16
7629	16.00	16
7631	16.00	16
7633	16.00	16
7635	16.00	16
7637	16.00	16
7639	16.00	16
7641	16.00	16
7643	16.00	16
7645	16.00	16
7647	16.00	16
7649	16.00	16
7651	16.00	16
7653	16.00	16
7655	16.00	16
7657	16.00	16
7659	16.00	16
7661	16.00	16
7663	16.00	16
7665	16.00	16
7667	16.00	16
7669	16.00	16
7671	16.00	16
7673	16.00	16
7675	16.00	16
7677	16.00	16
7679	16.00	16
7681	16.00	16
7683	16.00	16
7685	16.00	16
7687	16.00	16
7689	16.00	16
7691	16.00	16
7693	16.00	16
7695	16.00	16
7697	16.00	16
7699	16.00	16
7701	16.00	16
7703	16.00	16
7705	16.00	16
7707	16.00	16
7709	16.00	16
7711	16.00	16
7713	16.00	16
7715	16.00	16
7717	16.00	16
7719	16.00	16
7721	16.00	16
7723	16.00	16
7725	16.00	16
7727	16.00	16
7729	16.00	16
7731	16.00	16
7733	16.00	16
7735	16.00	16
7737	16.00	16
7739	16.00	16
7741	16.00	16
7743	16.00	16
7745	16.00	16
7747	16.00	16
7749	16.00	16
7751	16.00	16
7753	16.00	16
7755	16.00	16
7757	16.00	16
7759	16.00	16
7761	16.00	16
7763	16.00	16
7765	16.00	16
7767	16.00	16
7769	16.00	16
7771	16.00	16
7773	16.00	16
7775	16.00	16
7777	16.00	16
7779	16.00	16
7781	16.00	16
7783	16.00	16
7785	16.00	16
7787	16.00	16
7789	16.00	16
7791	16.00	16
7793	16.00	16
7795	16.00	16
7797	16.00	16
7799	16.00	16
7801	16.00	16
7803	16.00	16
7805	16.00	16
7807	16.00	16
7809	16.00	16
7811	16.00	16
7813	16.00	16
7815	16.00	16
7817	16.00	16
7819	16.00	16
7821	16.00	16
7823	16.00	16
7825	16.00	16
7827	16.00	16
7829	16.00	16
7831	16.00	16
7833	16.00	16
7835	16.00	16
7837	16.00	16
7839	16.00	16
7841	16.00	16
7843	16.00	16
7845	16.00	16
7847	16.00	16
7849	16.00	16
7851	16.00	16
7853	16.00	16
7855	16.00	16
7857	16.00	16
7859	16.00	16
7861	16.00	16
7863	16.00	16
7865	16.00	16
7867	16.00	16
7869	16.00	16
7871	16.00	16
7873	16.00	16
7875	16.00	16
7877	16.00	16
7879	16.00	16
7881	16.00	16
7883	16.00	16
7885	16.00	16
7887	16.00	16
7889	16.00	16
7891	16.00	16
7893	16.00	16
7895	16.00	16
7897	16.00	16
7899	16.00	16
7901	16.00	16
7903	16.00	16
7905	16.00	16
7907	16.00	16
7909	16.00	16
7911	16.00	16
7913	16.00	16
7915	16.00	16
7917	16.00	16
7919	16.00	16
7921	16.00	16
7923	16.00	16
7925	16.00	16
7927	16.00	16
7929	16.00	16
7931	16.00	16
7933	16.00	16
7935	16.00	16
7937	16.00	16
7939	16.00	16
7941	16.00	16
7943	16.00	16
7945	16.00	16
7947	16.00	16
7949	16.00	16
7951	16.00	16
7953	16.00	16
7955	16.00	16
7957	16.00	16
7959	16.00	16
7961	16.00	16
7963	16.00	16
7965	16.00	16
7967	16.00	16
7969	16.00	16
7971	16.00	16
7973	16.00	16
7975	16.00	16
7977	16.00	16
7979	16.00	16
7981	16.00	16
7983	16.00	16
7985	16.00	16
7987	16.00	16
7989	16.00	16
7991	16.00	16
7993	16.00	16
7995	16.00	16
7997	16.00	16
7999	16.00	16
8001	16.00	16
8003	16.00	16
8005	16.00	16
8007	16.00	16
8009	16.00	16
8011	16.00	16
8013	16.00	16
8015	16.00	16
8017	16.00	16
8019	16.00	16
8021	16.00	16
8023	16.00	16
8025	16.00	16
8027	16.00	16
8029	16.00	16
8031	16.00	16
8033	16.00	16
8035	16.00	16
8037	16.00	16
8039	16.00	16
8041	16.00	16
8043	16.00	16
8045	16.00	16
8047	16.00	16
8049	16.00	16
8051	16.00	16
8053	16.00	16
8055	16.00	16
8057	16.00	16
8059	16.00	16
8061	16.00	16
8063	16.00	16
8065	16.00	16
8067	16.00	16
8069	16.00	16
8071	16.00	16
8073	16.00	16
8075	16.00	16
8077	16.00	16
8079	16.00	16
8081	16.00	16
8083	16.00	16
8085	16.00	16
8087	16.00	16
8089	16.00	16
8091	16.00	16
8093	16.00	16
8095	16.00	16
8097	16.00	16
8099	16.00	16
8101	16.00	16
8103	16.00	16
8105	16.00	16
8107	16.00	16
8109	16.00	16
8111	16.00	16
8113	16.00	16
8115	16.00	16
8117	16.00	16
8119	16.00	16
8121	16.00	16
8123	16.00	16
8125	16.00	16
8127	16.00	16
8129	16.00	16
8131	16.00	16
8133	16.00	16
8135	16.00	16
8137	16.00	16
8139	16.00	16
8141	16.00	16
8143	16.00	16
8145	16.00	16
8147	16.00	16
8149	16.00	16
8151	16.00	16
8153	16.00	16
8155	16.00	16
8157	16.00	16
8159	16.00	16
8161	16.00	16
8163	16.00	16
8165	16.00	16
8167	16.00	16
8169	16.00	16
8171	16.00	16
8173	16.00	16
8175	16.00	16
8177	16.00	16
8179	16.00	16
8181	16.00	16
8183	16.00	16
8185	16.00	16
8187	16.00	16
8189	16.00	16
8191	16.00	16
8193	16.00	16
8195	16.00	16
8197	16.00	16
8199	16.00	16
8201	16.00	16
8203	16.00	16
8205	16.00	16
8207	16.00	16
8209	16.00	16
8211	16.00	16
8213	16.00	16
8215	16.00	16
8217	16.00	16
8219	16.00	16
8221	16.00	16
8223	16.00	16
8225	16.00	16
8227	16.00	16
8229	16.00	16
8231	16.00	16
8233	16.00	16
8235	16.00	16
8237	16.00	16
8239	16.00	16
8241	16.00	16
8243	16.00	16
8245	16.00	16
8247	16.00	16
8249	16.00	16
8251	16.00	16
8253	16.00	16
8255	16.00	16
8257	16.00	16
8259	16.00	16
8261	16.00	16
8263	16.00	16
8265	16.00	16
8267	16.00	16
8269	16.00	16
8271	16.00	16
8273	16.00	16
8275	16.00	16
8277	16.00	16
8279	16.00	16
8281	16.00	16
8283	16.00	16
8285	16.00	16
8287	16.00	16
8289	16.00	16
8291	16.00	16
8293	16.00	16
8295	16.00	16
8297	16.00	16
8299	16.00	16
8301	16.00	16
8303	16.00	16
8305	16.00	16
8307	16.00	16
8309	16.00	16
8311	16.00	16
8313	16.00	16
8315	16.00	16
8317	16.00	16
8319	16.00	16
8321	16.00	16
8323	16.00	16
8325	16.00	16
8327	16.00	16
8329	16.00	16
8331	16.00	16
8333	16.00	16
8335	16.00	16
8337	16.00	16
8339	16.00	16
8341	16.00	16
8343	16.00	16
8345	16.00	16
8347	16.00	16
8349	16.00	16
8351	16.00	16
8353	16.00	16
8355	16.00	16
8357	16.00	16
8359	16.00	16
8361	16.00	16
8363	16.00	16
8365	16.00	16
8367	16.00	16
8369	16.00	16
8371	16.00	16
8373	16.00	16
8375	16.00	16
8377	16.00	16
8379	16.00	16
8381	16.00	16
8383	16.00	16
8385	16.00	16
8387	16.00	16
8389	16.00	16
8391	16.00	16
8393	16.00	16
8395	16.00	16
8397	16.00	16
8399	16.00	16
8401	16.00	16
8403	16.00	16
8405	16.00	16
8407	16.00	16
8409	16.00	16
8411	16.00	16
8413	16.00	16
8415	16.00	16
8417	16.00	16
8419	16.00	16
8421	16.00	16
8423	16.00	16
8425	16.00	16
8427	16.00	16
8429	16.00	16
8431	16.00	16
8433	16.00	16
8435	16.00	16
8437	16.00	16
8439	16.00	16
8441	16.00	16
8443	16.00	16
8445	16.00	16
8447	16.00	16
8449	16.00	16
8451	16.00	16
8453	16.00	16
8455	16.00	16
8457	16.00	16
8459	16.00	16
8461	16.00	16
8463	16.00	16
8465	16.00	16
8467	16.00	16
8469	16.00	16
8471	16.00	16
8473	16.00	16
8475	16.00	16
8477	16.00	16
8479	16.00	16
8481	16.00	16
8483	16.00	16
8485	16.00	16
8487	16.00	16
8489	16.00	16
8491	16.00	16
8493	16.00	16
8495	16.00	16
8497	16.00	16
8499	16.00	16
8501	16.00	16
8503	16.00	16
8505	16.00	16
8507	16.00	16
8509	16.00	16
8511	16.00	16
8513	16.00	16
8515	16.00	16
8517	16.00	16
8519	16.00	16
8521	16.00	16
8523	16.00	16
8525	16.00	16
8527	16.00	16
8529	16.00	16
8531	16.00	16
8533	16.00	16
8535	16.00	16
8537	16.00	16
8539	16.00	16
8541	16.00	16
8543	16.00	16
8545	16.00	16
8547	16.00	16
8549	16.00	16
8551	16.00	16
8553	16.00	16
8555	16.00	16
8557	16.00	16
8559	16.00	16
8561	16.00	16
8563	16.00	16
8565	16.00	16
8567	16.00	16
8569	16.00	16
8571	16.00	16
8573	16.00	16
8575	16.00	16
8577	16.00	16
8579	16.00	16
8581	16.00	16
8583	16.00	16
8585	16.00	16
8587	16.00	16
8589	16.00	16
8591	16.00	16
8593	16.00	16
8595	16.00	16
8597	16.00	16
8599	16.00	16
8601	16.00	16
8603	16.00	16
8605	16.00	16
8607	16.00	16
8609	16.00	16
8611	16.00	16
8613	16.00	16
8615	16.00	16
8617	16.00	16
8619	16.00	16
8621	16.00	16
8623	16.00	16
8625	16.00	16
8627	16.00	16
8629	16.00	16
8631	16.00	16
8633	16.00	16
8635	16.00	16
8637	16.00	16
8639	16.00	16
8641	16.00	16
8643	16.00	16
8645	16.00	16
8647	16.00	16
8649	16.00	16
8651	16.00	16
8653	16.00	16
8655	16.00	16
8657	16.00	16
8659	16.00	16
8661	16.00	16
8663	16.00	16
8665	16.00	16
8667	16.00	16
8669	16.00	16
8671	16.00	16
8673	16.00	16
8675	16.00	16
8677	16.00	16
8679	16.00	16
8681	16.00	16
8683	16.00	16
8685	16.00	16
8687	16.00	16
8689	16.00	16
8691	16.00	16
8693	16.00	16
8695	16.00	16
8697	16.00	16
8699	16.00	16
8701	16.00	16
8703	16.00	16
8705	16.00	16
8707	16.00	16
8709	16.00	16
8711	16.00	16
8713	16.00	16
8715	16.00	16
8717	16.00	16
8719	16.00	16
8721	16.00	16
8723	16.00	16
8725	16.00	16
8727	16.00	16
8729	16.00	16
8731	16.00	16
8733	16.00	16
8735	16.00	16
8737	16.00	16
8739	16.00	16
8741	16.00	16
8743	16.00	16
8745	16.00	16
8747	16.00	16
8749	16.00	16
8751	16.00	16
8753	16.00	16
8755	16.00	16
8757	16.00	16
8759	16.00	16
8761	16.00	16
8763	16.00	16
8765	16.00	16
8767	16.00	16
8769	16.00	16
8771	16.00	16
8773	16.00	16
8775	16.00	16
8777	16.00	16
8779	16.00	16
8781	16.00	16
8783	16.00	16
8785	16.00	16
8787	16.00	16
8789	16.00	16
8791	16.00	16
8793	16.00	16
8795	16.00	16
8797	16.00	16
8799	16.00	16
8801	16.00	16
8803	16.00	16
8805	16.00	16
8807	16.00	16
8809	16.00	16
8811	16.00	16
8813	16.00	16
8815	16.00	16
8817	16.00	16
8819	16.00	16
8821	16.00	16
8823	16.00	16
8825	16.00	16
8827	16.00	16
8829	16.00	16
8831	16.00	16
8833	16.00	16
8835	16.00	16
8837	16.00	16
8839	16.00	16
8841	16.00	16
8843	16.00	16
8845	16.00	16
8847	16.00	16
8849	16.00	16
8851	16.00	16
8853	16.00	16
8855	16.00	16
8857	16.00	16
8859	16.00	16
8861	16.00	16
8863	16.00	16
8865	16.00	16
8867	16.00	16
8869	16.00	16
8871	16.00	16
8873	16.00	16
8875	16.00	16
8877	16.00	16
8879	16.00	16
8881	16.00	16
8883	16.00	16
8885	16.00	16
8887	16.00	16
8889	16.00	16
8891	16.00	16
8893	16.00	16
8895	16.00	16
8897	16.00	16
8899	16.00	16
8901	16.00	16
8903	16.00	16
8905	16.00	16
8907	16.00	16
8909	16.00	16
8911	16.00	16
8913	16.00	16
8915	16.00	16
8917	16.00	16
8919	16.00	16
8921	16.00	16
8923	16.00	16
8925	16.00	16
8927	16.00	16
8929	16.00	16
8931	16.00	16
8933	16.00	16
8935	16.00	16
8937	16.00	16
8939	16.00	16
8941	16.00	16
8943	16.00	16
8945	16.00	16
8947	16.00	16
8949	16.00	16
8951	16.00	16
8953	16.00	16
8955	16.00	16
8957	16.00	16
8959	16.00	16
8961	16.00	16
8963	16.00	16
8965	16.00	16
8967	16.00	16
8969	16.00	16
8971	16.00	16
8973	16.00	16
8975	16.00	16
8977	16.00	16
8979	16.00	16
8981	16.00	16
8983	16.00	16
8985	16.00	16
8987	16.00	16
8989	16.00	16
8991	16.00	16
8993	16.00	16
8995	16.00	16
8997	16.00	16
8999	16.00	16
9001	16.00	16
9003	16.00	16
9005	16.00	16
9007	16.00	16
9009	16.00	16
9011	16.00	16
9013	16.00	16
9015	16.00	16
9017	16.00	16
9019	16.00	16
9021	16.00	16
9023	16.00	16
9025	16.00	16
9027	16.00	16
9029	16.00	16
9031	16.00	16
9033	16.00	16
9035	16.00	16
9037	16.00	16
9039	16.00	16
9041	16.00	16
9043	16.00	16
9045	16.00	16
9047	16.00	16
9049	16.00	16
9051	16.00	16
9053	16.00	16
9055	16.00	16
9057	16.00	16
9059	16.00	16
9061	16.00	16
9063	16.00	16
9065	16.00	16
9067	16.00	16
9069	16.00	16
9071	16.00	16
9073	16.00	16
9075	16.00	16
9077	16.00	16
9079	16.00	16
9081	16.00	16
9083	16.00	16
9085	16.00	16
9087	16.00	16
9089	16.00	16
9091	16.00	16
9093	16.00	16
9095	16.00	16
9097	16.00	16
9099	16.00	16
9101	16.00	16
9103	16.00	16
9105	16.00	16
9107	16.00	16
9109	16.00	16
9111	16.00	16
9113	16.00	16
9115	16.00	16
9117	16.00	16
9119	16.00	16
9121	16.00	16
9123	16.00	16
9125	16.00	16
9127	16.00	16
9129	16.00	16
9131	16.00	16
9133	16.00	16
9135	16.00	16
9137	16.00	16
9139	16.00	16
9141	16.00	16
9143	16.00	16
9145	16.00	16
9147	16.00	16
9149	16.00	16
9151	16.00	16
9153	16.00	16
9155	16.00	16
9157	16.00	16
9159	16.00	16
9161	16.00	16
9163	16.00	16
9165	16.00	16
9167	16.00	16
9169	16.00	16
9171	16.00	16
9173	16.00	16
9175	16.00	16
9177	16.00	16
9179	16.00	16
9181	16.00	16
9183	16.00	16
9185	16.00	16
9187	16.00	16
9189	16.00	16
9191	16.00	16
9193	16.00	16
9195	16.00	16
9197	16.00	16
9199	16.00	16
9201	16.00	16
9203	16.00	16
9205	16.00	16
9207	16.00	16
9209	16.00	16
9211	16.00	16
9213	16.00	16
9215	16.00	16
9217	16.00	16
9219	16.00	16
9221	16.00	16
9223	16.00	16
9225	16.00	16
9227	16.00	16
9229	16.00	16
9231	16.00	16
9233	16.00	16
9235	16.00	16
9237	16.00	16
9239	16.00	16
9241	16.00	16
9243	16.00	16
9245	16.00	16
9247	16.00	16
9249	16.00	16
9251	16.00	16
9253	16.00	16
9255	16.00	16
9257	16.00	16
9259	16.00	16
9261	16.00	16
9263	16.00	16
9265	16.00	16
9267	16.00	16
9269	16.00	16
9271	16.00	16
9273	16.00	16
9275	16.00	16
9277	16.00	16
9279	16.00	16
9281	16.00	16
9283	16.00	16
9285	16.00	16
9287	16.00	16
9289	16.00	16
9291	16.00	16
9293	16.00	16
9295	16.00	16
9297	16.00	16
9299	16.00	16
9301	16.00	16
9303	16.00	16
9305	16.00	16
9307	16.00	16
9309	16.00	16
9311	16.00	16
9313	16.00	16
9315	16.00	16
9317	16.00	16
9319	16.00	16
9321	16.00	16
9323	16.00	16
9325	16.00	16
9327	16.00	16
9329	16.00	16
9331	16.00	16
9333	16.00	16
9335	16.00	16
9337	16.00	16
9339	16.00	16
9341	16.00	16
9343	16.00	16
9345	16.00	16
9347	16.00	16
9349	16.00	16
9351	16.00	16
9353	16.00	16
9355	16.00	16
9357	16.00	16
9359	16.00	16
9361	16.00	16
9363	16.00	16
9365	16.00	16
9367	16.00	16
9369	16.00	16
9371	16.00	16
9373	16.00	16
9375	16.00	16
9377	16.00	16
9379	16.00	16
9381	16.00	16
9383	16.00	16
9385	16.00	16
9387	16.00	16
9389	16.00	16
9391	16.00	16
9393	16.00	16
9395	16.00	16
9397	16.00	16
9399	16.00	16
9401	16.00	16
9403	16.00	16
9405	16.00	16
9407	16.00	16
9409	16.00	16
9411	16.00	16
9413	16.00	16
9415	16.00	16
9417	16.00	16
9419	16.00	16
9421	16.00	16
9423	16.00	16
9425	16.00	16
9427	16.00	16
9429	16.00	16
9431	16.00	16
9433	16.00	16
9435	16.00	16
9437	16.00	16
9439	16.00	16
9441	16.00	16
9443	16.00	16
9445	16.00	16
9447	16.00	16
9449	16.00	16
9451	16.00	16
9453	16.00	16
9455	16.00	16
9457	16.00	16
9459	16.00	16
9461	16.00	16
9463	16.00	16
9465	16.00	16
9467	16.00	16
9469	16.00	16
9471	16.00	16
9473	16.00	16
9475	16.00	16
9477	16.00	16
9479	16.00	16
9481	16.00	16
9483	16.00	16
9485	16.00	16
9487	16.00	16
9489	16.00	16
9491	16.00	16
9493	16.00	16
9495	16.00	16
9497	16.00	16
9499	16.00	16
9501	16.00	16
9503	16.00	16
9505	16.00	16
9507	16.00	16
9509	16.00	16
9511	16.00	16
9513	16.00	16
9515	16.00	16
9517	16.00	16
9519	16.00	16
9521	16.00	16
9523	16.00	16
9525	16.00	16
9527	16.00	16
9529	16.00	16
9531	16.00	16
9533	16.00	16
9535	16.00	16
9537	16.00	16
9539	16.00	16
9541	16.00	16
9543	16.00	16
9545	16.00	16
9547	16.00	16
9549	16.00	16
9551	16.00	16
9553	16.00	16
9555	16.00	16
9557	16.00	16
9559	16.00	16
9561	16.00	16
9563	16.00	16
9565	16.00	16
9567	16.00	16
9569	16.00	16
9571	16.00	16
9573	16.00	16
9575	16.00	16
9577	16.00	16
9579	16.00	16
9581	16.00	16
9583	16.00	16
9585	16.00	16
9587	16.00	16
9589	16.00	16
9591	16.00	16
9593	16.00	16
9595	16.00	16
9597	16.00	16
9599	16.00	16
9601	16.00	16
9603	16.00	16
9605	16.00	16
9607	16.00	16
9609	16.00	16
9611	16.00	16
9613	16.00	16
9615	16.00	16
9617	16.00	16
9619	16.00	16
9621	16.00	16
9623	16.00	16
9625	16.00	16
9627	16.00	16
9629	16.00	16
9631	16.00	16
9633	16.00	16
9635	16.00	16
9637	16.00	16
9639	16.00	16
9641	16.00	16
9643	16.00	16
9645	16.00	16
9647	16.00	16
9649	16.00	16
9651	16.00	16
9653	16.00	16
9655	16.00	16
9657	16.00	16
9659	16.00	16
9661	16.00	16
9663	16.00	16
9665	16.00	16
9667	16.00	16
9669	16.00	16
9671	16.00	16
9673	16.00	16
9675	16.00	16
9677	16.00	16
9679	16.00	16
9681	16.00	16
9683	16.00	16
9685	16.00	16
9687	16.00	16
9689	16.00	16
9691	16.00	16
9693	16.00	16
9695	16.00	16
9697	16.00	16
9699	16.00	16
9701	16.00	16
9703	16.00	16
9705	16.00	16
9707	16.00	16
9709	16.00	16
9711	16.00	16
9713	16.00	16
9715	16.00	16
9717	16.00	16
9719	16.00	16
9721	16.00	16
9723	16.00	16
9725	16.00	16
9727	16.00	16
9729	16.00	16
9731	16.00	16
9733	16.00	16
9735	16.00	16
9737	16.00	16
9739	16.00	16
9741	16.00	16
9743	16.00	16
9745	16.00	16
9747	16.00	16
9749	16.00	16
9751	16.00	16
9753	16.00	16
9755	16.00	16
9757	16.00	16
9759	16.00	16
9761	16.00	16
9763	16.00	16
9765	16.00	16
9767	16.00	16
9769	16.00	16
9771	16.00	16
9773	16.00	16
9775	16.00	16
9777	16.00	16
9779	16.00	16
9781	16.00	16
9783	16.00	16
9785	16.00	16
9787	16.00	16
9789	16.00	16
9791	16.00	16
9793	16.00	16
9795	16.00	16
9797	16.00	16
9799	16.00	16
9801	16.00	16
9803	16.00	16
9805	16.00	16
9807	16.00	16
9809	16.00	16
9811	16.00	16
9813	16.00	16
9815	16.00	16
9817	16.00	16
9819	16.00	16
9821	16.00	16
9823	16.00	16
9825	16.00	16
9827	16.00	16
9829	16.00	16
9831	16.00	16
9833	16.00	16
9835	16.00	16
9837	16.00	16
9839	16.00	16
9841	16.00	16
9843	16.00	16
9845	16.00	16
9847	16.00	16
9849	16.00	16
9851	16.00	16
9853	16.00	16
9855	16.00	16
9857	16.00	16
9859	16.00	16
9861	16.00	16
9863	16.00	16
9865	16.00	16
9867	16.00	16
9869	16.00	16
9871	16.00	16
9873	16.00	16
9875	16.00	16
9877	16.00	16
9879	16.00	16
9881	16.00	16
9883	16.00	16
9885	16.00	16
9887	16.00	16
9889	16.00	16
9891	16.00	16
9893	16.00	16
9895	16.00	16
9897	16.00	16
9899	16.00	16
9901	16.00	16
9903	16.00	16
9905	16.00	16
9907	16.00	16
9909	16.00	16
9911	16.00	16
9913	16.00	16
9915	16.00	16
9917	16.00	16
9919	16.00	16
9921	16.00	16
9923	16.00	16
9925	16.00	16
9927	16.00	16
9929	16.00	16
9931	16.00	16
9933	16.00	16
9935	16.00	16
9937	16.00	16
9939	16.00	16
9941	16.00	16
9943	16.00	16
9945	16.00	16
9947	16.00	16
9949	16.00	16
9951	16.00	16
9953	16.00	16
9955	16.00	16
9957	16.00	16
9959	16.00	16
9961	16.00	16
9963	16.00	16
9965	16.00	16
9967	16.00	16
9969	16.00	16
9971	16.00	16
9973	16.00	16
9975	16.00	16
9977	16.00	16
9979	16.00	16
9981	16.00	16
9983	16.00	16
9985	16.00	16
9987	16.00	16
9989	16.00	16
9991	16.00	16
9993	16.00	16
9995	16.00	16
9997	16.00	16
9999	16.00	16
Run 7
5	-19.60	4
7	-5.20	4
9	-5.20	4
11	-1.20	6
13	-1.20	6
15	3.60	14
17	6.00	14
19	6.00	14
21	6.00	14
23	8.00	14
25	8.00	14
27	8.40	14
29	8.40	14
31	8.40	14
33	8.40	14
35	8.80	14
37	8.80	14
39	8.80	14
41	8.80	14
43	8.80	14
45	8.80	14
47	9.60	14
49	9.60	14
51	9.60	14
53	9.60	14
55	9.60	14
57	9.60	14
59	9.60	14
61	10.00	14
63	10.00	14
65	10.00	14
67	10.00	14
69	10.00	14
71	11.20	14
73	11.20	14
75	12.00	14
77	12.00	14
79	12.00	14
81	12.00	14
83	12.00	14
85	12.00	14
87	12.00	14
89	12.00	14
91	12.00	14
93	12.00	14
95	12.00	14
97	12.00	14
99	12.00	14
101	12.00	14
103	12.00	14
105	12.00	14
107	12.00	14
109	12.00	14
111	12.00	14
113	12.00	14
115	12.00	14
117	12.00	14
119	12.00	14
121	12.00	14
123	12.00	14
125	12.00	14
127	12.00	14
129	12.00	14
131	12.00	14
133	12.00	14
135	12.00	14
137	12.00	14
139	12.00	14
141	12.00	14
143	12.20	14
145	12.20	14
147	12.20	14
149	12.20	14
151	12.20	14
153	12.20	14
155	12.20	14
157	12.20	14
159	12.20	14
161	12.20	14
163	12.20	14
165	12.20	14
167	12.20	14
169	12.20	14
171	12.20	14
173	12.20	14
175	12.20	14
177	12.20	14
179	12.20	14
181	12.20	14
183	12.20	14
185	12.20	14
187	12.20	14
189	12.20	14
191	12.20	14
193	12.20	14
195	12.20	14
197	12.20	14
199	12.20	14
201	12.20	14
203	12.20	14
205	12.20	14
207	12.20	14
209	12.20	14
211	12.20	14
213	12.20	14
215	12.20	14
217	12.20	14
219	12.20	14
221	12.20	14
223	12.20	14
225	12.20	14
227	12.20	14
229	12.20	14
231	12.20	14
233	12.20	14
235	12.20	14
237	12.20	14
239	12.20	14
241	12.20	14
243	12.20	14
245	12.20	14
247	12.20	14
249	12.20	14
251	12.60	14
253	12.60	14
255	12.60	14
257	12.60	14
259	12.60	14
261	12.60	14
263	12.60	14
265	12.60	14
267	12.60	14
269	12.60	14
271	12.60	14
273	12.60	14
275	12.60	14
277	12.60	14
279	12.60	14
281	12.60	14
283	12.60	14
285	12.60	14
287	12.60	14
289	12.60	14
291	12.60	14
293	12.60	14
295	12.60	14
297	12.60	14
299	12.60	14
301	12.60	14
303	12.60	14
305	12.60	14
307	12.60	14
309	12.60	14
311	12.60	14
313	12.60	14
315	12.60	14
317	12.60	14
319	12.60	14
321	12.60	14
323	12.60	14
325	12.60	14
327	12.60	14
329	12.60	14
331	12.60	14
333	12.60	14
335	12.60	14
337	12.60	14
339	12.60	14
341	12.60	14
343	12.60	14
345	12.60	14
347	12.60	14
349	12.60	14
351	12.60	14
353	12.60	14
355	12.60	14
357	12.60	14
359	12.60	14
361	12.60	14
363	12.60	14
365	12.60	14
367	12.60	14
369	12.60	14
371	12.60	14
373	12.60	14
375	12.60	14
377	12.60	14
379	12.60	14
381	12.60	14
383	12.60	14
385	12.60	14
387	12.60	14
389	12.60	14
391	12.60	14
393	12.60	14
395	12.60	14
397	12.60	14
399	12.60	14
401	12.60	14
403	12.60	14
405	12.60	14
407	12.60	14
409	12.60	14
411	12.60	14
413	12.60	14
415	12.60	14
417	12.60	14
419	12.60	14
421	12.60	14
423	12.60	14
425	12.60	14
427	12.60	14
429	12.60	14
431	12.60	14
433	12.60	14
435	12.60	14
437	12.60	14
439	12.60	14
441	12.60	14
443	12.60	14
445	12.60	14
447	12.60	14
449	12.60	14
451	12.60	14
453	12.60	14
455	12.60	14
457	12.60	14
459	12.60	14
461	12.60	14
463	12.60	14
465	12.60	14
467	12.60	14
469	12.60	14
471	12.60	14
473	12.60	14
475	12.60	14
477	12.60	14
479	12.60	14
481	12.60	14
483	12.60	14
485	12.60	14
487	12.60	14
489	12.60	14
491	12.60	14
493	12.60	14
495	12.80	14
497	12.80	14
499	12.80	14
501	12.80	14
503	12.80	14
505	12.80	14
507	12.80	14
509	12.80	14
511	12.80	14
513	12.80	14
515	12.80	14
517	12.80	14
519	12.80	14
521	12.80	14
523	12.80	14
525	12.80	14
527	12.80	14
529	12.80	14
531	12.80	14
533	12.80	14
535	12.80	14
537	12.80	14
539	12.80	14
541	12.80	14
543	12.80	14
545	12.80	14
547	12.80	14
549	12.80	14
551	12.80	14
553	12.80	14
555	12.80	14
557	12.80	14
559	12.80	14
561	12.80	14
563	12.80	14
565	12.80	14
567	12.80	14
569	12.80	14
571	12.80	14
573	12.80	14
575	12.80	14
577	12.80	14
579	12.80	14
581	12.80	14
583	12.80	14
585	12.80	14
587	12.80	14
589	12.80	14
591	12.80	14
593	12.80	14
595	12.80	14
597	12.80	14
599	12.80	14
601	12.80	14
603	12.80	14
605	12.80	14
607	12.80	14
609	12.80	14
611	12.80	14
613	12.80	14
615	12.80	14
617	12.80	14
619	12.80	14
621	12.80	14
623	12.80	14
625	12.80	14
627	12.80	14
629	12.80	14
631	12.80	14
633	12.80	14
635	12.80	14
637	12.80	14
639	12.80	14
641	12.80	14
643	12.80	14
645	12.80	14
647	12.80	14
649	12.80	14
651	12.80	14
653	12.80	14
655	12.80	14
657	12.80	14
659	12.80	14
661	12.80	14
663	12.80	14
665	12.80	14
667	12.80	14
669	12.80	14
671	12.80	14
673	12.80	14
675	12.80	14
677	12.80	14
679	12.80	14
681	12.80	14
683	12.80	14
685	12.80	14
687	12.80	14
689	12.80	14
691	12.80	14
693	12.80	14
695	12.80	14
697	12.80	14
699	12.80	14
701	12.80	14
703	12.80	14
705	12.80	14
707	12.80	14
709	12.80	14
711	12.80	14
713	12.80	14
715	12.80	14
717	12.80	14
719	12.80	14
721	12.80	14
723	12.80	14
725	12.80	14
727	12.80	14
729	12.80	14
731	12.80	14
733	12.80	14
735	12.80	14
737	12.80	14
739	13.60	16
741	13.60	16
743	13.60	16
745	13.60	16
747	13.60	16
749	13.60	16
751	13.60	16
753	13.60	16
755	13.60	16
757	13.60	16
759	13.60	16
761	13.60	16
763	13.80	16
765	13.80	16
767	13.80	16
769	13.80	16
771	13.80	16
773	13.80	16
775	13.80	16
777	13.80	16
779	13.80	16
781	13.80	16
783	13.80	16
785	13.80	16
787	13.80	16
789	13.80	16
791	13.80	16
793	13.80	16
795	13.80	16
797	13.80	16
799	13.80	16
801	13.80	16
803	13.80	16
805	13.80	16
807	13.80	16
809	13.80	16
811	13.80	16
813	13.80	16
815	13.80	16
817	13.80	16
819	13.80	16
821	13.80	16
823	13.80	16
825	13.80	16
827	13.80	16
829	13.80	16
831	13.80	16
833	13.80	16
835	13.80	16
837	13.80	16
839	13.80	16
841	13.80	16
843	13.80	16
845	13.80	16
847	13.80	16
849	13.80	16
851	13.80	16
853	13.80	16
855	13.80	16
857	13.80	16
859	13.80	16
861	13.80	16
863	13.80	16
865	13.80	16
867	13.80	16
869	13.80	16
871	13.80	16
873	13.80	16
875	13.80	16
877	13.80	16
879	13.80	16
881	13.80	16
883	13.80	16
885	13.80	16
887	13.80	16
889	13.80	16
891	13.80	16
893	13.80	16
895	13.80	16
897	13.80	16
899	13.80	16
901	13.80	16
903	13.80	16
905	13.80	16
907	13.80	16
909	13.80	16
911	13.80	16
913	13.80	16
915	13.80	16
917	13.80	16
919	13.80	16
921	13.80	16
923	13.80	16
925	13.80	16
927	13.80	16
929	14.20	16
931	14.20	16
933	14.80	16
935	14.80	16
937	14.80	16
939	14.80	16
941	14.80	16
943	14.80	16
945	14.80	16
947	14.80	16
949	14.80	16
951	14.80	16
953	14.80	16
955	14.80	16
957	15.20	16
959	15.20	16
961	15.20	16
963	15.20	16
965	15.20	16
967	15.20	16
969	15.20	16
971	15.20	16
973	15.20	16
975	15.20	16
977	15.20	16
979	15.20	16
981	15.20	16
983	15.20	16
985	15.20	16
987	15.20	16
989	15.20	16
991	15.20	16
993	15.20	16
995	15.20	16
997	15.20	16
999	15.20	16
1001	15.20	16
1003	15.20	16
1005	15.20	16
1007	15.20	16
1009	15.20	16
1011	15.20	16
1013	15.20	16
1015	15.20	16
1017	15.20	16
1019	15.20	16
1021	15.20	16
1023	15.20	16
1025	15.20	16
1027	15.20	16
1029	15.20	16
1031	15.20	16
1033	15.20	16
1035	15.20	16
1037	15.20	16
1039	15.20	16
1041	15.20	16
1043	15.20	16
1045	15.20	16
1047	15.20	16
1049	15.20	16
1051	15.20	16
1053	15.20	16
1055	15.20	16
1057	15.20	16
1059	15.20	16
1061	15.20	16
1063	15.20	16
1065	15.20	16
1067	15.20	16
1069	15.20	16
1071	15.20	16
1073	15.20	16
1075	15.20	16
1077	15.20	16
1079	15.20	16
1081	15.20	16
1083	15.20	16
1085	15.20	16
1087	15.20	16
1089	15.20	16
1091	15.20	16
1093	15.20	16
1095	15.20	16
1097	15.20	16
1099	15.20	16
1101	15.20	16
1103	15.20	16
1105	15.20	16
1107	15.20	16
1109	15.20	16
1111	15.20	16
1113	15.20	16
1115	15.20	16
1117	15.20	16
1119	15.20	16
1121	15.20	16
1123	15.20	16
1125	15.20	16
1127	15.20	16
1129	15.20	16
1131	15.20	16
1133	15.20	16
1135	15.20	16
1137	15.20	16
1139	15.20	16
1141	15.20	16
1143	15.20	16
1145	15.20	16
1147	15.20	16
1149	15.20	16
1151	15.20	16
1153	15.20	16
1155	15.20	16
1157	15.20	16
1159	15.20	16
1161	15.20	16
1163	15.20	16
1165	15.20	16
1167	15.20	16
1169	15.20	16
1171	15.20	16
1173	15.20	16
1175	15.20	16
1177	15.20	16
1179	15.20	16
1181	15.20	16
1183	15.20	16
1185	15.20	16
1187	15.20	16
1189	15.20	16
1191	15.20	16
1193	15.20	16
1195	15.20	16
1197	15.20	16
1199	15.20	16
1201	15.20	16
1203	15.20	16
1205	15.20	16
1207	15.20	16
1209	15.20	16
1211	15.20	16
1213	15.20	16
1215	15.20	16
1217	15.20	16
1219	15.20	16
1221	15.20	16
1223	15.20	16
1225	15.20	16
1227	15.20	16
1229	15.20	16
1231	15.20	16
1233	15.20	16
1235	15.20	16
1237	15.20	16
1239	15.20	16
1241	15.20	16
1243	15.20	16
1245	15.20	16
1247	15.20	16
1249	15.20	16
1251	15.60	16
1253	15.60	16
1255	15.60	16
1257	15.60	16
1259	15.60	16
1261	15.60	16
1263	15.60	16
1265	15.60	16
1267	16.00	16
1269	16.00	16
1271	16.00	16
1273	16.00	16
1275	16.00	16
1277	16.00	16
1279	16.00	16
1281	16.00	16
1283	16.00	16
1285	16.00	16
1287	16.00	16
1289	16.00	16
1291	16.00	16
1293	16.00	16
1295	16.00	16
1297	16.00	16
1299	16.00	16
1301	16.00	16
1303	16.00	16
1305	16.00	16
1307	16.00	16
1309	16.00	16
1311	16.00	16
1313	16.00	16
1315	16.00	16
1317	16.00	16
1319	16.00	16
1321	16.00	16
1323	16.00	16
1325	16.00	16
1327	16.00	16
1329	16.00	16
1331	16.00	16
1333	16.00	16
1335	16.00	16
1337	16.00	16
1339	16.00	16
1341	16.00	16
1343	16.00	16
1345	16.00	16
1347	16.00	16
1349	16.00	16
1351	16.00	16
1353	16.00	16
1355	16.00	16
1357	16.00	16
1359	16.00	16
1361	16.00	16
1363	16.00	16
1365	16.00	16
1367	16.00	16
1369	16.00	16
1371	16.00	16
1373	16.00	16
1375	16.00	16
1377	16.00	16
1379	16.00	16
1381	16.00	16
1383	16.00	16
1385	16.00	16
1387	16.00	16
1389	16.00	16
1391	16.00	16
1393	16.00	16
1395	16.00	16
1397	16.00	16
1399	16.00	16
1401	16.00	16
1403	16.00	16
1405	16.00	16
1407	16.00	16
1409	16.00	16
1411	16.00	16
1413	16.00	16
1415	16.00	16
1417	16.00	16
1419	16.00	16
1421	16.00	16
1423	16.00	16
1425	16.00	16
1427	16.00	16
1429	16.00	16
1431	16.00	16
1433	16.00	16
1435	16.00	16
1437	16.00	16
1439	16.00	16
1441	16.00	16
1443	16.00	16
1445	16.00	16
1447	16.00	16
1449	16.00	16
1451	16.00	16
1453	16.00	16
1455	16.00	16
1457	16.00	16
1459	16.00	16
1461	16.00	16
1463	16.00	16
1465	16.00	16
1467	16.00	16
1469	16.00	16
1471	16.00	16
1473	16.00	16
1475	16.00	16
1477	16.00	16
1479	16.00	16
1481	16.00	16
1483	16.00	16
1485	16.00	16
1487	16.00	16
1489	16.00	16
1491	16.00	16
1493	16.00	16
1495	16.00	16
1497	16.00	16
1499	16.00	16
1501	16.00	16
1503	16.00	16
1505	16.00	16
1507	16.00	16
1509	16.00	16
1511	16.00	16
1513	16.00	16
1515	16.00	16
1517	16.00	16
1519	16.00	16
1521	16.00	16
1523	16.00	16
1525	16.00	16
1527	16.00	16
1529	16.00	16
1531	16.00	16
1533	16.00	16
1535	16.00	16
1537	16.00	16
1539	16.00	16
1541	16.00	16
1543	16.00	16
1545	16.00	16
1547	16.00	16
1549	16.00	16
1551	16.00	16
1553	16.00	16
1555	16.00	16
1557	16.00	16
1559	16.00	16
1561	16.00	16
1563	16.00	16
1565	16.00	16
1567	16.00	16
1569	16.00	16
1571	16.00	16
1573	16.00	16
1575	16.00	16
1577	16.00	16
1579	16.00	16
1581	16.00	16
1583	16.00	16
1585	16.00	16
1587	16.00	16
1589	16.00	16
1591	16.00	16
1593	16.00	16
1595	16.00	16
1597	16.00	16
1599	16.00	16
1601	16.00	16
1603	16.00	16
1605	16.00	16
1607	16.00	16
1609	16.00	16
1611	16.00	16
1613	16.00	16
1615	16.00	16
1617	16.00	16
1619	16.00	16
1621	16.00	16
1623	16.00	16
1625	16.00	16
1627	16.00	16
1629	16.00	16
1631	16.00	16
1633	16.00	16
1635	16.00	16
1637	16.00	16
1639	16.00	16
1641	16.00	16
1643	16.00	16
1645	16.00	16
1647	16.00	16
1649	16.00	16
1651	16.00	16
1653	16.00	16
1655	16.00	16
1657	16.00	16
1659	16.00	16
1661	16.00	16
1663	16.00	16
1665	16.00	16
1667	16.00	16
1669	16.00	16
1671	16.00	16
1673	16.00	16
1675	16.00	16
1677	16.00	16
1679	16.00	16
1681	16.00	16
1683	16.00	16
1685	16.00	16
1687	16.00	16
1689	16.00	16
1691	16.00	16
1693	16.00	16
1695	16.00	16
1697	16.00	16
1699	16.00	16
1701	16.00	16
1703	16.00	16
1705	16.00	16
1707	16.00	16
1709	16.00	16
1711	16.00	16
1713	16.00	16
1715	16.00	16
1717	16.00	16
1719	16.00	16
1721	16.00	16
1723	16.00	16
1725	16.00	16
1727	16.00	16
1729	16.00	16
1731	16.00	16
1733	16.00	16
1735	16.00	16
1737	16.00	16
1739	16.00	16
1741	16.00	16
1743	16.00	16
1745	16.00	16
1747	16.00	16
1749	16.00	16
1751	16.00	16
1753	16.00	16
1755	16.00	16
1757	16.00	16
1759	16.00	16
1761	16.00	16
1763	16.00	16
1765	16.00	16
1767	16.00	16
1769	16.00	16
1771	16.00	16
1773	16.00	16
1775	16.00	16
1777	16.00	16
1779	16.00	16
1781	16.00	16
1783	16.00	16
1785	16.00	16
1787	16.00	16
1789	16.00	16
1791	16.00	16
1793	16.00	16
1795	16.00	16
1797	16.00	16
1799	16.00	16
1801	16.00	16
1803	16.00	16
1805	16.00	16
1807	16.00	16
1809	16.00	16
1811	16.00	16
1813	16.00	16
1815	16.00	16
1817	16.00	16
1819	16.00	16
1821	16.00	16
1823	16.00	16
1825	16.00	16
1827	16.00	16
1829	16.00	16
1831	16.00	16
1833	16.00	16
1835	16.00	16
1837	16.00	16
1839	16.00	16
1841	16.00	16
1843	16.00	16
1845	16.00	16
1847	16.00	16
1849	16.00	16
1851	16.00	16
1853	16.00	16
1855	16.00	16
1857	16.00	16
1859	16.00	16
1861	16.00	16
1863	16.00	16
1865	16.00	16
1867	16.00	16
1869	16.00	16
1871	16.00	16
1873	16.00	16
1875	16.00	16
1877	16.00	16
1879	16.00	16
1881	16.00	16
1883	16.00	16
1885	16.00	16
1887	16.00	16
1889	16.00	16
1891	16.00	16
1893	16.00	16
1895	16.00	16
1897	16.00	16
1899	16.00	16
1901	16.00	16
1903	16.00	16
1905	16.00	16
1907	16.00	16
1909	16.00	16
1911	16.00	16
1913	16.00	16
1915	16.00	16
1917	16.00	16
1919	16.00	16
1921	16.00	16
1923	16.00	16
1925	16.00	16
1927	16.00	16
1929	16.00	16
1931	16.00	16
1933	16.00	16
1935	16.00	16
1937	16.00	16
1939	16.00	16
1941	16.00	16
1943	16.00	16
1945	16.00	16
1947	16.00	16
1949	16.00	16
1951	16.00	16
1953	16.00	16
1955	16.00	16
1957	16.00	16
1959	16.00	16
1961	16.00	16
1963	16.00	16
1965	16.00	16
1967	16.00	16
1969	16.00	16
1971	16.00	16
1973	16.00	16
1975	16.00	16
1977	16.00	16
1979	16.00	16
1981	16.00	16
1983	16.00	16
1985	16.00	16
1987	16.00	16
1989	16.00	16
1991	16.00	16
1993	16.00	16
1995	16.00	16
1997	16.00	16
1999	16.00	16
2001	16.00	16
2003	16.00	16
2005	16.00	16
2007	16.00	16
2009	16.00	16
2011	16.00	16
2013	16.00	16
2015	16.00	16
2017	16.00	16
2019	16.00	16
2021	16.00	16
2023	16.00	16
2025	16.00	16
2027	16.00	16
2029	16.00	16
2031	16.00	16
2033	16.00	16
2035	16.00	16
2037	16.00	16
2039	16.00	16
2041	16.00	16
2043	16.00	16
2045	16.00	16
2047	16.00	16
2049	16.00	16
2051	16.00	16
2053	16.00	16
2055	16.00	16
2057	16.00	16
2059	16.00	16
2061	16.00	16
2063	16.00	16
2065	16.00	16
2067	16.00	16
2069	16.00	16
2071	16.00	16
2073	16.00	16
2075	16.00	16
2077	16.00	16
2079	16.00	16
2081	16.00	16
2083	16.00	16
2085	16.00	16
2087	16.00	16
2089	16.00	16
2091	16.00	16
2093	16.00	16
2095	16.00	16
2097	16.00	16
2099	16.00	16
2101	16.00	16
2103	16.00	16
2105	16.00	16
2107	16.00	16
2109	16.00	16
2111	16.00	16
2113	16.00	16
2115	16.00	16
2117	16.00	16
2119	16.00	16
2121	16.00	16
2123	16.00	16
2125	16.00	16
2127	16.00	16
2129	16.00	16
2131	16.00	16
2133	16.00	16
2135	16.00	16
2137	16.00	16
2139	16.00	16
2141	16.00	16
2143	16.00	16
2145	16.00	16
2147	16.00	16
2149	16.00	16
2151	16.00	16
2153	16.00	16
2155	16.00	16
2157	16.00	16
2159	16.00	16
2161	16.00	16
2163	16.00	16
2165	16.00	16
2167	16.00	16
2169	16.00	16
2171	16.00	16
2173	16.00	16
2175	16.00	16
2177	16.00	16
2179	16.00	16
2181	16.00	16
2183	16.00	16
2185	16.00	16
2187	16.00	16
2189	16.00	16
2191	16.00	16
2193	16.00	16
2195	16.00	16
2197	16.00	16
2199	16.00	16
2201	16.00	16
2203	16.00	16
2205	16.00	16
2207	16.00	16
2209	16.00	16
2211	16.00	16
2213	16.00	16
2215	16.00	16
2217	16.00	16
2219	16.00	16
2221	16.00	16
2223	16.00	16
2225	16.00	16
2227	16.00	16
2229	16.00	16
2231	16.00	16
2233	16.00	16
2235	16.00	16
2237	16.00	16
2239	16.00	16
2241	16.00	16
2243	16.00	16
2245	16.00	16
2247	16.00	16
2249	16.00	16
2251	16.00	16
2253	16.00	16
2255	16.00	16
2257	16.00	16
2259	16.00	16
2261	16.00	16
2263	16.00	16
2265	16.00	16
2267	16.00	16
2269	16.00	16
2271	16.00	16
2273	16.00	16
2275	16.00	16
2277	16.00	16
2279	16.00	16
2281	16.00	16
2283	16.00	16
2285	16.00	16
2287	16.00	16
2289	16.00	16
2291	16.00	16
2293	16.00	16
2295	16.00	16
2297	16.00	16
2299	16.00	16
2301	16.00	16
2303	16.00	16
2305	16.00	16
2307	16.00	16
2309	16.00	16
2311	16.00	16
2313	16.00	16
2315	16.00	16
2317	16.00	16
2319	16.00	16
2321	16.00	16
2323	16.00	16
2325	16.00	16
2327	16.00	16
2329	16.00	16
2331	16.00	16
2333	16.00	16
2335	16.00	16
2337	16.00	16
2339	16.00	16
2341	16.00	16
2343	16.00	16
2345	16.00	16
2347	16.00	16
2349	16.00	16
2351	16.00	16
2353	16.00	16
2355	16.00	16
2357	16.00	16
2359	16.00	16
2361	16.00	16
2363	16.00	16
2365	16.00	16
2367	16.00	16
2369	16.00	16
2371	16.00	16
2373	16.00	16
2375	16.00	16
2377	16.00	16
2379	16.00	16
2381	16.00	16
2383	16.00	16
2385	16.00	16
2387	16.00	16
2389	16.00	16
2391	16.00	16
2393	16.00	16
2395	16.00	16
2397	16.00	16
2399	16.00	16
2401	16.00	16
2403	16.00	16
2405	16.00	16
2407	16.00	16
2409	16.00	16
2411	16.00	16
2413	16.00	16
2415	16.00	16
2417	16.00	16
2419	16.00	16
2421	16.00	16
2423	16.00	16
2425	16.00	16
2427	16.00	16
2429	16.00	16
2431	16.00	16
2433	16.00	16
2435	16.00	16
2437	16.00	16
2439	16.00	16
2441	16.00	16
2443	16.00	16
2445	16.00	16
2447	16.00	16
2449	16.00	16
2451	16.00	16
2453	16.00	16
2455	16.00	16
2457	16.00	16
2459	16.00	16
2461	16.00	16
2463	16.00	16
2465	16.00	16
2467	16.00	16
2469	16.00	16
2471	16.00	16
2473	16.00	16
2475	16.00	16
2477	16.00	16
2479	16.00	16
2481	16.00	16
2483	16.00	16
2485	16.00	16
2487	16.00	16
2489	16.00	16
2491	16.00	16
2493	16.00	16
2495	16.00	16
2497	16.00	16
2499	16.00	16
2501	16.00	16
2503	16.00	16
2505	16.00	16
2507	16.00	16
2509	16.00	16
2511	16.00	16
2513	16.00	16
2515	16.00	16
2517	16.00	16
2519	16.00	16
2521	16.00	16
2523	16.00	16
2525	16.00	16
2527	16.00	16
2529	16.00	16
2531	16.00	16
2533	16.00	16
2535	16.00	16
2537	16.00	16
2539	16.00	16
2541	16.00	16
2543	16.00	16
2545	16.00	16
2547	16.00	16
2549	16.00	16
2551	16.00	16
2553	16.00	16
2555	16.00	16
2557	16.00	16
2559	16.00	16
2561	16.00	16
2563	16.00	16
2565	16.00	16
2567	16.00	16
2569	16.00	16
2571	16.00	16
2573	16.00	16
2575	16.00	16
2577	16.00	16
2579	16.00	16
2581	16.00	16
2583	16.00	16
2585	16.00	16
2587	16.00	16
2589	16.00	16
2591	16.00	16
2593	16.00	16
2595	16.00	16
2597	16.00	16
2599	16.00	16
2601	16.00	16
2603	16.00	16
2605	16.00	16
2607	16.00	16
2609	16.00	16
2611	16.00	16
2613	16.00	16
2615	16.00	16
2617	16.00	16
2619	16.00	16
2621	16.00	16
2623	16.00	16
2625	16.00	16
2627	16.00	16
2629	16.00	16
2631	16.00	16
2633	16.00	16
2635	16.00	16
2637	16.00	16
2639	16.00	16
2641	16.00	16
2643	16.00	16
2645	16.00	16
2647	16.00	16
2649	16.00	16
2651	16.00	16
2653	16.00	16
2655	16.00	16
2657	16.00	16
2659	16.00	16
2661	16.00	16
2663	16.00	16
2665	16.00	16
2667	16.00	16
2669	16.00	16
2671	16.00	16
2673	16.00	16
2675	16.00	16
2677	16.00	16
2679	16.00	16
2681	16.00	16
2683	16.00	16
2685	16.00	16
2687	16.00	16
2689	16.00	16
2691	16.00	16
2693	16.00	16
2695	16.00	16
2697	16.00	16
2699	16.00	16
2701	16.00	16
2703	16.00	16
2705	16.00	16
2707	16.00	16
2709	16.00	16
2711	16.00	16
2713	16.00	16
2715	16.00	16
2717	16.00	16
2719	16.00	16
2721	16.00	16
2723	16.00	16
2725	16.00	16
2727	16.00	16
2729	16.00	16
2731	16.00	16
2733	16.00	16
2735	16.00	16
2737	16.00	16
2739	16.00	16
2741	16.00	16
2743	16.00	16
2745	16.00	16
2747	16.00	16
2749	16.00	16
2751	16.00	16
2753	16.00	16
2755	16.00	16
2757	16.00	16
2759	16.00	16
2761	16.00	16
2763	16.00	16
2765	16.00	16
2767	16.00	16
2769	16.00	16
2771	16.00	16
2773	16.00	16
2775	16.00	16
2777	16.00	16
2779	16.00	16
2781	16.00	16
2783	16.00	16
2785	16.00	16
2787	16.00	16
2789	16.00	16
2791	16.00	16
2793	16.00	16
2795	16.00	16
2797	16.00	16
2799	16.00	16
2801	16.00	16
2803	16.00	16
2805	16.00	16
2807	16.00	16
2809	16.00	16
2811	16.00	16
2813	16.00	16
2815	16.00	16
2817	16.00	16
2819	16.00	16
2821	16.00	16
2823	16.00	16
2825	16.00	16
2827	16.00	16
2829	16.00	16
2831	16.00	16
2833	16.00	16
2835	16.00	16
2837	16.00	16
2839	16.00	16
2841	16.00	16
2843	16.00	16
2845	16.00	16
2847	16.00	16
2849	16.00	16
2851	16.00	16
2853	16.00	16
2855	16.00	16
2857	16.00	16
2859	16.00	16
2861	16.00	16
2863	16.00	16
2865	16.00	16
2867	16.00	16
2869	16.00	16
2871	16.00	16
2873	16.00	16
2875	16.00	16
2877	16.00	16
2879	16.00	16
2881	16.00	16
2883	16.00	16
2885	16.00	16
2887	16.00	16
2889	16.00	16
2891	16.00	16
2893	16.00	16
2895	16.00	16
2897	16.00	16
2899	16.00	16
2901	16.00	16
2903	16.00	16
2905	16.00	16
2907	16.00	16
2909	16.00	16
2911	16.00	16
2913	16.00	16
2915	16.00	16
2917	16.00	16
2919	16.00	16
2921	16.00	16
2923	16.00	16
2925	16.00	16
2927	16.00	16
2929	16.00	16
2931	16.00	16
2933	16.00	16
2935	16.00	16
2937	16.00	16
2939	16.00	16
2941	16.00	16
2943	16.00	16
2945	16.00	16
2947	16.00	16
2949	16.00	16
2951	16.00	16
2953	16.00	16
2955	16.00	16
2957	16.00	16
2959	16.00	16
2961	16.00	16
2963	16.00	16
2965	16.00	16
2967	16.00	16
2969	16.00	16
2971	16.00	16
2973	16.00	16
2975	16.00	16
2977	16.00	16
2979	16.00	16
2981	16.00	16
2983	16.00	16
2985	16.00	16
2987	16.00	16
2989	16.00	16
2991	16.00	16
2993	16.00	16
2995	16.00	16
2997	16.00	16
2999	16.00	16
3001	16.00	16
3003	16.00	16
3005	16.00	16
3007	16.00	16
3009	16.00	16
3011	16.00	16
3013	16.00	16
3015	16.00	16
3017	16.00	16
3019	16.00	16
3021	16.00	16
3023	16.00	16
3025	16.00	16
3027	16.00	16
3029	16.00	16
3031	16.00	16
3033	16.00	16
3035	16.00	16
3037	16.00	16
3039	16.00	16
3041	16.00	16
3043	16.00	16
3045	16.00	16
3047	16.00	16
3049	16.00	16
3051	16.00	16
3053	16.00	16
3055	16.00	16
3057	16.00	16
3059	16.00	16
3061	16.00	16
3063	16.00	16
3065	16.00	16
3067	16.00	16
3069	16.00	16
3071	16.00	16
3073	16.00	16
3075	16.00	16
3077	16.00	16
3079	16.00	16
3081	16.00	16
3083	16.00	16
3085	16.00	16
3087	16.00	16
3089	16.00	16
3091	16.00	16
3093	16.00	16
3095	16.00	16
3097	16.00	16
3099	16.00	16
3101	16.00	16
3103	16.00	16
3105	16.00	16
3107	16.00	16
3109	16.00	16
3111	16.00	16
3113	16.00	16
3115	16.00	16
3117	16.00	16
3119	16.00	16
3121	16.00	16
3123	16.00	16
3125	16.00	16
3127	16.00	16
3129	16.00	16
3131	16.00	16
3133	16.00	16
3135	16.00	16
3137	16.00	16
3139	16.00	16
3141	16.00	16
3143	16.00	16
3145	16.00	16
3147	16.00	16
3149	16.00	16
3151	16.00	16
3153	16.00	16
3155	16.00	16
3157	16.00	16
3159	16.00	16
3161	16.00	16
3163	16.00	16
3165	16.00	16
3167	16.00	16
3169	16.00	16
3171	16.00	16
3173	16.00	16
3175	16.00	16
3177	16.00	16
3179	16.00	16
3181	16.00	16
3183	16.00	16
3185	16.00	16
3187	16.00	16
3189	16.00	16
3191	16.00	16
3193	16.00	16
3195	16.00	16
3197	16.00	16
3199	16.00	16
3201	16.00	16
3203	16.00	16
3205	16.00	16
3207	16.00	16
3209	16.00	16
3211	16.00	16
3213	16.00	16
3215	16.00	16
3217	16.00	16
3219	16.00	16
3221	16.00	16
3223	16.00	16
3225	16.00	16
3227	16.00	16
3229	16.00	16
3231	16.00	16
3233	16.00	16
3235	16.00	16
3237	16.00	16
3239	16.00	16
3241	16.00	16
3243	16.00	16
3245	16.00	16
3247	16.00	16
3249	16.00	16
3251	16.00	16
3253	16.00	16
3255	16.00	16
3257	16.00	16
3259	16.00	16
3261	16.00	16
3263	16.00	16
3265	16.00	16
3267	16.00	16
3269	16.00	16
3271	16.00	16
3273	16.00	16
3275	16.00	16
3277	16.00	16
3279	16.00	16
3281	16.00	16
3283	16.00	16
3285	16.00	16
3287	16.00	16
3289	16.00	16
3291	16.00	16
3293	16.00	16
3295	16.00	16
3297	16.00	16
3299	16.00	16
3301	16.00	16
3303	16.00	16
3305	16.00	16
3307	16.00	16
3309	16.00	16
3311	16.00	16
3313	16.00	16
3315	16.00	16
3317	16.00	16
3319	16.00	16
3321	16.00	16
3323	16.00	16
3325	16.00	16
3327	16.00	16
3329	16.00	16
3331	16.00	16
3333	16.00	16
3335	16.00	16
3337	16.00	16
3339	16.00	16
3341	16.00	16
3343	16.00	16
3345	16.00	16
3347	16.00	16
3349	16.00	16
3351	16.00	16
3353	16.00	16
3355	16.00	16
3357	16.00	16
3359	16.00	16
3361	16.00	16
3363	16.00	16
3365	16.00	16
3367	16.00	16
3369	16.00	16
3371	16.00	16
3373	16.00	16
3375	16.00	16
3377	16.00	16
3379	16.00	16
3381	16.00	16
3383	16.00	16
3385	16.00	16
3387	16.00	16
3389	16.00	16
3391	16.00	16
3393	16.00	16
3395	16.00	16
3397	16.00	16
3399	16.00	16
3401	16.00	16
3403	16.00	16
3405	16.00	16
3407	16.00	16
3409	16.00	16
3411	16.00	16
3413	16.00	16
3415	16.00	16
3417	16.00	16
3419	16.00	16
3421	16.00	16
3423	16.00	16
3425	16.00	16
3427	16.00	16
3429	16.00	16
3431	16.00	16
3433	16.00	16
3435	16.00	16
3437	16.00	16
3439	16.00	16
3441	16.00	16
3443	16.00	16
3445	16.00	16
3447	16.00	16
3449	16.00	16
3451	16.00	16
3453	16.00	16
3455	16.00	16
3457	16.00	16
3459	16.00	16
3461	16.00	16
3463	16.00	16
3465	16.00	16
3467	16.00	16
3469	16.00	16
3471	16.00	16
3473	16.00	16
3475	16.00	16
3477	16.00	16
3479	16.00	16
3481	16.00	16
3483	16.00	16
3485	16.00	16
3487	16.00	16
3489	16.00	16
3491	16.00	16
3493	16.00	16
3495	16.00	16
3497	16.00	16
3499	16.00	16
3501	16.00	16
3503	16.00	16
3505	16.00	16
3507	16.00	16
3509	16.00	16
3511	16.00	16
3513	16.00	16
3515	16.00	16
3517	16.00	16
3519	16.00	16
3521	16.00	16
3523	16.00	16
3525	16.00	16
3527	16.00	16
3529	16.00	16
3531	16.00	16
3533	16.00	16
3535	16.00	16
3537	16.00	16
3539	16.00	16
3541	16.00	16
3543	16.00	16
3545	16.00	16
3547	16.00	16
3549	16.00	16
3551	16.00	16
3553	16.00	16
3555	16.00	16
3557	16.00	16
3559	16.00	16
3561	16.00	16
3563	16.00	16
3565	16.00	16
3567	16.00	16
3569	16.00	16
3571	16.00	16
3573	16.00	16
3575	16.00	16
3577	16.00	16
3579	16.00	16
3581	16.00	16
3583	16.00	16
3585	16.00	16
3587	16.00	16
3589	16.00	16
3591	16.00	16
3593	16.00	16
3595	16.00	16
3597	16.00	16
3599	16.00	16
3601	16.00	16
3603	16.00	16
3605	16.00	16
3607	16.00	16
3609	16.00	16
3611	16.00	16
3613	16.00	16
3615	16.00	16
3617	16.00	16
3619	16.00	16
3621	16.00	16
3623	16.00	16
3625	16.00	16
3627	16.00	16
3629	16.00	16
3631	16.00	16
3633	16.00	16
3635	16.00	16
3637	16.00	16
3639	16.00	16
3641	16.00	16
3643	16.00	16
3645	16.00	16
3647	16.00	16
3649	16.00	16
3651	16.00	16
3653	16.00	16
3655	16.00	16
3657	16.00	16
3659	16.00	16
3661	16.00	16
3663	16.00	16
3665	16.00	16
3667	16.00	16
3669	16.00	16
3671	16.00	16
3673	16.00	16
3675	16.00	16
3677	16.00	16
3679	16.00	16
3681	16.00	16
3683	16.00	16
3685	16.00	16
3687	16.00	16
3689	16.00	16
3691	16.00	16
3693	16.00	16
3695	16.00	16
3697	16.00	16
3699	16.00	16
3701	16.00	16
3703	16.00	16
3705	16.00	16
3707	16.00	16
3709	16.00	16
3711	16.00	16
3713	16.00	16
3715	16.00	16
3717	16.00	16
3719	16.00	16
3721	16.00	16
3723	16.00	16
3725	16.00	16
3727	16.00	16
3729	16.00	16
3731	16.00	16
3733	16.00	16
3735	16.00	16
3737	16.00	16
3739	16.00	16
3741	16.00	16
3743	16.00	16
3745	16.00	16
3747	16.00	16
3749	16.00	16
3751	16.00	16
3753	16.00	16
3755	16.00	16
3757	16.00	16
3759	16.00	16
3761	16.00	16
3763	16.00	16
3765	16.00	16
3767	16.00	16
3769	16.00	16
3771	16.00	16
3773	16.00	16
3775	16.00	16
3777	16.00	16
3779	16.00	16
3781	16.00	16
3783	16.00	16
3785	16.00	16
3787	16.00	16
3789	16.00	16
3791	16.00	16
3793	16.00	16
3795	16.00	16
3797	16.00	16
3799	16.00	16
3801	16.00	16
3803	16.00	16
3805	16.00	16
3807	16.00	16
3809	16.00	16
3811	16.00	16
3813	16.00	16
3815	16.00	16
3817	16.00	16
3819	16.00	16
3821	16.00	16
3823	16.00	16
3825	16.00	16
3827	16.00	16
3829	16.00	16
3831	16.00	16
3833	16.00	16
3835	16.00	16
3837	16.00	16
3839	16.00	16
3841	16.00	16
3843	16.00	16
3845	16.00	16
3847	16.00	16
3849	16.00	16
3851	16.00	16
3853	16.00	16
3855	16.00	16
3857	16.00	16
3859	16.00	16
3861	16.00	16
3863	16.00	16
3865	16.00	16
3867	16.00	16
3869	16.00	16
3871	16.00	16
3873	16.00	16
3875	16.00	16
3877	16.00	16
3879	16.00	16
3881	16.00	16
3883	16.00	16
3885	16.00	16
3887	16.00	16
3889	16.00	16
3891	16.00	16
3893	16.00	16
3895	16.00	16
3897	16.00	16
3899	16.00	16
3901	16.00	16
3903	16.00	16
3905	16.00	16
3907	16.00	16
3909	16.00	16
3911	16.00	16
3913	16.00	16
3915	16.00	16
3917	16.00	16
3919	16.00	16
3921	16.00	16
3923	16.00	16
3925	16.00	16
3927	16.00	16
3929	16.00	16
3931	16.00	16
3933	16.00	16
3935	16.00	16
3937	16.00	16
3939	16.00	16
3941	16.00	16
3943	16.00	16
3945	16.00	16
3947	16.00	16
3949	16.00	16
3951	16.00	16
3953	16.00	16
3955	16.00	16
3957	16.00	16
3959	16.00	16
3961	16.00	16
3963	16.00	16
3965	16.00	16
3967	16.00	16
3969	16.00	16
3971	16.00	16
3973	16.00	16
3975	16.00	16
3977	16.00	16
3979	16.00	16
3981	16.00	16
3983	16.00	16
3985	16.00	16
3987	16.00	16
3989	16.00	16
3991	16.00	16
3993	16.00	16
3995	16.00	16
3997	16.00	16
3999	16.00	16
4001	16.00	16
4003	16.00	16
4005	16.00	16
4007	16.00	16
4009	16.00	16
4011	16.00	16
4013	16.00	16
4015	16.00	16
4017	16.00	16
4019	16.00	16
4021	16.00	16
4023	16.00	16
4025	16.00	16
4027	16.00	16
4029	16.00	16
4031	16.00	16
4033	16.00	16
4035	16.00	16
4037	16.00	16
4039	16.00	16
4041	16.00	16
4043	16.00	16
4045	16.00	16
4047	16.00	16
4049	16.00	16
4051	16.00	16
4053	16.00	16
4055	16.00	16
4057	16.00	16
4059	16.00	16
4061	16.00	16
4063	16.00	16
4065	16.00	16
4067	16.00	16
4069	16.00	16
4071	16.00	16
4073	16.00	16
4075	16.00	16
4077	16.00	16
4079	16.00	16
4081	16.00	16
4083	16.00	16
4085	16.00	16
4087	16.00	16
4089	16.00	16
4091	16.00	16
4093	16.00	16
4095	16.00	16
4097	16.00	16
4099	16.00	16
4101	16.00	16
4103	16.00	16
4105	16.00	16
4107	16.00	16
4109	16.00	16
4111	16.00	16
4113	16.00	16
4115	16.00	16
4117	16.00	16
4119	16.00	16
4121	16.00	16
4123	16.00	16
4125	16.00	16
4127	16.00	16
4129	16.00	16
4131	16.00	16
4133	16.00	16
4135	16.00	16
4137	16.00	16
4139	16.00	16
4141	16.00	16
4143	16.00	16
4145	16.00	16
4147	16.00	16
4149	16.00	16
4151	16.00	16
4153	16.00	16
4155	16.00	16
4157	16.00	16
4159	16.00	16
4161	16.00	16
4163	16.00	16
4165	16.00	16
4167	16.00	16
4169	16.00	16
4171	16.00	16
4173	16.00	16
4175	16.00	16
4177	16.00	16
4179	16.00	16
4181	16.00	16
4183	16.00	16
4185	16.00	16
4187	16.00	16
4189	16.00	16
4191	16.00	16
4193	16.00	16
4195	16.00	16
4197	16.00	16
4199	16.00	16
4201	16.00	16
4203	16.00	16
4205	16.00	16
4207	16.00	16
4209	16.00	16
4211	16.00	16
4213	16.00	16
4215	16.00	16
4217	16.00	16
4219	16.00	16
4221	16.00	16
4223	16.00	16
4225	16.00	16
4227	16.00	16
4229	16.00	16
4231	16.00	16
4233	16.00	16
4235	16.00	16
4237	16.00	16
4239	16.00	16
4241	16.00	16
4243	16.00	16
4245	16.00	16
4247	16.00	16
4249	16.00	16
4251	16.00	16
4253	16.00	16
4255	16.00	16
4257	16.00	16
4259	16.00	16
4261	16.00	16
4263	16.00	16
4265	16.00	16
4267	16.00	16
4269	16.00	16
4271	16.00	16
4273	16.00	16
4275	16.00	16
4277	16.00	16
4279	16.00	16
4281	16.00	16
4283	16.00	16
4285	16.00	16
4287	16.00	16
4289	16.00	16
4291	16.00	16
4293	16.00	16
4295	16.00	16
4297	16.00	16
4299	16.00	16
4301	16.00	16
4303	16.00	16
4305	16.00	16
4307	16.00	16
4309	16.00	16
4311	16.00	16
4313	16.00	16
4315	16.00	16
4317	16.00	16
4319	16.00	16
4321	16.00	16
4323	16.00	16
4325	16.00	16
4327	16.00	16
4329	16.00	16
4331	16.00	16
4333	16.00	16
4335	16.00	16
4337	16.00	16
4339	16.00	16
4341	16.00	16
4343	16.00	16
4345	16.00	16
4347	16.00	16
4349	16.00	16
4351	16.00	16
4353	16.00	16
4355	16.00	16
4357	16.00	16
4359	16.00	16
4361	16.00	16
4363	16.00	16
4365	16.00	16
4367	16.00	16
4369	16.00	16
4371	16.00	16
4373	16.00	16
4375	16.00	16
4377	16.00	16
4379	16.00	16
4381	16.00	16
4383	16.00	16
4385	16.00	16
4387	16.00	16
4389	16.00	16
4391	16.00	16
4393	16.00	16
4395	16.00	16
4397	16.00	16
4399	16.00	16
4401	16.00	16
4403	16.00	16
4405	16.00	16
4407	16.00	16
4409	16.00	16
4411	16.00	16
4413	16.00	16
4415	16.00	16
4417	16.00	16
4419	16.00	16
4421	16.00	16
4423	16.00	16
4425	16.00	16
4427	16.00	16
4429	16.00	16
4431	16.00	16
4433	16.00	16
4435	16.00	16
4437	16.00	16
4439	16.00	16
4441	16.00	16
4443	16.00	16
4445	16.00	16
4447	16.00	16
4449	16.00	16
4451	16.00	16
4453	16.00	16
4455	16.00	16
4457	16.00	16
4459	16.00	16
4461	16.00	16
4463	16.00	16
4465	16.00	16
4467	16.00	16
4469	16.00	16
4471	16.00	16
4473	16.00	16
4475	16.00	16
4477	16.00	16
4479	16.00	16
4481	16.00	16
4483	16.00	16
4485	16.00	16
4487	16.00	16
4489	16.00	16
4491	16.00	16
4493	16.00	16
4495	16.00	16
4497	16.00	16
4499	16.00	16
4501	16.00	16
4503	16.00	16
4505	16.00	16
4507	16.00	16
4509	16.00	16
4511	16.00	16
4513	16.00	16
4515	16.00	16
4517	16.00	16
4519	16.00	16
4521	16.00	16
4523	16.00	16
4525	16.00	16
4527	16.00	16
4529	16.00	16
4531	16.00	16
4533	16.00	16
4535	16.00	16
4537	16.00	16
4539	16.00	16
4541	16.00	16
4543	16.00	16
4545	16.00	16
4547	16.00	16
4549	16.00	16
4551	16.00	16
4553	16.00	16
4555	16.00	16
4557	16.00	16
4559	16.00	16
4561	16.00	16
4563	16.00	16
4565	16.00	16
4567	16.00	16
4569	16.00	16
4571	16.00	16
4573	16.00	16
4575	16.00	16
4577	16.00	16
4579	16.00	16
4581	16.00	16
4583	16.00	16
4585	16.00	16
4587	16.00	16
4589	16.00	16
4591	16.00	16
4593	16.00	16
4595	16.00	16
4597	16.00	16
4599	16.00	16
4601	16.00	16
4603	16.00	16
4605	16.00	16
4607	16.00	16
4609	16.00	16
4611	16.00	16
4613	16.00	16
4615	16.00	16
4617	16.00	16
4619	16.00	16
4621	16.00	16
4623	16.00	16
4625	16.00	16
4627	16.00	16
4629	16.00	16
4631	16.00	16
4633	16.00	16
4635	16.00	16
4637	16.00	16
4639	16.00	16
4641	16.00	16
4643	16.00	16
4645	16.00	16
4647	16.00	16
4649	16.00	16
4651	16.00	16
4653	16.00	16
4655	16.00	16
4657	16.00	16
4659	16.00	16
4661	16.00	16
4663	16.00	16
4665	16.00	16
4667	16.00	16
4669	16.00	16
4671	16.00	16
4673	16.00	16
4675	16.00	16
4677	16.00	16
4679	16.00	16
4681	16.00	16
4683	16.00	16
4685	16.00	16
4687	16.00	16
4689	16.00	16
4691	16.00	16
4693	16.00	16
4695	16.00	16
4697	16.00	16
4699	16.00	16
4701	16.00	16
4703	16.00	16
4705	16.00	16
4707	16.00	16
4709	16.00	16
4711	16.00	16
4713	16.00	16
4715	16.00	16
4717	16.00	16
4719	16.00	16
4721	16.00	16
4723	16.00	16
4725	16.00	16
4727	16.00	16
4729	16.00	16
4731	16.00	16
4733	16.00	16
4735	16.00	16
4737	16.00	16
4739	16.00	16
4741	16.00	16
4743	16.00	16
4745	16.00	16
4747	16.00	16
4749	16.00	16
4751	16.00	16
4753	16.00	16
4755	16.00	16
4757	16.00	16
4759	16.00	16
4761	16.00	16
4763	16.00	16
4765	16.00	16
4767	16.00	16
4769	16.00	16
4771	16.00	16
4773	16.00	16
4775	16.00	16
4777	16.00	16
4779	16.00	16
4781	16.00	16
4783	16.00	16
4785	16.00	16
4787	16.00	16
4789	16.00	16
4791	16.00	16
4793	16.00	16
4795	16.00	16
4797	16.00	16
4799	16.00	16
4801	16.00	16
4803	16.00	16
4805	16.00	16
4807	16.00	16
4809	16.00	16
4811	16.00	16
4813	16.00	16
4815	16.00	16
4817	16.00	16
4819	16.00	16
4821	16.00	16
4823	16.00	16
4825	16.00	16
4827	16.00	16
4829	16.00	16
4831	16.00	16
4833	16.00	16
4835	16.00	16
4837	16.00	16
4839	16.00	16
4841	16.00	16
4843	16.00	16
4845	16.00	16
4847	16.00	16
4849	16.00	16
4851	16.00	16
4853	16.00	16
4855	16.00	16
4857	16.00	16
4859	16.00	16
4861	16.00	16
4863	16.00	16
4865	16.00	16
4867	16.00	16
4869	16.00	16
4871	16.00	16
4873	16.00	16
4875	16.00	16
4877	16.00	16
4879	16.00	16
4881	16.00	16
4883	16.00	16
4885	16.00	16
4887	16.00	16
4889	16.00	16
4891	16.00	16
4893	16.00	16
4895	16.00	16
4897	16.00	16
4899	16.00	16
4901	16.00	16
4903	16.00	16
4905	16.00	16
4907	16.00	16
4909	16.00	16
4911	16.00	16
4913	16.00	16
4915	16.00	16
4917	16.00	16
4919	16.00	16
4921	16.00	16
4923	16.00	16
4925	16.00	16
4927	16.00	16
4929	16.00	16
4931	16.00	16
4933	16.00	16
4935	16.00	16
4937	16.00	16
4939	16.00	16
4941	16.00	16
4943	16.00	16
4945	16.00	16
4947	16.00	16
4949	16.00	16
4951	16.00	16
4953	16.00	16
4955	16.00	16
4957	16.00	16
4959	16.00	16
4961	16.00	16
4963	16.00	16
4965	16.00	16
4967	16.00	16
4969	16.00	16
4971	16.00	16
4973	16.00	16
4975	16.00	16
4977	16.00	16
4979	16.00	16
4981	16.00	16
4983	16.00	16
4985	16.00	16
4987	16.00	16
4989	16.00	16
4991	16.00	16
4993	16.00	16
4995	16.00	16
4997	16.00	16
4999	16.00	16
5001	16.00	16
5003	16.00	16
5005	16.00	16
5007	16.00	16
5009	16.00	16
5011	16.00	16
5013	16.00	16
5015	16.00	16
5017	16.00	16
5019	16.00	16
5021	16.00	16
5023	16.00	16
5025	16.00	16
5027	16.00	16
5029	16.00	16
5031	16.00	16
5033	16.00	16
5035	16.00	16
5037	16.00	16
5039	16.00	16
5041	16.00	16
5043	16.00	16
5045	16.00	16
5047	16.00	16
5049	16.00	16
5051	16.00	16
5053	16.00	16
5055	16.00	16
5057	16.00	16
5059	16.00	16
5061	16.00	16
5063	16.00	16
5065	16.00	16
5067	16.00	16
5069	16.00	16
5071	16.00	16
5073	16.00	16
5075	16.00	16
5077	16.00	16
5079	16.00	16
5081	16.00	16
5083	16.00	16
5085	16.00	16
5087	16.00	16
5089	16.00	16
5091	16.00	16
5093	16.00	16
5095	16.00	16
5097	16.00	16
5099	16.00	16
5101	16.00	16
5103	16.00	16
5105	16.00	16
5107	16.00	16
5109	16.00	16
5111	16.00	16
5113	16.00	16
5115	16.00	16
5117	16.00	16
5119	16.00	16
5121	16.00	16
5123	16.00	16
5125	16.00	16
5127	16.00	16
5129	16.00	16
5131	16.00	16
5133	16.00	16
5135	16.00	16
5137	16.00	16
5139	16.00	16
5141	16.00	16
5143	16.00	16
5145	16.00	16
5147	16.00	16
5149	16.00	16
5151	16.00	16
5153	16.00	16
5155	16.00	16
5157	16.00	16
5159	16.00	16
5161	16.00	16
5163	16.00	16
5165	16.00	16
5167	16.00	16
5169	16.00	16
5171	16.00	16
5173	16.00	16
5175	16.00	16
5177	16.00	16
5179	16.00	16
5181	16.00	16
5183	16.00	16
5185	16.00	16
5187	16.00	16
5189	16.00	16
5191	16.00	16
5193	16.00	16
5195	16.00	16
5197	16.00	16
5199	16.00	16
5201	16.00	16
5203	16.00	16
5205	16.00	16
5207	16.00	16
5209	16.00	16
5211	16.00	16
5213	16.00	16
5215	16.00	16
5217	16.00	16
5219	16.00	16
5221	16.00	16
5223	16.00	16
5225	16.00	16
5227	16.00	16
5229	16.00	16
5231	16.00	16
5233	16.00	16
5235	16.00	16
5237	16.00	16
5239	16.00	16
5241	16.00	16
5243	16.00	16
5245	16.00	16
5247	16.00	16
5249	16.00	16
5251	16.00	16
5253	16.00	16
5255	16.00	16
5257	16.00	16
5259	16.00	16
5261	16.00	16
5263	16.00	16
5265	16.00	16
5267	16.00	16
5269	16.00	16
5271	16.00	16
5273	16.00	16
5275	16.00	16
5277	16.00	16
5279	16.00	16
5281	16.00	16
5283	16.00	16
5285	16.00	16
5287	16.00	16
5289	16.00	16
5291	16.00	16
5293	16.00	16
5295	16.00	16
5297	16.00	16
5299	16.00	16
5301	16.00	16
5303	16.00	16
5305	16.00	16
5307	16.00	16
5309	16.00	16
5311	16.00	16
5313	16.00	16
5315	16.00	16
5317	16.00	16
5319	16.00	16
5321	16.00	16
5323	16.00	16
5325	16.00	16
5327	16.00	16
5329	16.00	16
5331	16.00	16
5333	16.00	16
5335	16.00	16
5337	16.00	16
5339	16.00	16
5341	16.00	16
5343	16.00	16
5345	16.00	16
5347	16.00	16
5349	16.00	16
5351	16.00	16
5353	16.00	16
5355	16.00	16
5357	16.00	16
5359	16.00	16
5361	16.00	16
5363	16.00	16
5365	16.00	16
5367	16.00	16
5369	16.00	16
5371	16.00	16
5373	16.00	16
5375	16.00	16
5377	16.00	16
5379	16.00	16
5381	16.00	16
5383	16.00	16
5385	16.00	16
5387	16.00	16
5389	16.00	16
5391	16.00	16
5393	16.00	16
5395	16.00	16
5397	16.00	16
5399	16.00	16
5401	16.00	16
5403	16.00	16
5405	16.00	16
5407	16.00	16
5409	16.00	16
5411	16.00	16
5413	16.00	16
5415	16.00	16
5417	16.00	16
5419	16.00	16
5421	16.00	16
5423	16.00	16
5425	16.00	16
5427	16.00	16
5429	16.00	16
5431	16.00	16
5433	16.00	16
5435	16.00	16
5437	16.00	16
5439	16.00	16
5441	16.00	16
5443	16.00	16
5445	16.00	16
5447	16.00	16
5449	16.00	16
5451	16.00	16
5453	16.00	16
5455	16.00	16
5457	16.00	16
5459	16.00	16
5461	16.00	16
5463	16.00	16
5465	16.00	16
5467	16.00	16
5469	16.00	16
5471	16.00	16
5473	16.00	16
5475	16.00	16
5477	16.00	16
5479	16.00	16
5481	16.00	16
5483	16.00	16
5485	16.00	16
5487	16.00	16
5489	16.00	16
5491	16.00	16
5493	16.00	16
5495	16.00	16
5497	16.00	16
5499	16.00	16
5501	16.00	16
5503	16.00	16
5505	16.00	16
5507	16.00	16
5509	16.00	16
5511	16.00	16
5513	16.00	16
5515	16.00	16
5517	16.00	16
5519	16.00	16
5521	16.00	16
5523	16.00	16
5525	16.00	16
5527	16.00	16
5529	16.00	16
5531	16.00	16
5533	16.00	16
5535	16.00	16
5537	16.00	16
5539	16.00	16
5541	16.00	16
5543	16.00	16
5545	16.00	16
5547	16.00	16
5549	16.00	16
5551	16.00	16
5553	16.00	16
5555	16.00	16
5557	16.00	16
5559	16.00	16
5561	16.00	16
5563	16.00	16
5565	16.00	16
5567	16.00	16
5569	16.00	16
5571	16.00	16
5573	16.00	16
5575	16.00	16
5577	16.00	16
5579	16.00	16
5581	16.00	16
5583	16.00	16
5585	16.00	16
5587	16.00	16
5589	16.00	16
5591	16.00	16
5593	16.00	16
5595	16.00	16
5597	16.00	16
5599	16.00	16
5601	16.00	16
5603	16.00	16
5605	16.00	16
5607	16.00	16
5609	16.00	16
5611	16.00	16
5613	16.00	16
5615	16.00	16
5617	16.00	16
5619	16.00	16
5621	16.00	16
5623	16.00	16
5625	16.00	16
5627	16.00	16
5629	16.00	16
5631	16.00	16
5633	16.00	16
5635	16.00	16
5637	16.00	16
5639	16.00	16
5641	16.00	16
5643	16.00	16
5645	16.00	16
5647	16.00	16
5649	16.00	16
5651	16.00	16
5653	16.00	16
5655	16.00	16
5657	16.00	16
5659	16.00	16
5661	16.00	16
5663	16.00	16
5665	16.00	16
5667	16.00	16
5669	16.00	16
5671	16.00	16
5673	16.00	16
5675	16.00	16
5677	16.00	16
5679	16.00	16
5681	16.00	16
5683	16.00	16
5685	16.00	16
5687	16.00	16
5689	16.00	16
5691	16.00	16
5693	16.00	16
5695	16.00	16
5697	16.00	16
5699	16.00	16
5701	16.00	16
5703	16.00	16
5705	16.00	16
5707	16.00	16
5709	16.00	16
5711	16.00	16
5713	16.00	16
5715	16.00	16
5717	16.00	16
5719	16.00	16
5721	16.00	16
5723	16.00	16
5725	16.00	16
5727	16.00	16
5729	16.00	16
5731	16.00	16
5733	16.00	16
5735	16.00	16
5737	16.00	16
5739	16.00	16
5741	16.00	16
5743	16.00	16
5745	16.00	16
5747	16.00	16
5749	16.00	16
5751	16.00	16
5753	16.00	16
5755	16.00	16
5757	16.00	16
5759	16.00	16
5761	16.00	16
5763	16.00	16
5765	16.00	16
5767	16.00	16
5769	16.00	16
5771	16.00	16
5773	16.00	16
5775	16.00	16
5777	16.00	16
5779	16.00	16
5781	16.00	16
5783	16.00	16
5785	16.00	16
5787	16.00	16
5789	16.00	16
5791	16.00	16
5793	16.00	16
5795	16.00	16
5797	16.00	16
5799	16.00	16
5801	16.00	16
5803	16.00	16
5805	16.00	16
5807	16.00	16
5809	16.00	16
5811	16.00	16
5813	16.00	16
5815	16.00	16
5817	16.00	16
5819	16.00	16
5821	16.00	16
5823	16.00	16
5825	16.00	16
5827	16.00	16
5829	16.00	16
5831	16.00	16
5833	16.00	16
5835	16.00	16
5837	16.00	16
5839	16.00	16
5841	16.00	16
5843	16.00	16
5845	16.00	16
5847	16.00	16
5849	16.00	16
5851	16.00	16
5853	16.00	16
5855	16.00	16
5857	16.00	16
5859	16.00	16
5861	16.00	16
5863	16.00	16
5865	16.00	16
5867	16.00	16
5869	16.00	16
5871	16.00	16
5873	16.00	16
5875	16.00	16
5877	16.00	16
5879	16.00	16
5881	16.00	16
5883	16.00	16
5885	16.00	16
5887	16.00	16
5889	16.00	16
5891	16.00	16
5893	16.00	16
5895	16.00	16
5897	16.00	16
5899	16.00	16
5901	16.00	16
5903	16.00	16
5905	16.00	16
5907	16.00	16
5909	16.00	16
5911	16.00	16
5913	16.00	16
5915	16.00	16
5917	16.00	16
5919	16.00	16
5921	16.00	16
5923	16.00	16
5925	16.00	16
5927	16.00	16
5929	16.00	16
5931	16.00	16
5933	16.00	16
5935	16.00	16
5937	16.00	16
5939	16.00	16
5941	16.00	16
5943	16.00	16
5945	16.00	16
5947	16.00	16
5949	16.00	16
5951	16.00	16
5953	16.00	16
5955	16.00	16
5957	16.00	16
5959	16.00	16
5961	16.00	16
5963	16.00	16
5965	16.00	16
5967	16.00	16
5969	16.00	16
5971	16.00	16
5973	16.00	16
5975	16.00	16
5977	16.00	16
5979	16.00	16
5981	16.00	16
5983	16.00	16
5985	16.00	16
5987	16.00	16
5989	16.00	16
5991	16.00	16
5993	16.00	16
5995	16.00	16
5997	16.00	16
5999	16.00	16
6001	16.00	16
6003	16.00	16
6005	16.00	16
6007	16.00	16
6009	16.00	16
6011	16.00	16
6013	16.00	16
6015	16.00	16
6017	16.00	16
6019	16.00	16
6021	16.00	16
6023	16.00	16
6025	16.00	16
6027	16.00	16
6029	16.00	16
6031	16.00	16
6033	16.00	16
6035	16.00	16
6037	16.00	16
6039	16.00	16
6041	16.00	16
6043	16.00	16
6045	16.00	16
6047	16.00	16
6049	16.00	16
6051	16.00	16
6053	16.00	16
6055	16.00	16
6057	16.00	16
6059	16.00	16
6061	16.00	16
6063	16.00	16
6065	16.00	16
6067	16.00	16
6069	16.00	16
6071	16.00	16
6073	16.00	16
6075	16.00	16
6077	16.00	16
6079	16.00	16
6081	16.00	16
6083	16.00	16
6085	16.00	16
6087	16.00	16
6089	16.00	16
6091	16.00	16
6093	16.00	16
6095	16.00	16
6097	16.00	16
6099	16.00	16
6101	16.00	16
6103	16.00	16
6105	16.00	16
6107	16.00	16
6109	16.00	16
6111	16.00	16
6113	16.00	16
6115	16.00	16
6117	16.00	16
6119	16.00	16
6121	16.00	16
6123	16.00	16
6125	16.00	16
6127	16.00	16
6129	16.00	16
6131	16.00	16
6133	16.00	16
6135	16.00	16
6137	16.00	16
6139	16.00	16
6141	16.00	16
6143	16.00	16
6145	16.00	16
6147	16.00	16
6149	16.00	16
6151	16.00	16
6153	16.00	16
6155	16.00	16
6157	16.00	16
6159	16.00	16
6161	16.00	16
6163	16.00	16
6165	16.00	16
6167	16.00	16
6169	16.00	16
6171	16.00	16
6173	16.00	16
6175	16.00	16
6177	16.00	16
6179	16.00	16
6181	16.00	16
6183	16.00	16
6185	16.00	16
6187	16.00	16
6189	16.00	16
6191	16.00	16
6193	16.00	16
6195	16.00	16
6197	16.00	16
6199	16.00	16
6201	16.00	16
6203	16.00	16
6205	16.00	16
6207	16.00	16
6209	16.00	16
6211	16.00	16
6213	16.00	16
6215	16.00	16
6217	16.00	16
6219	16.00	16
6221	16.00	16
6223	16.00	16
6225	16.00	16
6227	16.00	16
6229	16.00	16
6231	16.00	16
6233	16.00	16
6235	16.00	16
6237	16.00	16
6239	16.00	16
6241	16.00	16
6243	16.00	16
6245	16.00	16
6247	16.00	16
6249	16.00	16
6251	16.00	16
6253	16.00	16
6255	16.00	16
6257	16.00	16
6259	16.00	16
6261	16.00	16
6263	16.00	16
6265	16.00	16
6267	16.00	16
6269	16.00	16
6271	16.00	16
6273	16.00	16
6275	16.00	16
6277	16.00	16
6279	16.00	16
6281	16.00	16
6283	16.00	16
6285	16.00	16
6287	16.00	16
6289	16.00	16
6291	16.00	16
6293	16.00	16
6295	16.00	16
6297	16.00	16
6299	16.00	16
6301	16.00	16
6303	16.00	16
6305	16.00	16
6307	16.00	16
6309	16.00	16
6311	16.00	16
6313	16.00	16
6315	16.00	16
6317	16.00	16
6319	16.00	16
6321	16.00	16
6323	16.00	16
6325	16.00	16
6327	16.00	16
6329	16.00	16
6331	16.00	16
6333	16.00	16
6335	16.00	16
6337	16.00	16
6339	16.00	16
6341	16.00	16
6343	16.00	16
6345	16.00	16
6347	16.00	16
6349	16.00	16
6351	16.00	16
6353	16.00	16
6355	16.00	16
6357	16.00	16
6359	16.00	16
6361	16.00	16
6363	16.00	16
6365	16.00	16
6367	16.00	16
6369	16.00	16
6371	16.00	16
6373	16.00	16
6375	16.00	16
6377	16.00	16
6379	16.00	16
6381	16.00	16
6383	16.00	16
6385	16.00	16
6387	16.00	16
6389	16.00	16
6391	16.00	16
6393	16.00	16
6395	16.00	16
6397	16.00	16
6399	16.00	16
6401	16.00	16
6403	16.00	16
6405	16.00	16
6407	16.00	16
6409	16.00	16
6411	16.00	16
6413	16.00	16
6415	16.00	16
6417	16.00	16
6419	16.00	16
6421	16.00	16
6423	16.00	16
6425	16.00	16
6427	16.00	16
6429	16.00	16
6431	16.00	16
6433	16.00	16
6435	16.00	16
6437	16.00	16
6439	16.00	16
6441	16.00	16
6443	16.00	16
6445	16.00	16
6447	16.00	16
6449	16.00	16
6451	16.00	16
6453	16.00	16
6455	16.00	16
6457	16.00	16
6459	16.00	16
6461	16.00	16
6463	16.00	16
6465	16.00	16
6467	16.00	16
6469	16.00	16
6471	16.00	16
6473	16.00	16
6475	16.00	16
6477	16.00	16
6479	16.00	16
6481	16.00	16
6483	16.00	16
6485	16.00	16
6487	16.00	16
6489	16.00	16
6491	16.00	16
6493	16.00	16
6495	16.00	16
6497	16.00	16
6499	16.00	16
6501	16.00	16
6503	16.00	16
6505	16.00	16
6507	16.00	16
6509	16.00	16
6511	16.00	16
6513	16.00	16
6515	16.00	16
6517	16.00	16
6519	16.00	16
6521	16.00	16
6523	16.00	16
6525	16.00	16
6527	16.00	16
6529	16.00	16
6531	16.00	16
6533	16.00	16
6535	16.00	16
6537	16.00	16
6539	16.00	16
6541	16.00	16
6543	16.00	16
6545	16.00	16
6547	16.00	16
6549	16.00	16
6551	16.00	16
6553	16.00	16
6555	16.00	16
6557	16.00	16
6559	16.00	16
6561	16.00	16
6563	16.00	16
6565	16.00	16
6567	16.00	16
6569	16.00	16
6571	16.00	16
6573	16.00	16
6575	16.00	16
6577	16.00	16
6579	16.00	16
6581	16.00	16
6583	16.00	16
6585	16.00	16
6587	16.00	16
6589	16.00	16
6591	16.00	16
6593	16.00	16
6595	16.00	16
6597	16.00	16
6599	16.00	16
6601	16.00	16
6603	16.00	16
6605	16.00	16
6607	16.00	16
6609	16.00	16
6611	16.00	16
6613	16.00	16
6615	16.00	16
6617	16.00	16
6619	16.00	16
6621	16.00	16
6623	16.00	16
6625	16.00	16
6627	16.00	16
6629	16.00	16
6631	16.00	16
6633	16.00	16
6635	16.00	16
6637	16.00	16
6639	16.00	16
6641	16.00	16
6643	16.00	16
6645	16.00	16
6647	16.00	16
6649	16.00	16
6651	16.00	16
6653	16.00	16
6655	16.00	16
6657	16.00	16
6659	16.00	16
6661	16.00	16
6663	16.00	16
6665	16.00	16
6667	16.00	16
6669	16.00	16
6671	16.00	16
6673	16.00	16
6675	16.00	16
6677	16.00	16
6679	16.00	16
6681	16.00	16
6683	16.00	16
6685	16.00	16
6687	16.00	16
6689	16.00	16
6691	16.00	16
6693	16.00	16
6695	16.00	16
6697	16.00	16
6699	16.00	16
6701	16.00	16
6703	16.00	16
6705	16.00	16
6707	16.00	16
6709	16.00	16
6711	16.00	16
6713	16.00	16
6715	16.00	16
6717	16.00	16
6719	16.00	16
6721	16.00	16
6723	16.00	16
6725	16.00	16
6727	16.00	16
6729	16.00	16
6731	16.00	16
6733	16.00	16
6735	16.00	16
6737	16.00	16
6739	16.00	16
6741	16.00	16
6743	16.00	16
6745	16.00	16
6747	16.00	16
6749	16.00	16
6751	16.00	16
6753	16.00	16
6755	16.00	16
6757	16.00	16
6759	16.00	16
6761	16.00	16
6763	16.00	16
6765	16.00	16
6767	16.00	16
6769	16.00	16
6771	16.00	16
6773	16.00	16
6775	16.00	16
6777	16.00	16
6779	16.00	16
6781	16.00	16
6783	16.00	16
6785	16.00	16
6787	16.00	16
6789	16.00	16
6791	16.00	16
6793	16.00	16
6795	16.00	16
6797	16.00	16
6799	16.00	16
6801	16.00	16
6803	16.00	16
6805	16.00	16
6807	16.00	16
6809	16.00	16
6811	16.00	16
6813	16.00	16
6815	16.00	16
6817	16.00	16
6819	16.00	16
6821	16.00	16
6823	16.00	16
6825	16.00	16
6827	16.00	16
6829	16.00	16
6831	16.00	16
6833	16.00	16
6835	16.00	16
6837	16.00	16
6839	16.00	16
6841	16.00	16
6843	16.00	16
6845	16.00	16
6847	16.00	16
6849	16.00	16
6851	16.00	16
6853	16.00	16
6855	16.00	16
6857	16.00	16
6859	16.00	16
6861	16.00	16
6863	16.00	16
6865	16.00	16
6867	16.00	16
6869	16.00	16
6871	16.00	16
6873	16.00	16
6875	16.00	16
6877	16.00	16
6879	16.00	16
6881	16.00	16
6883	16.00	16
6885	16.00	16
6887	16.00	16
6889	16.00	16
6891	16.00	16
6893	16.00	16
6895	16.00	16
6897	16.00	16
6899	16.00	16
6901	16.00	16
6903	16.00	16
6905	16.00	16
6907	16.00	16
6909	16.00	16
6911	16.00	16
6913	16.00	16
6915	16.00	16
6917	16.00	16
6919	16.00	16
6921	16.00	16
6923	16.00	16
6925	16.00	16
6927	16.00	16
6929	16.00	16
6931	16.00	16
6933	16.00	16
6935	16.00	16
6937	16.00	16
6939	16.00	16
6941	16.00	16
6943	16.00	16
6945	16.00	16
6947	16.00	16
6949	16.00	16
6951	16.00	16
6953	16.00	16
6955	16.00	16
6957	16.00	16
6959	16.00	16
6961	16.00	16
6963	16.00	16
6965	16.00	16
6967	16.00	16
6969	16.00	16
6971	16.00	16
6973	16.00	16
6975	16.00	16
6977	16.00	16
6979	16.00	16
6981	16.00	16
6983	16.00	16
6985	16.00	16
6987	16.00	16
6989	16.00	16
6991	16.00	16
6993	16.00	16
6995	16.00	16
6997	16.00	16
6999	16.00	16
7001	16.00	16
7003	16.00	16
7005	16.00	16
7007	16.00	16
7009	16.00	16
7011	16.00	16
7013	16.00	16
7015	16.00	16
7017	16.00	16
7019	16.00	16
7021	16.00	16
7023	16.00	16
7025	16.00	16
7027	16.00	16
7029	16.00	16
7031	16.00	16
7033	16.00	16
7035	16.00	16
7037	16.00	16
7039	16.00	16
7041	16.00	16
7043	16.00	16
7045	16.00	16
7047	16.00	16
7049	16.00	16
7051	16.00	16
7053	16.00	16
7055	16.00	16
7057	16.00	16
7059	16.00	16
7061	16.00	16
7063	16.00	16
7065	16.00	16
7067	16.00	16
7069	16.00	16
7071	16.00	16
7073	16.00	16
7075	16.00	16
7077	16.00	16
7079	16.00	16
7081	16.00	16
7083	16.00	16
7085	16.00	16
7087	16.00	16
7089	16.00	16
7091	16.00	16
7093	16.00	16
7095	16.00	16
7097	16.00	16
7099	16.00	16
7101	16.00	16
7103	16.00	16
7105	16.00	16
7107	16.00	16
7109	16.00	16
7111	16.00	16
7113	16.00	16
7115	16.00	16
7117	16.00	16
7119	16.00	16
7121	16.00	16
7123	16.00	16
7125	16.00	16
7127	16.00	16
7129	16.00	16
7131	16.00	16
7133	16.00	16
7135	16.00	16
7137	16.00	16
7139	16.00	16
7141	16.00	16
7143	16.00	16
7145	16.00	16
7147	16.00	16
7149	16.00	16
7151	16.00	16
7153	16.00	16
7155	16.00	16
7157	16.00	16
7159	16.00	16
7161	16.00	16
7163	16.00	16
7165	16.00	16
7167	16.00	16
7169	16.00	16
7171	16.00	16
7173	16.00	16
7175	16.00	16
7177	16.00	16
7179	16.00	16
7181	16.00	16
7183	16.00	16
7185	16.00	16
7187	16.00	16
7189	16.00	16
7191	16.00	16
7193	16.00	16
7195	16.00	16
7197	16.00	16
7199	16.00	16
7201	16.00	16
7203	16.00	16
7205	16.00	16
7207	16.00	16
7209	16.00	16
7211	16.00	16
7213	16.00	16
7215	16.00	16
7217	16.00	16
7219	16.00	16
7221	16.00	16
7223	16.00	16
7225	16.00	16
7227	16.00	16
7229	16.00	16
7231	16.00	16
7233	16.00	16
7235	16.00	16
7237	16.00	16
7239	16.00	16
7241	16.00	16
7243	16.00	16
7245	16.00	16
7247	16.00	16
7249	16.00	16
7251	16.00	16
7253	16.00	16
7255	16.00	16
7257	16.00	16
7259	16.00	16
7261	16.00	16
7263	16.00	16
7265	16.00	16
7267	16.00	16
7269	16.00	16
7271	16.00	16
7273	16.00	16
7275	16.00	16
7277	16.00	16
7279	16.00	16
7281	16.00	16
7283	16.00	16
7285	16.00	16
7287	16.00	16
7289	16.00	16
7291	16.00	16
7293	16.00	16
7295	16.00	16
7297	16.00	16
7299	16.00	16
7301	16.00	16
7303	16.00	16
7305	16.00	16
7307	16.00	16
7309	16.00	16
7311	16.00	16
7313	16.00	16
7315	16.00	16
7317	16.00	16
7319	16.00	16
7321	16.00	16
7323	16.00	16
7325	16.00	16
7327	16.00	16
7329	16.00	16
7331	16.00	16
7333	16.00	16
7335	16.00	16
7337	16.00	16
7339	16.00	16
7341	16.00	16
7343	16.00	16
7345	16.00	16
7347	16.00	16
7349	16.00	16
7351	16.00	16
7353	16.00	16
7355	16.00	16
7357	16.00	16
7359	16.00	16
7361	16.00	16
7363	16.00	16
7365	16.00	16
7367	16.00	16
7369	16.00	16
7371	16.00	16
7373	16.00	16
7375	16.00	16
7377	16.00	16
7379	16.00	16
7381	16.00	16
7383	16.00	16
7385	16.00	16
7387	16.00	16
7389	16.00	16
7391	16.00	16
7393	16.00	16
7395	16.00	16
7397	16.00	16
7399	16.00	16
7401	16.00	16
7403	16.00	16
7405	16.00	16
7407	16.00	16
7409	16.00	16
7411	16.00	16
7413	16.00	16
7415	16.00	16
7417	16.00	16
7419	16.00	16
7421	16.00	16
7423	16.00	16
7425	16.00	16
7427	16.00	16
7429	16.00	16
7431	16.00	16
7433	16.00	16
7435	16.00	16
7437	16.00	16
7439	16.00	16
7441	16.00	16
7443	16.00	16
7445	16.00	16
7447	16.00	16
7449	16.00	16
7451	16.00	16
7453	16.00	16
7455	16.00	16
7457	16.00	16
7459	16.00	16
7461	16.00	16
7463	16.00	16
7465	16.00	16
7467	16.00	16
7469	16.00	16
7471	16.00	16
7473	16.00	16
7475	16.00	16
7477	16.00	16
7479	16.00	16
7481	16.00	16
7483	16.00	16
7485	16.00	16
7487	16.00	16
7489	16.00	16
7491	16.00	16
7493	16.00	16
7495	16.00	16
7497	16.00	16
7499	16.00	16
7501	16.00	16
7503	16.00	16
7505	16.00	16
7507	16.00	16
7509	16.00	16
7511	16.00	16
7513	16.00	16
7515	16.00	16
7517	16.00	16
7519	16.00	16
7521	16.00	16
7523	16.00	16
7525	16.00	16
7527	16.00	16
7529	16.00	16
7531	16.00	16
7533	16.00	16
7535	16.00	16
7537	16.00	16
7539	16.00	16
7541	16.00	16
7543	16.00	16
7545	16.00	16
7547	16.00	16
7549	16.00	16
7551	16.00	16
7553	16.00	16
7555	16.00	16
7557	16.00	16
7559	16.00	16
7561	16.00	16
7563	16.00	16
7565	16.00	16
7567	16.00	16
7569	16.00	16
7571	16.00	16
7573	16.00	16
7575	16.00	16
7577	16.00	16
7579	16.00	16
7581	16.00	16
7583	16.00	16
7585	16.00	16
7587	16.00	16
7589	16.00	16
7591	16.00	16
7593	16.00	16
7595	16.00	16
7597	16.00	16
7599	16.00	16
7601	16.00	16
7603	16.00	16
7605	16.00	16
7607	16.00	16
7609	16.00	16
7611	16.00	16
7613	16.00	16
7615	16.00	16
7617	16.00	16
7619	16.00	16
7621	16.00	16
7623	16.00	16
7625	16.00	16
7627	16.00	16
7629	16.00	16
7631	16.00	16
7633	16.00	16
7635	16.00	16
7637	16.00	16
7639	16.00	16
7641	16.00	16
7643	16.00	16
7645	16.00	16
7647	16.00	16
7649	16.00	16
7651	16.00	16
7653	16.00	16
7655	16.00	16
7657	16.00	16
7659	16.00	16
7661	16.00	16
7663	16.00	16
7665	16.00	16
7667	16.00	16
7669	16.00	16
7671	16.00	16
7673	16.00	16
7675	16.00	16
7677	16.00	16
7679	16.00	16
7681	16.00	16
7683	16.00	16
7685	16.00	16
7687	16.00	16
7689	16.00	16
7691	16.00	16
7693	16.00	16
7695	16.00	16
7697	16.00	16
7699	16.00	16
7701	16.00	16
7703	16.00	16
7705	16.00	16
7707	16.00	16
7709	16.00	16
7711	16.00	16
7713	16.00	16
7715	16.00	16
7717	16.00	16
7719	16.00	16
7721	16.00	16
7723	16.00	16
7725	16.00	16
7727	16.00	16
7729	16.00	16
7731	16.00	16
7733	16.00	16
7735	16.00	16
7737	16.00	16
7739	16.00	16
7741	16.00	16
7743	16.00	16
7745	16.00	16
7747	16.00	16
7749	16.00	16
7751	16.00	16
7753	16.00	16
7755	16.00	16
7757	16.00	16
7759	16.00	16
7761	16.00	16
7763	16.00	16
7765	16.00	16
7767	16.00	16
7769	16.00	16
7771	16.00	16
7773	16.00	16
7775	16.00	16
7777	16.00	16
7779	16.00	16
7781	16.00	16
7783	16.00	16
7785	16.00	16
7787	16.00	16
7789	16.00	16
7791	16.00	16
7793	16.00	16
7795	16.00	16
7797	16.00	16
7799	16.00	16
7801	16.00	16
7803	16.00	16
7805	16.00	16
7807	16.00	16
7809	16.00	16
7811	16.00	16
7813	16.00	16
7815	16.00	16
7817	16.00	16
7819	16.00	16
7821	16.00	16
7823	16.00	16
7825	16.00	16
7827	16.00	16
7829	16.00	16
7831	16.00	16
7833	16.00	16
7835	16.00	16
7837	16.00	16
7839	16.00	16
7841	16.00	16
7843	16.00	16
7845	16.00	16
7847	16.00	16
7849	16.00	16
7851	16.00	16
7853	16.00	16
7855	16.00	16
7857	16.00	16
7859	16.00	16
7861	16.00	16
7863	16.00	16
7865	16.00	16
7867	16.00	16
7869	16.00	16
7871	16.00	16
7873	16.00	16
7875	16.00	16
7877	16.00	16
7879	16.00	16
7881	16.00	16
7883	16.00	16
7885	16.00	16
7887	16.00	16
7889	16.00	16
7891	16.00	16
7893	16.00	16
7895	16.00	16
7897	16.00	16
7899	16.00	16
7901	16.00	16
7903	16.00	16
7905	16.00	16
7907	16.00	16
7909	16.00	16
7911	16.00	16
7913	16.00	16
7915	16.00	16
7917	16.00	16
7919	16.00	16
7921	16.00	16
7923	16.00	16
7925	16.00	16
7927	16.00	16
7929	16.00	16
7931	16.00	16
7933	16.00	16
7935	16.00	16
7937	16.00	16
7939	16.00	16
7941	16.00	16
7943	16.00	16
7945	16.00	16
7947	16.00	16
7949	16.00	16
7951	16.00	16
7953	16.00	16
7955	16.00	16
7957	16.00	16
7959	16.00	16
7961	16.00	16
7963	16.00	16
7965	16.00	16
7967	16.00	16
7969	16.00	16
7971	16.00	16
7973	16.00	16
7975	16.00	16
7977	16.00	16
7979	16.00	16
7981	16.00	16
7983	16.00	16
7985	16.00	16
7987	16.00	16
7989	16.00	16
7991	16.00	16
7993	16.00	16
7995	16.00	16
7997	16.00	16
7999	16.00	16
8001	16.00	16
8003	16.00	16
8005	16.00	16
8007	16.00	16
8009	16.00	16
8011	16.00	16
8013	16.00	16
8015	16.00	16
8017	16.00	16
8019	16.00	16
8021	16.00	16
8023	16.00	16
8025	16.00	16
8027	16.00	16
8029	16.00	16
8031	16.00	16
8033	16.00	16
8035	16.00	16
8037	16.00	16
8039	16.00	16
8041	16.00	16
8043	16.00	16
8045	16.00	16
8047	16.00	16
8049	16.00	16
8051	16.00	16
8053	16.00	16
8055	16.00	16
8057	16.00	16
8059	16.00	16
8061	16.00	16
8063	16.00	16
8065	16.00	16
8067	16.00	16
8069	16.00	16
8071	16.00	16
8073	16.00	16
8075	16.00	16
8077	16.00	16
8079	16.00	16
8081	16.00	16
8083	16.00	16
8085	16.00	16
8087	16.00	16
8089	16.00	16
8091	16.00	16
8093	16.00	16
8095	16.00	16
8097	16.00	16
8099	16.00	16
8101	16.00	16
8103	16.00	16
8105	16.00	16
8107	16.00	16
8109	16.00	16
8111	16.00	16
8113	16.00	16
8115	16.00	16
8117	16.00	16
8119	16.00	16
8121	16.00	16
8123	16.00	16
8125	16.00	16
8127	16.00	16
8129	16.00	16
8131	16.00	16
8133	16.00	16
8135	16.00	16
8137	16.00	16
8139	16.00	16
8141	16.00	16
8143	16.00	16
8145	16.00	16
8147	16.00	16
8149	16.00	16
8151	16.00	16
8153	16.00	16
8155	16.00	16
8157	16.00	16
8159	16.00	16
8161	16.00	16
8163	16.00	16
8165	16.00	16
8167	16.00	16
8169	16.00	16
8171	16.00	16
8173	16.00	16
8175	16.00	16
8177	16.00	16
8179	16.00	16
8181	16.00	16
8183	16.00	16
8185	16.00	16
8187	16.00	16
8189	16.00	16
8191	16.00	16
8193	16.00	16
8195	16.00	16
8197	16.00	16
8199	16.00	16
8201	16.00	16
8203	16.00	16
8205	16.00	16
8207	16.00	16
8209	16.00	16
8211	16.00	16
8213	16.00	16
8215	16.00	16
8217	16.00	16
8219	16.00	16
8221	16.00	16
8223	16.00	16
8225	16.00	16
8227	16.00	16
8229	16.00	16
8231	16.00	16
8233	16.00	16
8235	16.00	16
8237	16.00	16
8239	16.00	16
8241	16.00	16
8243	16.00	16
8245	16.00	16
8247	16.00	16
8249	16.00	16
8251	16.00	16
8253	16.00	16
8255	16.00	16
8257	16.00	16
8259	16.00	16
8261	16.00	16
8263	16.00	16
8265	16.00	16
8267	16.00	16
8269	16.00	16
8271	16.00	16
8273	16.00	16
8275	16.00	16
8277	16.00	16
8279	16.00	16
8281	16.00	16
8283	16.00	16
8285	16.00	16
8287	16.00	16
8289	16.00	16
8291	16.00	16
8293	16.00	16
8295	16.00	16
8297	16.00	16
8299	16.00	16
8301	16.00	16
8303	16.00	16
8305	16.00	16
8307	16.00	16
8309	16.00	16
8311	16.00	16
8313	16.00	16
8315	16.00	16
8317	16.00	16
8319	16.00	16
8321	16.00	16
8323	16.00	16
8325	16.00	16
8327	16.00	16
8329	16.00	16
8331	16.00	16
8333	16.00	16
8335	16.00	16
8337	16.00	16
8339	16.00	16
8341	16.00	16
8343	16.00	16
8345	16.00	16
8347	16.00	16
8349	16.00	16
8351	16.00	16
8353	16.00	16
8355	16.00	16
8357	16.00	16
8359	16.00	16
8361	16.00	16
8363	16.00	16
8365	16.00	16
8367	16.00	16
8369	16.00	16
8371	16.00	16
8373	16.00	16
8375	16.00	16
8377	16.00	16
8379	16.00	16
8381	16.00	16
8383	16.00	16
8385	16.00	16
8387	16.00	16
8389	16.00	16
8391	16.00	16
8393	16.00	16
8395	16.00	16
8397	16.00	16
8399	16.00	16
8401	16.00	16
8403	16.00	16
8405	16.00	16
8407	16.00	16
8409	16.00	16
8411	16.00	16
8413	16.00	16
8415	16.00	16
8417	16.00	16
8419	16.00	16
8421	16.00	16
8423	16.00	16
8425	16.00	16
8427	16.00	16
8429	16.00	16
8431	16.00	16
8433	16.00	16
8435	16.00	16
8437	16.00	16
8439	16.00	16
8441	16.00	16
8443	16.00	16
8445	16.00	16
8447	16.00	16
8449	16.00	16
8451	16.00	16
8453	16.00	16
8455	16.00	16
8457	16.00	16
8459	16.00	16
8461	16.00	16
8463	16.00	16
8465	16.00	16
8467	16.00	16
8469	16.00	16
8471	16.00	16
8473	16.00	16
8475	16.00	16
8477	16.00	16
8479	16.00	16
8481	16.00	16
8483	16.00	16
8485	16.00	16
8487	16.00	16
8489	16.00	16
8491	16.00	16
8493	16.00	16
8495	16.00	16
8497	16.00	16
8499	16.00	16
8501	16.00	16
8503	16.00	16
8505	16.00	16
8507	16.00	16
8509	16.00	16
8511	16.00	16
8513	16.00	16
8515	16.00	16
8517	16.00	16
8519	16.00	16
8521	16.00	16
8523	16.00	16
8525	16.00	16
8527	16.00	16
8529	16.00	16
8531	16.00	16
8533	16.00	16
8535	16.00	16
8537	16.00	16
8539	16.00	16
8541	16.00	16
8543	16.00	16
8545	16.00	16
8547	16.00	16
8549	16.00	16
8551	16.00	16
8553	16.00	16
8555	16.00	16
8557	16.00	16
8559	16.00	16
8561	16.00	16
8563	16.00	16
8565	16.00	16
8567	16.00	16
8569	16.00	16
8571	16.00	16
8573	16.00	16
8575	16.00	16
8577	16.00	16
8579	16.00	16
8581	16.00	16
8583	16.00	16
8585	16.00	16
8587	16.00	16
8589	16.00	16
8591	16.00	16
8593	16.00	16
8595	16.00	16
8597	16.00	16
8599	16.00	16
8601	16.00	16
8603	16.00	16
8605	16.00	16
8607	16.00	16
8609	16.00	16
8611	16.00	16
8613	16.00	16
8615	16.00	16
8617	16.00	16
8619	16.00	16
8621	16.00	16
8623	16.00	16
8625	16.00	16
8627	16.00	16
8629	16.00	16
8631	16.00	16
8633	16.00	16
8635	16.00	16
8637	16.00	16
8639	16.00	16
8641	16.00	16
8643	16.00	16
8645	16.00	16
8647	16.00	16
8649	16.00	16
8651	16.00	16
8653	16.00	16
8655	16.00	16
8657	16.00	16
8659	16.00	16
8661	16.00	16
8663	16.00	16
8665	16.00	16
8667	16.00	16
8669	16.00	16
8671	16.00	16
8673	16.00	16
8675	16.00	16
8677	16.00	16
8679	16.00	16
8681	16.00	16
8683	16.00	16
8685	16.00	16
8687	16.00	16
8689	16.00	16
8691	16.00	16
8693	16.00	16
8695	16.00	16
8697	16.00	16
8699	16.00	16
8701	16.00	16
8703	16.00	16
8705	16.00	16
8707	16.00	16
8709	16.00	16
8711	16.00	16
8713	16.00	16
8715	16.00	16
8717	16.00	16
8719	16.00	16
8721	16.00	16
8723	16.00	16
8725	16.00	16
8727	16.00	16
8729	16.00	16
8731	16.00	16
8733	16.00	16
8735	16.00	16
8737	16.00	16
8739	16.00	16
8741	16.00	16
8743	16.00	16
8745	16.00	16
8747	16.00	16
8749	16.00	16
8751	16.00	16
8753	16.00	16
8755	16.00	16
8757	16.00	16
8759	16.00	16
8761	16.00	16
8763	16.00	16
8765	16.00	16
8767	16.00	16
8769	16.00	16
8771	16.00	16
8773	16.00	16
8775	16.00	16
8777	16.00	16
8779	16.00	16
8781	16.00	16
8783	16.00	16
8785	16.00	16
8787	16.00	16
8789	16.00	16
8791	16.00	16
8793	16.00	16
8795	16.00	16
8797	16.00	16
8799	16.00	16
8801	16.00	16
8803	16.00	16
8805	16.00	16
8807	16.00	16
8809	16.00	16
8811	16.00	16
8813	16.00	16
8815	16.00	16
8817	16.00	16
8819	16.00	16
8821	16.00	16
8823	16.00	16
8825	16.00	16
8827	16.00	16
8829	16.00	16
8831	16.00	16
8833	16.00	16
8835	16.00	16
8837	16.00	16
8839	16.00	16
8841	16.00	16
8843	16.00	16
8845	16.00	16
8847	16.00	16
8849	16.00	16
8851	16.00	16
8853	16.00	16
8855	16.00	16
8857	16.00	16
8859	16.00	16
8861	16.00	16
8863	16.00	16
8865	16.00	16
8867	16.00	16
8869	16.00	16
8871	16.00	16
8873	16.00	16
8875	16.00	16
8877	16.00	16
8879	16.00	16
8881	16.00	16
8883	16.00	16
8885	16.00	16
8887	16.00	16
8889	16.00	16
8891	16.00	16
8893	16.00	16
8895	16.00	16
8897	16.00	16
8899	16.00	16
8901	16.00	16
8903	16.00	16
8905	16.00	16
8907	16.00	16
8909	16.00	16
8911	16.00	16
8913	16.00	16
8915	16.00	16
8917	16.00	16
8919	16.00	16
8921	16.00	16
8923	16.00	16
8925	16.00	16
8927	16.00	16
8929	16.00	16
8931	16.00	16
8933	16.00	16
8935	16.00	16
8937	16.00	16
8939	16.00	16
8941	16.00	16
8943	16.00	16
8945	16.00	16
8947	16.00	16
8949	16.00	16
8951	16.00	16
8953	16.00	16
8955	16.00	16
8957	16.00	16
8959	16.00	16
8961	16.00	16
8963	16.00	16
8965	16.00	16
8967	16.00	16
8969	16.00	16
8971	16.00	16
8973	16.00	16
8975	16.00	16
8977	16.00	16
8979	16.00	16
8981	16.00	16
8983	16.00	16
8985	16.00	16
8987	16.00	16
8989	16.00	16
8991	16.00	16
8993	16.00	16
8995	16.00	16
8997	16.00	16
8999	16.00	16
9001	16.00	16
9003	16.00	16
9005	16.00	16
9007	16.00	16
9009	16.00	16
9011	16.00	16
9013	16.00	16
9015	16.00	16
9017	16.00	16
9019	16.00	16
9021	16.00	16
9023	16.00	16
9025	16.00	16
9027	16.00	16
9029	16.00	16
9031	16.00	16
9033	16.00	16
9035	16.00	16
9037	16.00	16
9039	16.00	16
9041	16.00	16
9043	16.00	16
9045	16.00	16
9047	16.00	16
9049	16.00	16
9051	16.00	16
9053	16.00	16
9055	16.00	16
9057	16.00	16
9059	16.00	16
9061	16.00	16
9063	16.00	16
9065	16.00	16
9067	16.00	16
9069	16.00	16
9071	16.00	16
9073	16.00	16
9075	16.00	16
9077	16.00	16
9079	16.00	16
9081	16.00	16
9083	16.00	16
9085	16.00	16
9087	16.00	16
9089	16.00	16
9091	16.00	16
9093	16.00	16
9095	16.00	16
9097	16.00	16
9099	16.00	16
9101	16.00	16
9103	16.00	16
9105	16.00	16
9107	16.00	16
9109	16.00	16
9111	16.00	16
9113	16.00	16
9115	16.00	16
9117	16.00	16
9119	16.00	16
9121	16.00	16
9123	16.00	16
9125	16.00	16
9127	16.00	16
9129	16.00	16
9131	16.00	16
9133	16.00	16
9135	16.00	16
9137	16.00	16
9139	16.00	16
9141	16.00	16
9143	16.00	16
9145	16.00	16
9147	16.00	16
9149	16.00	16
9151	16.00	16
9153	16.00	16
9155	16.00	16
9157	16.00	16
9159	16.00	16
9161	16.00	16
9163	16.00	16
9165	16.00	16
9167	16.00	16
9169	16.00	16
9171	16.00	16
9173	16.00	16
9175	16.00	16
9177	16.00	16
9179	16.00	16
9181	16.00	16
9183	16.00	16
9185	16.00	16
9187	16.00	16
9189	16.00	16
9191	16.00	16
9193	16.00	16
9195	16.00	16
9197	16.00	16
9199	16.00	16
9201	16.00	16
9203	16.00	16
9205	16.00	16
9207	16.00	16
9209	16.00	16
9211	16.00	16
9213	16.00	16
9215	16.00	16
9217	16.00	16
9219	16.00	16
9221	16.00	16
9223	16.00	16
9225	16.00	16
9227	16.00	16
9229	16.00	16
9231	16.00	16
9233	16.00	16
9235	16.00	16
9237	16.00	16
9239	16.00	16
9241	16.00	16
9243	16.00	16
9245	16.00	16
9247	16.00	16
9249	16.00	16
9251	16.00	16
9253	16.00	16
9255	16.00	16
9257	16.00	16
9259	16.00	16
9261	16.00	16
9263	16.00	16
9265	16.00	16
9267	16.00	16
9269	16.00	16
9271	16.00	16
9273	16.00	16
9275	16.00	16
9277	16.00	16
9279	16.00	16
9281	16.00	16
9283	16.00	16
9285	16.00	16
9287	16.00	16
9289	16.00	16
9291	16.00	16
9293	16.00	16
9295	16.00	16
9297	16.00	16
9299	16.00	16
9301	16.00	16
9303	16.00	16
9305	16.00	16
9307	16.00	16
9309	16.00	16
9311	16.00	16
9313	16.00	16
9315	16.00	16
9317	16.00	16
9319	16.00	16
9321	16.00	16
9323	16.00	16
9325	16.00	16
9327	16.00	16
9329	16.00	16
9331	16.00	16
9333	16.00	16
9335	16.00	16
9337	16.00	16
9339	16.00	16
9341	16.00	16
9343	16.00	16
9345	16.00	16
9347	16.00	16
9349	16.00	16
9351	16.00	16
9353	16.00	16
9355	16.00	16
9357	16.00	16
9359	16.00	16
9361	16.00	16
9363	16.00	16
9365	16.00	16
9367	16.00	16
9369	16.00	16
9371	16.00	16
9373	16.00	16
9375	16.00	16
9377	16.00	16
9379	16.00	16
9381	16.00	16
9383	16.00	16
9385	16.00	16
9387	16.00	16
9389	16.00	16
9391	16.00	16
9393	16.00	16
9395	16.00	16
9397	16.00	16
9399	16.00	16
9401	16.00	16
9403	16.00	16
9405	16.00	16
9407	16.00	16
9409	16.00	16
9411	16.00	16
9413	16.00	16
9415	16.00	16
9417	16.00	16
9419	16.00	16
9421	16.00	16
9423	16.00	16
9425	16.00	16
9427	16.00	16
9429	16.00	16
9431	16.00	16
9433	16.00	16
9435	16.00	16
9437	16.00	16
9439	16.00	16
9441	16.00	16
9443	16.00	16
9445	16.00	16
9447	16.00	16
9449	16.00	16
9451	16.00	16
9453	16.00	16
9455	16.00	16
9457	16.00	16
9459	16.00	16
9461	16.00	16
9463	16.00	16
9465	16.00	16
9467	16.00	16
9469	16.00	16
9471	16.00	16
9473	16.00	16
9475	16.00	16
9477	16.00	16
9479	16.00	16
9481	16.00	16
9483	16.00	16
9485	16.00	16
9487	16.00	16
9489	16.00	16
9491	16.00	16
9493	16.00	16
9495	16.00	16
9497	16.00	16
9499	16.00	16
9501	16.00	16
9503	16.00	16
9505	16.00	16
9507	16.00	16
9509	16.00	16
9511	16.00	16
9513	16.00	16
9515	16.00	16
9517	16.00	16
9519	16.00	16
9521	16.00	16
9523	16.00	16
9525	16.00	16
9527	16.00	16
9529	16.00	16
9531	16.00	16
9533	16.00	16
9535	16.00	16
9537	16.00	16
9539	16.00	16
9541	16.00	16
9543	16.00	16
9545	16.00	16
9547	16.00	16
9549	16.00	16
9551	16.00	16
9553	16.00	16
9555	16.00	16
9557	16.00	16
9559	16.00	16
9561	16.00	16
9563	16.00	16
9565	16.00	16
9567	16.00	16
9569	16.00	16
9571	16.00	16
9573	16.00	16
9575	16.00	16
9577	16.00	16
9579	16.00	16
9581	16.00	16
9583	16.00	16
9585	16.00	16
9587	16.00	16
9589	16.00	16
9591	16.00	16
9593	16.00	16
9595	16.00	16
9597	16.00	16
9599	16.00	16
9601	16.00	16
9603	16.00	16
9605	16.00	16
9607	16.00	16
9609	16.00	16
9611	16.00	16
9613	16.00	16
9615	16.00	16
9617	16.00	16
9619	16.00	16
9621	16.00	16
9623	16.00	16
9625	16.00	16
9627	16.00	16
9629	16.00	16
9631	16.00	16
9633	16.00	16
9635	16.00	16
9637	16.00	16
9639	16.00	16
9641	16.00	16
9643	16.00	16
9645	16.00	16
9647	16.00	16
9649	16.00	16
9651	16.00	16
9653	16.00	16
9655	16.00	16
9657	16.00	16
9659	16.00	16
9661	16.00	16
9663	16.00	16
9665	16.00	16
9667	16.00	16
9669	16.00	16
9671	16.00	16
9673	16.00	16
9675	16.00	16
9677	16.00	16
9679	16.00	16
9681	16.00	16
9683	16.00	16
9685	16.00	16
9687	16.00	16
9689	16.00	16
9691	16.00	16
9693	16.00	16
9695	16.00	16
9697	16.00	16
9699	16.00	16
9701	16.00	16
9703	16.00	16
9705	16.00	16
9707	16.00	16
9709	16.00	16
9711	16.00	16
9713	16.00	16
9715	16.00	16
9717	16.00	16
9719	16.00	16
9721	16.00	16
9723	16.00	16
9725	16.00	16
9727	16.00	16
9729	16.00	16
9731	16.00	16
9733	16.00	16
9735	16.00	16
9737	16.00	16
9739	16.00	16
9741	16.00	16
9743	16.00	16
9745	16.00	16
9747	16.00	16
9749	16.00	16
9751	16.00	16
9753	16.00	16
9755	16.00	16
9757	16.00	16
9759	16.00	16
9761	16.00	16
9763	16.00	16
9765	16.00	16
9767	16.00	16
9769	16.00	16
9771	16.00	16
9773	16.00	16
9775	16.00	16
9777	16.00	16
9779	16.00	16
9781	16.00	16
9783	16.00	16
9785	16.00	16
9787	16.00	16
9789	16.00	16
9791	16.00	16
9793	16.00	16
9795	16.00	16
9797	16.00	16
9799	16.00	16
9801	16.00	16
9803	16.00	16
9805	16.00	16
9807	16.00	16
9809	16.00	16
9811	16.00	16
9813	16.00	16
9815	16.00	16
9817	16.00	16
9819	16.00	16
9821	16.00	16
9823	16.00	16
9825	16.00	16
9827	16.00	16
9829	16.00	16
9831	16.00	16
9833	16.00	16
9835	16.00	16
9837	16.00	16
9839	16.00	16
9841	16.00	16
9843	16.00	16
9845	16.00	16
9847	16.00	16
9849	16.00	16
9851	16.00	16
9853	16.00	16
9855	16.00	16
9857	16.00	16
9859	16.00	16
9861	16.00	16
9863	16.00	16
9865	16.00	16
9867	16.00	16
9869	16.00	16
9871	16.00	16
9873	16.00	16
9875	16.00	16
9877	16.00	16
9879	16.00	16
9881	16.00	16
9883	16.00	16
9885	16.00	16
9887	16.00	16
9889	16.00	16
9891	16.00	16
9893	16.00	16
9895	16.00	16
9897	16.00	16
9899	16.00	16
9901	16.00	16
9903	16.00	16
9905	16.00	16
9907	16.00	16
9909	16.00	16
9911	16.00	16
9913	16.00	16
9915	16.00	16
9917	16.00	16
9919	16.00	16
9921	16.00	16
9923	16.00	16
9925	16.00	16
9927	16.00	16
9929	16.00	16
9931	16.00	16
9933	16.00	16
9935	16.00	16
9937	16.00	16
9939	16.00	16
9941	16.00	16
9943	16.00	16
9945	16.00	16
9947	16.00	16
9949	16.00	16
9951	16.00	16
9953	16.00	16
9955	16.00	16
9957	16.00	16
9959	16.00	16
9961	16.00	16
9963	16.00	16
9965	16.00	16
9967	16.00	16
9969	16.00	16
9971	16.00	16
9973	16.00	16
9975	16.00	16
9977	16.00	16
9979	16.00	16
9981	16.00	16
9983	16.00	16
9985	16.00	16
9987	16.00	16
9989	16.00	16
9991	16.00	16
9993	16.00	16
9995	16.00	16
9997	16.00	16
9999	16.00	16
Run 8
5	-39.40	8
7	-11.20	8
9	-5.40	8
11	-5.00	8
13	0.60	8
15	1.40	8
17	1.40	8
19	2.80	8
21	2.80	8
23	2.80	8
25	2.80	8
27	3.20	8
29	4.00	8
31	4.00	8
33	4.00	8
35	4.00	8
37	5.20	8
39	5.20	8
41	5.20	8
43	5.80	8
45	5.80	8
47	5.80	8
49	5.80	8
51	5.80	8
53	5.80	8
55	5.80	8
57	5.80	8
59	7.40	12
61	7.40	12
63	7.40	12
65	7.40	12
67	7.40	12
69	7.40	12
71	8.40	12
73	8.40	12
75	8.40	12
77	8.40	12
79	8.40	12
81	8.40	12
83	8.40	12
85	8.40	12
87	8.40	12
89	8.40	12
91	8.40	12
93	8.40	12
95	8.40	12
97	8.40	12
99	8.40	12
101	8.40	12
103	8.40	12
105	8.40	12
107	8.40	12
109	8.40	12
111	8.40	12
113	8.40	12
115	8.40	12
117	8.40	12
119	8.40	12
121	8.40	12
123	8.40	12
125	8.40	12
127	8.40	12
129	8.40	12
131	8.40	12
133	8.40	12
135	8.80	12
137	8.80	12
139	8.80	12
141	8.80	12
143	8.80	12
145	8.80	12
147	8.80	12
149	8.80	12
151	8.80	12
153	8.80	12
155	8.80	12
157	8.80	12
159	8.80	12
161	8.80	12
163	9.60	12
165	9.60	12
167	9.60	12
169	10.80	14
171	10.80	14
173	10.80	14
175	10.80	14
177	10.80	14
179	10.80	14
181	10.80	14
183	10.80	14
185	10.80	14
187	10.80	14
189	10.80	14
191	10.80	14
193	10.80	14
195	10.80	14
197	10.80	14
199	10.80	14
201	10.80	14
203	10.80	14
205	10.80	14
207	10.80	14
209	11.60	14
211	11.60	14
213	11.60	14
215	11.60	14
217	11.60	14
219	11.60	14
221	11.60	14
223	11.60	14
225	11.60	14
227	11.60	14
229	11.60	14
231	11.60	14
233	11.60	14
235	11.60	14
237	11.60	14
239	11.60	14
241	11.60	14
243	11.60	14
245	11.60	14
247	11.60	14
249	11.60	14
251	11.60	14
253	11.60	14
255	11.60	14
257	11.60	14
259	11.60	14
261	11.60	14
263	11.60	14
265	11.60	14
267	11.60	14
269	11.60	14
271	11.60	14
273	11.60	14
275	11.60	14
277	11.60	14
279	11.60	14
281	11.60	14
283	11.60	14
285	11.60	14
287	11.60	14
289	11.60	14
291	11.60	14
293	11.60	14
295	11.60	14
297	11.60	14
299	11.60	14
301	12.40	14
303	12.40	14
305	12.40	14
307	12.40	14
309	12.40	14
311	12.40	14
313	12.40	14
315	12.40	14
317	12.40	14
319	12.40	14
321	12.40	14
323	12.40	14
325	12.40	14
327	12.40	14
329	12.40	14
331	12.40	14
333	12.40	14
335	12.40	14
337	12.40	14
339	12.40	14
341	12.40	14
343	12.40	14
345	12.40	14
347	12.40	14
349	12.40	14
351	12.40	14
353	12.40	14
355	12.40	14
357	12.40	14
359	12.40	14
361	12.40	14
363	12.40	14
365	12.40	14
367	12.40	14
369	12.40	14
371	12.40	14
373	12.40	14
375	12.40	14
377	12.40	14
379	12.60	14
381	12.60	14
383	12.60	14
385	12.60	14
387	12.60	14
389	12.60	14
391	12.60	14
393	12.60	14
395	12.60	14
397	12.60	14
399	12.60	14
401	12.60	14
403	12.60	14
405	12.60	14
407	12.60	14
409	12.60	14
411	12.60	14
413	12.60	14
415	12.60	14
417	12.60	14
419	12.60	14
421	12.60	14
423	12.60	14
425	12.60	14
427	12.60	14
429	12.60	14
431	12.60	14
433	12.60	14
435	12.60	14
437	12.60	14
439	12.60	14
441	12.60	14
443	12.60	14
445	12.60	14
447	12.60	14
449	12.60	14
451	12.60	14
453	12.60	14
455	12.60	14
457	12.60	14
459	12.60	14
461	12.60	14
463	12.60	14
465	12.60	14
467	12.60	14
469	12.60	14
471	12.60	14
473	12.60	14
475	12.60	14
477	12.60	14
479	12.60	14
481	12.60	14
483	12.60	14
485	12.60	14
487	13.20	14
489	13.20	14
491	13.20	14
493	13.20	14
495	13.20	14
497	13.20	14
499	13.20	14
501	13.20	14
503	13.20	14
505	13.20	14
507	13.20	14
509	13.20	14
511	13.20	14
513	13.20	14
515	13.20	14
517	13.20	14
519	13.20	14
521	13.20	14
523	13.20	14
525	13.20	14
527	13.20	14
529	13.20	14
531	13.20	14
533	13.20	14
535	13.20	14
537	13.20	14
539	13.20	14
541	13.20	14
543	13.20	14
545	13.20	14
547	13.20	14
549	13.20	14
551	13.20	14
553	13.20	14
555	13.20	14
557	13.20	14
559	13.20	14
561	13.20	14
563	13.20	14
565	13.20	14
567	13.20	14
569	13.20	14
571	13.20	14
573	13.20	14
575	13.20	14
577	13.20	14
579	13.20	14
581	13.20	14
583	13.20	14
585	13.20	14
587	13.20	14
589	13.20	14
591	13.20	14
593	13.20	14
595	13.20	14
597	13.20	14
599	13.20	14
601	13.20	14
603	13.20	14
605	13.20	14
607	13.20	14
609	13.20	14
611	13.20	14
613	13.20	14
615	13.20	14
617	13.20	14
619	13.20	14
621	13.20	14
623	13.20	14
625	13.20	14
627	13.20	14
629	13.20	14
631	13.20	14
633	13.20	14
635	13.20	14
637	13.20	14
639	13.20	14
641	13.20	14
643	13.20	14
645	13.20	14
647	13.20	14
649	13.20	14
651	13.20	14
653	13.20	14
655	13.20	14
657	13.20	14
659	13.20	14
661	13.20	14
663	13.20	14
665	13.20	14
667	13.20	14
669	13.20	14
671	13.20	14
673	13.20	14
675	13.20	14
677	13.20	14
679	13.60	14
681	13.60	14
683	13.60	14
685	13.60	14
687	13.60	14
689	13.60	14
691	13.60	14
693	13.60	14
695	13.60	14
697	13.60	14
699	13.60	14
701	13.60	14
703	13.60	14
705	13.60	14
707	13.60	14
709	13.60	14
711	13.60	14
713	13.60	14
715	13.60	14
717	13.60	14
719	13.60	14
721	13.60	14
723	13.60	14
725	13.60	14
727	13.60	14
729	13.60	14
731	13.60	14
733	13.60	14
735	13.60	14
737	13.60	14
739	13.60	14
741	13.60	14
743	13.60	14
745	13.60	14
747	14.00	14
749	14.00	14
751	14.00	14
753	14.00	14
755	14.00	14
757	14.00	14
759	14.00	14
761	14.00	14
763	14.00	14
765	14.00	14
767	14.00	14
769	14.00	14
771	14.00	14
773	14.00	14
775	14.00	14
777	14.00	14
779	14.00	14
781	14.00	14
783	14.00	14
785	14.00	14
787	14.00	14
789	14.00	14
791	14.00	14
793	14.00	14
795	14.00	14
797	14.00	14
799	14.00	14
801	14.00	14
803	14.00	14
805	14.00	14
807	14.00	14
809	14.00	14
811	14.00	14
813	14.00	14
815	14.00	14
817	14.00	14
819	14.00	14
821	14.00	14
823	14.00	14
825	14.00	14
827	14.00	14
829	14.00	14
831	14.00	14
833	14.00	14
835	14.00	14
837	14.00	14
839	14.00	14
841	14.00	14
843	14.00	14
845	14.00	14
847	14.00	14
849	14.00	14
851	14.00	14
853	14.00	14
855	14.00	14
857	14.00	14
859	14.00	14
861	14.00	14
863	14.00	14
865	14.00	14
867	14.00	14
869	14.00	14
871	14.00	14
873	14.00	14
875	14.00	14
877	14.00	14
879	14.00	14
881	14.00	14
883	14.00	14
885	14.00	14
887	14.00	14
889	14.00	14
891	14.00	14
893	14.00	14
895	14.00	14
897	14.00	14
899	14.00	14
901	14.00	14
903	14.00	14
905	14.00	14
907	14.00	14
909	14.00	14
911	14.00	14
913	14.00	14
915	14.00	14
917	14.00	14
919	14.00	14
921	14.00	14
923	14.00	14
925	14.00	14
927	14.00	14
929	14.00	14
931	14.00	14
933	14.00	14
935	14.00	14
937	14.00	14
939	14.00	14
941	14.00	14
943	14.00	14
945	14.00	14
947	14.00	14
949	14.00	14
951	14.00	14
953	14.00	14
955	14.00	14
957	14.00	14
959	14.00	14
961	14.00	14
963	14.00	14
965	14.00	14
967	14.00	14
969	14.00	14
971	14.00	14
973	14.00	14
975	14.00	14
977	14.00	14
979	14.00	14
981	14.00	14
983	14.00	14
985	14.00	14
987	14.00	14
989	14.00	14
991	14.00	14
993	14.00	14
995	14.40	16
997	14.40	16
999	14.40	16
1001	14.40	16
1003	14.40	16
1005	14.40	16
1007	14.40	16
1009	14.40	16
1011	14.40	16
1013	14.40	16
1015	14.40	16
1017	14.40	16
1019	14.40	16
1021	14.40	16
1023	14.40	16
1025	14.40	16
1027	14.40	16
1029	14.40	16
1031	14.40	16
1033	14.40	16
1035	14.40	16
1037	14.40	16
1039	14.40	16
1041	14.40	16
1043	14.40	16
1045	14.40	16
1047	14.40	16
1049	14.40	16
1051	14.40	16
1053	14.40	16
1055	14.40	16
1057	14.40	16
1059	14.40	16
1061	14.40	16
1063	14.40	16
1065	14.40	16
1067	14.40	16
1069	14.40	16
1071	14.40	16
1073	14.40	16
1075	14.40	16
1077	14.40	16
1079	14.40	16
1081	14.40	16
1083	14.40	16
1085	14.40	16
1087	14.40	16
1089	14.40	16
1091	14.40	16
1093	14.40	16
1095	14.40	16
1097	14.40	16
1099	14.40	16
1101	14.40	16
1103	14.40	16
1105	14.40	16
1107	14.40	16
1109	14.40	16
1111	14.40	16
1113	14.40	16
1115	14.40	16
1117	14.40	16
1119	14.40	16
1121	14.40	16
1123	14.40	16
1125	14.40	16
1127	14.40	16
1129	14.40	16
1131	14.40	16
1133	14.40	16
1135	14.40	16
1137	14.40	16
1139	14.40	16
1141	14.40	16
1143	14.40	16
1145	14.40	16
1147	14.40	16
1149	14.40	16
1151	14.40	16
1153	14.40	16
1155	14.40	16
1157	14.40	16
1159	14.40	16
1161	14.40	16
1163	14.40	16
1165	14.40	16
1167	14.40	16
1169	14.40	16
1171	14.40	16
1173	14.40	16
1175	14.40	16
1177	14.40	16
1179	14.40	16
1181	14.40	16
1183	14.40	16
1185	14.40	16
1187	14.40	16
1189	14.40	16
1191	14.40	16
1193	14.40	16
1195	14.40	16
1197	14.40	16
1199	14.40	16
1201	14.40	16
1203	14.40	16
1205	14.40	16
1207	14.40	16
1209	14.40	16
1211	14.40	16
1213	14.40	16
1215	14.40	16
1217	14.40	16
1219	14.40	16
1221	14.40	16
1223	14.40	16
1225	14.40	16
1227	14.40	16
1229	14.40	16
1231	14.40	16
1233	14.40	16
1235	14.40	16
1237	14.40	16
1239	14.40	16
1241	14.40	16
1243	14.40	16
1245	14.40	16
1247	14.40	16
1249	14.40	16
1251	14.40	16
1253	14.40	16
1255	14.40	16
1257	14.40	16
1259	14.40	16
1261	14.40	16
1263	14.40	16
1265	14.40	16
1267	14.40	16
1269	14.40	16
1271	14.40	16
1273	14.40	16
1275	14.40	16
1277	14.40	16
1279	14.40	16
1281	14.40	16
1283	14.40	16
1285	14.40	16
1287	14.40	16
1289	14.40	16
1291	14.40	16
1293	14.40	16
1295	14.40	16
1297	14.40	16
1299	14.40	16
1301	14.40	16
1303	14.40	16
1305	14.40	16
1307	14.40	16
1309	14.40	16
1311	14.40	16
1313	14.40	16
1315	14.40	16
1317	14.40	16
1319	14.40	16
1321	14.40	16
1323	14.40	16
1325	14.40	16
1327	14.40	16
1329	14.40	16
1331	14.40	16
1333	14.40	16
1335	14.40	16
1337	14.40	16
1339	14.40	16
1341	14.40	16
1343	14.40	16
1345	14.40	16
1347	14.40	16
1349	14.40	16
1351	14.40	16
1353	14.40	16
1355	14.40	16
1357	14.40	16
1359	14.40	16
1361	14.40	16
1363	14.40	16
1365	14.40	16
1367	14.40	16
1369	14.40	16
1371	14.40	16
1373	14.40	16
1375	14.40	16
1377	14.40	16
1379	14.40	16
1381	14.40	16
1383	14.40	16
1385	14.40	16
1387	14.40	16
1389	14.40	16
1391	14.40	16
1393	14.40	16
1395	14.40	16
1397	14.40	16
1399	14.40	16
1401	14.40	16
1403	14.40	16
1405	14.40	16
1407	14.40	16
1409	14.40	16
1411	14.40	16
1413	14.40	16
1415	14.40	16
1417	14.40	16
1419	14.40	16
1421	14.40	16
1423	14.40	16
1425	14.40	16
1427	14.40	16
1429	14.40	16
1431	14.40	16
1433	14.40	16
1435	14.40	16
1437	14.40	16
1439	14.40	16
1441	14.40	16
1443	14.40	16
1445	14.40	16
1447	14.40	16
1449	14.40	16
1451	14.40	16
1453	14.40	16
1455	14.40	16
1457	14.40	16
1459	14.40	16
1461	14.40	16
1463	14.40	16
1465	14.40	16
1467	14.40	16
1469	14.40	16
1471	14.40	16
1473	14.40	16
1475	14.40	16
1477	14.40	16
1479	14.40	16
1481	14.40	16
1483	14.40	16
1485	14.40	16
1487	14.40	16
1489	14.40	16
1491	14.40	16
1493	14.40	16
1495	14.40	16
1497	14.40	16
1499	14.40	16
1501	14.40	16
1503	14.40	16
1505	14.40	16
1507	14.40	16
1509	14.40	16
1511	14.40	16
1513	14.40	16
1515	14.40	16
1517	14.40	16
1519	14.40	16
1521	14.40	16
1523	14.40	16
1525	14.40	16
1527	14.40	16
1529	14.40	16
1531	14.40	16
1533	14.40	16
1535	14.40	16
1537	14.40	16
1539	14.40	16
1541	14.40	16
1543	14.40	16
1545	14.40	16
1547	14.40	16
1549	14.40	16
1551	14.40	16
1553	14.40	16
1555	14.40	16
1557	14.40	16
1559	14.40	16
1561	14.40	16
1563	14.40	16
1565	14.40	16
1567	14.40	16
1569	14.40	16
1571	14.40	16
1573	14.40	16
1575	14.40	16
1577	14.40	16
1579	14.40	16
1581	14.40	16
1583	14.40	16
1585	14.40	16
1587	14.40	16
1589	14.40	16
1591	14.40	16
1593	14.40	16
1595	14.40	16
1597	14.40	16
1599	14.40	16
1601	14.40	16
1603	14.40	16
1605	14.40	16
1607	14.40	16
1609	14.40	16
1611	14.40	16
1613	14.40	16
1615	14.40	16
1617	14.40	16
1619	14.40	16
1621	14.40	16
1623	14.40	16
1625	14.40	16
1627	14.40	16
1629	14.40	16
1631	14.40	16
1633	14.40	16
1635	14.40	16
1637	14.40	16
1639	14.40	16
1641	14.40	16
1643	14.40	16
1645	14.40	16
1647	14.40	16
1649	14.40	16
1651	14.40	16
1653	14.40	16
1655	14.40	16
1657	14.40	16
1659	14.40	16
1661	14.40	16
1663	14.40	16
1665	14.40	16
1667	14.40	16
1669	14.40	16
1671	14.40	16
1673	14.40	16
1675	14.40	16
1677	14.40	16
1679	14.40	16
1681	14.40	16
1683	14.40	16
1685	14.40	16
1687	14.40	16
1689	14.40	16
1691	14.80	16
1693	14.80	16
1695	14.80	16
1697	14.80	16
1699	14.80	16
1701	14.80	16
1703	14.80	16
1705	14.80	16
1707	14.80	16
1709	14.80	16
1711	14.80	16
1713	14.80	16
1715	14.80	16
1717	14.80	16
1719	14.80	16
1721	14.80	16
1723	14.80	16
1725	14.80	16
1727	14.80	16
1729	14.80	16
1731	14.80	16
1733	14.80	16
1735	14.80	16
1737	14.80	16
1739	14.80	16
1741	14.80	16
1743	14.80	16
1745	14.80	16
1747	14.80	16
1749	14.80	16
1751	14.80	16
1753	14.80	16
1755	14.80	16
1757	14.80	16
1759	14.80	16
1761	14.80	16
1763	14.80	16
1765	14.80	16
1767	14.80	16
1769	14.80	16
1771	14.80	16
1773	14.80	16
1775	14.80	16
1777	14.80	16
1779	14.80	16
1781	14.80	16
1783	14.80	16
1785	14.80	16
1787	14.80	16
1789	14.80	16
1791	14.80	16
1793	14.80	16
1795	14.80	16
1797	14.80	16
1799	14.80	16
1801	14.80	16
1803	14.80	16
1805	14.80	16
1807	14.80	16
1809	14.80	16
1811	14.80	16
1813	14.80	16
1815	14.80	16
1817	14.80	16
1819	14.80	16
1821	14.80	16
1823	14.80	16
1825	14.80	16
1827	14.80	16
1829	14.80	16
1831	14.80	16
1833	14.80	16
1835	14.80	16
1837	14.80	16
1839	14.80	16
1841	14.80	16
1843	14.80	16
1845	14.80	16
1847	14.80	16
1849	14.80	16
1851	14.80	16
1853	14.80	16
1855	14.80	16
1857	14.80	16
1859	14.80	16
1861	14.80	16
1863	14.80	16
1865	14.80	16
1867	14.80	16
1869	14.80	16
1871	14.80	16
1873	14.80	16
1875	14.80	16
1877	14.80	16
1879	14.80	16
1881	14.80	16
1883	14.80	16
1885	14.80	16
1887	14.80	16
1889	15.20	16
1891	15.20	16
1893	15.20	16
1895	15.20	16
1897	15.20	16
1899	15.20	16
1901	15.20	16
1903	15.20	16
1905	15.20	16
1907	15.20	16
1909	15.20	16
1911	15.20	16
1913	15.20	16
1915	15.20	16
1917	15.20	16
1919	15.20	16
1921	15.60	16
1923	15.60	16
1925	15.60	16
1927	15.60	16
1929	15.60	16
1931	16.00	16
1933	16.00	16
1935	16.00	16
1937	16.00	16
1939	16.00	16
1941	16.00	16
1943	16.00	16
1945	16.00	16
1947	16.00	16
1949	16.00	16
1951	16.00	16
1953	16.00	16
1955	16.00	16
1957	16.00	16
1959	16.00	16
1961	16.00	16
1963	16.00	16
1965	16.00	16
1967	16.00	16
1969	16.00	16
1971	16.00	16
1973	16.00	16
1975	16.00	16
1977	16.00	16
1979	16.00	16
1981	16.00	16
1983	16.00	16
1985	16.00	16
1987	16.00	16
1989	16.00	16
1991	16.00	16
1993	16.00	16
1995	16.00	16
1997	16.00	16
1999	16.00	16
2001	16.00	16
2003	16.00	16
2005	16.00	16
2007	16.00	16
2009	16.00	16
2011	16.00	16
2013	16.00	16
2015	16.00	16
2017	16.00	16
2019	16.00	16
2021	16.00	16
2023	16.00	16
2025	16.00	16
2027	16.00	16
2029	16.00	16
2031	16.00	16
2033	16.00	16
2035	16.00	16
2037	16.00	16
2039	16.00	16
2041	16.00	16
2043	16.00	16
2045	16.00	16
2047	16.00	16
2049	16.00	16
2051	16.00	16
2053	16.00	16
2055	16.00	16
2057	16.00	16
2059	16.00	16
2061	16.00	16
2063	16.00	16
2065	16.00	16
2067	16.00	16
2069	16.00	16
2071	16.00	16
2073	16.00	16
2075	16.00	16
2077	16.00	16
2079	16.00	16
2081	16.00	16
2083	16.00	16
2085	16.00	16
2087	16.00	16
2089	16.00	16
2091	16.00	16
2093	16.00	16
2095	16.00	16
2097	16.00	16
2099	16.00	16
2101	16.00	16
2103	16.00	16
2105	16.00	16
2107	16.00	16
2109	16.00	16
2111	16.00	16
2113	16.00	16
2115	16.00	16
2117	16.00	16
2119	16.00	16
2121	16.00	16
2123	16.00	16
2125	16.00	16
2127	16.00	16
2129	16.00	16
2131	16.00	16
2133	16.00	16
2135	16.00	16
2137	16.00	16
2139	16.00	16
2141	16.00	16
2143	16.00	16
2145	16.00	16
2147	16.00	16
2149	16.00	16
2151	16.00	16
2153	16.00	16
2155	16.00	16
2157	16.00	16
2159	16.00	16
2161	16.00	16
2163	16.00	16
2165	16.00	16
2167	16.00	16
2169	16.00	16
2171	16.00	16
2173	16.00	16
2175	16.00	16
2177	16.00	16
2179	16.00	16
2181	16.00	16
2183	16.00	16
2185	16.00	16
2187	16.00	16
2189	16.00	16
2191	16.00	16
2193	16.00	16
2195	16.00	16
2197	16.00	16
2199	16.00	16
2201	16.00	16
2203	16.00	16
2205	16.00	16
2207	16.00	16
2209	16.00	16
2211	16.00	16
2213	16.00	16
2215	16.00	16
2217	16.00	16
2219	16.00	16
2221	16.00	16
2223	16.00	16
2225	16.00	16
2227	16.00	16
2229	16.00	16
2231	16.00	16
2233	16.00	16
2235	16.00	16
2237	16.00	16
2239	16.00	16
2241	16.00	16
2243	16.00	16
2245	16.00	16
2247	16.00	16
2249	16.00	16
2251	16.00	16
2253	16.00	16
2255	16.00	16
2257	16.00	16
2259	16.00	16
2261	16.00	16
2263	16.00	16
2265	16.00	16
2267	16.00	16
2269	16.00	16
2271	16.00	16
2273	16.00	16
2275	16.00	16
2277	16.00	16
2279	16.00	16
2281	16.00	16
2283	16.00	16
2285	16.00	16
2287	16.00	16
2289	16.00	16
2291	16.00	16
2293	16.00	16
2295	16.00	16
2297	16.00	16
2299	16.00	16
2301	16.00	16
2303	16.00	16
2305	16.00	16
2307	16.00	16
2309	16.00	16
2311	16.00	16
2313	16.00	16
2315	16.00	16
2317	16.00	16
2319	16.00	16
2321	16.00	16
2323	16.00	16
2325	16.00	16
2327	16.00	16
2329	16.00	16
2331	16.00	16
2333	16.00	16
2335	16.00	16
2337	16.00	16
2339	16.00	16
2341	16.00	16
2343	16.00	16
2345	16.00	16
2347	16.00	16
2349	16.00	16
2351	16.00	16
2353	16.00	16
2355	16.00	16
2357	16.00	16
2359	16.00	16
2361	16.00	16
2363	16.00	16
2365	16.00	16
2367	16.00	16
2369	16.00	16
2371	16.00	16
2373	16.00	16
2375	16.00	16
2377	16.00	16
2379	16.00	16
2381	16.00	16
2383	16.00	16
2385	16.00	16
2387	16.00	16
2389	16.00	16
2391	16.00	16
2393	16.00	16
2395	16.00	16
2397	16.00	16
2399	16.00	16
2401	16.00	16
2403	16.00	16
2405	16.00	16
2407	16.00	16
2409	16.00	16
2411	16.00	16
2413	16.00	16
2415	16.00	16
2417	16.00	16
2419	16.00	16
2421	16.00	16
2423	16.00	16
2425	16.00	16
2427	16.00	16
2429	16.00	16
2431	16.00	16
2433	16.00	16
2435	16.00	16
2437	16.00	16
2439	16.00	16
2441	16.00	16
2443	16.00	16
2445	16.00	16
2447	16.00	16
2449	16.00	16
2451	16.00	16
2453	16.00	16
2455	16.00	16
2457	16.00	16
2459	16.00	16
2461	16.00	16
2463	16.00	16
2465	16.00	16
2467	16.00	16
2469	16.00	16
2471	16.00	16
2473	16.00	16
2475	16.00	16
2477	16.00	16
2479	16.00	16
2481	16.00	16
2483	16.00	16
2485	16.00	16
2487	16.00	16
2489	16.00	16
2491	16.00	16
2493	16.00	16
2495	16.00	16
2497	16.00	16
2499	16.00	16
2501	16.00	16
2503	16.00	16
2505	16.00	16
2507	16.00	16
2509	16.00	16
2511	16.00	16
2513	16.00	16
2515	16.00	16
2517	16.00	16
2519	16.00	16
2521	16.00	16
2523	16.00	16
2525	16.00	16
2527	16.00	16
2529	16.00	16
2531	16.00	16
2533	16.00	16
2535	16.00	16
2537	16.00	16
2539	16.00	16
2541	16.00	16
2543	16.00	16
2545	16.00	16
2547	16.00	16
2549	16.00	16
2551	16.00	16
2553	16.00	16
2555	16.00	16
2557	16.00	16
2559	16.00	16
2561	16.00	16
2563	16.00	16
2565	16.00	16
2567	16.00	16
2569	16.00	16
2571	16.00	16
2573	16.00	16
2575	16.00	16
2577	16.00	16
2579	16.00	16
2581	16.00	16
2583	16.00	16
2585	16.00	16
2587	16.00	16
2589	16.00	16
2591	16.00	16
2593	16.00	16
2595	16.00	16
2597	16.00	16
2599	16.00	16
2601	16.00	16
2603	16.00	16
2605	16.00	16
2607	16.00	16
2609	16.00	16
2611	16.00	16
2613	16.00	16
2615	16.00	16
2617	16.00	16
2619	16.00	16
2621	16.00	16
2623	16.00	16
2625	16.00	16
2627	16.00	16
2629	16.00	16
2631	16.00	16
2633	16.00	16
2635	16.00	16
2637	16.00	16
2639	16.00	16
2641	16.00	16
2643	16.00	16
2645	16.00	16
2647	16.00	16
2649	16.00	16
2651	16.00	16
2653	16.00	16
2655	16.00	16
2657	16.00	16
2659	16.00	16
2661	16.00	16
2663	16.00	16
2665	16.00	16
2667	16.00	16
2669	16.00	16
2671	16.00	16
2673	16.00	16
2675	16.00	16
2677	16.00	16
2679	16.00	16
2681	16.00	16
2683	16.00	16
2685	16.00	16
2687	16.00	16
2689	16.00	16
2691	16.00	16
2693	16.00	16
2695	16.00	16
2697	16.00	16
2699	16.00	16
2701	16.00	16
2703	16.00	16
2705	16.00	16
2707	16.00	16
2709	16.00	16
2711	16.00	16
2713	16.00	16
2715	16.00	16
2717	16.00	16
2719	16.00	16
2721	16.00	16
2723	16.00	16
2725	16.00	16
2727	16.00	16
2729	16.00	16
2731	16.00	16
2733	16.00	16
2735	16.00	16
2737	16.00	16
2739	16.00	16
2741	16.00	16
2743	16.00	16
2745	16.00	16
2747	16.00	16
2749	16.00	16
2751	16.00	16
2753	16.00	16
2755	16.00	16
2757	16.00	16
2759	16.00	16
2761	16.00	16
2763	16.00	16
2765	16.00	16
2767	16.00	16
2769	16.00	16
2771	16.00	16
2773	16.00	16
2775	16.00	16
2777	16.00	16
2779	16.00	16
2781	16.00	16
2783	16.00	16
2785	16.00	16
2787	16.00	16
2789	16.00	16
2791	16.00	16
2793	16.00	16
2795	16.00	16
2797	16.00	16
2799	16.00	16
2801	16.00	16
2803	16.00	16
2805	16.00	16
2807	16.00	16
2809	16.00	16
2811	16.00	16
2813	16.00	16
2815	16.00	16
2817	16.00	16
2819	16.00	16
2821	16.00	16
2823	16.00	16
2825	16.00	16
2827	16.00	16
2829	16.00	16
2831	16.00	16
2833	16.00	16
2835	16.00	16
2837	16.00	16
2839	16.00	16
2841	16.00	16
2843	16.00	16
2845	16.00	16
2847	16.00	16
2849	16.00	16
2851	16.00	16
2853	16.00	16
2855	16.00	16
2857	16.00	16
2859	16.00	16
2861	16.00	16
2863	16.00	16
2865	16.00	16
2867	16.00	16
2869	16.00	16
2871	16.00	16
2873	16.00	16
2875	16.00	16
2877	16.00	16
2879	16.00	16
2881	16.00	16
2883	16.00	16
2885	16.00	16
2887	16.00	16
2889	16.00	16
2891	16.00	16
2893	16.00	16
2895	16.00	16
2897	16.00	16
2899	16.00	16
2901	16.00	16
2903	16.00	16
2905	16.00	16
2907	16.00	16
2909	16.00	16
2911	16.00	16
2913	16.00	16
2915	16.00	16
2917	16.00	16
2919	16.00	16
2921	16.00	16
2923	16.00	16
2925	16.00	16
2927	16.00	16
2929	16.00	16
2931	16.00	16
2933	16.00	16
2935	16.00	16
2937	16.00	16
2939	16.00	16
2941	16.00	16
2943	16.00	16
2945	16.00	16
2947	16.00	16
2949	16.00	16
2951	16.00	16
2953	16.00	16
2955	16.00	16
2957	16.00	16
2959	16.00	16
2961	16.00	16
2963	16.00	16
2965	16.00	16
2967	16.00	16
2969	16.00	16
2971	16.00	16
2973	16.00	16
2975	16.00	16
2977	16.00	16
2979	16.00	16
2981	16.00	16
2983	16.00	16
2985	16.00	16
2987	16.00	16
2989	16.00	16
2991	16.00	16
2993	16.00	16
2995	16.00	16
2997	16.00	16
2999	16.00	16
3001	16.00	16
3003	16.00	16
3005	16.00	16
3007	16.00	16
3009	16.00	16
3011	16.00	16
3013	16.00	16
3015	16.00	16
3017	16.00	16
3019	16.00	16
3021	16.00	16
3023	16.00	16
3025	16.00	16
3027	16.00	16
3029	16.00	16
3031	16.00	16
3033	16.00	16
3035	16.00	16
3037	16.00	16
3039	16.00	16
3041	16.00	16
3043	16.00	16
3045	16.00	16
3047	16.00	16
3049	16.00	16
3051	16.00	16
3053	16.00	16
3055	16.00	16
3057	16.00	16
3059	16.00	16
3061	16.00	16
3063	16.00	16
3065	16.00	16
3067	16.00	16
3069	16.00	16
3071	16.00	16
3073	16.00	16
3075	16.00	16
3077	16.00	16
3079	16.00	16
3081	16.00	16
3083	16.00	16
3085	16.00	16
3087	16.00	16
3089	16.00	16
3091	16.00	16
3093	16.00	16
3095	16.00	16
3097	16.00	16
3099	16.00	16
3101	16.00	16
3103	16.00	16
3105	16.00	16
3107	16.00	16
3109	16.00	16
3111	16.00	16
3113	16.00	16
3115	16.00	16
3117	16.00	16
3119	16.00	16
3121	16.00	16
3123	16.00	16
3125	16.00	16
3127	16.00	16
3129	16.00	16
3131	16.00	16
3133	16.00	16
3135	16.00	16
3137	16.00	16
3139	16.00	16
3141	16.00	16
3143	16.00	16
3145	16.00	16
3147	16.00	16
3149	16.00	16
3151	16.00	16
3153	16.00	16
3155	16.00	16
3157	16.00	16
3159	16.00	16
3161	16.00	16
3163	16.00	16
3165	16.00	16
3167	16.00	16
3169	16.00	16
3171	16.00	16
3173	16.00	16
3175	16.00	16
3177	16.00	16
3179	16.00	16
3181	16.00	16
3183	16.00	16
3185	16.00	16
3187	16.00	16
3189	16.00	16
3191	16.00	16
3193	16.00	16
3195	16.00	16
3197	16.00	16
3199	16.00	16
3201	16.00	16
3203	16.00	16
3205	16.00	16
3207	16.00	16
3209	16.00	16
3211	16.00	16
3213	16.00	16
3215	16.00	16
3217	16.00	16
3219	16.00	16
3221	16.00	16
3223	16.00	16
3225	16.00	16
3227	16.00	16
3229	16.00	16
3231	16.00	16
3233	16.00	16
3235	16.00	16
3237	16.00	16
3239	16.00	16
3241	16.00	16
3243	16.00	16
3245	16.00	16
3247	16.00	16
3249	16.00	16
3251	16.00	16
3253	16.00	16
3255	16.00	16
3257	16.00	16
3259	16.00	16
3261	16.00	16
3263	16.00	16
3265	16.00	16
3267	16.00	16
3269	16.00	16
3271	16.00	16
3273	16.00	16
3275	16.00	16
3277	16.00	16
3279	16.00	16
3281	16.00	16
3283	16.00	16
3285	16.00	16
3287	16.00	16
3289	16.00	16
3291	16.00	16
3293	16.00	16
3295	16.00	16
3297	16.00	16
3299	16.00	16
3301	16.00	16
3303	16.00	16
3305	16.00	16
3307	16.00	16
3309	16.00	16
3311	16.00	16
3313	16.00	16
3315	16.00	16
3317	16.00	16
3319	16.00	16
3321	16.00	16
3323	16.00	16
3325	16.00	16
3327	16.00	16
3329	16.00	16
3331	16.00	16
3333	16.00	16
3335	16.00	16
3337	16.00	16
3339	16.00	16
3341	16.00	16
3343	16.00	16
3345	16.00	16
3347	16.00	16
3349	16.00	16
3351	16.00	16
3353	16.00	16
3355	16.00	16
3357	16.00	16
3359	16.00	16
3361	16.00	16
3363	16.00	16
3365	16.00	16
3367	16.00	16
3369	16.00	16
3371	16.00	16
3373	16.00	16
3375	16.00	16
3377	16.00	16
3379	16.00	16
3381	16.00	16
3383	16.00	16
3385	16.00	16
3387	16.00	16
3389	16.00	16
3391	16.00	16
3393	16.00	16
3395	16.00	16
3397	16.00	16
3399	16.00	16
3401	16.00	16
3403	16.00	16
3405	16.00	16
3407	16.00	16
3409	16.00	16
3411	16.00	16
3413	16.00	16
3415	16.00	16
3417	16.00	16
3419	16.00	16
3421	16.00	16
3423	16.00	16
3425	16.00	16
3427	16.00	16
3429	16.00	16
3431	16.00	16
3433	16.00	16
3435	16.00	16
3437	16.00	16
3439	16.00	16
3441	16.00	16
3443	16.00	16
3445	16.00	16
3447	16.00	16
3449	16.00	16
3451	16.00	16
3453	16.00	16
3455	16.00	16
3457	16.00	16
3459	16.00	16
3461	16.00	16
3463	16.00	16
3465	16.00	16
3467	16.00	16
3469	16.00	16
3471	16.00	16
3473	16.00	16
3475	16.00	16
3477	16.00	16
3479	16.00	16
3481	16.00	16
3483	16.00	16
3485	16.00	16
3487	16.00	16
3489	16.00	16
3491	16.00	16
3493	16.00	16
3495	16.00	16
3497	16.00	16
3499	16.00	16
3501	16.00	16
3503	16.00	16
3505	16.00	16
3507	16.00	16
3509	16.00	16
3511	16.00	16
3513	16.00	16
3515	16.00	16
3517	16.00	16
3519	16.00	16
3521	16.00	16
3523	16.00	16
3525	16.00	16
3527	16.00	16
3529	16.00	16
3531	16.00	16
3533	16.00	16
3535	16.00	16
3537	16.00	16
3539	16.00	16
3541	16.00	16
3543	16.00	16
3545	16.00	16
3547	16.00	16
3549	16.00	16
3551	16.00	16
3553	16.00	16
3555	16.00	16
3557	16.00	16
3559	16.00	16
3561	16.00	16
3563	16.00	16
3565	16.00	16
3567	16.00	16
3569	16.00	16
3571	16.00	16
3573	16.00	16
3575	16.00	16
3577	16.00	16
3579	16.00	16
3581	16.00	16
3583	16.00	16
3585	16.00	16
3587	16.00	16
3589	16.00	16
3591	16.00	16
3593	16.00	16
3595	16.00	16
3597	16.00	16
3599	16.00	16
3601	16.00	16
3603	16.00	16
3605	16.00	16
3607	16.00	16
3609	16.00	16
3611	16.00	16
3613	16.00	16
3615	16.00	16
3617	16.00	16
3619	16.00	16
3621	16.00	16
3623	16.00	16
3625	16.00	16
3627	16.00	16
3629	16.00	16
3631	16.00	16
3633	16.00	16
3635	16.00	16
3637	16.00	16
3639	16.00	16
3641	16.00	16
3643	16.00	16
3645	16.00	16
3647	16.00	16
3649	16.00	16
3651	16.00	16
3653	16.00	16
3655	16.00	16
3657	16.00	16
3659	16.00	16
3661	16.00	16
3663	16.00	16
3665	16.00	16
3667	16.00	16
3669	16.00	16
3671	16.00	16
3673	16.00	16
3675	16.00	16
3677	16.00	16
3679	16.00	16
3681	16.00	16
3683	16.00	16
3685	16.00	16
3687	16.00	16
3689	16.00	16
3691	16.00	16
3693	16.00	16
3695	16.00	16
3697	16.00	16
3699	16.00	16
3701	16.00	16
3703	16.00	16
3705	16.00	16
3707	16.00	16
3709	16.00	16
3711	16.00	16
3713	16.00	16
3715	16.00	16
3717	16.00	16
3719	16.00	16
3721	16.00	16
3723	16.00	16
3725	16.00	16
3727	16.00	16
3729	16.00	16
3731	16.00	16
3733	16.00	16
3735	16.00	16
3737	16.00	16
3739	16.00	16
3741	16.00	16
3743	16.00	16
3745	16.00	16
3747	16.00	16
3749	16.00	16
3751	16.00	16
3753	16.00	16
3755	16.00	16
3757	16.00	16
3759	16.00	16
3761	16.00	16
3763	16.00	16
3765	16.00	16
3767	16.00	16
3769	16.00	16
3771	16.00	16
3773	16.00	16
3775	16.00	16
3777	16.00	16
3779	16.00	16
3781	16.00	16
3783	16.00	16
3785	16.00	16
3787	16.00	16
3789	16.00	16
3791	16.00	16
3793	16.00	16
3795	16.00	16
3797	16.00	16
3799	16.00	16
3801	16.00	16
3803	16.00	16
3805	16.00	16
3807	16.00	16
3809	16.00	16
3811	16.00	16
3813	16.00	16
3815	16.00	16
3817	16.00	16
3819	16.00	16
3821	16.00	16
3823	16.00	16
3825	16.00	16
3827	16.00	16
3829	16.00	16
3831	16.00	16
3833	16.00	16
3835	16.00	16
3837	16.00	16
3839	16.00	16
3841	16.00	16
3843	16.00	16
3845	16.00	16
3847	16.00	16
3849	16.00	16
3851	16.00	16
3853	16.00	16
3855	16.00	16
3857	16.00	16
3859	16.00	16
3861	16.00	16
3863	16.00	16
3865	16.00	16
3867	16.00	16
3869	16.00	16
3871	16.00	16
3873	16.00	16
3875	16.00	16
3877	16.00	16
3879	16.00	16
3881	16.00	16
3883	16.00	16
3885	16.00	16
3887	16.00	16
3889	16.00	16
3891	16.00	16
3893	16.00	16
3895	16.00	16
3897	16.00	16
3899	16.00	16
3901	16.00	16
3903	16.00	16
3905	16.00	16
3907	16.00	16
3909	16.00	16
3911	16.00	16
3913	16.00	16
3915	16.00	16
3917	16.00	16
3919	16.00	16
3921	16.00	16
3923	16.00	16
3925	16.00	16
3927	16.00	16
3929	16.00	16
3931	16.00	16
3933	16.00	16
3935	16.00	16
3937	16.00	16
3939	16.00	16
3941	16.00	16
3943	16.00	16
3945	16.00	16
3947	16.00	16
3949	16.00	16
3951	16.00	16
3953	16.00	16
3955	16.00	16
3957	16.00	16
3959	16.00	16
3961	16.00	16
3963	16.00	16
3965	16.00	16
3967	16.00	16
3969	16.00	16
3971	16.00	16
3973	16.00	16
3975	16.00	16
3977	16.00	16
3979	16.00	16
3981	16.00	16
3983	16.00	16
3985	16.00	16
3987	16.00	16
3989	16.00	16
3991	16.00	16
3993	16.00	16
3995	16.00	16
3997	16.00	16
3999	16.00	16
4001	16.00	16
4003	16.00	16
4005	16.00	16
4007	16.00	16
4009	16.00	16
4011	16.00	16
4013	16.00	16
4015	16.00	16
4017	16.00	16
4019	16.00	16
4021	16.00	16
4023	16.00	16
4025	16.00	16
4027	16.00	16
4029	16.00	16
4031	16.00	16
4033	16.00	16
4035	16.00	16
4037	16.00	16
4039	16.00	16
4041	16.00	16
4043	16.00	16
4045	16.00	16
4047	16.00	16
4049	16.00	16
4051	16.00	16
4053	16.00	16
4055	16.00	16
4057	16.00	16
4059	16.00	16
4061	16.00	16
4063	16.00	16
4065	16.00	16
4067	16.00	16
4069	16.00	16
4071	16.00	16
4073	16.00	16
4075	16.00	16
4077	16.00	16
4079	16.00	16
4081	16.00	16
4083	16.00	16
4085	16.00	16
4087	16.00	16
4089	16.00	16
4091	16.00	16
4093	16.00	16
4095	16.00	16
4097	16.00	16
4099	16.00	16
4101	16.00	16
4103	16.00	16
4105	16.00	16
4107	16.00	16
4109	16.00	16
4111	16.00	16
4113	16.00	16
4115	16.00	16
4117	16.00	16
4119	16.00	16
4121	16.00	16
4123	16.00	16
4125	16.00	16
4127	16.00	16
4129	16.00	16
4131	16.00	16
4133	16.00	16
4135	16.00	16
4137	16.00	16
4139	16.00	16
4141	16.00	16
4143	16.00	16
4145	16.00	16
4147	16.00	16
4149	16.00	16
4151	16.00	16
4153	16.00	16
4155	16.00	16
4157	16.00	16
4159	16.00	16
4161	16.00	16
4163	16.00	16
4165	16.00	16
4167	16.00	16
4169	16.00	16
4171	16.00	16
4173	16.00	16
4175	16.00	16
4177	16.00	16
4179	16.00	16
4181	16.00	16
4183	16.00	16
4185	16.00	16
4187	16.00	16
4189	16.00	16
4191	16.00	16
4193	16.00	16
4195	16.00	16
4197	16.00	16
4199	16.00	16
4201	16.00	16
4203	16.00	16
4205	16.00	16
4207	16.00	16
4209	16.00	16
4211	16.00	16
4213	16.00	16
4215	16.00	16
4217	16.00	16
4219	16.00	16
4221	16.00	16
4223	16.00	16
4225	16.00	16
4227	16.00	16
4229	16.00	16
4231	16.00	16
4233	16.00	16
4235	16.00	16
4237	16.00	16
4239	16.00	16
4241	16.00	16
4243	16.00	16
4245	16.00	16
4247	16.00	16
4249	16.00	16
4251	16.00	16
4253	16.00	16
4255	16.00	16
4257	16.00	16
4259	16.00	16
4261	16.00	16
4263	16.00	16
4265	16.00	16
4267	16.00	16
4269	16.00	16
4271	16.00	16
4273	16.00	16
4275	16.00	16
4277	16.00	16
4279	16.00	16
4281	16.00	16
4283	16.00	16
4285	16.00	16
4287	16.00	16
4289	16.00	16
4291	16.00	16
4293	16.00	16
4295	16.00	16
4297	16.00	16
4299	16.00	16
4301	16.00	16
4303	16.00	16
4305	16.00	16
4307	16.00	16
4309	16.00	16
4311	16.00	16
4313	16.00	16
4315	16.00	16
4317	16.00	16
4319	16.00	16
4321	16.00	16
4323	16.00	16
4325	16.00	16
4327	16.00	16
4329	16.00	16
4331	16.00	16
4333	16.00	16
4335	16.00	16
4337	16.00	16
4339	16.00	16
4341	16.00	16
4343	16.00	16
4345	16.00	16
4347	16.00	16
4349	16.00	16
4351	16.00	16
4353	16.00	16
4355	16.00	16
4357	16.00	16
4359	16.00	16
4361	16.00	16
4363	16.00	16
4365	16.00	16
4367	16.00	16
4369	16.00	16
4371	16.00	16
4373	16.00	16
4375	16.00	16
4377	16.00	16
4379	16.00	16
4381	16.00	16
4383	16.00	16
4385	16.00	16
4387	16.00	16
4389	16.00	16
4391	16.00	16
4393	16.00	16
4395	16.00	16
4397	16.00	16
4399	16.00	16
4401	16.00	16
4403	16.00	16
4405	16.00	16
4407	16.00	16
4409	16.00	16
4411	16.00	16
4413	16.00	16
4415	16.00	16
4417	16.00	16
4419	16.00	16
4421	16.00	16
4423	16.00	16
4425	16.00	16
4427	16.00	16
4429	16.00	16
4431	16.00	16
4433	16.00	16
4435	16.00	16
4437	16.00	16
4439	16.00	16
4441	16.00	16
4443	16.00	16
4445	16.00	16
4447	16.00	16
4449	16.00	16
4451	16.00	16
4453	16.00	16
4455	16.00	16
4457	16.00	16
4459	16.00	16
4461	16.00	16
4463	16.00	16
4465	16.00	16
4467	16.00	16
4469	16.00	16
4471	16.00	16
4473	16.00	16
4475	16.00	16
4477	16.00	16
4479	16.00	16
4481	16.00	16
4483	16.00	16
4485	16.00	16
4487	16.00	16
4489	16.00	16
4491	16.00	16
4493	16.00	16
4495	16.00	16
4497	16.00	16
4499	16.00	16
4501	16.00	16
4503	16.00	16
4505	16.00	16
4507	16.00	16
4509	16.00	16
4511	16.00	16
4513	16.00	16
4515	16.00	16
4517	16.00	16
4519	16.00	16
4521	16.00	16
4523	16.00	16
4525	16.00	16
4527	16.00	16
4529	16.00	16
4531	16.00	16
4533	16.00	16
4535	16.00	16
4537	16.00	16
4539	16.00	16
4541	16.00	16
4543	16.00	16
4545	16.00	16
4547	16.00	16
4549	16.00	16
4551	16.00	16
4553	16.00	16
4555	16.00	16
4557	16.00	16
4559	16.00	16
4561	16.00	16
4563	16.00	16
4565	16.00	16
4567	16.00	16
4569	16.00	16
4571	16.00	16
4573	16.00	16
4575	16.00	16
4577	16.00	16
4579	16.00	16
4581	16.00	16
4583	16.00	16
4585	16.00	16
4587	16.00	16
4589	16.00	16
4591	16.00	16
4593	16.00	16
4595	16.00	16
4597	16.00	16
4599	16.00	16
4601	16.00	16
4603	16.00	16
4605	16.00	16
4607	16.00	16
4609	16.00	16
4611	16.00	16
4613	16.00	16
4615	16.00	16
4617	16.00	16
4619	16.00	16
4621	16.00	16
4623	16.00	16
4625	16.00	16
4627	16.00	16
4629	16.00	16
4631	16.00	16
4633	16.00	16
4635	16.00	16
4637	16.00	16
4639	16.00	16
4641	16.00	16
4643	16.00	16
4645	16.00	16
4647	16.00	16
4649	16.00	16
4651	16.00	16
4653	16.00	16
4655	16.00	16
4657	16.00	16
4659	16.00	16
4661	16.00	16
4663	16.00	16
4665	16.00	16
4667	16.00	16
4669	16.00	16
4671	16.00	16
4673	16.00	16
4675	16.00	16
4677	16.00	16
4679	16.00	16
4681	16.00	16
4683	16.00	16
4685	16.00	16
4687	16.00	16
4689	16.00	16
4691	16.00	16
4693	16.00	16
4695	16.00	16
4697	16.00	16
4699	16.00	16
4701	16.00	16
4703	16.00	16
4705	16.00	16
4707	16.00	16
4709	16.00	16
4711	16.00	16
4713	16.00	16
4715	16.00	16
4717	16.00	16
4719	16.00	16
4721	16.00	16
4723	16.00	16
4725	16.00	16
4727	16.00	16
4729	16.00	16
4731	16.00	16
4733	16.00	16
4735	16.00	16
4737	16.00	16
4739	16.00	16
4741	16.00	16
4743	16.00	16
4745	16.00	16
4747	16.00	16
4749	16.00	16
4751	16.00	16
4753	16.00	16
4755	16.00	16
4757	16.00	16
4759	16.00	16
4761	16.00	16
4763	16.00	16
4765	16.00	16
4767	16.00	16
4769	16.00	16
4771	16.00	16
4773	16.00	16
4775	16.00	16
4777	16.00	16
4779	16.00	16
4781	16.00	16
4783	16.00	16
4785	16.00	16
4787	16.00	16
4789	16.00	16
4791	16.00	16
4793	16.00	16
4795	16.00	16
4797	16.00	16
4799	16.00	16
4801	16.00	16
4803	16.00	16
4805	16.00	16
4807	16.00	16
4809	16.00	16
4811	16.00	16
4813	16.00	16
4815	16.00	16
4817	16.00	16
4819	16.00	16
4821	16.00	16
4823	16.00	16
4825	16.00	16
4827	16.00	16
4829	16.00	16
4831	16.00	16
4833	16.00	16
4835	16.00	16
4837	16.00	16
4839	16.00	16
4841	16.00	16
4843	16.00	16
4845	16.00	16
4847	16.00	16
4849	16.00	16
4851	16.00	16
4853	16.00	16
4855	16.00	16
4857	16.00	16
4859	16.00	16
4861	16.00	16
4863	16.00	16
4865	16.00	16
4867	16.00	16
4869	16.00	16
4871	16.00	16
4873	16.00	16
4875	16.00	16
4877	16.00	16
4879	16.00	16
4881	16.00	16
4883	16.00	16
4885	16.00	16
4887	16.00	16
4889	16.00	16
4891	16.00	16
4893	16.00	16
4895	16.00	16
4897	16.00	16
4899	16.00	16
4901	16.00	16
4903	16.00	16
4905	16.00	16
4907	16.00	16
4909	16.00	16
4911	16.00	16
4913	16.00	16
4915	16.00	16
4917	16.00	16
4919	16.00	16
4921	16.00	16
4923	16.00	16
4925	16.00	16
4927	16.00	16
4929	16.00	16
4931	16.00	16
4933	16.00	16
4935	16.00	16
4937	16.00	16
4939	16.00	16
4941	16.00	16
4943	16.00	16
4945	16.00	16
4947	16.00	16
4949	16.00	16
4951	16.00	16
4953	16.00	16
4955	16.00	16
4957	16.00	16
4959	16.00	16
4961	16.00	16
4963	16.00	16
4965	16.00	16
4967	16.00	16
4969	16.00	16
4971	16.00	16
4973	16.00	16
4975	16.00	16
4977	16.00	16
4979	16.00	16
4981	16.00	16
4983	16.00	16
4985	16.00	16
4987	16.00	16
4989	16.00	16
4991	16.00	16
4993	16.00	16
4995	16.00	16
4997	16.00	16
4999	16.00	16
5001	16.00	16
5003	16.00	16
5005	16.00	16
5007	16.00	16
5009	16.00	16
5011	16.00	16
5013	16.00	16
5015	16.00	16
5017	16.00	16
5019	16.00	16
5021	16.00	16
5023	16.00	16
5025	16.00	16
5027	16.00	16
5029	16.00	16
5031	16.00	16
5033	16.00	16
5035	16.00	16
5037	16.00	16
5039	16.00	16
5041	16.00	16
5043	16.00	16
5045	16.00	16
5047	16.00	16
5049	16.00	16
5051	16.00	16
5053	16.00	16
5055	16.00	16
5057	16.00	16
5059	16.00	16
5061	16.00	16
5063	16.00	16
5065	16.00	16
5067	16.00	16
5069	16.00	16
5071	16.00	16
5073	16.00	16
5075	16.00	16
5077	16.00	16
5079	16.00	16
5081	16.00	16
5083	16.00	16
5085	16.00	16
5087	16.00	16
5089	16.00	16
5091	16.00	16
5093	16.00	16
5095	16.00	16
5097	16.00	16
5099	16.00	16
5101	16.00	16
5103	16.00	16
5105	16.00	16
5107	16.00	16
5109	16.00	16
5111	16.00	16
5113	16.00	16
5115	16.00	16
5117	16.00	16
5119	16.00	16
5121	16.00	16
5123	16.00	16
5125	16.00	16
5127	16.00	16
5129	16.00	16
5131	16.00	16
5133	16.00	16
5135	16.00	16
5137	16.00	16
5139	16.00	16
5141	16.00	16
5143	16.00	16
5145	16.00	16
5147	16.00	16
5149	16.00	16
5151	16.00	16
5153	16.00	16
5155	16.00	16
5157	16.00	16
5159	16.00	16
5161	16.00	16
5163	16.00	16
5165	16.00	16
5167	16.00	16
5169	16.00	16
5171	16.00	16
5173	16.00	16
5175	16.00	16
5177	16.00	16
5179	16.00	16
5181	16.00	16
5183	16.00	16
5185	16.00	16
5187	16.00	16
5189	16.00	16
5191	16.00	16
5193	16.00	16
5195	16.00	16
5197	16.00	16
5199	16.00	16
5201	16.00	16
5203	16.00	16
5205	16.00	16
5207	16.00	16
5209	16.00	16
5211	16.00	16
5213	16.00	16
5215	16.00	16
5217	16.00	16
5219	16.00	16
5221	16.00	16
5223	16.00	16
5225	16.00	16
5227	16.00	16
5229	16.00	16
5231	16.00	16
5233	16.00	16
5235	16.00	16
5237	16.00	16
5239	16.00	16
5241	16.00	16
5243	16.00	16
5245	16.00	16
5247	16.00	16
5249	16.00	16
5251	16.00	16
5253	16.00	16
5255	16.00	16
5257	16.00	16
5259	16.00	16
5261	16.00	16
5263	16.00	16
5265	16.00	16
5267	16.00	16
5269	16.00	16
5271	16.00	16
5273	16.00	16
5275	16.00	16
5277	16.00	16
5279	16.00	16
5281	16.00	16
5283	16.00	16
5285	16.00	16
5287	16.00	16
5289	16.00	16
5291	16.00	16
5293	16.00	16
5295	16.00	16
5297	16.00	16
5299	16.00	16
5301	16.00	16
5303	16.00	16
5305	16.00	16
5307	16.00	16
5309	16.00	16
5311	16.00	16
5313	16.00	16
5315	16.00	16
5317	16.00	16
5319	16.00	16
5321	16.00	16
5323	16.00	16
5325	16.00	16
5327	16.00	16
5329	16.00	16
5331	16.00	16
5333	16.00	16
5335	16.00	16
5337	16.00	16
5339	16.00	16
5341	16.00	16
5343	16.00	16
5345	16.00	16
5347	16.00	16
5349	16.00	16
5351	16.00	16
5353	16.00	16
5355	16.00	16
5357	16.00	16
5359	16.00	16
5361	16.00	16
5363	16.00	16
5365	16.00	16
5367	16.00	16
5369	16.00	16
5371	16.00	16
5373	16.00	16
5375	16.00	16
5377	16.00	16
5379	16.00	16
5381	16.00	16
5383	16.00	16
5385	16.00	16
5387	16.00	16
5389	16.00	16
5391	16.00	16
5393	16.00	16
5395	16.00	16
5397	16.00	16
5399	16.00	16
5401	16.00	16
5403	16.00	16
5405	16.00	16
5407	16.00	16
5409	16.00	16
5411	16.00	16
5413	16.00	16
5415	16.00	16
5417	16.00	16
5419	16.00	16
5421	16.00	16
5423	16.00	16
5425	16.00	16
5427	16.00	16
5429	16.00	16
5431	16.00	16
5433	16.00	16
5435	16.00	16
5437	16.00	16
5439	16.00	16
5441	16.00	16
5443	16.00	16
5445	16.00	16
5447	16.00	16
5449	16.00	16
5451	16.00	16
5453	16.00	16
5455	16.00	16
5457	16.00	16
5459	16.00	16
5461	16.00	16
5463	16.00	16
5465	16.00	16
5467	16.00	16
5469	16.00	16
5471	16.00	16
5473	16.00	16
5475	16.00	16
5477	16.00	16
5479	16.00	16
5481	16.00	16
5483	16.00	16
5485	16.00	16
5487	16.00	16
5489	16.00	16
5491	16.00	16
5493	16.00	16
5495	16.00	16
5497	16.00	16
5499	16.00	16
5501	16.00	16
5503	16.00	16
5505	16.00	16
5507	16.00	16
5509	16.00	16
5511	16.00	16
5513	16.00	16
5515	16.00	16
5517	16.00	16
5519	16.00	16
5521	16.00	16
5523	16.00	16
5525	16.00	16
5527	16.00	16
5529	16.00	16
5531	16.00	16
5533	16.00	16
5535	16.00	16
5537	16.00	16
5539	16.00	16
5541	16.00	16
5543	16.00	16
5545	16.00	16
5547	16.00	16
5549	16.00	16
5551	16.00	16
5553	16.00	16
5555	16.00	16
5557	16.00	16
5559	16.00	16
5561	16.00	16
5563	16.00	16
5565	16.00	16
5567	16.00	16
5569	16.00	16
5571	16.00	16
5573	16.00	16
5575	16.00	16
5577	16.00	16
5579	16.00	16
5581	16.00	16
5583	16.00	16
5585	16.00	16
5587	16.00	16
5589	16.00	16
5591	16.00	16
5593	16.00	16
5595	16.00	16
5597	16.00	16
5599	16.00	16
5601	16.00	16
5603	16.00	16
5605	16.00	16
5607	16.00	16
5609	16.00	16
5611	16.00	16
5613	16.00	16
5615	16.00	16
5617	16.00	16
5619	16.00	16
5621	16.00	16
5623	16.00	16
5625	16.00	16
5627	16.00	16
5629	16.00	16
5631	16.00	16
5633	16.00	16
5635	16.00	16
5637	16.00	16
5639	16.00	16
5641	16.00	16
5643	16.00	16
5645	16.00	16
5647	16.00	16
5649	16.00	16
5651	16.00	16
5653	16.00	16
5655	16.00	16
5657	16.00	16
5659	16.00	16
5661	16.00	16
5663	16.00	16
5665	16.00	16
5667	16.00	16
5669	16.00	16
5671	16.00	16
5673	16.00	16
5675	16.00	16
5677	16.00	16
5679	16.00	16
5681	16.00	16
5683	16.00	16
5685	16.00	16
5687	16.00	16
5689	16.00	16
5691	16.00	16
5693	16.00	16
5695	16.00	16
5697	16.00	16
5699	16.00	16
5701	16.00	16
5703	16.00	16
5705	16.00	16
5707	16.00	16
5709	16.00	16
5711	16.00	16
5713	16.00	16
5715	16.00	16
5717	16.00	16
5719	16.00	16
5721	16.00	16
5723	16.00	16
5725	16.00	16
5727	16.00	16
5729	16.00	16
5731	16.00	16
5733	16.00	16
5735	16.00	16
5737	16.00	16
5739	16.00	16
5741	16.00	16
5743	16.00	16
5745	16.00	16
5747	16.00	16
5749	16.00	16
5751	16.00	16
5753	16.00	16
5755	16.00	16
5757	16.00	16
5759	16.00	16
5761	16.00	16
5763	16.00	16
5765	16.00	16
5767	16.00	16
5769	16.00	16
5771	16.00	16
5773	16.00	16
5775	16.00	16
5777	16.00	16
5779	16.00	16
5781	16.00	16
5783	16.00	16
5785	16.00	16
5787	16.00	16
5789	16.00	16
5791	16.00	16
5793	16.00	16
5795	16.00	16
5797	16.00	16
5799	16.00	16
5801	16.00	16
5803	16.00	16
5805	16.00	16
5807	16.00	16
5809	16.00	16
5811	16.00	16
5813	16.00	16
5815	16.00	16
5817	16.00	16
5819	16.00	16
5821	16.00	16
5823	16.00	16
5825	16.00	16
5827	16.00	16
5829	16.00	16
5831	16.00	16
5833	16.00	16
5835	16.00	16
5837	16.00	16
5839	16.00	16
5841	16.00	16
5843	16.00	16
5845	16.00	16
5847	16.00	16
5849	16.00	16
5851	16.00	16
5853	16.00	16
5855	16.00	16
5857	16.00	16
5859	16.00	16
5861	16.00	16
5863	16.00	16
5865	16.00	16
5867	16.00	16
5869	16.00	16
5871	16.00	16
5873	16.00	16
5875	16.00	16
5877	16.00	16
5879	16.00	16
5881	16.00	16
5883	16.00	16
5885	16.00	16
5887	16.00	16
5889	16.00	16
5891	16.00	16
5893	16.00	16
5895	16.00	16
5897	16.00	16
5899	16.00	16
5901	16.00	16
5903	16.00	16
5905	16.00	16
5907	16.00	16
5909	16.00	16
5911	16.00	16
5913	16.00	16
5915	16.00	16
5917	16.00	16
5919	16.00	16
5921	16.00	16
5923	16.00	16
5925	16.00	16
5927	16.00	16
5929	16.00	16
5931	16.00	16
5933	16.00	16
5935	16.00	16
5937	16.00	16
5939	16.00	16
5941	16.00	16
5943	16.00	16
5945	16.00	16
5947	16.00	16
5949	16.00	16
5951	16.00	16
5953	16.00	16
5955	16.00	16
5957	16.00	16
5959	16.00	16
5961	16.00	16
5963	16.00	16
5965	16.00	16
5967	16.00	16
5969	16.00	16
5971	16.00	16
5973	16.00	16
5975	16.00	16
5977	16.00	16
5979	16.00	16
5981	16.00	16
5983	16.00	16
5985	16.00	16
5987	16.00	16
5989	16.00	16
5991	16.00	16
5993	16.00	16
5995	16.00	16
5997	16.00	16
5999	16.00	16
6001	16.00	16
6003	16.00	16
6005	16.00	16
6007	16.00	16
6009	16.00	16
6011	16.00	16
6013	16.00	16
6015	16.00	16
6017	16.00	16
6019	16.00	16
6021	16.00	16
6023	16.00	16
6025	16.00	16
6027	16.00	16
6029	16.00	16
6031	16.00	16
6033	16.00	16
6035	16.00	16
6037	16.00	16
6039	16.00	16
6041	16.00	16
6043	16.00	16
6045	16.00	16
6047	16.00	16
6049	16.00	16
6051	16.00	16
6053	16.00	16
6055	16.00	16
6057	16.00	16
6059	16.00	16
6061	16.00	16
6063	16.00	16
6065	16.00	16
6067	16.00	16
6069	16.00	16
6071	16.00	16
6073	16.00	16
6075	16.00	16
6077	16.00	16
6079	16.00	16
6081	16.00	16
6083	16.00	16
6085	16.00	16
6087	16.00	16
6089	16.00	16
6091	16.00	16
6093	16.00	16
6095	16.00	16
6097	16.00	16
6099	16.00	16
6101	16.00	16
6103	16.00	16
6105	16.00	16
6107	16.00	16
6109	16.00	16
6111	16.00	16
6113	16.00	16
6115	16.00	16
6117	16.00	16
6119	16.00	16
6121	16.00	16
6123	16.00	16
6125	16.00	16
6127	16.00	16
6129	16.00	16
6131	16.00	16
6133	16.00	16
6135	16.00	16
6137	16.00	16
6139	16.00	16
6141	16.00	16
6143	16.00	16
6145	16.00	16
6147	16.00	16
6149	16.00	16
6151	16.00	16
6153	16.00	16
6155	16.00	16
6157	16.00	16
6159	16.00	16
6161	16.00	16
6163	16.00	16
6165	16.00	16
6167	16.00	16
6169	16.00	16
6171	16.00	16
6173	16.00	16
6175	16.00	16
6177	16.00	16
6179	16.00	16
6181	16.00	16
6183	16.00	16
6185	16.00	16
6187	16.00	16
6189	16.00	16
6191	16.00	16
6193	16.00	16
6195	16.00	16
6197	16.00	16
6199	16.00	16
6201	16.00	16
6203	16.00	16
6205	16.00	16
6207	16.00	16
6209	16.00	16
6211	16.00	16
6213	16.00	16
6215	16.00	16
6217	16.00	16
6219	16.00	16
6221	16.00	16
6223	16.00	16
6225	16.00	16
6227	16.00	16
6229	16.00	16
6231	16.00	16
6233	16.00	16
6235	16.00	16
6237	16.00	16
6239	16.00	16
6241	16.00	16
6243	16.00	16
6245	16.00	16
6247	16.00	16
6249	16.00	16
6251	16.00	16
6253	16.00	16
6255	16.00	16
6257	16.00	16
6259	16.00	16
6261	16.00	16
6263	16.00	16
6265	16.00	16
6267	16.00	16
6269	16.00	16
6271	16.00	16
6273	16.00	16
6275	16.00	16
6277	16.00	16
6279	16.00	16
6281	16.00	16
6283	16.00	16
6285	16.00	16
6287	16.00	16
6289	16.00	16
6291	16.00	16
6293	16.00	16
6295	16.00	16
6297	16.00	16
6299	16.00	16
6301	16.00	16
6303	16.00	16
6305	16.00	16
6307	16.00	16
6309	16.00	16
6311	16.00	16
6313	16.00	16
6315	16.00	16
6317	16.00	16
6319	16.00	16
6321	16.00	16
6323	16.00	16
6325	16.00	16
6327	16.00	16
6329	16.00	16
6331	16.00	16
6333	16.00	16
6335	16.00	16
6337	16.00	16
6339	16.00	16
6341	16.00	16
6343	16.00	16
6345	16.00	16
6347	16.00	16
6349	16.00	16
6351	16.00	16
6353	16.00	16
6355	16.00	16
6357	16.00	16
6359	16.00	16
6361	16.00	16
6363	16.00	16
6365	16.00	16
6367	16.00	16
6369	16.00	16
6371	16.00	16
6373	16.00	16
6375	16.00	16
6377	16.00	16
6379	16.00	16
6381	16.00	16
6383	16.00	16
6385	16.00	16
6387	16.00	16
6389	16.00	16
6391	16.00	16
6393	16.00	16
6395	16.00	16
6397	16.00	16
6399	16.00	16
6401	16.00	16
6403	16.00	16
6405	16.00	16
6407	16.00	16
6409	16.00	16
6411	16.00	16
6413	16.00	16
6415	16.00	16
6417	16.00	16
6419	16.00	16
6421	16.00	16
6423	16.00	16
6425	16.00	16
6427	16.00	16
6429	16.00	16
6431	16.00	16
6433	16.00	16
6435	16.00	16
6437	16.00	16
6439	16.00	16
6441	16.00	16
6443	16.00	16
6445	16.00	16
6447	16.00	16
6449	16.00	16
6451	16.00	16
6453	16.00	16
6455	16.00	16
6457	16.00	16
6459	16.00	16
6461	16.00	16
6463	16.00	16
6465	16.00	16
6467	16.00	16
6469	16.00	16
6471	16.00	16
6473	16.00	16
6475	16.00	16
6477	16.00	16
6479	16.00	16
6481	16.00	16
6483	16.00	16
6485	16.00	16
6487	16.00	16
6489	16.00	16
6491	16.00	16
6493	16.00	16
6495	16.00	16
6497	16.00	16
6499	16.00	16
6501	16.00	16
6503	16.00	16
6505	16.00	16
6507	16.00	16
6509	16.00	16
6511	16.00	16
6513	16.00	16
6515	16.00	16
6517	16.00	16
6519	16.00	16
6521	16.00	16
6523	16.00	16
6525	16.00	16
6527	16.00	16
6529	16.00	16
6531	16.00	16
6533	16.00	16
6535	16.00	16
6537	16.00	16
6539	16.00	16
6541	16.00	16
6543	16.00	16
6545	16.00	16
6547	16.00	16
6549	16.00	16
6551	16.00	16
6553	16.00	16
6555	16.00	16
6557	16.00	16
6559	16.00	16
6561	16.00	16
6563	16.00	16
6565	16.00	16
6567	16.00	16
6569	16.00	16
6571	16.00	16
6573	16.00	16
6575	16.00	16
6577	16.00	16
6579	16.00	16
6581	16.00	16
6583	16.00	16
6585	16.00	16
6587	16.00	16
6589	16.00	16
6591	16.00	16
6593	16.00	16
6595	16.00	16
6597	16.00	16
6599	16.00	16
6601	16.00	16
6603	16.00	16
6605	16.00	16
6607	16.00	16
6609	16.00	16
6611	16.00	16
6613	16.00	16
6615	16.00	16
6617	16.00	16
6619	16.00	16
6621	16.00	16
6623	16.00	16
6625	16.00	16
6627	16.00	16
6629	16.00	16
6631	16.00	16
6633	16.00	16
6635	16.00	16
6637	16.00	16
6639	16.00	16
6641	16.00	16
6643	16.00	16
6645	16.00	16
6647	16.00	16
6649	16.00	16
6651	16.00	16
6653	16.00	16
6655	16.00	16
6657	16.00	16
6659	16.00	16
6661	16.00	16
6663	16.00	16
6665	16.00	16
6667	16.00	16
6669	16.00	16
6671	16.00	16
6673	16.00	16
6675	16.00	16
6677	16.00	16
6679	16.00	16
6681	16.00	16
6683	16.00	16
6685	16.00	16
6687	16.00	16
6689	16.00	16
6691	16.00	16
6693	16.00	16
6695	16.00	16
6697	16.00	16
6699	16.00	16
6701	16.00	16
6703	16.00	16
6705	16.00	16
6707	16.00	16
6709	16.00	16
6711	16.00	16
6713	16.00	16
6715	16.00	16
6717	16.00	16
6719	16.00	16
6721	16.00	16
6723	16.00	16
6725	16.00	16
6727	16.00	16
6729	16.00	16
6731	16.00	16
6733	16.00	16
6735	16.00	16
6737	16.00	16
6739	16.00	16
6741	16.00	16
6743	16.00	16
6745	16.00	16
6747	16.00	16
6749	16.00	16
6751	16.00	16
6753	16.00	16
6755	16.00	16
6757	16.00	16
6759	16.00	16
6761	16.00	16
6763	16.00	16
6765	16.00	16
6767	16.00	16
6769	16.00	16
6771	16.00	16
6773	16.00	16
6775	16.00	16
6777	16.00	16
6779	16.00	16
6781	16.00	16
6783	16.00	16
6785	16.00	16
6787	16.00	16
6789	16.00	16
6791	16.00	16
6793	16.00	16
6795	16.00	16
6797	16.00	16
6799	16.00	16
6801	16.00	16
6803	16.00	16
6805	16.00	16
6807	16.00	16
6809	16.00	16
6811	16.00	16
6813	16.00	16
6815	16.00	16
6817	16.00	16
6819	16.00	16
6821	16.00	16
6823	16.00	16
6825	16.00	16
6827	16.00	16
6829	16.00	16
6831	16.00	16
6833	16.00	16
6835	16.00	16
6837	16.00	16
6839	16.00	16
6841	16.00	16
6843	16.00	16
6845	16.00	16
6847	16.00	16
6849	16.00	16
6851	16.00	16
6853	16.00	16
6855	16.00	16
6857	16.00	16
6859	16.00	16
6861	16.00	16
6863	16.00	16
6865	16.00	16
6867	16.00	16
6869	16.00	16
6871	16.00	16
6873	16.00	16
6875	16.00	16
6877	16.00	16
6879	16.00	16
6881	16.00	16
6883	16.00	16
6885	16.00	16
6887	16.00	16
6889	16.00	16
6891	16.00	16
6893	16.00	16
6895	16.00	16
6897	16.00	16
6899	16.00	16
6901	16.00	16
6903	16.00	16
6905	16.00	16
6907	16.00	16
6909	16.00	16
6911	16.00	16
6913	16.00	16
6915	16.00	16
6917	16.00	16
6919	16.00	16
6921	16.00	16
6923	16.00	16
6925	16.00	16
6927	16.00	16
6929	16.00	16
6931	16.00	16
6933	16.00	16
6935	16.00	16
6937	16.00	16
6939	16.00	16
6941	16.00	16
6943	16.00	16
6945	16.00	16
6947	16.00	16
6949	16.00	16
6951	16.00	16
6953	16.00	16
6955	16.00	16
6957	16.00	16
6959	16.00	16
6961	16.00	16
6963	16.00	16
6965	16.00	16
6967	16.00	16
6969	16.00	16
6971	16.00	16
6973	16.00	16
6975	16.00	16
6977	16.00	16
6979	16.00	16
6981	16.00	16
6983	16.00	16
6985	16.00	16
6987	16.00	16
6989	16.00	16
6991	16.00	16
6993	16.00	16
6995	16.00	16
6997	16.00	16
6999	16.00	16
7001	16.00	16
7003	16.00	16
7005	16.00	16
7007	16.00	16
7009	16.00	16
7011	16.00	16
7013	16.00	16
7015	16.00	16
7017	16.00	16
7019	16.00	16
7021	16.00	16
7023	16.00	16
7025	16.00	16
7027	16.00	16
7029	16.00	16
7031	16.00	16
7033	16.00	16
7035	16.00	16
7037	16.00	16
7039	16.00	16
7041	16.00	16
7043	16.00	16
7045	16.00	16
7047	16.00	16
7049	16.00	16
7051	16.00	16
7053	16.00	16
7055	16.00	16
7057	16.00	16
7059	16.00	16
7061	16.00	16
7063	16.00	16
7065	16.00	16
7067	16.00	16
7069	16.00	16
7071	16.00	16
7073	16.00	16
7075	16.00	16
7077	16.00	16
7079	16.00	16
7081	16.00	16
7083	16.00	16
7085	16.00	16
7087	16.00	16
7089	16.00	16
7091	16.00	16
7093	16.00	16
7095	16.00	16
7097	16.00	16
7099	16.00	16
7101	16.00	16
7103	16.00	16
7105	16.00	16
7107	16.00	16
7109	16.00	16
7111	16.00	16
7113	16.00	16
7115	16.00	16
7117	16.00	16
7119	16.00	16
7121	16.00	16
7123	16.00	16
7125	16.00	16
7127	16.00	16
7129	16.00	16
7131	16.00	16
7133	16.00	16
7135	16.00	16
7137	16.00	16
7139	16.00	16
7141	16.00	16
7143	16.00	16
7145	16.00	16
7147	16.00	16
7149	16.00	16
7151	16.00	16
7153	16.00	16
7155	16.00	16
7157	16.00	16
7159	16.00	16
7161	16.00	16
7163	16.00	16
7165	16.00	16
7167	16.00	16
7169	16.00	16
7171	16.00	16
7173	16.00	16
7175	16.00	16
7177	16.00	16
7179	16.00	16
7181	16.00	16
7183	16.00	16
7185	16.00	16
7187	16.00	16
7189	16.00	16
7191	16.00	16
7193	16.00	16
7195	16.00	16
7197	16.00	16
7199	16.00	16
7201	16.00	16
7203	16.00	16
7205	16.00	16
7207	16.00	16
7209	16.00	16
7211	16.00	16
7213	16.00	16
7215	16.00	16
7217	16.00	16
7219	16.00	16
7221	16.00	16
7223	16.00	16
7225	16.00	16
7227	16.00	16
7229	16.00	16
7231	16.00	16
7233	16.00	16
7235	16.00	16
7237	16.00	16
7239	16.00	16
7241	16.00	16
7243	16.00	16
7245	16.00	16
7247	16.00	16
7249	16.00	16
7251	16.00	16
7253	16.00	16
7255	16.00	16
7257	16.00	16
7259	16.00	16
7261	16.00	16
7263	16.00	16
7265	16.00	16
7267	16.00	16
7269	16.00	16
7271	16.00	16
7273	16.00	16
7275	16.00	16
7277	16.00	16
7279	16.00	16
7281	16.00	16
7283	16.00	16
7285	16.00	16
7287	16.00	16
7289	16.00	16
7291	16.00	16
7293	16.00	16
7295	16.00	16
7297	16.00	16
7299	16.00	16
7301	16.00	16
7303	16.00	16
7305	16.00	16
7307	16.00	16
7309	16.00	16
7311	16.00	16
7313	16.00	16
7315	16.00	16
7317	16.00	16
7319	16.00	16
7321	16.00	16
7323	16.00	16
7325	16.00	16
7327	16.00	16
7329	16.00	16
7331	16.00	16
7333	16.00	16
7335	16.00	16
7337	16.00	16
7339	16.00	16
7341	16.00	16
7343	16.00	16
7345	16.00	16
7347	16.00	16
7349	16.00	16
7351	16.00	16
7353	16.00	16
7355	16.00	16
7357	16.00	16
7359	16.00	16
7361	16.00	16
7363	16.00	16
7365	16.00	16
7367	16.00	16
7369	16.00	16
7371	16.00	16
7373	16.00	16
7375	16.00	16
7377	16.00	16
7379	16.00	16
7381	16.00	16
7383	16.00	16
7385	16.00	16
7387	16.00	16
7389	16.00	16
7391	16.00	16
7393	16.00	16
7395	16.00	16
7397	16.00	16
7399	16.00	16
7401	16.00	16
7403	16.00	16
7405	16.00	16
7407	16.00	16
7409	16.00	16
7411	16.00	16
7413	16.00	16
7415	16.00	16
7417	16.00	16
7419	16.00	16
7421	16.00	16
7423	16.00	16
7425	16.00	16
7427	16.00	16
7429	16.00	16
7431	16.00	16
7433	16.00	16
7435	16.00	16
7437	16.00	16
7439	16.00	16
7441	16.00	16
7443	16.00	16
7445	16.00	16
7447	16.00	16
7449	16.00	16
7451	16.00	16
7453	16.00	16
7455	16.00	16
7457	16.00	16
7459	16.00	16
7461	16.00	16
7463	16.00	16
7465	16.00	16
7467	16.00	16
7469	16.00	16
7471	16.00	16
7473	16.00	16
7475	16.00	16
7477	16.00	16
7479	16.00	16
7481	16.00	16
7483	16.00	16
7485	16.00	16
7487	16.00	16
7489	16.00	16
7491	16.00	16
7493	16.00	16
7495	16.00	16
7497	16.00	16
7499	16.00	16
7501	16.00	16
7503	16.00	16
7505	16.00	16
7507	16.00	16
7509	16.00	16
7511	16.00	16
7513	16.00	16
7515	16.00	16
7517	16.00	16
7519	16.00	16
7521	16.00	16
7523	16.00	16
7525	16.00	16
7527	16.00	16
7529	16.00	16
7531	16.00	16
7533	16.00	16
7535	16.00	16
7537	16.00	16
7539	16.00	16
7541	16.00	16
7543	16.00	16
7545	16.00	16
7547	16.00	16
7549	16.00	16
7551	16.00	16
7553	16.00	16
7555	16.00	16
7557	16.00	16
7559	16.00	16
7561	16.00	16
7563	16.00	16
7565	16.00	16
7567	16.00	16
7569	16.00	16
7571	16.00	16
7573	16.00	16
7575	16.00	16
7577	16.00	16
7579	16.00	16
7581	16.00	16
7583	16.00	16
7585	16.00	16
7587	16.00	16
7589	16.00	16
7591	16.00	16
7593	16.00	16
7595	16.00	16
7597	16.00	16
7599	16.00	16
7601	16.00	16
7603	16.00	16
7605	16.00	16
7607	16.00	16
7609	16.00	16
7611	16.00	16
7613	16.00	16
7615	16.00	16
7617	16.00	16
7619	16.00	16
7621	16.00	16
7623	16.00	16
7625	16.00	16
7627	16.00	16
7629	16.00	16
7631	16.00	16
7633	16.00	16
7635	16.00	16
7637	16.00	16
7639	16.00	16
7641	16.00	16
7643	16.00	16
7645	16.00	16
7647	16.00	16
7649	16.00	16
7651	16.00	16
7653	16.00	16
7655	16.00	16
7657	16.00	16
7659	16.00	16
7661	16.00	16
7663	16.00	16
7665	16.00	16
7667	16.00	16
7669	16.00	16
7671	16.00	16
7673	16.00	16
7675	16.00	16
7677	16.00	16
7679	16.00	16
7681	16.00	16
7683	16.00	16
7685	16.00	16
7687	16.00	16
7689	16.00	16
7691	16.00	16
7693	16.00	16
7695	16.00	16
7697	16.00	16
7699	16.00	16
7701	16.00	16
7703	16.00	16
7705	16.00	16
7707	16.00	16
7709	16.00	16
7711	16.00	16
7713	16.00	16
7715	16.00	16
7717	16.00	16
7719	16.00	16
7721	16.00	16
7723	16.00	16
7725	16.00	16
7727	16.00	16
7729	16.00	16
7731	16.00	16
7733	16.00	16
7735	16.00	16
7737	16.00	16
7739	16.00	16
7741	16.00	16
7743	16.00	16
7745	16.00	16
7747	16.00	16
7749	16.00	16
7751	16.00	16
7753	16.00	16
7755	16.00	16
7757	16.00	16
7759	16.00	16
7761	16.00	16
7763	16.00	16
7765	16.00	16
7767	16.00	16
7769	16.00	16
7771	16.00	16
7773	16.00	16
7775	16.00	16
7777	16.00	16
7779	16.00	16
7781	16.00	16
7783	16.00	16
7785	16.00	16
7787	16.00	16
7789	16.00	16
7791	16.00	16
7793	16.00	16
7795	16.00	16
7797	16.00	16
7799	16.00	16
7801	16.00	16
7803	16.00	16
7805	16.00	16
7807	16.00	16
7809	16.00	16
7811	16.00	16
7813	16.00	16
7815	16.00	16
7817	16.00	16
7819	16.00	16
7821	16.00	16
7823	16.00	16
7825	16.00	16
7827	16.00	16
7829	16.00	16
7831	16.00	16
7833	16.00	16
7835	16.00	16
7837	16.00	16
7839	16.00	16
7841	16.00	16
7843	16.00	16
7845	16.00	16
7847	16.00	16
7849	16.00	16
7851	16.00	16
7853	16.00	16
7855	16.00	16
7857	16.00	16
7859	16.00	16
7861	16.00	16
7863	16.00	16
7865	16.00	16
7867	16.00	16
7869	16.00	16
7871	16.00	16
7873	16.00	16
7875	16.00	16
7877	16.00	16
7879	16.00	16
7881	16.00	16
7883	16.00	16
7885	16.00	16
7887	16.00	16
7889	16.00	16
7891	16.00	16
7893	16.00	16
7895	16.00	16
7897	16.00	16
7899	16.00	16
7901	16.00	16
7903	16.00	16
7905	16.00	16
7907	16.00	16
7909	16.00	16
7911	16.00	16
7913	16.00	16
7915	16.00	16
7917	16.00	16
7919	16.00	16
7921	16.00	16
7923	16.00	16
7925	16.00	16
7927	16.00	16
7929	16.00	16
7931	16.00	16
7933	16.00	16
7935	16.00	16
7937	16.00	16
7939	16.00	16
7941	16.00	16
7943	16.00	16
7945	16.00	16
7947	16.00	16
7949	16.00	16
7951	16.00	16
7953	16.00	16
7955	16.00	16
7957	16.00	16
7959	16.00	16
7961	16.00	16
7963	16.00	16
7965	16.00	16
7967	16.00	16
7969	16.00	16
7971	16.00	16
7973	16.00	16
7975	16.00	16
7977	16.00	16
7979	16.00	16
7981	16.00	16
7983	16.00	16
7985	16.00	16
7987	16.00	16
7989	16.00	16
7991	16.00	16
7993	16.00	16
7995	16.00	16
7997	16.00	16
7999	16.00	16
8001	16.00	16
8003	16.00	16
8005	16.00	16
8007	16.00	16
8009	16.00	16
8011	16.00	16
8013	16.00	16
8015	16.00	16
8017	16.00	16
8019	16.00	16
8021	16.00	16
8023	16.00	16
8025	16.00	16
8027	16.00	16
8029	16.00	16
8031	16.00	16
8033	16.00	16
8035	16.00	16
8037	16.00	16
8039	16.00	16
8041	16.00	16
8043	16.00	16
8045	16.00	16
8047	16.00	16
8049	16.00	16
8051	16.00	16
8053	16.00	16
8055	16.00	16
8057	16.00	16
8059	16.00	16
8061	16.00	16
8063	16.00	16
8065	16.00	16
8067	16.00	16
8069	16.00	16
8071	16.00	16
8073	16.00	16
8075	16.00	16
8077	16.00	16
8079	16.00	16
8081	16.00	16
8083	16.00	16
8085	16.00	16
8087	16.00	16
8089	16.00	16
8091	16.00	16
8093	16.00	16
8095	16.00	16
8097	16.00	16
8099	16.00	16
8101	16.00	16
8103	16.00	16
8105	16.00	16
8107	16.00	16
8109	16.00	16
8111	16.00	16
8113	16.00	16
8115	16.00	16
8117	16.00	16
8119	16.00	16
8121	16.00	16
8123	16.00	16
8125	16.00	16
8127	16.00	16
8129	16.00	16
8131	16.00	16
8133	16.00	16
8135	16.00	16
8137	16.00	16
8139	16.00	16
8141	16.00	16
8143	16.00	16
8145	16.00	16
8147	16.00	16
8149	16.00	16
8151	16.00	16
8153	16.00	16
8155	16.00	16
8157	16.00	16
8159	16.00	16
8161	16.00	16
8163	16.00	16
8165	16.00	16
8167	16.00	16
8169	16.00	16
8171	16.00	16
8173	16.00	16
8175	16.00	16
8177	16.00	16
8179	16.00	16
8181	16.00	16
8183	16.00	16
8185	16.00	16
8187	16.00	16
8189	16.00	16
8191	16.00	16
8193	16.00	16
8195	16.00	16
8197	16.00	16
8199	16.00	16
8201	16.00	16
8203	16.00	16
8205	16.00	16
8207	16.00	16
8209	16.00	16
8211	16.00	16
8213	16.00	16
8215	16.00	16
8217	16.00	16
8219	16.00	16
8221	16.00	16
8223	16.00	16
8225	16.00	16
8227	16.00	16
8229	16.00	16
8231	16.00	16
8233	16.00	16
8235	16.00	16
8237	16.00	16
8239	16.00	16
8241	16.00	16
8243	16.00	16
8245	16.00	16
8247	16.00	16
8249	16.00	16
8251	16.00	16
8253	16.00	16
8255	16.00	16
8257	16.00	16
8259	16.00	16
8261	16.00	16
8263	16.00	16
8265	16.00	16
8267	16.00	16
8269	16.00	16
8271	16.00	16
8273	16.00	16
8275	16.00	16
8277	16.00	16
8279	16.00	16
8281	16.00	16
8283	16.00	16
8285	16.00	16
8287	16.00	16
8289	16.00	16
8291	16.00	16
8293	16.00	16
8295	16.00	16
8297	16.00	16
8299	16.00	16
8301	16.00	16
8303	16.00	16
8305	16.00	16
8307	16.00	16
8309	16.00	16
8311	16.00	16
8313	16.00	16
8315	16.00	16
8317	16.00	16
8319	16.00	16
8321	16.00	16
8323	16.00	16
8325	16.00	16
8327	16.00	16
8329	16.00	16
8331	16.00	16
8333	16.00	16
8335	16.00	16
8337	16.00	16
8339	16.00	16
8341	16.00	16
8343	16.00	16
8345	16.00	16
8347	16.00	16
8349	16.00	16
8351	16.00	16
8353	16.00	16
8355	16.00	16
8357	16.00	16
8359	16.00	16
8361	16.00	16
8363	16.00	16
8365	16.00	16
8367	16.00	16
8369	16.00	16
8371	16.00	16
8373	16.00	16
8375	16.00	16
8377	16.00	16
8379	16.00	16
8381	16.00	16
8383	16.00	16
8385	16.00	16
8387	16.00	16
8389	16.00	16
8391	16.00	16
8393	16.00	16
8395	16.00	16
8397	16.00	16
8399	16.00	16
8401	16.00	16
8403	16.00	16
8405	16.00	16
8407	16.00	16
8409	16.00	16
8411	16.00	16
8413	16.00	16
8415	16.00	16
8417	16.00	16
8419	16.00	16
8421	16.00	16
8423	16.00	16
8425	16.00	16
8427	16.00	16
8429	16.00	16
8431	16.00	16
8433	16.00	16
8435	16.00	16
8437	16.00	16
8439	16.00	16
8441	16.00	16
8443	16.00	16
8445	16.00	16
8447	16.00	16
8449	16.00	16
8451	16.00	16
8453	16.00	16
8455	16.00	16
8457	16.00	16
8459	16.00	16
8461	16.00	16
8463	16.00	16
8465	16.00	16
8467	16.00	16
8469	16.00	16
8471	16.00	16
8473	16.00	16
8475	16.00	16
8477	16.00	16
8479	16.00	16
8481	16.00	16
8483	16.00	16
8485	16.00	16
8487	16.00	16
8489	16.00	16
8491	16.00	16
8493	16.00	16
8495	16.00	16
8497	16.00	16
8499	16.00	16
8501	16.00	16
8503	16.00	16
8505	16.00	16
8507	16.00	16
8509	16.00	16
8511	16.00	16
8513	16.00	16
8515	16.00	16
8517	16.00	16
8519	16.00	16
8521	16.00	16
8523	16.00	16
8525	16.00	16
8527	16.00	16
8529	16.00	16
8531	16.00	16
8533	16.00	16
8535	16.00	16
8537	16.00	16
8539	16.00	16
8541	16.00	16
8543	16.00	16
8545	16.00	16
8547	16.00	16
8549	16.00	16
8551	16.00	16
8553	16.00	16
8555	16.00	16
8557	16.00	16
8559	16.00	16
8561	16.00	16
8563	16.00	16
8565	16.00	16
8567	16.00	16
8569	16.00	16
8571	16.00	16
8573	16.00	16
8575	16.00	16
8577	16.00	16
8579	16.00	16
8581	16.00	16
8583	16.00	16
8585	16.00	16
8587	16.00	16
8589	16.00	16
8591	16.00	16
8593	16.00	16
8595	16.00	16
8597	16.00	16
8599	16.00	16
8601	16.00	16
8603	16.00	16
8605	16.00	16
8607	16.00	16
8609	16.00	16
8611	16.00	16
8613	16.00	16
8615	16.00	16
8617	16.00	16
8619	16.00	16
8621	16.00	16
8623	16.00	16
8625	16.00	16
8627	16.00	16
8629	16.00	16
8631	16.00	16
8633	16.00	16
8635	16.00	16
8637	16.00	16
8639	16.00	16
8641	16.00	16
8643	16.00	16
8645	16.00	16
8647	16.00	16
8649	16.00	16
8651	16.00	16
8653	16.00	16
8655	16.00	16
8657	16.00	16
8659	16.00	16
8661	16.00	16
8663	16.00	16
8665	16.00	16
8667	16.00	16
8669	16.00	16
8671	16.00	16
8673	16.00	16
8675	16.00	16
8677	16.00	16
8679	16.00	16
8681	16.00	16
8683	16.00	16
8685	16.00	16
8687	16.00	16
8689	16.00	16
8691	16.00	16
8693	16.00	16
8695	16.00	16
8697	16.00	16
8699	16.00	16
8701	16.00	16
8703	16.00	16
8705	16.00	16
8707	16.00	16
8709	16.00	16
8711	16.00	16
8713	16.00	16
8715	16.00	16
8717	16.00	16
8719	16.00	16
8721	16.00	16
8723	16.00	16
8725	16.00	16
8727	16.00	16
8729	16.00	16
8731	16.00	16
8733	16.00	16
8735	16.00	16
8737	16.00	16
8739	16.00	16
8741	16.00	16
8743	16.00	16
8745	16.00	16
8747	16.00	16
8749	16.00	16
8751	16.00	16
8753	16.00	16
8755	16.00	16
8757	16.00	16
8759	16.00	16
8761	16.00	16
8763	16.00	16
8765	16.00	16
8767	16.00	16
8769	16.00	16
8771	16.00	16
8773	16.00	16
8775	16.00	16
8777	16.00	16
8779	16.00	16
8781	16.00	16
8783	16.00	16
8785	16.00	16
8787	16.00	16
8789	16.00	16
8791	16.00	16
8793	16.00	16
8795	16.00	16
8797	16.00	16
8799	16.00	16
8801	16.00	16
8803	16.00	16
8805	16.00	16
8807	16.00	16
8809	16.00	16
8811	16.00	16
8813	16.00	16
8815	16.00	16
8817	16.00	16
8819	16.00	16
8821	16.00	16
8823	16.00	16
8825	16.00	16
8827	16.00	16
8829	16.00	16
8831	16.00	16
8833	16.00	16
8835	16.00	16
8837	16.00	16
8839	16.00	16
8841	16.00	16
8843	16.00	16
8845	16.00	16
8847	16.00	16
8849	16.00	16
8851	16.00	16
8853	16.00	16
8855	16.00	16
8857	16.00	16
8859	16.00	16
8861	16.00	16
8863	16.00	16
8865	16.00	16
8867	16.00	16
8869	16.00	16
8871	16.00	16
8873	16.00	16
8875	16.00	16
8877	16.00	16
8879	16.00	16
8881	16.00	16
8883	16.00	16
8885	16.00	16
8887	16.00	16
8889	16.00	16
8891	16.00	16
8893	16.00	16
8895	16.00	16
8897	16.00	16
8899	16.00	16
8901	16.00	16
8903	16.00	16
8905	16.00	16
8907	16.00	16
8909	16.00	16
8911	16.00	16
8913	16.00	16
8915	16.00	16
8917	16.00	16
8919	16.00	16
8921	16.00	16
8923	16.00	16
8925	16.00	16
8927	16.00	16
8929	16.00	16
8931	16.00	16
8933	16.00	16
8935	16.00	16
8937	16.00	16
8939	16.00	16
8941	16.00	16
8943	16.00	16
8945	16.00	16
8947	16.00	16
8949	16.00	16
8951	16.00	16
8953	16.00	16
8955	16.00	16
8957	16.00	16
8959	16.00	16
8961	16.00	16
8963	16.00	16
8965	16.00	16
8967	16.00	16
8969	16.00	16
8971	16.00	16
8973	16.00	16
8975	16.00	16
8977	16.00	16
8979	16.00	16
8981	16.00	16
8983	16.00	16
8985	16.00	16
8987	16.00	16
8989	16.00	16
8991	16.00	16
8993	16.00	16
8995	16.00	16
8997	16.00	16
8999	16.00	16
9001	16.00	16
9003	16.00	16
9005	16.00	16
9007	16.00	16
9009	16.00	16
9011	16.00	16
9013	16.00	16
9015	16.00	16
9017	16.00	16
9019	16.00	16
9021	16.00	16
9023	16.00	16
9025	16.00	16
9027	16.00	16
9029	16.00	16
9031	16.00	16
9033	16.00	16
9035	16.00	16
9037	16.00	16
9039	16.00	16
9041	16.00	16
9043	16.00	16
9045	16.00	16
9047	16.00	16
9049	16.00	16
9051	16.00	16
9053	16.00	16
9055	16.00	16
9057	16.00	16
9059	16.00	16
9061	16.00	16
9063	16.00	16
9065	16.00	16
9067	16.00	16
9069	16.00	16
9071	16.00	16
9073	16.00	16
9075	16.00	16
9077	16.00	16
9079	16.00	16
9081	16.00	16
9083	16.00	16
9085	16.00	16
9087	16.00	16
9089	16.00	16
9091	16.00	16
9093	16.00	16
9095	16.00	16
9097	16.00	16
9099	16.00	16
9101	16.00	16
9103	16.00	16
9105	16.00	16
9107	16.00	16
9109	16.00	16
9111	16.00	16
9113	16.00	16
9115	16.00	16
9117	16.00	16
9119	16.00	16
9121	16.00	16
9123	16.00	16
9125	16.00	16
9127	16.00	16
9129	16.00	16
9131	16.00	16
9133	16.00	16
9135	16.00	16
9137	16.00	16
9139	16.00	16
9141	16.00	16
9143	16.00	16
9145	16.00	16
9147	16.00	16
9149	16.00	16
9151	16.00	16
9153	16.00	16
9155	16.00	16
9157	16.00	16
9159	16.00	16
9161	16.00	16
9163	16.00	16
9165	16.00	16
9167	16.00	16
9169	16.00	16
9171	16.00	16
9173	16.00	16
9175	16.00	16
9177	16.00	16
9179	16.00	16
9181	16.00	16
9183	16.00	16
9185	16.00	16
9187	16.00	16
9189	16.00	16
9191	16.00	16
9193	16.00	16
9195	16.00	16
9197	16.00	16
9199	16.00	16
9201	16.00	16
9203	16.00	16
9205	16.00	16
9207	16.00	16
9209	16.00	16
9211	16.00	16
9213	16.00	16
9215	16.00	16
9217	16.00	16
9219	16.00	16
9221	16.00	16
9223	16.00	16
9225	16.00	16
9227	16.00	16
9229	16.00	16
9231	16.00	16
9233	16.00	16
9235	16.00	16
9237	16.00	16
9239	16.00	16
9241	16.00	16
9243	16.00	16
9245	16.00	16
9247	16.00	16
9249	16.00	16
9251	16.00	16
9253	16.00	16
9255	16.00	16
9257	16.00	16
9259	16.00	16
9261	16.00	16
9263	16.00	16
9265	16.00	16
9267	16.00	16
9269	16.00	16
9271	16.00	16
9273	16.00	16
9275	16.00	16
9277	16.00	16
9279	16.00	16
9281	16.00	16
9283	16.00	16
9285	16.00	16
9287	16.00	16
9289	16.00	16
9291	16.00	16
9293	16.00	16
9295	16.00	16
9297	16.00	16
9299	16.00	16
9301	16.00	16
9303	16.00	16
9305	16.00	16
9307	16.00	16
9309	16.00	16
9311	16.00	16
9313	16.00	16
9315	16.00	16
9317	16.00	16
9319	16.00	16
9321	16.00	16
9323	16.00	16
9325	16.00	16
9327	16.00	16
9329	16.00	16
9331	16.00	16
9333	16.00	16
9335	16.00	16
9337	16.00	16
9339	16.00	16
9341	16.00	16
9343	16.00	16
9345	16.00	16
9347	16.00	16
9349	16.00	16
9351	16.00	16
9353	16.00	16
9355	16.00	16
9357	16.00	16
9359	16.00	16
9361	16.00	16
9363	16.00	16
9365	16.00	16
9367	16.00	16
9369	16.00	16
9371	16.00	16
9373	16.00	16
9375	16.00	16
9377	16.00	16
9379	16.00	16
9381	16.00	16
9383	16.00	16
9385	16.00	16
9387	16.00	16
9389	16.00	16
9391	16.00	16
9393	16.00	16
9395	16.00	16
9397	16.00	16
9399	16.00	16
9401	16.00	16
9403	16.00	16
9405	16.00	16
9407	16.00	16
9409	16.00	16
9411	16.00	16
9413	16.00	16
9415	16.00	16
9417	16.00	16
9419	16.00	16
9421	16.00	16
9423	16.00	16
9425	16.00	16
9427	16.00	16
9429	16.00	16
9431	16.00	16
9433	16.00	16
9435	16.00	16
9437	16.00	16
9439	16.00	16
9441	16.00	16
9443	16.00	16
9445	16.00	16
9447	16.00	16
9449	16.00	16
9451	16.00	16
9453	16.00	16
9455	16.00	16
9457	16.00	16
9459	16.00	16
9461	16.00	16
9463	16.00	16
9465	16.00	16
9467	16.00	16
9469	16.00	16
9471	16.00	16
9473	16.00	16
9475	16.00	16
9477	16.00	16
9479	16.00	16
9481	16.00	16
9483	16.00	16
9485	16.00	16
9487	16.00	16
9489	16.00	16
9491	16.00	16
9493	16.00	16
9495	16.00	16
9497	16.00	16
9499	16.00	16
9501	16.00	16
9503	16.00	16
9505	16.00	16
9507	16.00	16
9509	16.00	16
9511	16.00	16
9513	16.00	16
9515	16.00	16
9517	16.00	16
9519	16.00	16
9521	16.00	16
9523	16.00	16
9525	16.00	16
9527	16.00	16
9529	16.00	16
9531	16.00	16
9533	16.00	16
9535	16.00	16
9537	16.00	16
9539	16.00	16
9541	16.00	16
9543	16.00	16
9545	16.00	16
9547	16.00	16
9549	16.00	16
9551	16.00	16
9553	16.00	16
9555	16.00	16
9557	16.00	16
9559	16.00	16
9561	16.00	16
9563	16.00	16
9565	16.00	16
9567	16.00	16
9569	16.00	16
9571	16.00	16
9573	16.00	16
9575	16.00	16
9577	16.00	16
9579	16.00	16
9581	16.00	16
9583	16.00	16
9585	16.00	16
9587	16.00	16
9589	16.00	16
9591	16.00	16
9593	16.00	16
9595	16.00	16
9597	16.00	16
9599	16.00	16
9601	16.00	16
9603	16.00	16
9605	16.00	16
9607	16.00	16
9609	16.00	16
9611	16.00	16
9613	16.00	16
9615	16.00	16
9617	16.00	16
9619	16.00	16
9621	16.00	16
9623	16.00	16
9625	16.00	16
9627	16.00	16
9629	16.00	16
9631	16.00	16
9633	16.00	16
9635	16.00	16
9637	16.00	16
9639	16.00	16
9641	16.00	16
9643	16.00	16
9645	16.00	16
9647	16.00	16
9649	16.00	16
9651	16.00	16
9653	16.00	16
9655	16.00	16
9657	16.00	16
9659	16.00	16
9661	16.00	16
9663	16.00	16
9665	16.00	16
9667	16.00	16
9669	16.00	16
9671	16.00	16
9673	16.00	16
9675	16.00	16
9677	16.00	16
9679	16.00	16
9681	16.00	16
9683	16.00	16
9685	16.00	16
9687	16.00	16
9689	16.00	16
9691	16.00	16
9693	16.00	16
9695	16.00	16
9697	16.00	16
9699	16.00	16
9701	16.00	16
9703	16.00	16
9705	16.00	16
9707	16.00	16
9709	16.00	16
9711	16.00	16
9713	16.00	16
9715	16.00	16
9717	16.00	16
9719	16.00	16
9721	16.00	16
9723	16.00	16
9725	16.00	16
9727	16.00	16
9729	16.00	16
9731	16.00	16
9733	16.00	16
9735	16.00	16
9737	16.00	16
9739	16.00	16
9741	16.00	16
9743	16.00	16
9745	16.00	16
9747	16.00	16
9749	16.00	16
9751	16.00	16
9753	16.00	16
9755	16.00	16
9757	16.00	16
9759	16.00	16
9761	16.00	16
9763	16.00	16
9765	16.00	16
9767	16.00	16
9769	16.00	16
9771	16.00	16
9773	16.00	16
9775	16.00	16
9777	16.00	16
9779	16.00	16
9781	16.00	16
9783	16.00	16
9785	16.00	16
9787	16.00	16
9789	16.00	16
9791	16.00	16
9793	16.00	16
9795	16.00	16
9797	16.00	16
9799	16.00	16
9801	16.00	16
9803	16.00	16
9805	16.00	16
9807	16.00	16
9809	16.00	16
9811	16.00	16
9813	16.00	16
9815	16.00	16
9817	16.00	16
9819	16.00	16
9821	16.00	16
9823	16.00	16
9825	16.00	16
9827	16.00	16
9829	16.00	16
9831	16.00	16
9833	16.00	16
9835	16.00	16
9837	16.00	16
9839	16.00	16
9841	16.00	16
9843	16.00	16
9845	16.00	16
9847	16.00	16
9849	16.00	16
9851	16.00	16
9853	16.00	16
9855	16.00	16
9857	16.00	16
9859	16.00	16
9861	16.00	16
9863	16.00	16
9865	16.00	16
9867	16.00	16
9869	16.00	16
9871	16.00	16
9873	16.00	16
9875	16.00	16
9877	16.00	16
9879	16.00	16
9881	16.00	16
9883	16.00	16
9885	16.00	16
9887	16.00	16
9889	16.00	16
9891	16.00	16
9893	16.00	16
9895	16.00	16
9897	16.00	16
9899	16.00	16
9901	16.00	16
9903	16.00	16
9905	16.00	16
9907	16.00	16
9909	16.00	16
9911	16.00	16
9913	16.00	16
9915	16.00	16
9917	16.00	16
9919	16.00	16
9921	16.00	16
9923	16.00	16
9925	16.00	16
9927	16.00	16
9929	16.00	16
9931	16.00	16
9933	16.00	16
9935	16.00	16
9937	16.00	16
9939	16.00	16
9941	16.00	16
9943	16.00	16
9945	16.00	16
9947	16.00	16
9949	16.00	16
9951	16.00	16
9953	16.00	16
9955	16.00	16
9957	16.00	16
9959	16.00	16
9961	16.00	16
9963	16.00	16
9965	16.00	16
9967	16.00	16
9969	16.00	16
9971	16.00	16
9973	16.00	16
9975	16.00	16
9977	16.00	16
9979	16.00	16
9981	16.00	16
9983	16.00	16
9985	16.00	16
9987	16.00	16
9989	16.00	16
9991	16.00	16
9993	16.00	16
9995	16.00	16
9997	16.00	16
9999	16.00	16
Run 9
5	-35.80	0
7	-15.20	0
9	-5.40	0
11	-2.00	4
13	-2.00	4
15	-2.00	4
17	-2.00	4
19	-2.00	4
21	1.40	8
23	3.20	8
25	4.80	8
27	4.80	8
29	5.20	8
31	5.60	8
33	5.60	8
35	6.40	8
37	6.40	8
39	6.40	8
41	6.40	8
43	7.20	8
45	7.20	8
47	7.20	8
49	7.20	8
51	8.00	8
53	8.00	8
55	8.00	8
57	8.00	8
59	8.00	8
61	8.00	8
63	8.00	8
65	8.00	8
67	9.00	13
69	9.00	13
71	9.00	13
73	9.80	13
75	10.40	13
77	10.40	13
79	10.40	13
81	10.40	13
83	10.40	13
85	10.40	13
87	10.40	13
89	10.40	13
91	10.40	13
93	10.40	13
95	10.40	13
97	10.40	13
99	10.40	13
101	10.40	13
103	10.40	13
105	10.40	13
107	10.40	13
109	10.40	13
111	10.40	13
113	10.40	13
115	10.40	13
117	10.40	13
119	10.40	13
121	10.40	13
123	10.40	13
125	10.40	13
127	11.40	13
129	11.40	13
131	11.40	13
133	11.40	13
135	11.40	13
137	11.40	13
139	11.40	13
141	11.40	13
143	11.40	13
145	11.40	13
147	11.40	13
149	11.40	13
151	11.40	13
153	12.20	13
155	12.20	13
157	12.20	13
159	12.20	13
161	12.20	13
163	12.20	13
165	12.20	13
167	12.20	13
169	12.20	13
171	12.20	13
173	12.20	13
175	12.20	13
177	12.40	13
179	12.40	13
181	12.40	13
183	12.40	13
185	12.40	13
187	12.40	13
189	12.40	13
191	12.40	13
193	12.40	13
195	12.40	13
197	12.40	13
199	12.40	13
201	12.40	13
203	12.40	13
205	12.40	13
207	12.40	13
209	12.40	13
211	12.40	13
213	12.40	13
215	12.40	13
217	12.40	13
219	12.40	13
221	12.40	13
223	12.60	13
225	12.60	13
227	12.60	13
229	12.60	13
231	12.60	13
233	12.60	13
235	12.60	13
237	12.60	13
239	12.60	13
241	12.60	13
243	12.60	13
245	12.60	13
247	12.60	13
249	12.60	13
251	12.60	13
253	12.60	13
255	12.60	13
257	12.60	13
259	12.60	13
261	12.60	13
263	12.60	13
265	12.60	13
267	12.60	13
269	12.60	13
271	12.60	13
273	12.60	13
275	12.60	13
277	12.60	13
279	12.60	13
281	12.60	13
283	12.60	13
285	12.60	13
287	12.60	13
289	12.60	13
291	12.60	13
293	12.60	13
295	12.60	13
297	12.60	13
299	12.60	13
301	12.60	13
303	12.60	13
305	12.60	13
307	12.60	13
309	12.60	13
311	12.60	13
313	12.60	13
315	12.60	13
317	12.60	13
319	12.60	13
321	12.60	13
323	12.60	13
325	12.60	13
327	12.60	13
329	12.60	13
331	12.60	13
333	12.60	13
335	12.60	13
337	12.60	13
339	12.60	13
341	12.60	13
343	12.60	13
345	12.60	13
347	12.60	13
349	12.60	13
351	12.60	13
353	12.60	13
355	12.60	13
357	12.60	13
359	12.60	13
361	12.60	13
363	12.60	13
365	12.60	13
367	12.60	13
369	12.60	13
371	12.60	13
373	12.60	13
375	12.60	13
377	12.80	13
379	12.80	13
381	12.80	13
383	12.80	13
385	12.80	13
387	12.80	13
389	12.80	13
391	12.80	13
393	12.80	13
395	12.80	13
397	12.80	13
399	12.80	13
401	12.80	13
403	12.80	13
405	12.80	13
407	12.80	13
409	12.80	13
411	12.80	13
413	12.80	13
415	12.80	13
417	12.80	13
419	12.80	13
421	12.80	13
423	12.80	13
425	12.80	13
427	12.80	13
429	12.80	13
431	12.80	13
433	12.80	13
435	12.80	13
437	12.80	13
439	12.80	13
441	12.80	13
443	12.80	13
445	12.80	13
447	12.80	13
449	12.80	13
451	12.80	13
453	12.80	13
455	12.80	13
457	12.80	13
459	12.80	13
461	12.80	13
463	12.80	13
465	12.80	13
467	12.80	13
469	12.80	13
471	12.80	13
473	12.80	13
475	12.80	13
477	12.80	13
479	12.80	13
481	12.80	13
483	12.80	13
485	12.80	13
487	12.80	13
489	12.80	13
491	12.80	13
493	12.80	13
495	12.80	13
497	12.80	13
499	12.80	13
501	12.80	13
503	12.80	13
505	12.80	13
507	12.80	13
509	12.80	13
511	12.80	13
513	12.80	13
515	12.80	13
517	12.80	13
519	12.80	13
521	12.80	13
523	12.80	13
525	12.80	13
527	12.80	13
529	12.80	13
531	12.80	13
533	12.80	13
535	12.80	13
537	12.80	13
539	12.80	13
541	12.80	13
543	12.80	13
545	12.80	13
547	12.80	13
549	12.80	13
551	12.80	13
553	12.80	13
555	12.80	13
557	12.80	13
559	12.80	13
561	12.80	13
563	12.80	13
565	12.80	13
567	12.80	13
569	12.80	13
571	12.80	13
573	12.80	13
575	12.80	13
577	12.80	13
579	12.80	13
581	12.80	13
583	12.80	13
585	12.80	13
587	12.80	13
589	12.80	13
591	12.80	13
593	12.80	13
595	12.80	13
597	12.80	13
599	12.80	13
601	12.80	13
603	12.80	13
605	13.60	16
607	13.60	16
609	13.60	16
611	13.60	16
613	13.60	16
615	13.60	16
617	13.60	16
619	13.60	16
621	13.60	16
623	13.60	16
625	13.60	16
627	13.60	16
629	13.60	16
631	13.60	16
633	13.60	16
635	13.60	16
637	13.60	16
639	13.60	16
641	13.60	16
643	13.60	16
645	13.60	16
647	13.60	16
649	13.60	16
651	13.60	16
653	13.60	16
655	13.60	16
657	13.60	16
659	13.60	16
661	13.60	16
663	13.60	16
665	13.60	16
667	13.60	16
669	13.60	16
671	13.60	16
673	13.60	16
675	13.60	16
677	13.60	16
679	13.60	16
681	13.60	16
683	13.60	16
685	13.60	16
687	13.60	16
689	13.60	16
691	13.60	16
693	13.80	16
695	13.80	16
697	13.80	16
699	13.80	16
701	13.80	16
703	13.80	16
705	13.80	16
707	13.80	16
709	13.80	16
711	13.80	16
713	13.80	16
715	13.80	16
717	13.80	16
719	13.80	16
721	13.80	16
723	13.80	16
725	13.80	16
727	13.80	16
729	13.80	16
731	13.80	16
733	13.80	16
735	13.80	16
737	13.80	16
739	13.80	16
741	13.80	16
743	13.80	16
745	13.80	16
747	13.80	16
749	13.80	16
751	13.80	16
753	13.80	16
755	13.80	16
757	13.80	16
759	13.80	16
761	13.80	16
763	13.80	16
765	13.80	16
767	13.80	16
769	13.80	16
771	13.80	16
773	13.80	16
775	13.80	16
777	13.80	16
779	13.80	16
781	13.80	16
783	13.80	16
785	13.80	16
787	13.80	16
789	13.80	16
791	13.80	16
793	13.80	16
795	13.80	16
797	13.80	16
799	13.80	16
801	13.80	16
803	13.80	16
805	13.80	16
807	13.80	16
809	13.80	16
811	13.80	16
813	13.80	16
815	13.80	16
817	13.80	16
819	13.80	16
821	13.80	16
823	13.80	16
825	13.80	16
827	13.80	16
829	13.80	16
831	13.80	16
833	13.80	16
835	13.80	16
837	13.80	16
839	13.80	16
841	13.80	16
843	13.80	16
845	13.80	16
847	13.80	16
849	13.80	16
851	13.80	16
853	13.80	16
855	13.80	16
857	13.80	16
859	13.80	16
861	13.80	16
863	13.80	16
865	13.80	16
867	13.80	16
869	13.80	16
871	13.80	16
873	13.80	16
875	13.80	16
877	13.80	16
879	13.80	16
881	13.80	16
883	13.80	16
885	13.80	16
887	13.80	16
889	13.80	16
891	13.80	16
893	13.80	16
895	13.80	16
897	13.80	16
899	13.80	16
901	13.80	16
903	13.80	16
905	13.80	16
907	13.80	16
909	13.80	16
911	13.80	16
913	13.80	16
915	13.80	16
917	13.80	16
919	13.80	16
921	13.80	16
923	13.80	16
925	13.80	16
927	13.80	16
929	13.80	16
931	13.80	16
933	13.80	16
935	13.80	16
937	13.80	16
939	13.80	16
941	13.80	16
943	13.80	16
945	13.80	16
947	13.80	16
949	13.80	16
951	13.80	16
953	13.80	16
955	13.80	16
957	13.80	16
959	13.80	16
961	13.80	16
963	13.80	16
965	13.80	16
967	13.80	16
969	13.80	16
971	13.80	16
973	13.80	16
975	13.80	16
977	13.80	16
979	13.80	16
981	13.80	16
983	13.80	16
985	13.80	16
987	13.80	16
989	13.80	16
991	13.80	16
993	13.80	16
995	13.80	16
997	13.80	16
999	13.80	16
1001	13.80	16
1003	13.80	16
1005	13.80	16
1007	13.80	16
1009	13.80	16
1011	13.80	16
1013	13.80	16
1015	13.80	16
1017	13.80	16
1019	13.80	16
1021	13.80	16
1023	13.80	16
1025	13.80	16
1027	13.80	16
1029	13.80	16
1031	13.80	16
1033	13.80	16
1035	13.80	16
1037	13.80	16
1039	13.80	16
1041	13.80	16
1043	13.80	16
1045	13.80	16
1047	13.80	16
1049	13.80	16
1051	13.80	16
1053	13.80	16
1055	13.80	16
1057	13.80	16
1059	13.80	16
1061	13.80	16
1063	13.80	16
1065	13.80	16
1067	13.80	16
1069	13.80	16
1071	13.80	16
1073	13.80	16
1075	13.80	16
1077	13.80	16
1079	13.80	16
1081	13.80	16
1083	13.80	16
1085	13.80	16
1087	13.80	16
1089	13.80	16
1091	13.80	16
1093	13.80	16
1095	13.80	16
1097	13.80	16
1099	13.80	16
1101	13.80	16
1103	13.80	16
1105	13.80	16
1107	13.80	16
1109	13.80	16
1111	13.80	16
1113	13.80	16
1115	13.80	16
1117	13.80	16
1119	13.80	16
1121	13.80	16
1123	13.80	16
1125	13.80	16
1127	13.80	16
1129	13.80	16
1131	13.80	16
1133	13.80	16
1135	13.80	16
1137	13.80	16
1139	13.80	16
1141	13.80	16
1143	14.00	16
1145	14.00	16
1147	14.00	16
1149	14.00	16
1151	14.00	16
1153	14.00	16
1155	14.00	16
1157	14.00	16
1159	14.00	16
1161	14.00	16
1163	14.00	16
1165	14.00	16
1167	14.00	16
1169	14.00	16
1171	14.00	16
1173	14.00	16
1175	14.00	16
1177	14.00	16
1179	14.00	16
1181	14.00	16
1183	14.60	16
1185	14.60	16
1187	14.60	16
1189	14.60	16
1191	14.60	16
1193	14.60	16
1195	14.60	16
1197	14.60	16
1199	14.60	16
1201	14.60	16
1203	14.60	16
1205	14.60	16
1207	14.60	16
1209	14.60	16
1211	14.60	16
1213	14.60	16
1215	14.60	16
1217	14.60	16
1219	14.60	16
1221	14.60	16
1223	14.60	16
1225	14.60	16
1227	14.80	16
1229	14.80	16
1231	14.80	16
1233	14.80	16
1235	14.80	16
1237	14.80	16
1239	14.80	16
1241	14.80	16
1243	14.80	16
1245	14.80	16
1247	14.80	16
1249	14.80	16
1251	14.80	16
1253	14.80	16
1255	14.80	16
1257	14.80	16
1259	14.80	16
1261	14.80	16
1263	14.80	16
1265	14.80	16
1267	14.80	16
1269	14.80	16
1271	14.80	16
1273	14.80	16
1275	14.80	16
1277	14.80	16
1279	14.80	16
1281	14.80	16
1283	14.80	16
1285	14.80	16
1287	14.80	16
1289	14.80	16
1291	14.80	16
1293	14.80	16
1295	14.80	16
1297	14.80	16
1299	15.20	16
1301	15.20	16
1303	15.20	16
1305	15.20	16
1307	15.20	16
1309	15.20	16
1311	15.20	16
1313	15.20	16
1315	15.20	16
1317	15.20	16
1319	15.20	16
1321	15.20	16
1323	15.20	16
1325	15.20	16
1327	15.20	16
1329	15.20	16
1331	15.20	16
1333	15.20	16
1335	15.20	16
1337	15.20	16
1339	15.20	16
1341	15.20	16
1343	15.20	16
1345	15.20	16
1347	15.20	16
1349	15.20	16
1351	15.20	16
1353	15.20	16
1355	15.20	16
1357	15.20	16
1359	15.20	16
1361	15.20	16
1363	15.20	16
1365	15.20	16
1367	15.20	16
1369	15.20	16
1371	15.20	16
1373	15.20	16
1375	15.20	16
1377	15.20	16
1379	15.20	16
1381	15.20	16
1383	15.20	16
1385	15.60	16
1387	15.60	16
1389	15.60	16
1391	15.60	16
1393	15.60	16
1395	15.60	16
1397	15.60	16
1399	15.60	16
1401	15.60	16
1403	15.60	16
1405	16.00	16
1407	16.00	16
1409	16.00	16
1411	16.00	16
1413	16.00	16
1415	16.00	16
1417	16.00	16
1419	16.00	16
1421	16.00	16
1423	16.00	16
1425	16.00	16
1427	16.00	16
1429	16.00	16
1431	16.00	16
1433	16.00	16
1435	16.00	16
1437	16.00	16
1439	16.00	16
1441	16.00	16
1443	16.00	16
1445	16.00	16
1447	16.00	16
1449	16.00	16
1451	16.00	16
1453	16.00	16
1455	16.00	16
1457	16.00	16
1459	16.00	16
1461	16.00	16
1463	16.00	16
1465	16.00	16
1467	16.00	16
1469	16.00	16
1471	16.00	16
1473	16.00	16
1475	16.00	16
1477	16.00	16
1479	16.00	16
1481	16.00	16
1483	16.00	16
1485	16.00	16
1487	16.00	16
1489	16.00	16
1491	16.00	16
1493	16.00	16
1495	16.00	16
1497	16.00	16
1499	16.00	16
1501	16.00	16
1503	16.00	16
1505	16.00	16
1507	16.00	16
1509	16.00	16
1511	16.00	16
1513	16.00	16
1515	16.00	16
1517	16.00	16
1519	16.00	16
1521	16.00	16
1523	16.00	16
1525	16.00	16
1527	16.00	16
1529	16.00	16
1531	16.00	16
1533	16.00	16
1535	16.00	16
1537	16.00	16
1539	16.00	16
1541	16.00	16
1543	16.00	16
1545	16.00	16
1547	16.00	16
1549	16.00	16
1551	16.00	16
1553	16.00	16
1555	16.00	16
1557	16.00	16
1559	16.00	16
1561	16.00	16
1563	16.00	16
1565	16.00	16
1567	16.00	16
1569	16.00	16
1571	16.00	16
1573	16.00	16
1575	16.00	16
1577	16.00	16
1579	16.00	16
1581	16.00	16
1583	16.00	16
1585	16.00	16
1587	16.00	16
1589	16.00	16
1591	16.00	16
1593	16.00	16
1595	16.00	16
1597	16.00	16
1599	16.00	16
1601	16.00	16
1603	16.00	16
1605	16.00	16
1607	16.00	16
1609	16.00	16
1611	16.00	16
1613	16.00	16
1615	16.00	16
1617	16.00	16
1619	16.00	16
1621	16.00	16
1623	16.00	16
1625	16.00	16
1627	16.00	16
1629	16.00	16
1631	16.00	16
1633	16.00	16
1635	16.00	16
1637	16.00	16
1639	16.00	16
1641	16.00	16
1643	16.00	16
1645	16.00	16
1647	16.00	16
1649	16.00	16
1651	16.00	16
1653	16.00	16
1655	16.00	16
1657	16.00	16
1659	16.00	16
1661	16.00	16
1663	16.00	16
1665	16.00	16
1667	16.00	16
1669	16.00	16
1671	16.00	16
1673	16.00	16
1675	16.00	16
1677	16.00	16
1679	16.00	16
1681	16.00	16
1683	16.00	16
1685	16.00	16
1687	16.00	16
1689	16.00	16
1691	16.00	16
1693	16.00	16
1695	16.00	16
1697	16.00	16
1699	16.00	16
1701	16.00	16
1703	16.00	16
1705	16.00	16
1707	16.00	16
1709	16.00	16
1711	16.00	16
1713	16.00	16
1715	16.00	16
1717	16.00	16
1719	16.00	16
1721	16.00	16
1723	16.00	16
1725	16.00	16
1727	16.00	16
1729	16.00	16
1731	16.00	16
1733	16.00	16
1735	16.00	16
1737	16.00	16
1739	16.00	16
1741	16.00	16
1743	16.00	16
1745	16.00	16
1747	16.00	16
1749	16.00	16
1751	16.00	16
1753	16.00	16
1755	16.00	16
1757	16.00	16
1759	16.00	16
1761	16.00	16
1763	16.00	16
1765	16.00	16
1767	16.00	16
1769	16.00	16
1771	16.00	16
1773	16.00	16
1775	16.00	16
1777	16.00	16
1779	16.00	16
1781	16.00	16
1783	16.00	16
1785	16.00	16
1787	16.00	16
1789	16.00	16
1791	16.00	16
1793	16.00	16
1795	16.00	16
1797	16.00	16
1799	16.00	16
1801	16.00	16
1803	16.00	16
1805	16.00	16
1807	16.00	16
1809	16.00	16
1811	16.00	16
1813	16.00	16
1815	16.00	16
1817	16.00	16
1819	16.00	16
1821	16.00	16
1823	16.00	16
1825	16.00	16
1827	16.00	16
1829	16.00	16
1831	16.00	16
1833	16.00	16
1835	16.00	16
1837	16.00	16
1839	16.00	16
1841	16.00	16
1843	16.00	16
1845	16.00	16
1847	16.00	16
1849	16.00	16
1851	16.00	16
1853	16.00	16
1855	16.00	16
1857	16.00	16
1859	16.00	16
1861	16.00	16
1863	16.00	16
1865	16.00	16
1867	16.00	16
1869	16.00	16
1871	16.00	16
1873	16.00	16
1875	16.00	16
1877	16.00	16
1879	16.00	16
1881	16.00	16
1883	16.00	16
1885	16.00	16
1887	16.00	16
1889	16.00	16
1891	16.00	16
1893	16.00	16
1895	16.00	16
1897	16.00	16
1899	16.00	16
1901	16.00	16
1903	16.00	16
1905	16.00	16
1907	16.00	16
1909	16.00	16
1911	16.00	16
1913	16.00	16
1915	16.00	16
1917	16.00	16
1919	16.00	16
1921	16.00	16
1923	16.00	16
1925	16.00	16
1927	16.00	16
1929	16.00	16
1931	16.00	16
1933	16.00	16
1935	16.00	16
1937	16.00	16
1939	16.00	16
1941	16.00	16
1943	16.00	16
1945	16.00	16
1947	16.00	16
1949	16.00	16
1951	16.00	16
1953	16.00	16
1955	16.00	16
1957	16.00	16
1959	16.00	16
1961	16.00	16
1963	16.00	16
1965	16.00	16
1967	16.00	16
1969	16.00	16
1971	16.00	16
1973	16.00	16
1975	16.00	16
1977	16.00	16
1979	16.00	16
1981	16.00	16
1983	16.00	16
1985	16.00	16
1987	16.00	16
1989	16.00	16
1991	16.00	16
1993	16.00	16
1995	16.00	16
1997	16.00	16
1999	16.00	16
2001	16.00	16
2003	16.00	16
2005	16.00	16
2007	16.00	16
2009	16.00	16
2011	16.00	16
2013	16.00	16
2015	16.00	16
2017	16.00	16
2019	16.00	16
2021	16.00	16
2023	16.00	16
2025	16.00	16
2027	16.00	16
2029	16.00	16
2031	16.00	16
2033	16.00	16
2035	16.00	16
2037	16.00	16
2039	16.00	16
2041	16.00	16
2043	16.00	16
2045	16.00	16
2047	16.00	16
2049	16.00	16
2051	16.00	16
2053	16.00	16
2055	16.00	16
2057	16.00	16
2059	16.00	16
2061	16.00	16
2063	16.00	16
2065	16.00	16
2067	16.00	16
2069	16.00	16
2071	16.00	16
2073	16.00	16
2075	16.00	16
2077	16.00	16
2079	16.00	16
2081	16.00	16
2083	16.00	16
2085	16.00	16
2087	16.00	16
2089	16.00	16
2091	16.00	16
2093	16.00	16
2095	16.00	16
2097	16.00	16
2099	16.00	16
2101	16.00	16
2103	16.00	16
2105	16.00	16
2107	16.00	16
2109	16.00	16
2111	16.00	16
2113	16.00	16
2115	16.00	16
2117	16.00	16
2119	16.00	16
2121	16.00	16
2123	16.00	16
2125	16.00	16
2127	16.00	16
2129	16.00	16
2131	16.00	16
2133	16.00	16
2135	16.00	16
2137	16.00	16
2139	16.00	16
2141	16.00	16
2143	16.00	16
2145	16.00	16
2147	16.00	16
2149	16.00	16
2151	16.00	16
2153	16.00	16
2155	16.00	16
2157	16.00	16
2159	16.00	16
2161	16.00	16
2163	16.00	16
2165	16.00	16
2167	16.00	16
2169	16.00	16
2171	16.00	16
2173	16.00	16
2175	16.00	16
2177	16.00	16
2179	16.00	16
2181	16.00	16
2183	16.00	16
2185	16.00	16
2187	16.00	16
2189	16.00	16
2191	16.00	16
2193	16.00	16
2195	16.00	16
2197	16.00	16
2199	16.00	16
2201	16.00	16
2203	16.00	16
2205	16.00	16
2207	16.00	16
2209	16.00	16
2211	16.00	16
2213	16.00	16
2215	16.00	16
2217	16.00	16
2219	16.00	16
2221	16.00	16
2223	16.00	16
2225	16.00	16
2227	16.00	16
2229	16.00	16
2231	16.00	16
2233	16.00	16
2235	16.00	16
2237	16.00	16
2239	16.00	16
2241	16.00	16
2243	16.00	16
2245	16.00	16
2247	16.00	16
2249	16.00	16
2251	16.00	16
2253	16.00	16
2255	16.00	16
2257	16.00	16
2259	16.00	16
2261	16.00	16
2263	16.00	16
2265	16.00	16
2267	16.00	16
2269	16.00	16
2271	16.00	16
2273	16.00	16
2275	16.00	16
2277	16.00	16
2279	16.00	16
2281	16.00	16
2283	16.00	16
2285	16.00	16
2287	16.00	16
2289	16.00	16
2291	16.00	16
2293	16.00	16
2295	16.00	16
2297	16.00	16
2299	16.00	16
2301	16.00	16
2303	16.00	16
2305	16.00	16
2307	16.00	16
2309	16.00	16
2311	16.00	16
2313	16.00	16
2315	16.00	16
2317	16.00	16
2319	16.00	16
2321	16.00	16
2323	16.00	16
2325	16.00	16
2327	16.00	16
2329	16.00	16
2331	16.00	16
2333	16.00	16
2335	16.00	16
2337	16.00	16
2339	16.00	16
2341	16.00	16
2343	16.00	16
2345	16.00	16
2347	16.00	16
2349	16.00	16
2351	16.00	16
2353	16.00	16
2355	16.00	16
2357	16.00	16
2359	16.00	16
2361	16.00	16
2363	16.00	16
2365	16.00	16
2367	16.00	16
2369	16.00	16
2371	16.00	16
2373	16.00	16
2375	16.00	16
2377	16.00	16
2379	16.00	16
2381	16.00	16
2383	16.00	16
2385	16.00	16
2387	16.00	16
2389	16.00	16
2391	16.00	16
2393	16.00	16
2395	16.00	16
2397	16.00	16
2399	16.00	16
2401	16.00	16
2403	16.00	16
2405	16.00	16
2407	16.00	16
2409	16.00	16
2411	16.00	16
2413	16.00	16
2415	16.00	16
2417	16.00	16
2419	16.00	16
2421	16.00	16
2423	16.00	16
2425	16.00	16
2427	16.00	16
2429	16.00	16
2431	16.00	16
2433	16.00	16
2435	16.00	16
2437	16.00	16
2439	16.00	16
2441	16.00	16
2443	16.00	16
2445	16.00	16
2447	16.00	16
2449	16.00	16
2451	16.00	16
2453	16.00	16
2455	16.00	16
2457	16.00	16
2459	16.00	16
2461	16.00	16
2463	16.00	16
2465	16.00	16
2467	16.00	16
2469	16.00	16
2471	16.00	16
2473	16.00	16
2475	16.00	16
2477	16.00	16
2479	16.00	16
2481	16.00	16
2483	16.00	16
2485	16.00	16
2487	16.00	16
2489	16.00	16
2491	16.00	16
2493	16.00	16
2495	16.00	16
2497	16.00	16
2499	16.00	16
2501	16.00	16
2503	16.00	16
2505	16.00	16
2507	16.00	16
2509	16.00	16
2511	16.00	16
2513	16.00	16
2515	16.00	16
2517	16.00	16
2519	16.00	16
2521	16.00	16
2523	16.00	16
2525	16.00	16
2527	16.00	16
2529	16.00	16
2531	16.00	16
2533	16.00	16
2535	16.00	16
2537	16.00	16
2539	16.00	16
2541	16.00	16
2543	16.00	16
2545	16.00	16
2547	16.00	16
2549	16.00	16
2551	16.00	16
2553	16.00	16
2555	16.00	16
2557	16.00	16
2559	16.00	16
2561	16.00	16
2563	16.00	16
2565	16.00	16
2567	16.00	16
2569	16.00	16
2571	16.00	16
2573	16.00	16
2575	16.00	16
2577	16.00	16
2579	16.00	16
2581	16.00	16
2583	16.00	16
2585	16.00	16
2587	16.00	16
2589	16.00	16
2591	16.00	16
2593	16.00	16
2595	16.00	16
2597	16.00	16
2599	16.00	16
2601	16.00	16
2603	16.00	16
2605	16.00	16
2607	16.00	16
2609	16.00	16
2611	16.00	16
2613	16.00	16
2615	16.00	16
2617	16.00	16
2619	16.00	16
2621	16.00	16
2623	16.00	16
2625	16.00	16
2627	16.00	16
2629	16.00	16
2631	16.00	16
2633	16.00	16
2635	16.00	16
2637	16.00	16
2639	16.00	16
2641	16.00	16
2643	16.00	16
2645	16.00	16
2647	16.00	16
2649	16.00	16
2651	16.00	16
2653	16.00	16
2655	16.00	16
2657	16.00	16
2659	16.00	16
2661	16.00	16
2663	16.00	16
2665	16.00	16
2667	16.00	16
2669	16.00	16
2671	16.00	16
2673	16.00	16
2675	16.00	16
2677	16.00	16
2679	16.00	16
2681	16.00	16
2683	16.00	16
2685	16.00	16
2687	16.00	16
2689	16.00	16
2691	16.00	16
2693	16.00	16
2695	16.00	16
2697	16.00	16
2699	16.00	16
2701	16.00	16
2703	16.00	16
2705	16.00	16
2707	16.00	16
2709	16.00	16
2711	16.00	16
2713	16.00	16
2715	16.00	16
2717	16.00	16
2719	16.00	16
2721	16.00	16
2723	16.00	16
2725	16.00	16
2727	16.00	16
2729	16.00	16
2731	16.00	16
2733	16.00	16
2735	16.00	16
2737	16.00	16
2739	16.00	16
2741	16.00	16
2743	16.00	16
2745	16.00	16
2747	16.00	16
2749	16.00	16
2751	16.00	16
2753	16.00	16
2755	16.00	16
2757	16.00	16
2759	16.00	16
2761	16.00	16
2763	16.00	16
2765	16.00	16
2767	16.00	16
2769	16.00	16
2771	16.00	16
2773	16.00	16
2775	16.00	16
2777	16.00	16
2779	16.00	16
2781	16.00	16
2783	16.00	16
2785	16.00	16
2787	16.00	16
2789	16.00	16
2791	16.00	16
2793	16.00	16
2795	16.00	16
2797	16.00	16
2799	16.00	16
2801	16.00	16
2803	16.00	16
2805	16.00	16
2807	16.00	16
2809	16.00	16
2811	16.00	16
2813	16.00	16
2815	16.00	16
2817	16.00	16
2819	16.00	16
2821	16.00	16
2823	16.00	16
2825	16.00	16
2827	16.00	16
2829	16.00	16
2831	16.00	16
2833	16.00	16
2835	16.00	16
2837	16.00	16
2839	16.00	16
2841	16.00	16
2843	16.00	16
2845	16.00	16
2847	16.00	16
2849	16.00	16
2851	16.00	16
2853	16.00	16
2855	16.00	16
2857	16.00	16
2859	16.00	16
2861	16.00	16
2863	16.00	16
2865	16.00	16
2867	16.00	16
2869	16.00	16
2871	16.00	16
2873	16.00	16
2875	16.00	16
2877	16.00	16
2879	16.00	16
2881	16.00	16
2883	16.00	16
2885	16.00	16
2887	16.00	16
2889	16.00	16
2891	16.00	16
2893	16.00	16
2895	16.00	16
2897	16.00	16
2899	16.00	16
2901	16.00	16
2903	16.00	16
2905	16.00	16
2907	16.00	16
2909	16.00	16
2911	16.00	16
2913	16.00	16
2915	16.00	16
2917	16.00	16
2919	16.00	16
2921	16.00	16
2923	16.00	16
2925	16.00	16
2927	16.00	16
2929	16.00	16
2931	16.00	16
2933	16.00	16
2935	16.00	16
2937	16.00	16
2939	16.00	16
2941	16.00	16
2943	16.00	16
2945	16.00	16
2947	16.00	16
2949	16.00	16
2951	16.00	16
2953	16.00	16
2955	16.00	16
2957	16.00	16
2959	16.00	16
2961	16.00	16
2963	16.00	16
2965	16.00	16
2967	16.00	16
2969	16.00	16
2971	16.00	16
2973	16.00	16
2975	16.00	16
2977	16.00	16
2979	16.00	16
2981	16.00	16
2983	16.00	16
2985	16.00	16
2987	16.00	16
2989	16.00	16
2991	16.00	16
2993	16.00	16
2995	16.00	16
2997	16.00	16
2999	16.00	16
3001	16.00	16
3003	16.00	16
3005	16.00	16
3007	16.00	16
3009	16.00	16
3011	16.00	16
3013	16.00	16
3015	16.00	16
3017	16.00	16
3019	16.00	16
3021	16.00	16
3023	16.00	16
3025	16.00	16
3027	16.00	16
3029	16.00	16
3031	16.00	16
3033	16.00	16
3035	16.00	16
3037	16.00	16
3039	16.00	16
3041	16.00	16
3043	16.00	16
3045	16.00	16
3047	16.00	16
3049	16.00	16
3051	16.00	16
3053	16.00	16
3055	16.00	16
3057	16.00	16
3059	16.00	16
3061	16.00	16
3063	16.00	16
3065	16.00	16
3067	16.00	16
3069	16.00	16
3071	16.00	16
3073	16.00	16
3075	16.00	16
3077	16.00	16
3079	16.00	16
3081	16.00	16
3083	16.00	16
3085	16.00	16
3087	16.00	16
3089	16.00	16
3091	16.00	16
3093	16.00	16
3095	16.00	16
3097	16.00	16
3099	16.00	16
3101	16.00	16
3103	16.00	16
3105	16.00	16
3107	16.00	16
3109	16.00	16
3111	16.00	16
3113	16.00	16
3115	16.00	16
3117	16.00	16
3119	16.00	16
3121	16.00	16
3123	16.00	16
3125	16.00	16
3127	16.00	16
3129	16.00	16
3131	16.00	16
3133	16.00	16
3135	16.00	16
3137	16.00	16
3139	16.00	16
3141	16.00	16
3143	16.00	16
3145	16.00	16
3147	16.00	16
3149	16.00	16
3151	16.00	16
3153	16.00	16
3155	16.00	16
3157	16.00	16
3159	16.00	16
3161	16.00	16
3163	16.00	16
3165	16.00	16
3167	16.00	16
3169	16.00	16
3171	16.00	16
3173	16.00	16
3175	16.00	16
3177	16.00	16
3179	16.00	16
3181	16.00	16
3183	16.00	16
3185	16.00	16
3187	16.00	16
3189	16.00	16
3191	16.00	16
3193	16.00	16
3195	16.00	16
3197	16.00	16
3199	16.00	16
3201	16.00	16
3203	16.00	16
3205	16.00	16
3207	16.00	16
3209	16.00	16
3211	16.00	16
3213	16.00	16
3215	16.00	16
3217	16.00	16
3219	16.00	16
3221	16.00	16
3223	16.00	16
3225	16.00	16
3227	16.00	16
3229	16.00	16
3231	16.00	16
3233	16.00	16
3235	16.00	16
3237	16.00	16
3239	16.00	16
3241	16.00	16
3243	16.00	16
3245	16.00	16
3247	16.00	16
3249	16.00	16
3251	16.00	16
3253	16.00	16
3255	16.00	16
3257	16.00	16
3259	16.00	16
3261	16.00	16
3263	16.00	16
3265	16.00	16
3267	16.00	16
3269	16.00	16
3271	16.00	16
3273	16.00	16
3275	16.00	16
3277	16.00	16
3279	16.00	16
3281	16.00	16
3283	16.00	16
3285	16.00	16
3287	16.00	16
3289	16.00	16
3291	16.00	16
3293	16.00	16
3295	16.00	16
3297	16.00	16
3299	16.00	16
3301	16.00	16
3303	16.00	16
3305	16.00	16
3307	16.00	16
3309	16.00	16
3311	16.00	16
3313	16.00	16
3315	16.00	16
3317	16.00	16
3319	16.00	16
3321	16.00	16
3323	16.00	16
3325	16.00	16
3327	16.00	16
3329	16.00	16
3331	16.00	16
3333	16.00	16
3335	16.00	16
3337	16.00	16
3339	16.00	16
3341	16.00	16
3343	16.00	16
3345	16.00	16
3347	16.00	16
3349	16.00	16
3351	16.00	16
3353	16.00	16
3355	16.00	16
3357	16.00	16
3359	16.00	16
3361	16.00	16
3363	16.00	16
3365	16.00	16
3367	16.00	16
3369	16.00	16
3371	16.00	16
3373	16.00	16
3375	16.00	16
3377	16.00	16
3379	16.00	16
3381	16.00	16
3383	16.00	16
3385	16.00	16
3387	16.00	16
3389	16.00	16
3391	16.00	16
3393	16.00	16
3395	16.00	16
3397	16.00	16
3399	16.00	16
3401	16.00	16
3403	16.00	16
3405	16.00	16
3407	16.00	16
3409	16.00	16
3411	16.00	16
3413	16.00	16
3415	16.00	16
3417	16.00	16
3419	16.00	16
3421	16.00	16
3423	16.00	16
3425	16.00	16
3427	16.00	16
3429	16.00	16
3431	16.00	16
3433	16.00	16
3435	16.00	16
3437	16.00	16
3439	16.00	16
3441	16.00	16
3443	16.00	16
3445	16.00	16
3447	16.00	16
3449	16.00	16
3451	16.00	16
3453	16.00	16
3455	16.00	16
3457	16.00	16
3459	16.00	16
3461	16.00	16
3463	16.00	16
3465	16.00	16
3467	16.00	16
3469	16.00	16
3471	16.00	16
3473	16.00	16
3475	16.00	16
3477	16.00	16
3479	16.00	16
3481	16.00	16
3483	16.00	16
3485	16.00	16
3487	16.00	16
3489	16.00	16
3491	16.00	16
3493	16.00	16
3495	16.00	16
3497	16.00	16
3499	16.00	16
3501	16.00	16
3503	16.00	16
3505	16.00	16
3507	16.00	16
3509	16.00	16
3511	16.00	16
3513	16.00	16
3515	16.00	16
3517	16.00	16
3519	16.00	16
3521	16.00	16
3523	16.00	16
3525	16.00	16
3527	16.00	16
3529	16.00	16
3531	16.00	16
3533	16.00	16
3535	16.00	16
3537	16.00	16
3539	16.00	16
3541	16.00	16
3543	16.00	16
3545	16.00	16
3547	16.00	16
3549	16.00	16
3551	16.00	16
3553	16.00	16
3555	16.00	16
3557	16.00	16
3559	16.00	16
3561	16.00	16
3563	16.00	16
3565	16.00	16
3567	16.00	16
3569	16.00	16
3571	16.00	16
3573	16.00	16
3575	16.00	16
3577	16.00	16
3579	16.00	16
3581	16.00	16
3583	16.00	16
3585	16.00	16
3587	16.00	16
3589	16.00	16
3591	16.00	16
3593	16.00	16
3595	16.00	16
3597	16.00	16
3599	16.00	16
3601	16.00	16
3603	16.00	16
3605	16.00	16
3607	16.00	16
3609	16.00	16
3611	16.00	16
3613	16.00	16
3615	16.00	16
3617	16.00	16
3619	16.00	16
3621	16.00	16
3623	16.00	16
3625	16.00	16
3627	16.00	16
3629	16.00	16
3631	16.00	16
3633	16.00	16
3635	16.00	16
3637	16.00	16
3639	16.00	16
3641	16.00	16
3643	16.00	16
3645	16.00	16
3647	16.00	16
3649	16.00	16
3651	16.00	16
3653	16.00	16
3655	16.00	16
3657	16.00	16
3659	16.00	16
3661	16.00	16
3663	16.00	16
3665	16.00	16
3667	16.00	16
3669	16.00	16
3671	16.00	16
3673	16.00	16
3675	16.00	16
3677	16.00	16
3679	16.00	16
3681	16.00	16
3683	16.00	16
3685	16.00	16
3687	16.00	16
3689	16.00	16
3691	16.00	16
3693	16.00	16
3695	16.00	16
3697	16.00	16
3699	16.00	16
3701	16.00	16
3703	16.00	16
3705	16.00	16
3707	16.00	16
3709	16.00	16
3711	16.00	16
3713	16.00	16
3715	16.00	16
3717	16.00	16
3719	16.00	16
3721	16.00	16
3723	16.00	16
3725	16.00	16
3727	16.00	16
3729	16.00	16
3731	16.00	16
3733	16.00	16
3735	16.00	16
3737	16.00	16
3739	16.00	16
3741	16.00	16
3743	16.00	16
3745	16.00	16
3747	16.00	16
3749	16.00	16
3751	16.00	16
3753	16.00	16
3755	16.00	16
3757	16.00	16
3759	16.00	16
3761	16.00	16
3763	16.00	16
3765	16.00	16
3767	16.00	16
3769	16.00	16
3771	16.00	16
3773	16.00	16
3775	16.00	16
3777	16.00	16
3779	16.00	16
3781	16.00	16
3783	16.00	16
3785	16.00	16
3787	16.00	16
3789	16.00	16
3791	16.00	16
3793	16.00	16
3795	16.00	16
3797	16.00	16
3799	16.00	16
3801	16.00	16
3803	16.00	16
3805	16.00	16
3807	16.00	16
3809	16.00	16
3811	16.00	16
3813	16.00	16
3815	16.00	16
3817	16.00	16
3819	16.00	16
3821	16.00	16
3823	16.00	16
3825	16.00	16
3827	16.00	16
3829	16.00	16
3831	16.00	16
3833	16.00	16
3835	16.00	16
3837	16.00	16
3839	16.00	16
3841	16.00	16
3843	16.00	16
3845	16.00	16
3847	16.00	16
3849	16.00	16
3851	16.00	16
3853	16.00	16
3855	16.00	16
3857	16.00	16
3859	16.00	16
3861	16.00	16
3863	16.00	16
3865	16.00	16
3867	16.00	16
3869	16.00	16
3871	16.00	16
3873	16.00	16
3875	16.00	16
3877	16.00	16
3879	16.00	16
3881	16.00	16
3883	16.00	16
3885	16.00	16
3887	16.00	16
3889	16.00	16
3891	16.00	16
3893	16.00	16
3895	16.00	16
3897	16.00	16
3899	16.00	16
3901	16.00	16
3903	16.00	16
3905	16.00	16
3907	16.00	16
3909	16.00	16
3911	16.00	16
3913	16.00	16
3915	16.00	16
3917	16.00	16
3919	16.00	16
3921	16.00	16
3923	16.00	16
3925	16.00	16
3927	16.00	16
3929	16.00	16
3931	16.00	16
3933	16.00	16
3935	16.00	16
3937	16.00	16
3939	16.00	16
3941	16.00	16
3943	16.00	16
3945	16.00	16
3947	16.00	16
3949	16.00	16
3951	16.00	16
3953	16.00	16
3955	16.00	16
3957	16.00	16
3959	16.00	16
3961	16.00	16
3963	16.00	16
3965	16.00	16
3967	16.00	16
3969	16.00	16
3971	16.00	16
3973	16.00	16
3975	16.00	16
3977	16.00	16
3979	16.00	16
3981	16.00	16
3983	16.00	16
3985	16.00	16
3987	16.00	16
3989	16.00	16
3991	16.00	16
3993	16.00	16
3995	16.00	16
3997	16.00	16
3999	16.00	16
4001	16.00	16
4003	16.00	16
4005	16.00	16
4007	16.00	16
4009	16.00	16
4011	16.00	16
4013	16.00	16
4015	16.00	16
4017	16.00	16
4019	16.00	16
4021	16.00	16
4023	16.00	16
4025	16.00	16
4027	16.00	16
4029	16.00	16
4031	16.00	16
4033	16.00	16
4035	16.00	16
4037	16.00	16
4039	16.00	16
4041	16.00	16
4043	16.00	16
4045	16.00	16
4047	16.00	16
4049	16.00	16
4051	16.00	16
4053	16.00	16
4055	16.00	16
4057	16.00	16
4059	16.00	16
4061	16.00	16
4063	16.00	16
4065	16.00	16
4067	16.00	16
4069	16.00	16
4071	16.00	16
4073	16.00	16
4075	16.00	16
4077	16.00	16
4079	16.00	16
4081	16.00	16
4083	16.00	16
4085	16.00	16
4087	16.00	16
4089	16.00	16
4091	16.00	16
4093	16.00	16
4095	16.00	16
4097	16.00	16
4099	16.00	16
4101	16.00	16
4103	16.00	16
4105	16.00	16
4107	16.00	16
4109	16.00	16
4111	16.00	16
4113	16.00	16
4115	16.00	16
4117	16.00	16
4119	16.00	16
4121	16.00	16
4123	16.00	16
4125	16.00	16
4127	16.00	16
4129	16.00	16
4131	16.00	16
4133	16.00	16
4135	16.00	16
4137	16.00	16
4139	16.00	16
4141	16.00	16
4143	16.00	16
4145	16.00	16
4147	16.00	16
4149	16.00	16
4151	16.00	16
4153	16.00	16
4155	16.00	16
4157	16.00	16
4159	16.00	16
4161	16.00	16
4163	16.00	16
4165	16.00	16
4167	16.00	16
4169	16.00	16
4171	16.00	16
4173	16.00	16
4175	16.00	16
4177	16.00	16
4179	16.00	16
4181	16.00	16
4183	16.00	16
4185	16.00	16
4187	16.00	16
4189	16.00	16
4191	16.00	16
4193	16.00	16
4195	16.00	16
4197	16.00	16
4199	16.00	16
4201	16.00	16
4203	16.00	16
4205	16.00	16
4207	16.00	16
4209	16.00	16
4211	16.00	16
4213	16.00	16
4215	16.00	16
4217	16.00	16
4219	16.00	16
4221	16.00	16
4223	16.00	16
4225	16.00	16
4227	16.00	16
4229	16.00	16
4231	16.00	16
4233	16.00	16
4235	16.00	16
4237	16.00	16
4239	16.00	16
4241	16.00	16
4243	16.00	16
4245	16.00	16
4247	16.00	16
4249	16.00	16
4251	16.00	16
4253	16.00	16
4255	16.00	16
4257	16.00	16
4259	16.00	16
4261	16.00	16
4263	16.00	16
4265	16.00	16
4267	16.00	16
4269	16.00	16
4271	16.00	16
4273	16.00	16
4275	16.00	16
4277	16.00	16
4279	16.00	16
4281	16.00	16
4283	16.00	16
4285	16.00	16
4287	16.00	16
4289	16.00	16
4291	16.00	16
4293	16.00	16
4295	16.00	16
4297	16.00	16
4299	16.00	16
4301	16.00	16
4303	16.00	16
4305	16.00	16
4307	16.00	16
4309	16.00	16
4311	16.00	16
4313	16.00	16
4315	16.00	16
4317	16.00	16
4319	16.00	16
4321	16.00	16
4323	16.00	16
4325	16.00	16
4327	16.00	16
4329	16.00	16
4331	16.00	16
4333	16.00	16
4335	16.00	16
4337	16.00	16
4339	16.00	16
4341	16.00	16
4343	16.00	16
4345	16.00	16
4347	16.00	16
4349	16.00	16
4351	16.00	16
4353	16.00	16
4355	16.00	16
4357	16.00	16
4359	16.00	16
4361	16.00	16
4363	16.00	16
4365	16.00	16
4367	16.00	16
4369	16.00	16
4371	16.00	16
4373	16.00	16
4375	16.00	16
4377	16.00	16
4379	16.00	16
4381	16.00	16
4383	16.00	16
4385	16.00	16
4387	16.00	16
4389	16.00	16
4391	16.00	16
4393	16.00	16
4395	16.00	16
4397	16.00	16
4399	16.00	16
4401	16.00	16
4403	16.00	16
4405	16.00	16
4407	16.00	16
4409	16.00	16
4411	16.00	16
4413	16.00	16
4415	16.00	16
4417	16.00	16
4419	16.00	16
4421	16.00	16
4423	16.00	16
4425	16.00	16
4427	16.00	16
4429	16.00	16
4431	16.00	16
4433	16.00	16
4435	16.00	16
4437	16.00	16
4439	16.00	16
4441	16.00	16
4443	16.00	16
4445	16.00	16
4447	16.00	16
4449	16.00	16
4451	16.00	16
4453	16.00	16
4455	16.00	16
4457	16.00	16
4459	16.00	16
4461	16.00	16
4463	16.00	16
4465	16.00	16
4467	16.00	16
4469	16.00	16
4471	16.00	16
4473	16.00	16
4475	16.00	16
4477	16.00	16
4479	16.00	16
4481	16.00	16
4483	16.00	16
4485	16.00	16
4487	16.00	16
4489	16.00	16
4491	16.00	16
4493	16.00	16
4495	16.00	16
4497	16.00	16
4499	16.00	16
4501	16.00	16
4503	16.00	16
4505	16.00	16
4507	16.00	16
4509	16.00	16
4511	16.00	16
4513	16.00	16
4515	16.00	16
4517	16.00	16
4519	16.00	16
4521	16.00	16
4523	16.00	16
4525	16.00	16
4527	16.00	16
4529	16.00	16
4531	16.00	16
4533	16.00	16
4535	16.00	16
4537	16.00	16
4539	16.00	16
4541	16.00	16
4543	16.00	16
4545	16.00	16
4547	16.00	16
4549	16.00	16
4551	16.00	16
4553	16.00	16
4555	16.00	16
4557	16.00	16
4559	16.00	16
4561	16.00	16
4563	16.00	16
4565	16.00	16
4567	16.00	16
4569	16.00	16
4571	16.00	16
4573	16.00	16
4575	16.00	16
4577	16.00	16
4579	16.00	16
4581	16.00	16
4583	16.00	16
4585	16.00	16
4587	16.00	16
4589	16.00	16
4591	16.00	16
4593	16.00	16
4595	16.00	16
4597	16.00	16
4599	16.00	16
4601	16.00	16
4603	16.00	16
4605	16.00	16
4607	16.00	16
4609	16.00	16
4611	16.00	16
4613	16.00	16
4615	16.00	16
4617	16.00	16
4619	16.00	16
4621	16.00	16
4623	16.00	16
4625	16.00	16
4627	16.00	16
4629	16.00	16
4631	16.00	16
4633	16.00	16
4635	16.00	16
4637	16.00	16
4639	16.00	16
4641	16.00	16
4643	16.00	16
4645	16.00	16
4647	16.00	16
4649	16.00	16
4651	16.00	16
4653	16.00	16
4655	16.00	16
4657	16.00	16
4659	16.00	16
4661	16.00	16
4663	16.00	16
4665	16.00	16
4667	16.00	16
4669	16.00	16
4671	16.00	16
4673	16.00	16
4675	16.00	16
4677	16.00	16
4679	16.00	16
4681	16.00	16
4683	16.00	16
4685	16.00	16
4687	16.00	16
4689	16.00	16
4691	16.00	16
4693	16.00	16
4695	16.00	16
4697	16.00	16
4699	16.00	16
4701	16.00	16
4703	16.00	16
4705	16.00	16
4707	16.00	16
4709	16.00	16
4711	16.00	16
4713	16.00	16
4715	16.00	16
4717	16.00	16
4719	16.00	16
4721	16.00	16
4723	16.00	16
4725	16.00	16
4727	16.00	16
4729	16.00	16
4731	16.00	16
4733	16.00	16
4735	16.00	16
4737	16.00	16
4739	16.00	16
4741	16.00	16
4743	16.00	16
4745	16.00	16
4747	16.00	16
4749	16.00	16
4751	16.00	16
4753	16.00	16
4755	16.00	16
4757	16.00	16
4759	16.00	16
4761	16.00	16
4763	16.00	16
4765	16.00	16
4767	16.00	16
4769	16.00	16
4771	16.00	16
4773	16.00	16
4775	16.00	16
4777	16.00	16
4779	16.00	16
4781	16.00	16
4783	16.00	16
4785	16.00	16
4787	16.00	16
4789	16.00	16
4791	16.00	16
4793	16.00	16
4795	16.00	16
4797	16.00	16
4799	16.00	16
4801	16.00	16
4803	16.00	16
4805	16.00	16
4807	16.00	16
4809	16.00	16
4811	16.00	16
4813	16.00	16
4815	16.00	16
4817	16.00	16
4819	16.00	16
4821	16.00	16
4823	16.00	16
4825	16.00	16
4827	16.00	16
4829	16.00	16
4831	16.00	16
4833	16.00	16
4835	16.00	16
4837	16.00	16
4839	16.00	16
4841	16.00	16
4843	16.00	16
4845	16.00	16
4847	16.00	16
4849	16.00	16
4851	16.00	16
4853	16.00	16
4855	16.00	16
4857	16.00	16
4859	16.00	16
4861	16.00	16
4863	16.00	16
4865	16.00	16
4867	16.00	16
4869	16.00	16
4871	16.00	16
4873	16.00	16
4875	16.00	16
4877	16.00	16
4879	16.00	16
4881	16.00	16
4883	16.00	16
4885	16.00	16
4887	16.00	16
4889	16.00	16
4891	16.00	16
4893	16.00	16
4895	16.00	16
4897	16.00	16
4899	16.00	16
4901	16.00	16
4903	16.00	16
4905	16.00	16
4907	16.00	16
4909	16.00	16
4911	16.00	16
4913	16.00	16
4915	16.00	16
4917	16.00	16
4919	16.00	16
4921	16.00	16
4923	16.00	16
4925	16.00	16
4927	16.00	16
4929	16.00	16
4931	16.00	16
4933	16.00	16
4935	16.00	16
4937	16.00	16
4939	16.00	16
4941	16.00	16
4943	16.00	16
4945	16.00	16
4947	16.00	16
4949	16.00	16
4951	16.00	16
4953	16.00	16
4955	16.00	16
4957	16.00	16
4959	16.00	16
4961	16.00	16
4963	16.00	16
4965	16.00	16
4967	16.00	16
4969	16.00	16
4971	16.00	16
4973	16.00	16
4975	16.00	16
4977	16.00	16
4979	16.00	16
4981	16.00	16
4983	16.00	16
4985	16.00	16
4987	16.00	16
4989	16.00	16
4991	16.00	16
4993	16.00	16
4995	16.00	16
4997	16.00	16
4999	16.00	16
5001	16.00	16
5003	16.00	16
5005	16.00	16
5007	16.00	16
5009	16.00	16
5011	16.00	16
5013	16.00	16
5015	16.00	16
5017	16.00	16
5019	16.00	16
5021	16.00	16
5023	16.00	16
5025	16.00	16
5027	16.00	16
5029	16.00	16
5031	16.00	16
5033	16.00	16
5035	16.00	16
5037	16.00	16
5039	16.00	16
5041	16.00	16
5043	16.00	16
5045	16.00	16
5047	16.00	16
5049	16.00	16
5051	16.00	16
5053	16.00	16
5055	16.00	16
5057	16.00	16
5059	16.00	16
5061	16.00	16
5063	16.00	16
5065	16.00	16
5067	16.00	16
5069	16.00	16
5071	16.00	16
5073	16.00	16
5075	16.00	16
5077	16.00	16
5079	16.00	16
5081	16.00	16
5083	16.00	16
5085	16.00	16
5087	16.00	16
5089	16.00	16
5091	16.00	16
5093	16.00	16
5095	16.00	16
5097	16.00	16
5099	16.00	16
5101	16.00	16
5103	16.00	16
5105	16.00	16
5107	16.00	16
5109	16.00	16
5111	16.00	16
5113	16.00	16
5115	16.00	16
5117	16.00	16
5119	16.00	16
5121	16.00	16
5123	16.00	16
5125	16.00	16
5127	16.00	16
5129	16.00	16
5131	16.00	16
5133	16.00	16
5135	16.00	16
5137	16.00	16
5139	16.00	16
5141	16.00	16
5143	16.00	16
5145	16.00	16
5147	16.00	16
5149	16.00	16
5151	16.00	16
5153	16.00	16
5155	16.00	16
5157	16.00	16
5159	16.00	16
5161	16.00	16
5163	16.00	16
5165	16.00	16
5167	16.00	16
5169	16.00	16
5171	16.00	16
5173	16.00	16
5175	16.00	16
5177	16.00	16
5179	16.00	16
5181	16.00	16
5183	16.00	16
5185	16.00	16
5187	16.00	16
5189	16.00	16
5191	16.00	16
5193	16.00	16
5195	16.00	16
5197	16.00	16
5199	16.00	16
5201	16.00	16
5203	16.00	16
5205	16.00	16
5207	16.00	16
5209	16.00	16
5211	16.00	16
5213	16.00	16
5215	16.00	16
5217	16.00	16
5219	16.00	16
5221	16.00	16
5223	16.00	16
5225	16.00	16
5227	16.00	16
5229	16.00	16
5231	16.00	16
5233	16.00	16
5235	16.00	16
5237	16.00	16
5239	16.00	16
5241	16.00	16
5243	16.00	16
5245	16.00	16
5247	16.00	16
5249	16.00	16
5251	16.00	16
5253	16.00	16
5255	16.00	16
5257	16.00	16
5259	16.00	16
5261	16.00	16
5263	16.00	16
5265	16.00	16
5267	16.00	16
5269	16.00	16
5271	16.00	16
5273	16.00	16
5275	16.00	16
5277	16.00	16
5279	16.00	16
5281	16.00	16
5283	16.00	16
5285	16.00	16
5287	16.00	16
5289	16.00	16
5291	16.00	16
5293	16.00	16
5295	16.00	16
5297	16.00	16
5299	16.00	16
5301	16.00	16
5303	16.00	16
5305	16.00	16
5307	16.00	16
5309	16.00	16
5311	16.00	16
5313	16.00	16
5315	16.00	16
5317	16.00	16
5319	16.00	16
5321	16.00	16
5323	16.00	16
5325	16.00	16
5327	16.00	16
5329	16.00	16
5331	16.00	16
5333	16.00	16
5335	16.00	16
5337	16.00	16
5339	16.00	16
5341	16.00	16
5343	16.00	16
5345	16.00	16
5347	16.00	16
5349	16.00	16
5351	16.00	16
5353	16.00	16
5355	16.00	16
5357	16.00	16
5359	16.00	16
5361	16.00	16
5363	16.00	16
5365	16.00	16
5367	16.00	16
5369	16.00	16
5371	16.00	16
5373	16.00	16
5375	16.00	16
5377	16.00	16
5379	16.00	16
5381	16.00	16
5383	16.00	16
5385	16.00	16
5387	16.00	16
5389	16.00	16
5391	16.00	16
5393	16.00	16
5395	16.00	16
5397	16.00	16
5399	16.00	16
5401	16.00	16
5403	16.00	16
5405	16.00	16
5407	16.00	16
5409	16.00	16
5411	16.00	16
5413	16.00	16
5415	16.00	16
5417	16.00	16
5419	16.00	16
5421	16.00	16
5423	16.00	16
5425	16.00	16
5427	16.00	16
5429	16.00	16
5431	16.00	16
5433	16.00	16
5435	16.00	16
5437	16.00	16
5439	16.00	16
5441	16.00	16
5443	16.00	16
5445	16.00	16
5447	16.00	16
5449	16.00	16
5451	16.00	16
5453	16.00	16
5455	16.00	16
5457	16.00	16
5459	16.00	16
5461	16.00	16
5463	16.00	16
5465	16.00	16
5467	16.00	16
5469	16.00	16
5471	16.00	16
5473	16.00	16
5475	16.00	16
5477	16.00	16
5479	16.00	16
5481	16.00	16
5483	16.00	16
5485	16.00	16
5487	16.00	16
5489	16.00	16
5491	16.00	16
5493	16.00	16
5495	16.00	16
5497	16.00	16
5499	16.00	16
5501	16.00	16
5503	16.00	16
5505	16.00	16
5507	16.00	16
5509	16.00	16
5511	16.00	16
5513	16.00	16
5515	16.00	16
5517	16.00	16
5519	16.00	16
5521	16.00	16
5523	16.00	16
5525	16.00	16
5527	16.00	16
5529	16.00	16
5531	16.00	16
5533	16.00	16
5535	16.00	16
5537	16.00	16
5539	16.00	16
5541	16.00	16
5543	16.00	16
5545	16.00	16
5547	16.00	16
5549	16.00	16
5551	16.00	16
5553	16.00	16
5555	16.00	16
5557	16.00	16
5559	16.00	16
5561	16.00	16
5563	16.00	16
5565	16.00	16
5567	16.00	16
5569	16.00	16
5571	16.00	16
5573	16.00	16
5575	16.00	16
5577	16.00	16
5579	16.00	16
5581	16.00	16
5583	16.00	16
5585	16.00	16
5587	16.00	16
5589	16.00	16
5591	16.00	16
5593	16.00	16
5595	16.00	16
5597	16.00	16
5599	16.00	16
5601	16.00	16
5603	16.00	16
5605	16.00	16
5607	16.00	16
5609	16.00	16
5611	16.00	16
5613	16.00	16
5615	16.00	16
5617	16.00	16
5619	16.00	16
5621	16.00	16
5623	16.00	16
5625	16.00	16
5627	16.00	16
5629	16.00	16
5631	16.00	16
5633	16.00	16
5635	16.00	16
5637	16.00	16
5639	16.00	16
5641	16.00	16
5643	16.00	16
5645	16.00	16
5647	16.00	16
5649	16.00	16
5651	16.00	16
5653	16.00	16
5655	16.00	16
5657	16.00	16
5659	16.00	16
5661	16.00	16
5663	16.00	16
5665	16.00	16
5667	16.00	16
5669	16.00	16
5671	16.00	16
5673	16.00	16
5675	16.00	16
5677	16.00	16
5679	16.00	16
5681	16.00	16
5683	16.00	16
5685	16.00	16
5687	16.00	16
5689	16.00	16
5691	16.00	16
5693	16.00	16
5695	16.00	16
5697	16.00	16
5699	16.00	16
5701	16.00	16
5703	16.00	16
5705	16.00	16
5707	16.00	16
5709	16.00	16
5711	16.00	16
5713	16.00	16
5715	16.00	16
5717	16.00	16
5719	16.00	16
5721	16.00	16
5723	16.00	16
5725	16.00	16
5727	16.00	16
5729	16.00	16
5731	16.00	16
5733	16.00	16
5735	16.00	16
5737	16.00	16
5739	16.00	16
5741	16.00	16
5743	16.00	16
5745	16.00	16
5747	16.00	16
5749	16.00	16
5751	16.00	16
5753	16.00	16
5755	16.00	16
5757	16.00	16
5759	16.00	16
5761	16.00	16
5763	16.00	16
5765	16.00	16
5767	16.00	16
5769	16.00	16
5771	16.00	16
5773	16.00	16
5775	16.00	16
5777	16.00	16
5779	16.00	16
5781	16.00	16
5783	16.00	16
5785	16.00	16
5787	16.00	16
5789	16.00	16
5791	16.00	16
5793	16.00	16
5795	16.00	16
5797	16.00	16
5799	16.00	16
5801	16.00	16
5803	16.00	16
5805	16.00	16
5807	16.00	16
5809	16.00	16
5811	16.00	16
5813	16.00	16
5815	16.00	16
5817	16.00	16
5819	16.00	16
5821	16.00	16
5823	16.00	16
5825	16.00	16
5827	16.00	16
5829	16.00	16
5831	16.00	16
5833	16.00	16
5835	16.00	16
5837	16.00	16
5839	16.00	16
5841	16.00	16
5843	16.00	16
5845	16.00	16
5847	16.00	16
5849	16.00	16
5851	16.00	16
5853	16.00	16
5855	16.00	16
5857	16.00	16
5859	16.00	16
5861	16.00	16
5863	16.00	16
5865	16.00	16
5867	16.00	16
5869	16.00	16
5871	16.00	16
5873	16.00	16
5875	16.00	16
5877	16.00	16
5879	16.00	16
5881	16.00	16
5883	16.00	16
5885	16.00	16
5887	16.00	16
5889	16.00	16
5891	16.00	16
5893	16.00	16
5895	16.00	16
5897	16.00	16
5899	16.00	16
5901	16.00	16
5903	16.00	16
5905	16.00	16
5907	16.00	16
5909	16.00	16
5911	16.00	16
5913	16.00	16
5915	16.00	16
5917	16.00	16
5919	16.00	16
5921	16.00	16
5923	16.00	16
5925	16.00	16
5927	16.00	16
5929	16.00	16
5931	16.00	16
5933	16.00	16
5935	16.00	16
5937	16.00	16
5939	16.00	16
5941	16.00	16
5943	16.00	16
5945	16.00	16
5947	16.00	16
5949	16.00	16
5951	16.00	16
5953	16.00	16
5955	16.00	16
5957	16.00	16
5959	16.00	16
5961	16.00	16
5963	16.00	16
5965	16.00	16
5967	16.00	16
5969	16.00	16
5971	16.00	16
5973	16.00	16
5975	16.00	16
5977	16.00	16
5979	16.00	16
5981	16.00	16
5983	16.00	16
5985	16.00	16
5987	16.00	16
5989	16.00	16
5991	16.00	16
5993	16.00	16
5995	16.00	16
5997	16.00	16
5999	16.00	16
6001	16.00	16
6003	16.00	16
6005	16.00	16
6007	16.00	16
6009	16.00	16
6011	16.00	16
6013	16.00	16
6015	16.00	16
6017	16.00	16
6019	16.00	16
6021	16.00	16
6023	16.00	16
6025	16.00	16
6027	16.00	16
6029	16.00	16
6031	16.00	16
6033	16.00	16
6035	16.00	16
6037	16.00	16
6039	16.00	16
6041	16.00	16
6043	16.00	16
6045	16.00	16
6047	16.00	16
6049	16.00	16
6051	16.00	16
6053	16.00	16
6055	16.00	16
6057	16.00	16
6059	16.00	16
6061	16.00	16
6063	16.00	16
6065	16.00	16
6067	16.00	16
6069	16.00	16
6071	16.00	16
6073	16.00	16
6075	16.00	16
6077	16.00	16
6079	16.00	16
6081	16.00	16
6083	16.00	16
6085	16.00	16
6087	16.00	16
6089	16.00	16
6091	16.00	16
6093	16.00	16
6095	16.00	16
6097	16.00	16
6099	16.00	16
6101	16.00	16
6103	16.00	16
6105	16.00	16
6107	16.00	16
6109	16.00	16
6111	16.00	16
6113	16.00	16
6115	16.00	16
6117	16.00	16
6119	16.00	16
6121	16.00	16
6123	16.00	16
6125	16.00	16
6127	16.00	16
6129	16.00	16
6131	16.00	16
6133	16.00	16
6135	16.00	16
6137	16.00	16
6139	16.00	16
6141	16.00	16
6143	16.00	16
6145	16.00	16
6147	16.00	16
6149	16.00	16
6151	16.00	16
6153	16.00	16
6155	16.00	16
6157	16.00	16
6159	16.00	16
6161	16.00	16
6163	16.00	16
6165	16.00	16
6167	16.00	16
6169	16.00	16
6171	16.00	16
6173	16.00	16
6175	16.00	16
6177	16.00	16
6179	16.00	16
6181	16.00	16
6183	16.00	16
6185	16.00	16
6187	16.00	16
6189	16.00	16
6191	16.00	16
6193	16.00	16
6195	16.00	16
6197	16.00	16
6199	16.00	16
6201	16.00	16
6203	16.00	16
6205	16.00	16
6207	16.00	16
6209	16.00	16
6211	16.00	16
6213	16.00	16
6215	16.00	16
6217	16.00	16
6219	16.00	16
6221	16.00	16
6223	16.00	16
6225	16.00	16
6227	16.00	16
6229	16.00	16
6231	16.00	16
6233	16.00	16
6235	16.00	16
6237	16.00	16
6239	16.00	16
6241	16.00	16
6243	16.00	16
6245	16.00	16
6247	16.00	16
6249	16.00	16
6251	16.00	16
6253	16.00	16
6255	16.00	16
6257	16.00	16
6259	16.00	16
6261	16.00	16
6263	16.00	16
6265	16.00	16
6267	16.00	16
6269	16.00	16
6271	16.00	16
6273	16.00	16
6275	16.00	16
6277	16.00	16
6279	16.00	16
6281	16.00	16
6283	16.00	16
6285	16.00	16
6287	16.00	16
6289	16.00	16
6291	16.00	16
6293	16.00	16
6295	16.00	16
6297	16.00	16
6299	16.00	16
6301	16.00	16
6303	16.00	16
6305	16.00	16
6307	16.00	16
6309	16.00	16
6311	16.00	16
6313	16.00	16
6315	16.00	16
6317	16.00	16
6319	16.00	16
6321	16.00	16
6323	16.00	16
6325	16.00	16
6327	16.00	16
6329	16.00	16
6331	16.00	16
6333	16.00	16
6335	16.00	16
6337	16.00	16
6339	16.00	16
6341	16.00	16
6343	16.00	16
6345	16.00	16
6347	16.00	16
6349	16.00	16
6351	16.00	16
6353	16.00	16
6355	16.00	16
6357	16.00	16
6359	16.00	16
6361	16.00	16
6363	16.00	16
6365	16.00	16
6367	16.00	16
6369	16.00	16
6371	16.00	16
6373	16.00	16
6375	16.00	16
6377	16.00	16
6379	16.00	16
6381	16.00	16
6383	16.00	16
6385	16.00	16
6387	16.00	16
6389	16.00	16
6391	16.00	16
6393	16.00	16
6395	16.00	16
6397	16.00	16
6399	16.00	16
6401	16.00	16
6403	16.00	16
6405	16.00	16
6407	16.00	16
6409	16.00	16
6411	16.00	16
6413	16.00	16
6415	16.00	16
6417	16.00	16
6419	16.00	16
6421	16.00	16
6423	16.00	16
6425	16.00	16
6427	16.00	16
6429	16.00	16
6431	16.00	16
6433	16.00	16
6435	16.00	16
6437	16.00	16
6439	16.00	16
6441	16.00	16
6443	16.00	16
6445	16.00	16
6447	16.00	16
6449	16.00	16
6451	16.00	16
6453	16.00	16
6455	16.00	16
6457	16.00	16
6459	16.00	16
6461	16.00	16
6463	16.00	16
6465	16.00	16
6467	16.00	16
6469	16.00	16
6471	16.00	16
6473	16.00	16
6475	16.00	16
6477	16.00	16
6479	16.00	16
6481	16.00	16
6483	16.00	16
6485	16.00	16
6487	16.00	16
6489	16.00	16
6491	16.00	16
6493	16.00	16
6495	16.00	16
6497	16.00	16
6499	16.00	16
6501	16.00	16
6503	16.00	16
6505	16.00	16
6507	16.00	16
6509	16.00	16
6511	16.00	16
6513	16.00	16
6515	16.00	16
6517	16.00	16
6519	16.00	16
6521	16.00	16
6523	16.00	16
6525	16.00	16
6527	16.00	16
6529	16.00	16
6531	16.00	16
6533	16.00	16
6535	16.00	16
6537	16.00	16
6539	16.00	16
6541	16.00	16
6543	16.00	16
6545	16.00	16
6547	16.00	16
6549	16.00	16
6551	16.00	16
6553	16.00	16
6555	16.00	16
6557	16.00	16
6559	16.00	16
6561	16.00	16
6563	16.00	16
6565	16.00	16
6567	16.00	16
6569	16.00	16
6571	16.00	16
6573	16.00	16
6575	16.00	16
6577	16.00	16
6579	16.00	16
6581	16.00	16
6583	16.00	16
6585	16.00	16
6587	16.00	16
6589	16.00	16
6591	16.00	16
6593	16.00	16
6595	16.00	16
6597	16.00	16
6599	16.00	16
6601	16.00	16
6603	16.00	16
6605	16.00	16
6607	16.00	16
6609	16.00	16
6611	16.00	16
6613	16.00	16
6615	16.00	16
6617	16.00	16
6619	16.00	16
6621	16.00	16
6623	16.00	16
6625	16.00	16
6627	16.00	16
6629	16.00	16
6631	16.00	16
6633	16.00	16
6635	16.00	16
6637	16.00	16
6639	16.00	16
6641	16.00	16
6643	16.00	16
6645	16.00	16
6647	16.00	16
6649	16.00	16
6651	16.00	16
6653	16.00	16
6655	16.00	16
6657	16.00	16
6659	16.00	16
6661	16.00	16
6663	16.00	16
6665	16.00	16
6667	16.00	16
6669	16.00	16
6671	16.00	16
6673	16.00	16
6675	16.00	16
6677	16.00	16
6679	16.00	16
6681	16.00	16
6683	16.00	16
6685	16.00	16
6687	16.00	16
6689	16.00	16
6691	16.00	16
6693	16.00	16
6695	16.00	16
6697	16.00	16
6699	16.00	16
6701	16.00	16
6703	16.00	16
6705	16.00	16
6707	16.00	16
6709	16.00	16
6711	16.00	16
6713	16.00	16
6715	16.00	16
6717	16.00	16
6719	16.00	16
6721	16.00	16
6723	16.00	16
6725	16.00	16
6727	16.00	16
6729	16.00	16
6731	16.00	16
6733	16.00	16
6735	16.00	16
6737	16.00	16
6739	16.00	16
6741	16.00	16
6743	16.00	16
6745	16.00	16
6747	16.00	16
6749	16.00	16
6751	16.00	16
6753	16.00	16
6755	16.00	16
6757	16.00	16
6759	16.00	16
6761	16.00	16
6763	16.00	16
6765	16.00	16
6767	16.00	16
6769	16.00	16
6771	16.00	16
6773	16.00	16
6775	16.00	16
6777	16.00	16
6779	16.00	16
6781	16.00	16
6783	16.00	16
6785	16.00	16
6787	16.00	16
6789	16.00	16
6791	16.00	16
6793	16.00	16
6795	16.00	16
6797	16.00	16
6799	16.00	16
6801	16.00	16
6803	16.00	16
6805	16.00	16
6807	16.00	16
6809	16.00	16
6811	16.00	16
6813	16.00	16
6815	16.00	16
6817	16.00	16
6819	16.00	16
6821	16.00	16
6823	16.00	16
6825	16.00	16
6827	16.00	16
6829	16.00	16
6831	16.00	16
6833	16.00	16
6835	16.00	16
6837	16.00	16
6839	16.00	16
6841	16.00	16
6843	16.00	16
6845	16.00	16
6847	16.00	16
6849	16.00	16
6851	16.00	16
6853	16.00	16
6855	16.00	16
6857	16.00	16
6859	16.00	16
6861	16.00	16
6863	16.00	16
6865	16.00	16
6867	16.00	16
6869	16.00	16
6871	16.00	16
6873	16.00	16
6875	16.00	16
6877	16.00	16
6879	16.00	16
6881	16.00	16
6883	16.00	16
6885	16.00	16
6887	16.00	16
6889	16.00	16
6891	16.00	16
6893	16.00	16
6895	16.00	16
6897	16.00	16
6899	16.00	16
6901	16.00	16
6903	16.00	16
6905	16.00	16
6907	16.00	16
6909	16.00	16
6911	16.00	16
6913	16.00	16
6915	16.00	16
6917	16.00	16
6919	16.00	16
6921	16.00	16
6923	16.00	16
6925	16.00	16
6927	16.00	16
6929	16.00	16
6931	16.00	16
6933	16.00	16
6935	16.00	16
6937	16.00	16
6939	16.00	16
6941	16.00	16
6943	16.00	16
6945	16.00	16
6947	16.00	16
6949	16.00	16
6951	16.00	16
6953	16.00	16
6955	16.00	16
6957	16.00	16
6959	16.00	16
6961	16.00	16
6963	16.00	16
6965	16.00	16
6967	16.00	16
6969	16.00	16
6971	16.00	16
6973	16.00	16
6975	16.00	16
6977	16.00	16
6979	16.00	16
6981	16.00	16
6983	16.00	16
6985	16.00	16
6987	16.00	16
6989	16.00	16
6991	16.00	16
6993	16.00	16
6995	16.00	16
6997	16.00	16
6999	16.00	16
7001	16.00	16
7003	16.00	16
7005	16.00	16
7007	16.00	16
7009	16.00	16
7011	16.00	16
7013	16.00	16
7015	16.00	16
7017	16.00	16
7019	16.00	16
7021	16.00	16
7023	16.00	16
7025	16.00	16
7027	16.00	16
7029	16.00	16
7031	16.00	16
7033	16.00	16
7035	16.00	16
7037	16.00	16
7039	16.00	16
7041	16.00	16
7043	16.00	16
7045	16.00	16
7047	16.00	16
7049	16.00	16
7051	16.00	16
7053	16.00	16
7055	16.00	16
7057	16.00	16
7059	16.00	16
7061	16.00	16
7063	16.00	16
7065	16.00	16
7067	16.00	16
7069	16.00	16
7071	16.00	16
7073	16.00	16
7075	16.00	16
7077	16.00	16
7079	16.00	16
7081	16.00	16
7083	16.00	16
7085	16.00	16
7087	16.00	16
7089	16.00	16
7091	16.00	16
7093	16.00	16
7095	16.00	16
7097	16.00	16
7099	16.00	16
7101	16.00	16
7103	16.00	16
7105	16.00	16
7107	16.00	16
7109	16.00	16
7111	16.00	16
7113	16.00	16
7115	16.00	16
7117	16.00	16
7119	16.00	16
7121	16.00	16
7123	16.00	16
7125	16.00	16
7127	16.00	16
7129	16.00	16
7131	16.00	16
7133	16.00	16
7135	16.00	16
7137	16.00	16
7139	16.00	16
7141	16.00	16
7143	16.00	16
7145	16.00	16
7147	16.00	16
7149	16.00	16
7151	16.00	16
7153	16.00	16
7155	16.00	16
7157	16.00	16
7159	16.00	16
7161	16.00	16
7163	16.00	16
7165	16.00	16
7167	16.00	16
7169	16.00	16
7171	16.00	16
7173	16.00	16
7175	16.00	16
7177	16.00	16
7179	16.00	16
7181	16.00	16
7183	16.00	16
7185	16.00	16
7187	16.00	16
7189	16.00	16
7191	16.00	16
7193	16.00	16
7195	16.00	16
7197	16.00	16
7199	16.00	16
7201	16.00	16
7203	16.00	16
7205	16.00	16
7207	16.00	16
7209	16.00	16
7211	16.00	16
7213	16.00	16
7215	16.00	16
7217	16.00	16
7219	16.00	16
7221	16.00	16
7223	16.00	16
7225	16.00	16
7227	16.00	16
7229	16.00	16
7231	16.00	16
7233	16.00	16
7235	16.00	16
7237	16.00	16
7239	16.00	16
7241	16.00	16
7243	16.00	16
7245	16.00	16
7247	16.00	16
7249	16.00	16
7251	16.00	16
7253	16.00	16
7255	16.00	16
7257	16.00	16
7259	16.00	16
7261	16.00	16
7263	16.00	16
7265	16.00	16
7267	16.00	16
7269	16.00	16
7271	16.00	16
7273	16.00	16
7275	16.00	16
7277	16.00	16
7279	16.00	16
7281	16.00	16
7283	16.00	16
7285	16.00	16
7287	16.00	16
7289	16.00	16
7291	16.00	16
7293	16.00	16
7295	16.00	16
7297	16.00	16
7299	16.00	16
7301	16.00	16
7303	16.00	16
7305	16.00	16
7307	16.00	16
7309	16.00	16
7311	16.00	16
7313	16.00	16
7315	16.00	16
7317	16.00	16
7319	16.00	16
7321	16.00	16
7323	16.00	16
7325	16.00	16
7327	16.00	16
7329	16.00	16
7331	16.00	16
7333	16.00	16
7335	16.00	16
7337	16.00	16
7339	16.00	16
7341	16.00	16
7343	16.00	16
7345	16.00	16
7347	16.00	16
7349	16.00	16
7351	16.00	16
7353	16.00	16
7355	16.00	16
7357	16.00	16
7359	16.00	16
7361	16.00	16
7363	16.00	16
7365	16.00	16
7367	16.00	16
7369	16.00	16
7371	16.00	16
7373	16.00	16
7375	16.00	16
7377	16.00	16
7379	16.00	16
7381	16.00	16
7383	16.00	16
7385	16.00	16
7387	16.00	16
7389	16.00	16
7391	16.00	16
7393	16.00	16
7395	16.00	16
7397	16.00	16
7399	16.00	16
7401	16.00	16
7403	16.00	16
7405	16.00	16
7407	16.00	16
7409	16.00	16
7411	16.00	16
7413	16.00	16
7415	16.00	16
7417	16.00	16
7419	16.00	16
7421	16.00	16
7423	16.00	16
7425	16.00	16
7427	16.00	16
7429	16.00	16
7431	16.00	16
7433	16.00	16
7435	16.00	16
7437	16.00	16
7439	16.00	16
7441	16.00	16
7443	16.00	16
7445	16.00	16
7447	16.00	16
7449	16.00	16
7451	16.00	16
7453	16.00	16
7455	16.00	16
7457	16.00	16
7459	16.00	16
7461	16.00	16
7463	16.00	16
7465	16.00	16
7467	16.00	16
7469	16.00	16
7471	16.00	16
7473	16.00	16
7475	16.00	16
7477	16.00	16
7479	16.00	16
7481	16.00	16
7483	16.00	16
7485	16.00	16
7487	16.00	16
7489	16.00	16
7491	16.00	16
7493	16.00	16
7495	16.00	16
7497	16.00	16
7499	16.00	16
7501	16.00	16
7503	16.00	16
7505	16.00	16
7507	16.00	16
7509	16.00	16
7511	16.00	16
7513	16.00	16
7515	16.00	16
7517	16.00	16
7519	16.00	16
7521	16.00	16
7523	16.00	16
7525	16.00	16
7527	16.00	16
7529	16.00	16
7531	16.00	16
7533	16.00	16
7535	16.00	16
7537	16.00	16
7539	16.00	16
7541	16.00	16
7543	16.00	16
7545	16.00	16
7547	16.00	16
7549	16.00	16
7551	16.00	16
7553	16.00	16
7555	16.00	16
7557	16.00	16
7559	16.00	16
7561	16.00	16
7563	16.00	16
7565	16.00	16
7567	16.00	16
7569	16.00	16
7571	16.00	16
7573	16.00	16
7575	16.00	16
7577	16.00	16
7579	16.00	16
7581	16.00	16
7583	16.00	16
7585	16.00	16
7587	16.00	16
7589	16.00	16
7591	16.00	16
7593	16.00	16
7595	16.00	16
7597	16.00	16
7599	16.00	16
7601	16.00	16
7603	16.00	16
7605	16.00	16
7607	16.00	16
7609	16.00	16
7611	16.00	16
7613	16.00	16
7615	16.00	16
7617	16.00	16
7619	16.00	16
7621	16.00	16
7623	16.00	16
7625	16.00	16
7627	16.00	16
7629	16.00	16
7631	16.00	16
7633	16.00	16
7635	16.00	16
7637	16.00	16
7639	16.00	16
7641	16.00	16
7643	16.00	16
7645	16.00	16
7647	16.00	16
7649	16.00	16
7651	16.00	16
7653	16.00	16
7655	16.00	16
7657	16.00	16
7659	16.00	16
7661	16.00	16
7663	16.00	16
7665	16.00	16
7667	16.00	16
7669	16.00	16
7671	16.00	16
7673	16.00	16
7675	16.00	16
7677	16.00	16
7679	16.00	16
7681	16.00	16
7683	16.00	16
7685	16.00	16
7687	16.00	16
7689	16.00	16
7691	16.00	16
7693	16.00	16
7695	16.00	16
7697	16.00	16
7699	16.00	16
7701	16.00	16
7703	16.00	16
7705	16.00	16
7707	16.00	16
7709	16.00	16
7711	16.00	16
7713	16.00	16
7715	16.00	16
7717	16.00	16
7719	16.00	16
7721	16.00	16
7723	16.00	16
7725	16.00	16
7727	16.00	16
7729	16.00	16
7731	16.00	16
7733	16.00	16
7735	16.00	16
7737	16.00	16
7739	16.00	16
7741	16.00	16
7743	16.00	16
7745	16.00	16
7747	16.00	16
7749	16.00	16
7751	16.00	16
7753	16.00	16
7755	16.00	16
7757	16.00	16
7759	16.00	16
7761	16.00	16
7763	16.00	16
7765	16.00	16
7767	16.00	16
7769	16.00	16
7771	16.00	16
7773	16.00	16
7775	16.00	16
7777	16.00	16
7779	16.00	16
7781	16.00	16
7783	16.00	16
7785	16.00	16
7787	16.00	16
7789	16.00	16
7791	16.00	16
7793	16.00	16
7795	16.00	16
7797	16.00	16
7799	16.00	16
7801	16.00	16
7803	16.00	16
7805	16.00	16
7807	16.00	16
7809	16.00	16
7811	16.00	16
7813	16.00	16
7815	16.00	16
7817	16.00	16
7819	16.00	16
7821	16.00	16
7823	16.00	16
7825	16.00	16
7827	16.00	16
7829	16.00	16
7831	16.00	16
7833	16.00	16
7835	16.00	16
7837	16.00	16
7839	16.00	16
7841	16.00	16
7843	16.00	16
7845	16.00	16
7847	16.00	16
7849	16.00	16
7851	16.00	16
7853	16.00	16
7855	16.00	16
7857	16.00	16
7859	16.00	16
7861	16.00	16
7863	16.00	16
7865	16.00	16
7867	16.00	16
7869	16.00	16
7871	16.00	16
7873	16.00	16
7875	16.00	16
7877	16.00	16
7879	16.00	16
7881	16.00	16
7883	16.00	16
7885	16.00	16
7887	16.00	16
7889	16.00	16
7891	16.00	16
7893	16.00	16
7895	16.00	16
7897	16.00	16
7899	16.00	16
7901	16.00	16
7903	16.00	16
7905	16.00	16
7907	16.00	16
7909	16.00	16
7911	16.00	16
7913	16.00	16
7915	16.00	16
7917	16.00	16
7919	16.00	16
7921	16.00	16
7923	16.00	16
7925	16.00	16
7927	16.00	16
7929	16.00	16
7931	16.00	16
7933	16.00	16
7935	16.00	16
7937	16.00	16
7939	16.00	16
7941	16.00	16
7943	16.00	16
7945	16.00	16
7947	16.00	16
7949	16.00	16
7951	16.00	16
7953	16.00	16
7955	16.00	16
7957	16.00	16
7959	16.00	16
7961	16.00	16
7963	16.00	16
7965	16.00	16
7967	16.00	16
7969	16.00	16
7971	16.00	16
7973	16.00	16
7975	16.00	16
7977	16.00	16
7979	16.00	16
7981	16.00	16
7983	16.00	16
7985	16.00	16
7987	16.00	16
7989	16.00	16
7991	16.00	16
7993	16.00	16
7995	16.00	16
7997	16.00	16
7999	16.00	16
8001	16.00	16
8003	16.00	16
8005	16.00	16
8007	16.00	16
8009	16.00	16
8011	16.00	16
8013	16.00	16
8015	16.00	16
8017	16.00	16
8019	16.00	16
8021	16.00	16
8023	16.00	16
8025	16.00	16
8027	16.00	16
8029	16.00	16
8031	16.00	16
8033	16.00	16
8035	16.00	16
8037	16.00	16
8039	16.00	16
8041	16.00	16
8043	16.00	16
8045	16.00	16
8047	16.00	16
8049	16.00	16
8051	16.00	16
8053	16.00	16
8055	16.00	16
8057	16.00	16
8059	16.00	16
8061	16.00	16
8063	16.00	16
8065	16.00	16
8067	16.00	16
8069	16.00	16
8071	16.00	16
8073	16.00	16
8075	16.00	16
8077	16.00	16
8079	16.00	16
8081	16.00	16
8083	16.00	16
8085	16.00	16
8087	16.00	16
8089	16.00	16
8091	16.00	16
8093	16.00	16
8095	16.00	16
8097	16.00	16
8099	16.00	16
8101	16.00	16
8103	16.00	16
8105	16.00	16
8107	16.00	16
8109	16.00	16
8111	16.00	16
8113	16.00	16
8115	16.00	16
8117	16.00	16
8119	16.00	16
8121	16.00	16
8123	16.00	16
8125	16.00	16
8127	16.00	16
8129	16.00	16
8131	16.00	16
8133	16.00	16
8135	16.00	16
8137	16.00	16
8139	16.00	16
8141	16.00	16
8143	16.00	16
8145	16.00	16
8147	16.00	16
8149	16.00	16
8151	16.00	16
8153	16.00	16
8155	16.00	16
8157	16.00	16
8159	16.00	16
8161	16.00	16
8163	16.00	16
8165	16.00	16
8167	16.00	16
8169	16.00	16
8171	16.00	16
8173	16.00	16
8175	16.00	16
8177	16.00	16
8179	16.00	16
8181	16.00	16
8183	16.00	16
8185	16.00	16
8187	16.00	16
8189	16.00	16
8191	16.00	16
8193	16.00	16
8195	16.00	16
8197	16.00	16
8199	16.00	16
8201	16.00	16
8203	16.00	16
8205	16.00	16
8207	16.00	16
8209	16.00	16
8211	16.00	16
8213	16.00	16
8215	16.00	16
8217	16.00	16
8219	16.00	16
8221	16.00	16
8223	16.00	16
8225	16.00	16
8227	16.00	16
8229	16.00	16
8231	16.00	16
8233	16.00	16
8235	16.00	16
8237	16.00	16
8239	16.00	16
8241	16.00	16
8243	16.00	16
8245	16.00	16
8247	16.00	16
8249	16.00	16
8251	16.00	16
8253	16.00	16
8255	16.00	16
8257	16.00	16
8259	16.00	16
8261	16.00	16
8263	16.00	16
8265	16.00	16
8267	16.00	16
8269	16.00	16
8271	16.00	16
8273	16.00	16
8275	16.00	16
8277	16.00	16
8279	16.00	16
8281	16.00	16
8283	16.00	16
8285	16.00	16
8287	16.00	16
8289	16.00	16
8291	16.00	16
8293	16.00	16
8295	16.00	16
8297	16.00	16
8299	16.00	16
8301	16.00	16
8303	16.00	16
8305	16.00	16
8307	16.00	16
8309	16.00	16
8311	16.00	16
8313	16.00	16
8315	16.00	16
8317	16.00	16
8319	16.00	16
8321	16.00	16
8323	16.00	16
8325	16.00	16
8327	16.00	16
8329	16.00	16
8331	16.00	16
8333	16.00	16
8335	16.00	16
8337	16.00	16
8339	16.00	16
8341	16.00	16
8343	16.00	16
8345	16.00	16
8347	16.00	16
8349	16.00	16
8351	16.00	16
8353	16.00	16
8355	16.00	16
8357	16.00	16
8359	16.00	16
8361	16.00	16
8363	16.00	16
8365	16.00	16
8367	16.00	16
8369	16.00	16
8371	16.00	16
8373	16.00	16
8375	16.00	16
8377	16.00	16
8379	16.00	16
8381	16.00	16
8383	16.00	16
8385	16.00	16
8387	16.00	16
8389	16.00	16
8391	16.00	16
8393	16.00	16
8395	16.00	16
8397	16.00	16
8399	16.00	16
8401	16.00	16
8403	16.00	16
8405	16.00	16
8407	16.00	16
8409	16.00	16
8411	16.00	16
8413	16.00	16
8415	16.00	16
8417	16.00	16
8419	16.00	16
8421	16.00	16
8423	16.00	16
8425	16.00	16
8427	16.00	16
8429	16.00	16
8431	16.00	16
8433	16.00	16
8435	16.00	16
8437	16.00	16
8439	16.00	16
8441	16.00	16
8443	16.00	16
8445	16.00	16
8447	16.00	16
8449	16.00	16
8451	16.00	16
8453	16.00	16
8455	16.00	16
8457	16.00	16
8459	16.00	16
8461	16.00	16
8463	16.00	16
8465	16.00	16
8467	16.00	16
8469	16.00	16
8471	16.00	16
8473	16.00	16
8475	16.00	16
8477	16.00	16
8479	16.00	16
8481	16.00	16
8483	16.00	16
8485	16.00	16
8487	16.00	16
8489	16.00	16
8491	16.00	16
8493	16.00	16
8495	16.00	16
8497	16.00	16
8499	16.00	16
8501	16.00	16
8503	16.00	16
8505	16.00	16
8507	16.00	16
8509	16.00	16
8511	16.00	16
8513	16.00	16
8515	16.00	16
8517	16.00	16
8519	16.00	16
8521	16.00	16
8523	16.00	16
8525	16.00	16
8527	16.00	16
8529	16.00	16
8531	16.00	16
8533	16.00	16
8535	16.00	16
8537	16.00	16
8539	16.00	16
8541	16.00	16
8543	16.00	16
8545	16.00	16
8547	16.00	16
8549	16.00	16
8551	16.00	16
8553	16.00	16
8555	16.00	16
8557	16.00	16
8559	16.00	16
8561	16.00	16
8563	16.00	16
8565	16.00	16
8567	16.00	16
8569	16.00	16
8571	16.00	16
8573	16.00	16
8575	16.00	16
8577	16.00	16
8579	16.00	16
8581	16.00	16
8583	16.00	16
8585	16.00	16
8587	16.00	16
8589	16.00	16
8591	16.00	16
8593	16.00	16
8595	16.00	16
8597	16.00	16
8599	16.00	16
8601	16.00	16
8603	16.00	16
8605	16.00	16
8607	16.00	16
8609	16.00	16
8611	16.00	16
8613	16.00	16
8615	16.00	16
8617	16.00	16
8619	16.00	16
8621	16.00	16
8623	16.00	16
8625	16.00	16
8627	16.00	16
8629	16.00	16
8631	16.00	16
8633	16.00	16
8635	16.00	16
8637	16.00	16
8639	16.00	16
8641	16.00	16
8643	16.00	16
8645	16.00	16
8647	16.00	16
8649	16.00	16
8651	16.00	16
8653	16.00	16
8655	16.00	16
8657	16.00	16
8659	16.00	16
8661	16.00	16
8663	16.00	16
8665	16.00	16
8667	16.00	16
8669	16.00	16
8671	16.00	16
8673	16.00	16
8675	16.00	16
8677	16.00	16
8679	16.00	16
8681	16.00	16
8683	16.00	16
8685	16.00	16
8687	16.00	16
8689	16.00	16
8691	16.00	16
8693	16.00	16
8695	16.00	16
8697	16.00	16
8699	16.00	16
8701	16.00	16
8703	16.00	16
8705	16.00	16
8707	16.00	16
8709	16.00	16
8711	16.00	16
8713	16.00	16
8715	16.00	16
8717	16.00	16
8719	16.00	16
8721	16.00	16
8723	16.00	16
8725	16.00	16
8727	16.00	16
8729	16.00	16
8731	16.00	16
8733	16.00	16
8735	16.00	16
8737	16.00	16
8739	16.00	16
8741	16.00	16
8743	16.00	16
8745	16.00	16
8747	16.00	16
8749	16.00	16
8751	16.00	16
8753	16.00	16
8755	16.00	16
8757	16.00	16
8759	16.00	16
8761	16.00	16
8763	16.00	16
8765	16.00	16
8767	16.00	16
8769	16.00	16
8771	16.00	16
8773	16.00	16
8775	16.00	16
8777	16.00	16
8779	16.00	16
8781	16.00	16
8783	16.00	16
8785	16.00	16
8787	16.00	16
8789	16.00	16
8791	16.00	16
8793	16.00	16
8795	16.00	16
8797	16.00	16
8799	16.00	16
8801	16.00	16
8803	16.00	16
8805	16.00	16
8807	16.00	16
8809	16.00	16
8811	16.00	16
8813	16.00	16
8815	16.00	16
8817	16.00	16
8819	16.00	16
8821	16.00	16
8823	16.00	16
8825	16.00	16
8827	16.00	16
8829	16.00	16
8831	16.00	16
8833	16.00	16
8835	16.00	16
8837	16.00	16
8839	16.00	16
8841	16.00	16
8843	16.00	16
8845	16.00	16
8847	16.00	16
8849	16.00	16
8851	16.00	16
8853	16.00	16
8855	16.00	16
8857	16.00	16
8859	16.00	16
8861	16.00	16
8863	16.00	16
8865	16.00	16
8867	16.00	16
8869	16.00	16
8871	16.00	16
8873	16.00	16
8875	16.00	16
8877	16.00	16
8879	16.00	16
8881	16.00	16
8883	16.00	16
8885	16.00	16
8887	16.00	16
8889	16.00	16
8891	16.00	16
8893	16.00	16
8895	16.00	16
8897	16.00	16
8899	16.00	16
8901	16.00	16
8903	16.00	16
8905	16.00	16
8907	16.00	16
8909	16.00	16
8911	16.00	16
8913	16.00	16
8915	16.00	16
8917	16.00	16
8919	16.00	16
8921	16.00	16
8923	16.00	16
8925	16.00	16
8927	16.00	16
8929	16.00	16
8931	16.00	16
8933	16.00	16
8935	16.00	16
8937	16.00	16
8939	16.00	16
8941	16.00	16
8943	16.00	16
8945	16.00	16
8947	16.00	16
8949	16.00	16
8951	16.00	16
8953	16.00	16
8955	16.00	16
8957	16.00	16
8959	16.00	16
8961	16.00	16
8963	16.00	16
8965	16.00	16
8967	16.00	16
8969	16.00	16
8971	16.00	16
8973	16.00	16
8975	16.00	16
8977	16.00	16
8979	16.00	16
8981	16.00	16
8983	16.00	16
8985	16.00	16
8987	16.00	16
8989	16.00	16
8991	16.00	16
8993	16.00	16
8995	16.00	16
8997	16.00	16
8999	16.00	16
9001	16.00	16
9003	16.00	16
9005	16.00	16
9007	16.00	16
9009	16.00	16
9011	16.00	16
9013	16.00	16
9015	16.00	16
9017	16.00	16
9019	16.00	16
9021	16.00	16
9023	16.00	16
9025	16.00	16
9027	16.00	16
9029	16.00	16
9031	16.00	16
9033	16.00	16
9035	16.00	16
9037	16.00	16
9039	16.00	16
9041	16.00	16
9043	16.00	16
9045	16.00	16
9047	16.00	16
9049	16.00	16
9051	16.00	16
9053	16.00	16
9055	16.00	16
9057	16.00	16
9059	16.00	16
9061	16.00	16
9063	16.00	16
9065	16.00	16
9067	16.00	16
9069	16.00	16
9071	16.00	16
9073	16.00	16
9075	16.00	16
9077	16.00	16
9079	16.00	16
9081	16.00	16
9083	16.00	16
9085	16.00	16
9087	16.00	16
9089	16.00	16
9091	16.00	16
9093	16.00	16
9095	16.00	16
9097	16.00	16
9099	16.00	16
9101	16.00	16
9103	16.00	16
9105	16.00	16
9107	16.00	16
9109	16.00	16
9111	16.00	16
9113	16.00	16
9115	16.00	16
9117	16.00	16
9119	16.00	16
9121	16.00	16
9123	16.00	16
9125	16.00	16
9127	16.00	16
9129	16.00	16
9131	16.00	16
9133	16.00	16
9135	16.00	16
9137	16.00	16
9139	16.00	16
9141	16.00	16
9143	16.00	16
9145	16.00	16
9147	16.00	16
9149	16.00	16
9151	16.00	16
9153	16.00	16
9155	16.00	16
9157	16.00	16
9159	16.00	16
9161	16.00	16
9163	16.00	16
9165	16.00	16
9167	16.00	16
9169	16.00	16
9171	16.00	16
9173	16.00	16
9175	16.00	16
9177	16.00	16
9179	16.00	16
9181	16.00	16
9183	16.00	16
9185	16.00	16
9187	16.00	16
9189	16.00	16
9191	16.00	16
9193	16.00	16
9195	16.00	16
9197	16.00	16
9199	16.00	16
9201	16.00	16
9203	16.00	16
9205	16.00	16
9207	16.00	16
9209	16.00	16
9211	16.00	16
9213	16.00	16
9215	16.00	16
9217	16.00	16
9219	16.00	16
9221	16.00	16
9223	16.00	16
9225	16.00	16
9227	16.00	16
9229	16.00	16
9231	16.00	16
9233	16.00	16
9235	16.00	16
9237	16.00	16
9239	16.00	16
9241	16.00	16
9243	16.00	16
9245	16.00	16
9247	16.00	16
9249	16.00	16
9251	16.00	16
9253	16.00	16
9255	16.00	16
9257	16.00	16
9259	16.00	16
9261	16.00	16
9263	16.00	16
9265	16.00	16
9267	16.00	16
9269	16.00	16
9271	16.00	16
9273	16.00	16
9275	16.00	16
9277	16.00	16
9279	16.00	16
9281	16.00	16
9283	16.00	16
9285	16.00	16
9287	16.00	16
9289	16.00	16
9291	16.00	16
9293	16.00	16
9295	16.00	16
9297	16.00	16
9299	16.00	16
9301	16.00	16
9303	16.00	16
9305	16.00	16
9307	16.00	16
9309	16.00	16
9311	16.00	16
9313	16.00	16
9315	16.00	16
9317	16.00	16
9319	16.00	16
9321	16.00	16
9323	16.00	16
9325	16.00	16
9327	16.00	16
9329	16.00	16
9331	16.00	16
9333	16.00	16
9335	16.00	16
9337	16.00	16
9339	16.00	16
9341	16.00	16
9343	16.00	16
9345	16.00	16
9347	16.00	16
9349	16.00	16
9351	16.00	16
9353	16.00	16
9355	16.00	16
9357	16.00	16
9359	16.00	16
9361	16.00	16
9363	16.00	16
9365	16.00	16
9367	16.00	16
9369	16.00	16
9371	16.00	16
9373	16.00	16
9375	16.00	16
9377	16.00	16
9379	16.00	16
9381	16.00	16
9383	16.00	16
9385	16.00	16
9387	16.00	16
9389	16.00	16
9391	16.00	16
9393	16.00	16
9395	16.00	16
9397	16.00	16
9399	16.00	16
9401	16.00	16
9403	16.00	16
9405	16.00	16
9407	16.00	16
9409	16.00	16
9411	16.00	16
9413	16.00	16
9415	16.00	16
9417	16.00	16
9419	16.00	16
9421	16.00	16
9423	16.00	16
9425	16.00	16
9427	16.00	16
9429	16.00	16
9431	16.00	16
9433	16.00	16
9435	16.00	16
9437	16.00	16
9439	16.00	16
9441	16.00	16
9443	16.00	16
9445	16.00	16
9447	16.00	16
9449	16.00	16
9451	16.00	16
9453	16.00	16
9455	16.00	16
9457	16.00	16
9459	16.00	16
9461	16.00	16
9463	16.00	16
9465	16.00	16
9467	16.00	16
9469	16.00	16
9471	16.00	16
9473	16.00	16
9475	16.00	16
9477	16.00	16
9479	16.00	16
9481	16.00	16
9483	16.00	16
9485	16.00	16
9487	16.00	16
9489	16.00	16
9491	16.00	16
9493	16.00	16
9495	16.00	16
9497	16.00	16
9499	16.00	16
9501	16.00	16
9503	16.00	16
9505	16.00	16
9507	16.00	16
9509	16.00	16
9511	16.00	16
9513	16.00	16
9515	16.00	16
9517	16.00	16
9519	16.00	16
9521	16.00	16
9523	16.00	16
9525	16.00	16
9527	16.00	16
9529	16.00	16
9531	16.00	16
9533	16.00	16
9535	16.00	16
9537	16.00	16
9539	16.00	16
9541	16.00	16
9543	16.00	16
9545	16.00	16
9547	16.00	16
9549	16.00	16
9551	16.00	16
9553	16.00	16
9555	16.00	16
9557	16.00	16
9559	16.00	16
9561	16.00	16
9563	16.00	16
9565	16.00	16
9567	16.00	16
9569	16.00	16
9571	16.00	16
9573	16.00	16
9575	16.00	16
9577	16.00	16
9579	16.00	16
9581	16.00	16
9583	16.00	16
9585	16.00	16
9587	16.00	16
9589	16.00	16
9591	16.00	16
9593	16.00	16
9595	16.00	16
9597	16.00	16
9599	16.00	16
9601	16.00	16
9603	16.00	16
9605	16.00	16
9607	16.00	16
9609	16.00	16
9611	16.00	16
9613	16.00	16
9615	16.00	16
9617	16.00	16
9619	16.00	16
9621	16.00	16
9623	16.00	16
9625	16.00	16
9627	16.00	16
9629	16.00	16
9631	16.00	16
9633	16.00	16
9635	16.00	16
9637	16.00	16
9639	16.00	16
9641	16.00	16
9643	16.00	16
9645	16.00	16
9647	16.00	16
9649	16.00	16
9651	16.00	16
9653	16.00	16
9655	16.00	16
9657	16.00	16
9659	16.00	16
9661	16.00	16
9663	16.00	16
9665	16.00	16
9667	16.00	16
9669	16.00	16
9671	16.00	16
9673	16.00	16
9675	16.00	16
9677	16.00	16
9679	16.00	16
9681	16.00	16
9683	16.00	16
9685	16.00	16
9687	16.00	16
9689	16.00	16
9691	16.00	16
9693	16.00	16
9695	16.00	16
9697	16.00	16
9699	16.00	16
9701	16.00	16
9703	16.00	16
9705	16.00	16
9707	16.00	16
9709	16.00	16
9711	16.00	16
9713	16.00	16
9715	16.00	16
9717	16.00	16
9719	16.00	16
9721	16.00	16
9723	16.00	16
9725	16.00	16
9727	16.00	16
9729	16.00	16
9731	16.00	16
9733	16.00	16
9735	16.00	16
9737	16.00	16
9739	16.00	16
9741	16.00	16
9743	16.00	16
9745	16.00	16
9747	16.00	16
9749	16.00	16
9751	16.00	16
9753	16.00	16
9755	16.00	16
9757	16.00	16
9759	16.00	16
9761	16.00	16
9763	16.00	16
9765	16.00	16
9767	16.00	16
9769	16.00	16
9771	16.00	16
9773	16.00	16
9775	16.00	16
9777	16.00	16
9779	16.00	16
9781	16.00	16
9783	16.00	16
9785	16.00	16
9787	16.00	16
9789	16.00	16
9791	16.00	16
9793	16.00	16
9795	16.00	16
9797	16.00	16
9799	16.00	16
9801	16.00	16
9803	16.00	16
9805	16.00	16
9807	16.00	16
9809	16.00	16
9811	16.00	16
9813	16.00	16
9815	16.00	16
9817	16.00	16
9819	16.00	16
9821	16.00	16
9823	16.00	16
9825	16.00	16
9827	16.00	16
9829	16.00	16
9831	16.00	16
9833	16.00	16
9835	16.00	16
9837	16.00	16
9839	16.00	16
9841	16.00	16
9843	16.00	16
9845	16.00	16
9847	16.00	16
9849	16.00	16
9851	16.00	16
9853	16.00	16
9855	16.00	16
9857	16.00	16
9859	16.00	16
9861	16.00	16
9863	16.00	16
9865	16.00	16
9867	16.00	16
9869	16.00	16
9871	16.00	16
9873	16.00	16
9875	16.00	16
9877	16.00	16
9879	16.00	16
9881	16.00	16
9883	16.00	16
9885	16.00	16
9887	16.00	16
9889	16.00	16
9891	16.00	16
9893	16.00	16
9895	16.00	16
9897	16.00	16
9899	16.00	16
9901	16.00	16
9903	16.00	16
9905	16.00	16
9907	16.00	16
9909	16.00	16
9911	16.00	16
9913	16.00	16
9915	16.00	16
9917	16.00	16
9919	16.00	16
9921	16.00	16
9923	16.00	16
9925	16.00	16
9927	16.00	16
9929	16.00	16
9931	16.00	16
9933	16.00	16
9935	16.00	16
9937	16.00	16
9939	16.00	16
9941	16.00	16
9943	16.00	16
9945	16.00	16
9947	16.00	16
9949	16.00	16
9951	16.00	16
9953	16.00	16
9955	16.00	16
9957	16.00	16
9959	16.00	16
9961	16.00	16
9963	16.00	16
9965	16.00	16
9967	16.00	16
9969	16.00	16
9971	16.00	16
9973	16.00	16
9975	16.00	16
9977	16.00	16
9979	16.00	16
9981	16.00	16
9983	16.00	16
9985	16.00	16
9987	16.00	16
9989	16.00	16
9991	16.00	16
9993	16.00	16
9995	16.00	16
9997	16.00	16
9999	16.00	16
Run 10
5	-27.20	2
7	-11.40	2
9	-10.80	2
11	-10.80	2
13	-4.40	4
15	-2.80	4
17	-2.80	4
19	-2.00	4
21	-1.40	4
23	-1.40	4
25	0.80	4
27	0.80	4
29	3.20	6
31	3.20	6
33	3.20	6
35	3.20	6
37	4.80	8
39	4.80	8
41	4.80	8
43	6.40	10
45	6.40	10
47	6.40	10
49	6.40	10
51	6.40	10
53	6.40	10
55	6.40	10
57	6.40	10
59	6.40	10
61	6.80	10
63	6.80	10
65	6.80	10
67	6.80	10
69	6.80	10
71	8.20	11
73	8.20	11
75	8.60	11
77	8.60	11
79	8.60	11
81	8.60	11
83	8.60	11
85	8.60	11
87	8.60	11
89	9.00	11
91	9.00	11
93	9.00	11
95	9.00	11
97	9.00	11
99	9.00	11
101	9.00	11
103	9.00	11
105	9.00	11
107	9.00	11
109	9.00	11
111	9.00	11
113	9.00	11
115	9.00	11
117	9.00	11
119	9.00	11
121	9.00	11
123	9.20	11
125	9.20	11
127	9.20	11
129	9.20	11
131	9.20	11
133	9.20	11
135	9.20	11
137	9.20	11
139	9.20	11
141	9.20	11
143	9.20	11
145	9.20	11
147	9.20	11
149	9.20	11
151	9.60	11
153	9.60	11
155	9.60	11
157	9.60	11
159	9.60	11
161	9.60	11
163	9.60	11
165	9.60	11
167	9.60	11
169	10.40	12
171	10.40	12
173	10.40	12
175	10.40	12
177	10.40	12
179	10.60	12
181	10.60	12
183	10.60	12
185	10.60	12
187	10.60	12
189	10.60	12
191	10.60	12
193	10.60	12
195	10.60	12
197	10.60	12
199	10.60	12
201	10.60	12
203	10.60	12
205	10.60	12
207	10.60	12
209	10.60	12
211	10.60	12
213	10.60	12
215	10.60	12
217	10.60	12
219	10.60	12
221	10.60	12
223	10.60	12
225	10.60	12
227	10.60	12
229	10.60	12
231	10.80	12
233	10.80	12
235	10.80	12
237	11.00	12
239	11.00	12
241	11.00	12
243	11.00	12
245	11.00	12
247	11.00	12
249	11.00	12
251	11.00	12
253	11.00	12
255	11.00	12
257	11.00	12
259	11.00	12
261	11.00	12
263	11.00	12
265	11.00	12
267	11.00	12
269	11.00	12
271	11.00	12
273	11.00	12
275	11.00	12
277	11.00	12
279	11.00	12
281	11.00	12
283	11.00	12
285	11.00	12
287	11.00	12
289	11.40	12
291	11.40	12
293	11.40	12
295	11.40	12
297	11.40	12
299	11.40	12
301	11.40	12
303	11.40	12
305	11.40	12
307	11.40	12
309	11.40	12
311	11.40	12
313	11.40	12
315	11.40	12
317	11.40	12
319	11.40	12
321	11.40	12
323	11.40	12
325	11.40	12
327	11.40	12
329	11.40	12
331	11.40	12
333	11.40	12
335	11.40	12
337	11.40	12
339	11.40	12
341	11.40	12
343	11.40	12
345	11.40	12
347	11.40	12
349	11.40	12
351	11.40	12
353	11.40	12
355	11.40	12
357	11.40	12
359	11.40	12
361	11.40	12
363	11.40	12
365	11.40	12
367	11.40	12
369	11.40	12
371	11.40	12
373	11.40	12
375	11.40	12
377	11.40	12
379	11.40	12
381	11.40	12
383	11.40	12
385	11.40	12
387	11.40	12
389	11.40	12
391	11.40	12
393	11.40	12
395	11.40	12
397	11.40	12
399	11.40	12
401	11.40	12
403	11.40	12
405	11.40	12
407	11.40	12
409	11.40	12
411	11.40	12
413	11.40	12
415	11.40	12
417	11.40	12
419	11.40	12
421	11.40	12
423	11.40	12
425	11.40	12
427	11.60	12
429	11.60	12
431	11.60	12
433	11.60	12
435	11.60	12
437	11.60	12
439	11.60	12
441	11.60	12
443	11.60	12
445	11.80	12
447	11.80	12
449	11.80	12
451	11.80	12
453	11.80	12
455	11.80	12
457	11.80	12
459	11.80	12
461	11.80	12
463	11.80	12
465	11.80	12
467	11.80	12
469	11.80	12
471	11.80	12
473	11.80	12
475	11.80	12
477	11.80	12
479	11.80	12
481	11.80	12
483	11.80	12
485	11.80	12
487	11.80	12
489	11.80	12
491	11.80	12
493	11.80	12
495	11.80	12
497	11.80	12
499	11.80	12
501	11.80	12
503	11.80	12
505	11.80	12
507	11.80	12
509	11.80	12
511	11.80	12
513	11.80	12
515	11.80	12
517	11.80	12
519	11.80	12
521	12.00	12
523	12.00	12
525	12.00	12
527	12.00	12
529	12.00	12
531	12.00	12
533	12.00	12
535	12.00	12
537	12.00	12
539	12.00	12
541	12.00	12
543	12.00	12
545	12.00	12
547	12.00	12
549	12.00	12
551	12.00	12
553	12.00	12
555	12.00	12
557	12.00	12
559	12.00	12
561	12.00	12
563	12.00	12
565	12.00	12
567	12.00	12
569	12.00	12
571	12.00	12
573	12.00	12
575	12.00	12
577	12.00	12
579	12.00	12
581	12.00	12
583	12.00	12
585	12.00	12
587	12.00	12
589	12.00	12
591	12.00	12
593	12.00	12
595	12.00	12
597	12.00	12
599	12.00	12
601	12.00	12
603	12.00	12
605	12.00	12
607	12.00	12
609	12.00	12
611	12.00	12
613	12.00	12
615	12.00	12
617	12.00	12
619	12.00	12
621	12.00	12
623	12.00	12
625	12.00	12
627	12.00	12
629	12.00	12
631	12.00	12
633	12.00	12
635	12.00	12
637	12.00	12
639	12.00	12
641	12.00	12
643	12.00	12
645	12.00	12
647	12.40	14
649	12.40	14
651	12.40	14
653	12.40	14
655	12.40	14
657	12.40	14
659	12.40	14
661	12.40	14
663	12.40	14
665	12.40	14
667	12.60	14
669	12.60	14
671	12.60	14
673	12.60	14
675	12.60	14
677	12.60	14
679	12.60	14
681	12.60	14
683	12.60	14
685	12.60	14
687	12.60	14
689	12.60	14
691	12.60	14
693	12.60	14
695	12.60	14
697	12.60	14
699	12.60	14
701	12.60	14
703	12.60	14
705	12.60	14
707	12.60	14
709	12.60	14
711	12.60	14
713	12.60	14
715	12.60	14
717	12.60	14
719	12.60	14
721	12.60	14
723	12.60	14
725	12.60	14
727	12.60	14
729	12.60	14
731	12.60	14
733	12.60	14
735	12.60	14
737	12.60	14
739	12.60	14
741	12.60	14
743	12.60	14
745	12.60	14
747	12.60	14
749	12.60	14
751	12.60	14
753	12.60	14
755	12.60	14
757	12.60	14
759	12.60	14
761	12.60	14
763	12.60	14
765	12.60	14
767	12.60	14
769	12.60	14
771	12.60	14
773	12.60	14
775	12.60	14
777	12.60	14
779	12.60	14
781	12.60	14
783	12.60	14
785	12.60	14
787	12.60	14
789	12.60	14
791	12.60	14
793	12.60	14
795	12.60	14
797	12.60	14
799	12.60	14
801	12.60	14
803	12.60	14
805	12.60	14
807	12.60	14
809	12.60	14
811	12.60	14
813	12.60	14
815	12.60	14
817	12.60	14
819	12.60	14
821	12.60	14
823	12.60	14
825	12.60	14
827	12.60	14
829	12.60	14
831	12.60	14
833	12.60	14
835	12.60	14
837	12.60	14
839	12.60	14
841	12.60	14
843	12.60	14
845	12.60	14
847	12.60	14
849	12.60	14
851	12.60	14
853	12.60	14
855	12.60	14
857	12.60	14
859	12.60	14
861	12.60	14
863	12.60	14
865	12.60	14
867	12.60	14
869	12.60	14
871	12.60	14
873	12.60	14
875	12.60	14
877	12.60	14
879	12.60	14
881	12.60	14
883	12.60	14
885	12.60	14
887	12.60	14
889	12.60	14
891	12.60	14
893	12.60	14
895	12.60	14
897	12.60	14
899	12.60	14
901	12.60	14
903	12.60	14
905	12.60	14
907	12.60	14
909	12.60	14
911	12.60	14
913	12.60	14
915	12.60	14
917	12.60	14
919	12.60	14
921	12.60	14
923	12.60	14
925	12.60	14
927	12.60	14
929	12.60	14
931	12.60	14
933	12.60	14
935	12.60	14
937	12.60	14
939	12.60	14
941	12.60	14
943	12.60	14
945	12.60	14
947	12.60	14
949	12.60	14
951	12.60	14
953	12.60	14
955	12.60	14
957	12.60	14
959	12.60	14
961	12.60	14
963	12.60	14
965	12.60	14
967	12.60	14
969	12.60	14
971	12.60	14
973	12.60	14
975	12.60	14
977	12.60	14
979	12.60	14
981	12.60	14
983	12.60	14
985	12.60	14
987	12.60	14
989	12.60	14
991	12.60	14
993	12.60	14
995	12.60	14
997	12.60	14
999	12.60	14
1001	12.60	14
1003	12.60	14
1005	12.60	14
1007	12.60	14
1009	12.60	14
1011	12.60	14
1013	12.60	14
1015	13.00	14
1017	13.00	14
1019	13.00	14
1021	13.00	14
1023	13.00	14
1025	13.00	14
1027	13.00	14
1029	13.00	14
1031	13.00	14
1033	13.00	14
1035	13.00	14
1037	13.00	14
1039	13.00	14
1041	13.00	14
1043	13.00	14
1045	13.00	14
1047	13.00	14
1049	13.00	14
1051	13.00	14
1053	13.00	14
1055	13.00	14
1057	13.00	14
1059	13.00	14
1061	13.00	14
1063	13.00	14
1065	13.00	14
1067	13.00	14
1069	13.00	14
1071	13.00	14
1073	13.00	14
1075	13.00	14
1077	13.00	14
1079	13.00	14
1081	13.00	14
1083	13.00	14
1085	13.00	14
1087	13.00	14
1089	13.00	14
1091	13.00	14
1093	13.00	14
1095	13.00	14
1097	13.00	14
1099	13.00	14
1101	13.00	14
1103	13.00	14
1105	13.00	14
1107	13.00	14
1109	13.00	14
1111	13.00	14
1113	13.20	14
1115	13.20	14
1117	13.20	14
1119	13.20	14
1121	13.20	14
1123	13.40	14
1125	13.40	14
1127	13.40	14
1129	13.40	14
1131	13.40	14
1133	13.40	14
1135	13.40	14
1137	13.40	14
1139	13.40	14
1141	13.40	14
1143	13.40	14
1145	13.40	14
1147	13.40	14
1149	13.40	14
1151	13.40	14
1153	13.40	14
1155	13.40	14
1157	13.40	14
1159	13.40	14
1161	13.40	14
1163	13.40	14
1165	13.40	14
1167	13.40	14
1169	13.40	14
1171	13.40	14
1173	13.40	14
1175	13.40	14
1177	13.40	14
1179	13.40	14
1181	13.40	14
1183	13.40	14
1185	13.40	14
1187	13.40	14
1189	13.40	14
1191	13.40	14
1193	13.40	14
1195	13.40	14
1197	13.40	14
1199	13.40	14
1201	13.40	14
1203	13.40	14
1205	13.40	14
1207	13.40	14
1209	13.40	14
1211	13.40	14
1213	13.40	14
1215	13.40	14
1217	13.40	14
1219	13.40	14
1221	13.40	14
1223	13.40	14
1225	13.40	14
1227	13.40	14
1229	13.40	14
1231	13.40	14
1233	13.40	14
1235	13.40	14
1237	13.40	14
1239	13.40	14
1241	13.40	14
1243	13.40	14
1245	13.40	14
1247	13.40	14
1249	13.40	14
1251	13.40	14
1253	13.40	14
1255	13.40	14
1257	13.40	14
1259	13.40	14
1261	13.40	14
1263	13.40	14
1265	13.40	14
1267	13.40	14
1269	13.40	14
1271	13.40	14
1273	13.40	14
1275	13.40	14
1277	13.40	14
1279	13.40	14
1281	13.40	14
1283	13.40	14
1285	13.40	14
1287	13.40	14
1289	13.40	14
1291	13.40	14
1293	13.40	14
1295	13.40	14
1297	13.40	14
1299	13.40	14
1301	13.40	14
1303	13.40	14
1305	13.40	14
1307	13.40	14
1309	13.40	14
1311	13.40	14
1313	13.40	14
1315	13.40	14
1317	13.40	14
1319	13.40	14
1321	13.40	14
1323	13.40	14
1325	13.40	14
1327	13.40	14
1329	13.40	14
1331	13.40	14
1333	13.40	14
1335	13.40	14
1337	13.40	14
1339	13.40	14
1341	13.40	14
1343	13.40	14
1345	13.40	14
1347	13.40	14
1349	13.40	14
1351	13.40	14
1353	13.40	14
1355	13.40	14
1357	13.40	14
1359	13.40	14
1361	13.40	14
1363	13.40	14
1365	13.40	14
1367	13.40	14
1369	13.40	14
1371	13.40	14
1373	13.40	14
1375	13.40	14
1377	13.40	14
1379	13.40	14
1381	13.40	14
1383	13.40	14
1385	13.40	14
1387	13.40	14
1389	13.40	14
1391	13.40	14
1393	13.40	14
1395	13.40	14
1397	13.40	14
1399	13.40	14
1401	13.40	14
1403	13.40	14
1405	13.40	14
1407	13.40	14
1409	13.40	14
1411	13.40	14
1413	13.40	14
1415	13.40	14
1417	13.40	14
1419	13.40	14
1421	13.40	14
1423	13.40	14
1425	13.40	14
1427	13.40	14
1429	13.40	14
1431	13.40	14
1433	13.40	14
1435	13.40	14
1437	13.40	14
1439	13.40	14
1441	13.40	14
1443	13.40	14
1445	13.60	14
1447	13.60	14
1449	13.60	14
1451	13.60	14
1453	13.60	14
1455	13.60	14
1457	13.60	14
1459	13.60	14
1461	13.80	14
1463	13.80	14
1465	13.80	14
1467	13.80	14
1469	13.80	14
1471	13.80	14
1473	13.80	14
1475	13.80	14
1477	13.80	14
1479	13.80	14
1481	13.80	14
1483	13.80	14
1485	13.80	14
1487	13.80	14
1489	13.80	14
1491	13.80	14
1493	13.80	14
1495	13.80	14
1497	13.80	14
1499	13.80	14
1501	13.80	14
1503	13.80	14
1505	13.80	14
1507	13.80	14
1509	13.80	14
1511	13.80	14
1513	13.80	14
1515	13.80	14
1517	13.80	14
1519	13.80	14
1521	13.80	14
1523	13.80	14
1525	13.80	14
1527	13.80	14
1529	13.80	14
1531	13.80	14
1533	13.80	14
1535	13.80	14
1537	13.80	14
1539	13.80	14
1541	13.80	14
1543	13.80	14
1545	13.80	14
1547	13.80	14
1549	13.80	14
1551	13.80	14
1553	13.80	14
1555	13.80	14
1557	13.80	14
1559	13.80	14
1561	13.80	14
1563	13.80	14
1565	13.80	14
1567	13.80	14
1569	13.80	14
1571	13.80	14
1573	13.80	14
1575	13.80	14
1577	13.80	14
1579	13.80	14
1581	13.80	14
1583	13.80	14
1585	13.80	14
1587	13.80	14
1589	13.80	14
1591	13.80	14
1593	13.80	14
1595	13.80	14
1597	13.80	14
1599	13.80	14
1601	13.80	14
1603	13.80	14
1605	13.80	14
1607	13.80	14
1609	13.80	14
1611	13.80	14
1613	13.80	14
1615	14.00	14
1617	14.00	14
1619	14.00	14
1621	14.00	14
1623	14.00	14
1625	14.00	14
1627	14.00	14
1629	14.00	14
1631	14.00	14
1633	14.00	14
1635	14.00	14
1637	14.00	14
1639	14.00	14
1641	14.00	14
1643	14.00	14
1645	14.00	14
1647	14.00	14
1649	14.00	14
1651	14.00	14
1653	14.00	14
1655	14.00	14
1657	14.00	14
1659	14.00	14
1661	14.00	14
1663	14.00	14
1665	14.00	14
1667	14.00	14
1669	14.00	14
1671	14.00	14
1673	14.00	14
1675	14.00	14
1677	14.00	14
1679	14.00	14
1681	14.00	14
1683	14.00	14
1685	14.00	14
1687	14.00	14
1689	14.00	14
1691	14.00	14
1693	14.00	14
1695	14.00	14
1697	14.00	14
1699	14.00	14
1701	14.00	14
1703	14.00	14
1705	14.00	14
1707	14.00	14
1709	14.00	14
1711	14.00	14
1713	14.00	14
1715	14.00	14
1717	14.00	14
1719	14.00	14
1721	14.00	14
1723	14.00	14
1725	14.00	14
1727	14.00	14
1729	14.00	14
1731	14.00	14
1733	14.00	14
1735	14.00	14
1737	14.00	14
1739	14.40	16
1741	14.40	16
1743	14.40	16
1745	14.40	16
1747	14.40	16
1749	14.40	16
1751	14.40	16
1753	14.40	16
1755	14.40	16
1757	14.40	16
1759	14.40	16
1761	14.40	16
1763	14.40	16
1765	14.40	16
1767	14.40	16
1769	14.40	16
1771	14.40	16
1773	14.40	16
1775	14.40	16
1777	14.40	16
1779	14.40	16
1781	14.40	16
1783	14.40	16
1785	14.40	16
1787	14.40	16
1789	14.40	16
1791	14.40	16
1793	14.40	16
1795	14.40	16
1797	14.40	16
1799	14.40	16
1801	14.40	16
1803	14.40	16
1805	14.40	16
1807	14.40	16
1809	14.40	16
1811	14.40	16
1813	14.40	16
1815	14.40	16
1817	14.40	16
1819	14.40	16
1821	14.40	16
1823	14.40	16
1825	14.40	16
1827	14.40	16
1829	14.40	16
1831	14.40	16
1833	14.40	16
1835	14.40	16
1837	14.40	16
1839	14.40	16
1841	14.40	16
1843	14.40	16
1845	14.40	16
1847	14.40	16
1849	14.40	16
1851	14.40	16
1853	14.40	16
1855	14.40	16
1857	14.40	16
1859	14.40	16
1861	14.40	16
1863	14.40	16
1865	14.40	16
1867	14.40	16
1869	14.40	16
1871	14.40	16
1873	14.40	16
1875	14.40	16
1877	14.40	16
1879	14.40	16
1881	14.40	16
1883	14.40	16
1885	14.40	16
1887	14.40	16
1889	14.40	16
1891	14.40	16
1893	14.40	16
1895	14.40	16
1897	14.40	16
1899	14.40	16
1901	14.40	16
1903	14.40	16
1905	14.40	16
1907	14.40	16
1909	14.40	16
1911	14.40	16
1913	14.40	16
1915	14.40	16
1917	14.40	16
1919	14.80	16
1921	14.80	16
1923	14.80	16
1925	14.80	16
1927	14.80	16
1929	14.80	16
1931	14.80	16
1933	14.80	16
1935	14.80	16
1937	14.80	16
1939	14.80	16
1941	14.80	16
1943	14.80	16
1945	14.80	16
1947	14.80	16
1949	14.80	16
1951	14.80	16
1953	14.80	16
1955	14.80	16
1957	14.80	16
1959	14.80	16
1961	14.80	16
1963	14.80	16
1965	14.80	16
1967	14.80	16
1969	14.80	16
1971	14.80	16
1973	14.80	16
1975	14.80	16
1977	14.80	16
1979	14.80	16
1981	14.80	16
1983	14.80	16
1985	14.80	16
1987	14.80	16
1989	14.80	16
1991	14.80	16
1993	14.80	16
1995	14.80	16
1997	14.80	16
1999	14.80	16
2001	14.80	16
2003	14.80	16
2005	14.80	16
2007	14.80	16
2009	14.80	16
2011	14.80	16
2013	14.80	16
2015	14.80	16
2017	14.80	16
2019	14.80	16
2021	14.80	16
2023	14.80	16
2025	14.80	16
2027	14.80	16
2029	14.80	16
2031	14.80	16
2033	14.80	16
2035	14.80	16
2037	14.80	16
2039	14.80	16
2041	14.80	16
2043	14.80	16
2045	14.80	16
2047	14.80	16
2049	14.80	16
2051	14.80	16
2053	14.80	16
2055	14.80	16
2057	14.80	16
2059	14.80	16
2061	14.80	16
2063	14.80	16
2065	14.80	16
2067	14.80	16
2069	14.80	16
2071	14.80	16
2073	14.80	16
2075	14.80	16
2077	14.80	16
2079	14.80	16
2081	14.80	16
2083	14.80	16
2085	14.80	16
2087	14.80	16
2089	14.80	16
2091	14.80	16
2093	14.80	16
2095	14.80	16
2097	14.80	16
2099	14.80	16
2101	14.80	16
2103	14.80	16
2105	14.80	16
2107	14.80	16
2109	14.80	16
2111	14.80	16
2113	14.80	16
2115	14.80	16
2117	14.80	16
2119	14.80	16
2121	14.80	16
2123	14.80	16
2125	14.80	16
2127	14.80	16
2129	14.80	16
2131	14.80	16
2133	14.80	16
2135	15.20	16
2137	15.20	16
2139	15.20	16
2141	15.20	16
2143	15.20	16
2145	15.20	16
2147	15.20	16
2149	15.20	16
2151	15.20	16
2153	15.20	16
2155	15.20	16
2157	15.20	16
2159	15.20	16
2161	15.20	16
2163	15.20	16
2165	15.20	16
2167	15.20	16
2169	15.20	16
2171	15.20	16
2173	15.20	16
2175	15.20	16
2177	15.20	16
2179	15.20	16
2181	15.20	16
2183	15.20	16
2185	15.20	16
2187	15.20	16
2189	15.20	16
2191	15.20	16
2193	15.20	16
2195	15.20	16
2197	15.20	16
2199	15.20	16
2201	15.20	16
2203	15.20	16
2205	15.20	16
2207	15.20	16
2209	15.20	16
2211	15.20	16
2213	15.20	16
2215	15.20	16
2217	15.20	16
2219	15.20	16
2221	15.20	16
2223	15.20	16
2225	15.20	16
2227	15.20	16
2229	15.20	16
2231	15.20	16
2233	15.20	16
2235	15.20	16
2237	15.20	16
2239	15.20	16
2241	15.20	16
2243	15.20	16
2245	15.20	16
2247	15.20	16
2249	15.20	16
2251	15.20	16
2253	15.20	16
2255	15.20	16
2257	15.20	16
2259	15.20	16
2261	15.20	16
2263	15.20	16
2265	15.20	16
2267	15.20	16
2269	15.20	16
2271	15.20	16
2273	15.20	16
2275	15.20	16
2277	15.20	16
2279	15.20	16
2281	15.20	16
2283	15.20	16
2285	15.20	16
2287	15.20	16
2289	15.20	16
2291	15.20	16
2293	15.20	16
2295	15.20	16
2297	15.20	16
2299	15.20	16
2301	15.20	16
2303	15.20	16
2305	15.20	16
2307	15.20	16
2309	15.20	16
2311	15.20	16
2313	15.20	16
2315	15.20	16
2317	15.20	16
2319	15.20	16
2321	15.20	16
2323	15.60	16
2325	15.60	16
2327	15.60	16
2329	15.60	16
2331	15.60	16
2333	15.60	16
2335	15.60	16
2337	15.60	16
2339	15.60	16
2341	15.60	16
2343	15.60	16
2345	15.60	16
2347	15.60	16
2349	15.60	16
2351	15.60	16
2353	15.60	16
2355	15.60	16
2357	15.60	16
2359	15.60	16
2361	15.60	16
2363	15.60	16
2365	15.60	16
2367	15.60	16
2369	15.60	16
2371	15.60	16
2373	15.60	16
2375	15.60	16
2377	15.60	16
2379	15.60	16
2381	15.60	16
2383	15.60	16
2385	15.60	16
2387	15.60	16
2389	15.60	16
2391	15.60	16
2393	15.60	16
2395	15.60	16
2397	15.60	16
2399	15.60	16
2401	15.60	16
2403	15.60	16
2405	15.60	16
2407	15.60	16
2409	15.60	16
2411	15.60	16
2413	15.60	16
2415	15.60	16
2417	15.60	16
2419	15.60	16
2421	15.60	16
2423	15.60	16
2425	15.60	16
2427	15.60	16
2429	15.60	16
2431	15.60	16
2433	15.60	16
2435	15.60	16
2437	15.60	16
2439	15.60	16
2441	15.60	16
2443	15.60	16
2445	15.60	16
2447	15.60	16
2449	15.60	16
2451	15.60	16
2453	15.60	16
2455	15.60	16
2457	15.60	16
2459	15.60	16
2461	15.60	16
2463	15.60	16
2465	15.60	16
2467	15.60	16
2469	15.60	16
2471	15.60	16
2473	15.60	16
2475	15.60	16
2477	15.60	16
2479	15.60	16
2481	15.60	16
2483	15.60	16
2485	15.60	16
2487	15.60	16
2489	15.60	16
2491	15.60	16
2493	15.60	16
2495	15.60	16
2497	15.60	16
2499	15.60	16
2501	15.60	16
2503	15.60	16
2505	15.60	16
2507	15.60	16
2509	15.60	16
2511	15.60	16
2513	15.60	16
2515	15.60	16
2517	15.60	16
2519	15.60	16
2521	15.60	16
2523	15.60	16
2525	15.60	16
2527	15.60	16
2529	15.60	16
2531	15.60	16
2533	15.60	16
2535	15.60	16
2537	15.60	16
2539	15.60	16
2541	15.60	16
2543	15.60	16
2545	15.60	16
2547	15.60	16
2549	15.60	16
2551	15.60	16
2553	15.60	16
2555	15.60	16
2557	15.60	16
2559	15.60	16
2561	15.60	16
2563	15.60	16
2565	15.60	16
2567	15.60	16
2569	15.60	16
2571	15.60	16
2573	15.60	16
2575	15.60	16
2577	15.60	16
2579	15.60	16
2581	15.60	16
2583	15.60	16
2585	15.60	16
2587	15.60	16
2589	15.60	16
2591	15.60	16
2593	15.60	16
2595	15.60	16
2597	15.60	16
2599	15.60	16
2601	15.60	16
2603	15.60	16
2605	15.60	16
2607	15.60	16
2609	15.60	16
2611	15.60	16
2613	15.60	16
2615	15.60	16
2617	15.60	16
2619	15.60	16
2621	15.60	16
2623	15.60	16
2625	15.60	16
2627	15.60	16
2629	15.60	16
2631	15.60	16
2633	15.60	16
2635	15.60	16
2637	15.60	16
2639	15.60	16
2641	15.60	16
2643	15.60	16
2645	15.60	16
2647	15.60	16
2649	15.60	16
2651	15.60	16
2653	15.60	16
2655	15.60	16
2657	15.60	16
2659	15.60	16
2661	15.60	16
2663	15.60	16
2665	15.60	16
2667	15.60	16
2669	15.60	16
2671	15.60	16
2673	15.60	16
2675	15.60	16
2677	15.60	16
2679	15.60	16
2681	15.60	16
2683	15.60	16
2685	15.60	16
2687	15.60	16
2689	15.60	16
2691	15.60	16
2693	15.60	16
2695	15.60	16
2697	15.60	16
2699	15.60	16
2701	15.60	16
2703	15.60	16
2705	15.60	16
2707	15.60	16
2709	15.60	16
2711	15.60	16
2713	15.60	16
2715	15.60	16
2717	15.60	16
2719	15.60	16
2721	15.60	16
2723	15.60	16
2725	15.60	16
2727	15.60	16
2729	15.60	16
2731	15.60	16
2733	15.60	16
2735	15.60	16
2737	15.60	16
2739	15.60	16
2741	15.60	16
2743	15.60	16
2745	15.60	16
2747	15.60	16
2749	15.60	16
2751	15.60	16
2753	15.60	16
2755	15.60	16
2757	15.60	16
2759	15.60	16
2761	15.60	16
2763	15.60	16
2765	15.60	16
2767	15.60	16
2769	15.60	16
2771	15.60	16
2773	15.60	16
2775	15.60	16
2777	15.60	16
2779	15.60	16
2781	15.60	16
2783	15.60	16
2785	15.60	16
2787	15.60	16
2789	15.60	16
2791	15.60	16
2793	15.60	16
2795	15.60	16
2797	15.60	16
2799	15.60	16
2801	15.60	16
2803	15.60	16
2805	15.60	16
2807	15.60	16
2809	15.60	16
2811	15.60	16
2813	15.60	16
2815	15.60	16
2817	15.60	16
2819	15.60	16
2821	15.60	16
2823	15.60	16
2825	15.60	16
2827	15.60	16
2829	15.60	16
2831	15.60	16
2833	15.60	16
2835	15.60	16
2837	15.60	16
2839	15.60	16
2841	15.60	16
2843	15.60	16
2845	15.60	16
2847	15.60	16
2849	15.60	16
2851	15.60	16
2853	15.60	16
2855	15.60	16
2857	15.60	16
2859	15.60	16
2861	15.60	16
2863	15.60	16
2865	15.60	16
2867	15.60	16
2869	15.60	16
2871	15.60	16
2873	15.60	16
2875	15.60	16
2877	15.60	16
2879	15.60	16
2881	15.60	16
2883	15.60	16
2885	15.60	16
2887	15.60	16
2889	15.60	16
2891	16.00	16
2893	16.00	16
2895	16.00	16
2897	16.00	16
2899	16.00	16
2901	16.00	16
2903	16.00	16
2905	16.00	16
2907	16.00	16
2909	16.00	16
2911	16.00	16
2913	16.00	16
2915	16.00	16
2917	16.00	16
2919	16.00	16
2921	16.00	16
2923	16.00	16
2925	16.00	16
2927	16.00	16
2929	16.00	16
2931	16.00	16
2933	16.00	16
2935	16.00	16
2937	16.00	16
2939	16.00	16
2941	16.00	16
2943	16.00	16
2945	16.00	16
2947	16.00	16
2949	16.00	16
2951	16.00	16
2953	16.00	16
2955	16.00	16
2957	16.00	16
2959	16.00	16
2961	16.00	16
2963	16.00	16
2965	16.00	16
2967	16.00	16
2969	16.00	16
2971	16.00	16
2973	16.00	16
2975	16.00	16
2977	16.00	16
2979	16.00	16
2981	16.00	16
2983	16.00	16
2985	16.00	16
2987	16.00	16
2989	16.00	16
2991	16.00	16
2993	16.00	16
2995	16.00	16
2997	16.00	16
2999	16.00	16
3001	16.00	16
3003	16.00	16
3005	16.00	16
3007	16.00	16
3009	16.00	16
3011	16.00	16
3013	16.00	16
3015	16.00	16
3017	16.00	16
3019	16.00	16
3021	16.00	16
3023	16.00	16
3025	16.00	16
3027	16.00	16
3029	16.00	16
3031	16.00	16
3033	16.00	16
3035	16.00	16
3037	16.00	16
3039	16.00	16
3041	16.00	16
3043	16.00	16
3045	16.00	16
3047	16.00	16
3049	16.00	16
3051	16.00	16
3053	16.00	16
3055	16.00	16
3057	16.00	16
3059	16.00	16
3061	16.00	16
3063	16.00	16
3065	16.00	16
3067	16.00	16
3069	16.00	16
3071	16.00	16
3073	16.00	16
3075	16.00	16
3077	16.00	16
3079	16.00	16
3081	16.00	16
3083	16.00	16
3085	16.00	16
3087	16.00	16
3089	16.00	16
3091	16.00	16
3093	16.00	16
3095	16.00	16
3097	16.00	16
3099	16.00	16
3101	16.00	16
3103	16.00	16
3105	16.00	16
3107	16.00	16
3109	16.00	16
3111	16.00	16
3113	16.00	16
3115	16.00	16
3117	16.00	16
3119	16.00	16
3121	16.00	16
3123	16.00	16
3125	16.00	16
3127	16.00	16
3129	16.00	16
3131	16.00	16
3133	16.00	16
3135	16.00	16
3137	16.00	16
3139	16.00	16
3141	16.00	16
3143	16.00	16
3145	16.00	16
3147	16.00	16
3149	16.00	16
3151	16.00	16
3153	16.00	16
3155	16.00	16
3157	16.00	16
3159	16.00	16
3161	16.00	16
3163	16.00	16
3165	16.00	16
3167	16.00	16
3169	16.00	16
3171	16.00	16
3173	16.00	16
3175	16.00	16
3177	16.00	16
3179	16.00	16
3181	16.00	16
3183	16.00	16
3185	16.00	16
3187	16.00	16
3189	16.00	16
3191	16.00	16
3193	16.00	16
3195	16.00	16
3197	16.00	16
3199	16.00	16
3201	16.00	16
3203	16.00	16
3205	16.00	16
3207	16.00	16
3209	16.00	16
3211	16.00	16
3213	16.00	16
3215	16.00	16
3217	16.00	16
3219	16.00	16
3221	16.00	16
3223	16.00	16
3225	16.00	16
3227	16.00	16
3229	16.00	16
3231	16.00	16
3233	16.00	16
3235	16.00	16
3237	16.00	16
3239	16.00	16
3241	16.00	16
3243	16.00	16
3245	16.00	16
3247	16.00	16
3249	16.00	16
3251	16.00	16
3253	16.00	16
3255	16.00	16
3257	16.00	16
3259	16.00	16
3261	16.00	16
3263	16.00	16
3265	16.00	16
3267	16.00	16
3269	16.00	16
3271	16.00	16
3273	16.00	16
3275	16.00	16
3277	16.00	16
3279	16.00	16
3281	16.00	16
3283	16.00	16
3285	16.00	16
3287	16.00	16
3289	16.00	16
3291	16.00	16
3293	16.00	16
3295	16.00	16
3297	16.00	16
3299	16.00	16
3301	16.00	16
3303	16.00	16
3305	16.00	16
3307	16.00	16
3309	16.00	16
3311	16.00	16
3313	16.00	16
3315	16.00	16
3317	16.00	16
3319	16.00	16
3321	16.00	16
3323	16.00	16
3325	16.00	16
3327	16.00	16
3329	16.00	16
3331	16.00	16
3333	16.00	16
3335	16.00	16
3337	16.00	16
3339	16.00	16
3341	16.00	16
3343	16.00	16
3345	16.00	16
3347	16.00	16
3349	16.00	16
3351	16.00	16
3353	16.00	16
3355	16.00	16
3357	16.00	16
3359	16.00	16
3361	16.00	16
3363	16.00	16
3365	16.00	16
3367	16.00	16
3369	16.00	16
3371	16.00	16
3373	16.00	16
3375	16.00	16
3377	16.00	16
3379	16.00	16
3381	16.00	16
3383	16.00	16
3385	16.00	16
3387	16.00	16
3389	16.00	16
3391	16.00	16
3393	16.00	16
3395	16.00	16
3397	16.00	16
3399	16.00	16
3401	16.00	16
3403	16.00	16
3405	16.00	16
3407	16.00	16
3409	16.00	16
3411	16.00	16
3413	16.00	16
3415	16.00	16
3417	16.00	16
3419	16.00	16
3421	16.00	16
3423	16.00	16
3425	16.00	16
3427	16.00	16
3429	16.00	16
3431	16.00	16
3433	16.00	16
3435	16.00	16
3437	16.00	16
3439	16.00	16
3441	16.00	16
3443	16.00	16
3445	16.00	16
3447	16.00	16
3449	16.00	16
3451	16.00	16
3453	16.00	16
3455	16.00	16
3457	16.00	16
3459	16.00	16
3461	16.00	16
3463	16.00	16
3465	16.00	16
3467	16.00	16
3469	16.00	16
3471	16.00	16
3473	16.00	16
3475	16.00	16
3477	16.00	16
3479	16.00	16
3481	16.00	16
3483	16.00	16
3485	16.00	16
3487	16.00	16
3489	16.00	16
3491	16.00	16
3493	16.00	16
3495	16.00	16
3497	16.00	16
3499	16.00	16
3501	16.00	16
3503	16.00	16
3505	16.00	16
3507	16.00	16
3509	16.00	16
3511	16.00	16
3513	16.00	16
3515	16.00	16
3517	16.00	16
3519	16.00	16
3521	16.00	16
3523	16.00	16
3525	16.00	16
3527	16.00	16
3529	16.00	16
3531	16.00	16
3533	16.00	16
3535	16.00	16
3537	16.00	16
3539	16.00	16
3541	16.00	16
3543	16.00	16
3545	16.00	16
3547	16.00	16
3549	16.00	16
3551	16.00	16
3553	16.00	16
3555	16.00	16
3557	16.00	16
3559	16.00	16
3561	16.00	16
3563	16.00	16
3565	16.00	16
3567	16.00	16
3569	16.00	16
3571	16.00	16
3573	16.00	16
3575	16.00	16
3577	16.00	16
3579	16.00	16
3581	16.00	16
3583	16.00	16
3585	16.00	16
3587	16.00	16
3589	16.00	16
3591	16.00	16
3593	16.00	16
3595	16.00	16
3597	16.00	16
3599	16.00	16
3601	16.00	16
3603	16.00	16
3605	16.00	16
3607	16.00	16
3609	16.00	16
3611	16.00	16
3613	16.00	16
3615	16.00	16
3617	16.00	16
3619	16.00	16
3621	16.00	16
3623	16.00	16
3625	16.00	16
3627	16.00	16
3629	16.00	16
3631	16.00	16
3633	16.00	16
3635	16.00	16
3637	16.00	16
3639	16.00	16
3641	16.00	16
3643	16.00	16
3645	16.00	16
3647	16.00	16
3649	16.00	16
3651	16.00	16
3653	16.00	16
3655	16.00	16
3657	16.00	16
3659	16.00	16
3661	16.00	16
3663	16.00	16
3665	16.00	16
3667	16.00	16
3669	16.00	16
3671	16.00	16
3673	16.00	16
3675	16.00	16
3677	16.00	16
3679	16.00	16
3681	16.00	16
3683	16.00	16
3685	16.00	16
3687	16.00	16
3689	16.00	16
3691	16.00	16
3693	16.00	16
3695	16.00	16
3697	16.00	16
3699	16.00	16
3701	16.00	16
3703	16.00	16
3705	16.00	16
3707	16.00	16
3709	16.00	16
3711	16.00	16
3713	16.00	16
3715	16.00	16
3717	16.00	16
3719	16.00	16
3721	16.00	16
3723	16.00	16
3725	16.00	16
3727	16.00	16
3729	16.00	16
3731	16.00	16
3733	16.00	16
3735	16.00	16
3737	16.00	16
3739	16.00	16
3741	16.00	16
3743	16.00	16
3745	16.00	16
3747	16.00	16
3749	16.00	16
3751	16.00	16
3753	16.00	16
3755	16.00	16
3757	16.00	16
3759	16.00	16
3761	16.00	16
3763	16.00	16
3765	16.00	16
3767	16.00	16
3769	16.00	16
3771	16.00	16
3773	16.00	16
3775	16.00	16
3777	16.00	16
3779	16.00	16
3781	16.00	16
3783	16.00	16
3785	16.00	16
3787	16.00	16
3789	16.00	16
3791	16.00	16
3793	16.00	16
3795	16.00	16
3797	16.00	16
3799	16.00	16
3801	16.00	16
3803	16.00	16
3805	16.00	16
3807	16.00	16
3809	16.00	16
3811	16.00	16
3813	16.00	16
3815	16.00	16
3817	16.00	16
3819	16.00	16
3821	16.00	16
3823	16.00	16
3825	16.00	16
3827	16.00	16
3829	16.00	16
3831	16.00	16
3833	16.00	16
3835	16.00	16
3837	16.00	16
3839	16.00	16
3841	16.00	16
3843	16.00	16
3845	16.00	16
3847	16.00	16
3849	16.00	16
3851	16.00	16
3853	16.00	16
3855	16.00	16
3857	16.00	16
3859	16.00	16
3861	16.00	16
3863	16.00	16
3865	16.00	16
3867	16.00	16
3869	16.00	16
3871	16.00	16
3873	16.00	16
3875	16.00	16
3877	16.00	16
3879	16.00	16
3881	16.00	16
3883	16.00	16
3885	16.00	16
3887	16.00	16
3889	16.00	16
3891	16.00	16
3893	16.00	16
3895	16.00	16
3897	16.00	16
3899	16.00	16
3901	16.00	16
3903	16.00	16
3905	16.00	16
3907	16.00	16
3909	16.00	16
3911	16.00	16
3913	16.00	16
3915	16.00	16
3917	16.00	16
3919	16.00	16
3921	16.00	16
3923	16.00	16
3925	16.00	16
3927	16.00	16
3929	16.00	16
3931	16.00	16
3933	16.00	16
3935	16.00	16
3937	16.00	16
3939	16.00	16
3941	16.00	16
3943	16.00	16
3945	16.00	16
3947	16.00	16
3949	16.00	16
3951	16.00	16
3953	16.00	16
3955	16.00	16
3957	16.00	16
3959	16.00	16
3961	16.00	16
3963	16.00	16
3965	16.00	16
3967	16.00	16
3969	16.00	16
3971	16.00	16
3973	16.00	16
3975	16.00	16
3977	16.00	16
3979	16.00	16
3981	16.00	16
3983	16.00	16
3985	16.00	16
3987	16.00	16
3989	16.00	16
3991	16.00	16
3993	16.00	16
3995	16.00	16
3997	16.00	16
3999	16.00	16
4001	16.00	16
4003	16.00	16
4005	16.00	16
4007	16.00	16
4009	16.00	16
4011	16.00	16
4013	16.00	16
4015	16.00	16
4017	16.00	16
4019	16.00	16
4021	16.00	16
4023	16.00	16
4025	16.00	16
4027	16.00	16
4029	16.00	16
4031	16.00	16
4033	16.00	16
4035	16.00	16
4037	16.00	16
4039	16.00	16
4041	16.00	16
4043	16.00	16
4045	16.00	16
4047	16.00	16
4049	16.00	16
4051	16.00	16
4053	16.00	16
4055	16.00	16
4057	16.00	16
4059	16.00	16
4061	16.00	16
4063	16.00	16
4065	16.00	16
4067	16.00	16
4069	16.00	16
4071	16.00	16
4073	16.00	16
4075	16.00	16
4077	16.00	16
4079	16.00	16
4081	16.00	16
4083	16.00	16
4085	16.00	16
4087	16.00	16
4089	16.00	16
4091	16.00	16
4093	16.00	16
4095	16.00	16
4097	16.00	16
4099	16.00	16
4101	16.00	16
4103	16.00	16
4105	16.00	16
4107	16.00	16
4109	16.00	16
4111	16.00	16
4113	16.00	16
4115	16.00	16
4117	16.00	16
4119	16.00	16
4121	16.00	16
4123	16.00	16
4125	16.00	16
4127	16.00	16
4129	16.00	16
4131	16.00	16
4133	16.00	16
4135	16.00	16
4137	16.00	16
4139	16.00	16
4141	16.00	16
4143	16.00	16
4145	16.00	16
4147	16.00	16
4149	16.00	16
4151	16.00	16
4153	16.00	16
4155	16.00	16
4157	16.00	16
4159	16.00	16
4161	16.00	16
4163	16.00	16
4165	16.00	16
4167	16.00	16
4169	16.00	16
4171	16.00	16
4173	16.00	16
4175	16.00	16
4177	16.00	16
4179	16.00	16
4181	16.00	16
4183	16.00	16
4185	16.00	16
4187	16.00	16
4189	16.00	16
4191	16.00	16
4193	16.00	16
4195	16.00	16
4197	16.00	16
4199	16.00	16
4201	16.00	16
4203	16.00	16
4205	16.00	16
4207	16.00	16
4209	16.00	16
4211	16.00	16
4213	16.00	16
4215	16.00	16
4217	16.00	16
4219	16.00	16
4221	16.00	16
4223	16.00	16
4225	16.00	16
4227	16.00	16
4229	16.00	16
4231	16.00	16
4233	16.00	16
4235	16.00	16
4237	16.00	16
4239	16.00	16
4241	16.00	16
4243	16.00	16
4245	16.00	16
4247	16.00	16
4249	16.00	16
4251	16.00	16
4253	16.00	16
4255	16.00	16
4257	16.00	16
4259	16.00	16
4261	16.00	16
4263	16.00	16
4265	16.00	16
4267	16.00	16
4269	16.00	16
4271	16.00	16
4273	16.00	16
4275	16.00	16
4277	16.00	16
4279	16.00	16
4281	16.00	16
4283	16.00	16
4285	16.00	16
4287	16.00	16
4289	16.00	16
4291	16.00	16
4293	16.00	16
4295	16.00	16
4297	16.00	16
4299	16.00	16
4301	16.00	16
4303	16.00	16
4305	16.00	16
4307	16.00	16
4309	16.00	16
4311	16.00	16
4313	16.00	16
4315	16.00	16
4317	16.00	16
4319	16.00	16
4321	16.00	16
4323	16.00	16
4325	16.00	16
4327	16.00	16
4329	16.00	16
4331	16.00	16
4333	16.00	16
4335	16.00	16
4337	16.00	16
4339	16.00	16
4341	16.00	16
4343	16.00	16
4345	16.00	16
4347	16.00	16
4349	16.00	16
4351	16.00	16
4353	16.00	16
4355	16.00	16
4357	16.00	16
4359	16.00	16
4361	16.00	16
4363	16.00	16
4365	16.00	16
4367	16.00	16
4369	16.00	16
4371	16.00	16
4373	16.00	16
4375	16.00	16
4377	16.00	16
4379	16.00	16
4381	16.00	16
4383	16.00	16
4385	16.00	16
4387	16.00	16
4389	16.00	16
4391	16.00	16
4393	16.00	16
4395	16.00	16
4397	16.00	16
4399	16.00	16
4401	16.00	16
4403	16.00	16
4405	16.00	16
4407	16.00	16
4409	16.00	16
4411	16.00	16
4413	16.00	16
4415	16.00	16
4417	16.00	16
4419	16.00	16
4421	16.00	16
4423	16.00	16
4425	16.00	16
4427	16.00	16
4429	16.00	16
4431	16.00	16
4433	16.00	16
4435	16.00	16
4437	16.00	16
4439	16.00	16
4441	16.00	16
4443	16.00	16
4445	16.00	16
4447	16.00	16
4449	16.00	16
4451	16.00	16
4453	16.00	16
4455	16.00	16
4457	16.00	16
4459	16.00	16
4461	16.00	16
4463	16.00	16
4465	16.00	16
4467	16.00	16
4469	16.00	16
4471	16.00	16
4473	16.00	16
4475	16.00	16
4477	16.00	16
4479	16.00	16
4481	16.00	16
4483	16.00	16
4485	16.00	16
4487	16.00	16
4489	16.00	16
4491	16.00	16
4493	16.00	16
4495	16.00	16
4497	16.00	16
4499	16.00	16
4501	16.00	16
4503	16.00	16
4505	16.00	16
4507	16.00	16
4509	16.00	16
4511	16.00	16
4513	16.00	16
4515	16.00	16
4517	16.00	16
4519	16.00	16
4521	16.00	16
4523	16.00	16
4525	16.00	16
4527	16.00	16
4529	16.00	16
4531	16.00	16
4533	16.00	16
4535	16.00	16
4537	16.00	16
4539	16.00	16
4541	16.00	16
4543	16.00	16
4545	16.00	16
4547	16.00	16
4549	16.00	16
4551	16.00	16
4553	16.00	16
4555	16.00	16
4557	16.00	16
4559	16.00	16
4561	16.00	16
4563	16.00	16
4565	16.00	16
4567	16.00	16
4569	16.00	16
4571	16.00	16
4573	16.00	16
4575	16.00	16
4577	16.00	16
4579	16.00	16
4581	16.00	16
4583	16.00	16
4585	16.00	16
4587	16.00	16
4589	16.00	16
4591	16.00	16
4593	16.00	16
4595	16.00	16
4597	16.00	16
4599	16.00	16
4601	16.00	16
4603	16.00	16
4605	16.00	16
4607	16.00	16
4609	16.00	16
4611	16.00	16
4613	16.00	16
4615	16.00	16
4617	16.00	16
4619	16.00	16
4621	16.00	16
4623	16.00	16
4625	16.00	16
4627	16.00	16
4629	16.00	16
4631	16.00	16
4633	16.00	16
4635	16.00	16
4637	16.00	16
4639	16.00	16
4641	16.00	16
4643	16.00	16
4645	16.00	16
4647	16.00	16
4649	16.00	16
4651	16.00	16
4653	16.00	16
4655	16.00	16
4657	16.00	16
4659	16.00	16
4661	16.00	16
4663	16.00	16
4665	16.00	16
4667	16.00	16
4669	16.00	16
4671	16.00	16
4673	16.00	16
4675	16.00	16
4677	16.00	16
4679	16.00	16
4681	16.00	16
4683	16.00	16
4685	16.00	16
4687	16.00	16
4689	16.00	16
4691	16.00	16
4693	16.00	16
4695	16.00	16
4697	16.00	16
4699	16.00	16
4701	16.00	16
4703	16.00	16
4705	16.00	16
4707	16.00	16
4709	16.00	16
4711	16.00	16
4713	16.00	16
4715	16.00	16
4717	16.00	16
4719	16.00	16
4721	16.00	16
4723	16.00	16
4725	16.00	16
4727	16.00	16
4729	16.00	16
4731	16.00	16
4733	16.00	16
4735	16.00	16
4737	16.00	16
4739	16.00	16
4741	16.00	16
4743	16.00	16
4745	16.00	16
4747	16.00	16
4749	16.00	16
4751	16.00	16
4753	16.00	16
4755	16.00	16
4757	16.00	16
4759	16.00	16
4761	16.00	16
4763	16.00	16
4765	16.00	16
4767	16.00	16
4769	16.00	16
4771	16.00	16
4773	16.00	16
4775	16.00	16
4777	16.00	16
4779	16.00	16
4781	16.00	16
4783	16.00	16
4785	16.00	16
4787	16.00	16
4789	16.00	16
4791	16.00	16
4793	16.00	16
4795	16.00	16
4797	16.00	16
4799	16.00	16
4801	16.00	16
4803	16.00	16
4805	16.00	16
4807	16.00	16
4809	16.00	16
4811	16.00	16
4813	16.00	16
4815	16.00	16
4817	16.00	16
4819	16.00	16
4821	16.00	16
4823	16.00	16
4825	16.00	16
4827	16.00	16
4829	16.00	16
4831	16.00	16
4833	16.00	16
4835	16.00	16
4837	16.00	16
4839	16.00	16
4841	16.00	16
4843	16.00	16
4845	16.00	16
4847	16.00	16
4849	16.00	16
4851	16.00	16
4853	16.00	16
4855	16.00	16
4857	16.00	16
4859	16.00	16
4861	16.00	16
4863	16.00	16
4865	16.00	16
4867	16.00	16
4869	16.00	16
4871	16.00	16
4873	16.00	16
4875	16.00	16
4877	16.00	16
4879	16.00	16
4881	16.00	16
4883	16.00	16
4885	16.00	16
4887	16.00	16
4889	16.00	16
4891	16.00	16
4893	16.00	16
4895	16.00	16
4897	16.00	16
4899	16.00	16
4901	16.00	16
4903	16.00	16
4905	16.00	16
4907	16.00	16
4909	16.00	16
4911	16.00	16
4913	16.00	16
4915	16.00	16
4917	16.00	16
4919	16.00	16
4921	16.00	16
4923	16.00	16
4925	16.00	16
4927	16.00	16
4929	16.00	16
4931	16.00	16
4933	16.00	16
4935	16.00	16
4937	16.00	16
4939	16.00	16
4941	16.00	16
4943	16.00	16
4945	16.00	16
4947	16.00	16
4949	16.00	16
4951	16.00	16
4953	16.00	16
4955	16.00	16
4957	16.00	16
4959	16.00	16
4961	16.00	16
4963	16.00	16
4965	16.00	16
4967	16.00	16
4969	16.00	16
4971	16.00	16
4973	16.00	16
4975	16.00	16
4977	16.00	16
4979	16.00	16
4981	16.00	16
4983	16.00	16
4985	16.00	16
4987	16.00	16
4989	16.00	16
4991	16.00	16
4993	16.00	16
4995	16.00	16
4997	16.00	16
4999	16.00	16
5001	16.00	16
5003	16.00	16
5005	16.00	16
5007	16.00	16
5009	16.00	16
5011	16.00	16
5013	16.00	16
5015	16.00	16
5017	16.00	16
5019	16.00	16
5021	16.00	16
5023	16.00	16
5025	16.00	16
5027	16.00	16
5029	16.00	16
5031	16.00	16
5033	16.00	16
5035	16.00	16
5037	16.00	16
5039	16.00	16
5041	16.00	16
5043	16.00	16
5045	16.00	16
5047	16.00	16
5049	16.00	16
5051	16.00	16
5053	16.00	16
5055	16.00	16
5057	16.00	16
5059	16.00	16
5061	16.00	16
5063	16.00	16
5065	16.00	16
5067	16.00	16
5069	16.00	16
5071	16.00	16
5073	16.00	16
5075	16.00	16
5077	16.00	16
5079	16.00	16
5081	16.00	16
5083	16.00	16
5085	16.00	16
5087	16.00	16
5089	16.00	16
5091	16.00	16
5093	16.00	16
5095	16.00	16
5097	16.00	16
5099	16.00	16
5101	16.00	16
5103	16.00	16
5105	16.00	16
5107	16.00	16
5109	16.00	16
5111	16.00	16
5113	16.00	16
5115	16.00	16
5117	16.00	16
5119	16.00	16
5121	16.00	16
5123	16.00	16
5125	16.00	16
5127	16.00	16
5129	16.00	16
5131	16.00	16
5133	16.00	16
5135	16.00	16
5137	16.00	16
5139	16.00	16
5141	16.00	16
5143	16.00	16
5145	16.00	16
5147	16.00	16
5149	16.00	16
5151	16.00	16
5153	16.00	16
5155	16.00	16
5157	16.00	16
5159	16.00	16
5161	16.00	16
5163	16.00	16
5165	16.00	16
5167	16.00	16
5169	16.00	16
5171	16.00	16
5173	16.00	16
5175	16.00	16
5177	16.00	16
5179	16.00	16
5181	16.00	16
5183	16.00	16
5185	16.00	16
5187	16.00	16
5189	16.00	16
5191	16.00	16
5193	16.00	16
5195	16.00	16
5197	16.00	16
5199	16.00	16
5201	16.00	16
5203	16.00	16
5205	16.00	16
5207	16.00	16
5209	16.00	16
5211	16.00	16
5213	16.00	16
5215	16.00	16
5217	16.00	16
5219	16.00	16
5221	16.00	16
5223	16.00	16
5225	16.00	16
5227	16.00	16
5229	16.00	16
5231	16.00	16
5233	16.00	16
5235	16.00	16
5237	16.00	16
5239	16.00	16
5241	16.00	16
5243	16.00	16
5245	16.00	16
5247	16.00	16
5249	16.00	16
5251	16.00	16
5253	16.00	16
5255	16.00	16
5257	16.00	16
5259	16.00	16
5261	16.00	16
5263	16.00	16
5265	16.00	16
5267	16.00	16
5269	16.00	16
5271	16.00	16
5273	16.00	16
5275	16.00	16
5277	16.00	16
5279	16.00	16
5281	16.00	16
5283	16.00	16
5285	16.00	16
5287	16.00	16
5289	16.00	16
5291	16.00	16
5293	16.00	16
5295	16.00	16
5297	16.00	16
5299	16.00	16
5301	16.00	16
5303	16.00	16
5305	16.00	16
5307	16.00	16
5309	16.00	16
5311	16.00	16
5313	16.00	16
5315	16.00	16
5317	16.00	16
5319	16.00	16
5321	16.00	16
5323	16.00	16
5325	16.00	16
5327	16.00	16
5329	16.00	16
5331	16.00	16
5333	16.00	16
5335	16.00	16
5337	16.00	16
5339	16.00	16
5341	16.00	16
5343	16.00	16
5345	16.00	16
5347	16.00	16
5349	16.00	16
5351	16.00	16
5353	16.00	16
5355	16.00	16
5357	16.00	16
5359	16.00	16
5361	16.00	16
5363	16.00	16
5365	16.00	16
5367	16.00	16
5369	16.00	16
5371	16.00	16
5373	16.00	16
5375	16.00	16
5377	16.00	16
5379	16.00	16
5381	16.00	16
5383	16.00	16
5385	16.00	16
5387	16.00	16
5389	16.00	16
5391	16.00	16
5393	16.00	16
5395	16.00	16
5397	16.00	16
5399	16.00	16
5401	16.00	16
5403	16.00	16
5405	16.00	16
5407	16.00	16
5409	16.00	16
5411	16.00	16
5413	16.00	16
5415	16.00	16
5417	16.00	16
5419	16.00	16
5421	16.00	16
5423	16.00	16
5425	16.00	16
5427	16.00	16
5429	16.00	16
5431	16.00	16
5433	16.00	16
5435	16.00	16
5437	16.00	16
5439	16.00	16
5441	16.00	16
5443	16.00	16
5445	16.00	16
5447	16.00	16
5449	16.00	16
5451	16.00	16
5453	16.00	16
5455	16.00	16
5457	16.00	16
5459	16.00	16
5461	16.00	16
5463	16.00	16
5465	16.00	16
5467	16.00	16
5469	16.00	16
5471	16.00	16
5473	16.00	16
5475	16.00	16
5477	16.00	16
5479	16.00	16
5481	16.00	16
5483	16.00	16
5485	16.00	16
5487	16.00	16
5489	16.00	16
5491	16.00	16
5493	16.00	16
5495	16.00	16
5497	16.00	16
5499	16.00	16
5501	16.00	16
5503	16.00	16
5505	16.00	16
5507	16.00	16
5509	16.00	16
5511	16.00	16
5513	16.00	16
5515	16.00	16
5517	16.00	16
5519	16.00	16
5521	16.00	16
5523	16.00	16
5525	16.00	16
5527	16.00	16
5529	16.00	16
5531	16.00	16
5533	16.00	16
5535	16.00	16
5537	16.00	16
5539	16.00	16
5541	16.00	16
5543	16.00	16
5545	16.00	16
5547	16.00	16
5549	16.00	16
5551	16.00	16
5553	16.00	16
5555	16.00	16
5557	16.00	16
5559	16.00	16
5561	16.00	16
5563	16.00	16
5565	16.00	16
5567	16.00	16
5569	16.00	16
5571	16.00	16
5573	16.00	16
5575	16.00	16
5577	16.00	16
5579	16.00	16
5581	16.00	16
5583	16.00	16
5585	16.00	16
5587	16.00	16
5589	16.00	16
5591	16.00	16
5593	16.00	16
5595	16.00	16
5597	16.00	16
5599	16.00	16
5601	16.00	16
5603	16.00	16
5605	16.00	16
5607	16.00	16
5609	16.00	16
5611	16.00	16
5613	16.00	16
5615	16.00	16
5617	16.00	16
5619	16.00	16
5621	16.00	16
5623	16.00	16
5625	16.00	16
5627	16.00	16
5629	16.00	16
5631	16.00	16
5633	16.00	16
5635	16.00	16
5637	16.00	16
5639	16.00	16
5641	16.00	16
5643	16.00	16
5645	16.00	16
5647	16.00	16
5649	16.00	16
5651	16.00	16
5653	16.00	16
5655	16.00	16
5657	16.00	16
5659	16.00	16
5661	16.00	16
5663	16.00	16
5665	16.00	16
5667	16.00	16
5669	16.00	16
5671	16.00	16
5673	16.00	16
5675	16.00	16
5677	16.00	16
5679	16.00	16
5681	16.00	16
5683	16.00	16
5685	16.00	16
5687	16.00	16
5689	16.00	16
5691	16.00	16
5693	16.00	16
5695	16.00	16
5697	16.00	16
5699	16.00	16
5701	16.00	16
5703	16.00	16
5705	16.00	16
5707	16.00	16
5709	16.00	16
5711	16.00	16
5713	16.00	16
5715	16.00	16
5717	16.00	16
5719	16.00	16
5721	16.00	16
5723	16.00	16
5725	16.00	16
5727	16.00	16
5729	16.00	16
5731	16.00	16
5733	16.00	16
5735	16.00	16
5737	16.00	16
5739	16.00	16
5741	16.00	16
5743	16.00	16
5745	16.00	16
5747	16.00	16
5749	16.00	16
5751	16.00	16
5753	16.00	16
5755	16.00	16
5757	16.00	16
5759	16.00	16
5761	16.00	16
5763	16.00	16
5765	16.00	16
5767	16.00	16
5769	16.00	16
5771	16.00	16
5773	16.00	16
5775	16.00	16
5777	16.00	16
5779	16.00	16
5781	16.00	16
5783	16.00	16
5785	16.00	16
5787	16.00	16
5789	16.00	16
5791	16.00	16
5793	16.00	16
5795	16.00	16
5797	16.00	16
5799	16.00	16
5801	16.00	16
5803	16.00	16
5805	16.00	16
5807	16.00	16
5809	16.00	16
5811	16.00	16
5813	16.00	16
5815	16.00	16
5817	16.00	16
5819	16.00	16
5821	16.00	16
5823	16.00	16
5825	16.00	16
5827	16.00	16
5829	16.00	16
5831	16.00	16
5833	16.00	16
5835	16.00	16
5837	16.00	16
5839	16.00	16
5841	16.00	16
5843	16.00	16
5845	16.00	16
5847	16.00	16
5849	16.00	16
5851	16.00	16
5853	16.00	16
5855	16.00	16
5857	16.00	16
5859	16.00	16
5861	16.00	16
5863	16.00	16
5865	16.00	16
5867	16.00	16
5869	16.00	16
5871	16.00	16
5873	16.00	16
5875	16.00	16
5877	16.00	16
5879	16.00	16
5881	16.00	16
5883	16.00	16
5885	16.00	16
5887	16.00	16
5889	16.00	16
5891	16.00	16
5893	16.00	16
5895	16.00	16
5897	16.00	16
5899	16.00	16
5901	16.00	16
5903	16.00	16
5905	16.00	16
5907	16.00	16
5909	16.00	16
5911	16.00	16
5913	16.00	16
5915	16.00	16
5917	16.00	16
5919	16.00	16
5921	16.00	16
5923	16.00	16
5925	16.00	16
5927	16.00	16
5929	16.00	16
5931	16.00	16
5933	16.00	16
5935	16.00	16
5937	16.00	16
5939	16.00	16
5941	16.00	16
5943	16.00	16
5945	16.00	16
5947	16.00	16
5949	16.00	16
5951	16.00	16
5953	16.00	16
5955	16.00	16
5957	16.00	16
5959	16.00	16
5961	16.00	16
5963	16.00	16
5965	16.00	16
5967	16.00	16
5969	16.00	16
5971	16.00	16
5973	16.00	16
5975	16.00	16
5977	16.00	16
5979	16.00	16
5981	16.00	16
5983	16.00	16
5985	16.00	16
5987	16.00	16
5989	16.00	16
5991	16.00	16
5993	16.00	16
5995	16.00	16
5997	16.00	16
5999	16.00	16
6001	16.00	16
6003	16.00	16
6005	16.00	16
6007	16.00	16
6009	16.00	16
6011	16.00	16
6013	16.00	16
6015	16.00	16
6017	16.00	16
6019	16.00	16
6021	16.00	16
6023	16.00	16
6025	16.00	16
6027	16.00	16
6029	16.00	16
6031	16.00	16
6033	16.00	16
6035	16.00	16
6037	16.00	16
6039	16.00	16
6041	16.00	16
6043	16.00	16
6045	16.00	16
6047	16.00	16
6049	16.00	16
6051	16.00	16
6053	16.00	16
6055	16.00	16
6057	16.00	16
6059	16.00	16
6061	16.00	16
6063	16.00	16
6065	16.00	16
6067	16.00	16
6069	16.00	16
6071	16.00	16
6073	16.00	16
6075	16.00	16
6077	16.00	16
6079	16.00	16
6081	16.00	16
6083	16.00	16
6085	16.00	16
6087	16.00	16
6089	16.00	16
6091	16.00	16
6093	16.00	16
6095	16.00	16
6097	16.00	16
6099	16.00	16
6101	16.00	16
6103	16.00	16
6105	16.00	16
6107	16.00	16
6109	16.00	16
6111	16.00	16
6113	16.00	16
6115	16.00	16
6117	16.00	16
6119	16.00	16
6121	16.00	16
6123	16.00	16
6125	16.00	16
6127	16.00	16
6129	16.00	16
6131	16.00	16
6133	16.00	16
6135	16.00	16
6137	16.00	16
6139	16.00	16
6141	16.00	16
6143	16.00	16
6145	16.00	16
6147	16.00	16
6149	16.00	16
6151	16.00	16
6153	16.00	16
6155	16.00	16
6157	16.00	16
6159	16.00	16
6161	16.00	16
6163	16.00	16
6165	16.00	16
6167	16.00	16
6169	16.00	16
6171	16.00	16
6173	16.00	16
6175	16.00	16
6177	16.00	16
6179	16.00	16
6181	16.00	16
6183	16.00	16
6185	16.00	16
6187	16.00	16
6189	16.00	16
6191	16.00	16
6193	16.00	16
6195	16.00	16
6197	16.00	16
6199	16.00	16
6201	16.00	16
6203	16.00	16
6205	16.00	16
6207	16.00	16
6209	16.00	16
6211	16.00	16
6213	16.00	16
6215	16.00	16
6217	16.00	16
6219	16.00	16
6221	16.00	16
6223	16.00	16
6225	16.00	16
6227	16.00	16
6229	16.00	16
6231	16.00	16
6233	16.00	16
6235	16.00	16
6237	16.00	16
6239	16.00	16
6241	16.00	16
6243	16.00	16
6245	16.00	16
6247	16.00	16
6249	16.00	16
6251	16.00	16
6253	16.00	16
6255	16.00	16
6257	16.00	16
6259	16.00	16
6261	16.00	16
6263	16.00	16
6265	16.00	16
6267	16.00	16
6269	16.00	16
6271	16.00	16
6273	16.00	16
6275	16.00	16
6277	16.00	16
6279	16.00	16
6281	16.00	16
6283	16.00	16
6285	16.00	16
6287	16.00	16
6289	16.00	16
6291	16.00	16
6293	16.00	16
6295	16.00	16
6297	16.00	16
6299	16.00	16
6301	16.00	16
6303	16.00	16
6305	16.00	16
6307	16.00	16
6309	16.00	16
6311	16.00	16
6313	16.00	16
6315	16.00	16
6317	16.00	16
6319	16.00	16
6321	16.00	16
6323	16.00	16
6325	16.00	16
6327	16.00	16
6329	16.00	16
6331	16.00	16
6333	16.00	16
6335	16.00	16
6337	16.00	16
6339	16.00	16
6341	16.00	16
6343	16.00	16
6345	16.00	16
6347	16.00	16
6349	16.00	16
6351	16.00	16
6353	16.00	16
6355	16.00	16
6357	16.00	16
6359	16.00	16
6361	16.00	16
6363	16.00	16
6365	16.00	16
6367	16.00	16
6369	16.00	16
6371	16.00	16
6373	16.00	16
6375	16.00	16
6377	16.00	16
6379	16.00	16
6381	16.00	16
6383	16.00	16
6385	16.00	16
6387	16.00	16
6389	16.00	16
6391	16.00	16
6393	16.00	16
6395	16.00	16
6397	16.00	16
6399	16.00	16
6401	16.00	16
6403	16.00	16
6405	16.00	16
6407	16.00	16
6409	16.00	16
6411	16.00	16
6413	16.00	16
6415	16.00	16
6417	16.00	16
6419	16.00	16
6421	16.00	16
6423	16.00	16
6425	16.00	16
6427	16.00	16
6429	16.00	16
6431	16.00	16
6433	16.00	16
6435	16.00	16
6437	16.00	16
6439	16.00	16
6441	16.00	16
6443	16.00	16
6445	16.00	16
6447	16.00	16
6449	16.00	16
6451	16.00	16
6453	16.00	16
6455	16.00	16
6457	16.00	16
6459	16.00	16
6461	16.00	16
6463	16.00	16
6465	16.00	16
6467	16.00	16
6469	16.00	16
6471	16.00	16
6473	16.00	16
6475	16.00	16
6477	16.00	16
6479	16.00	16
6481	16.00	16
6483	16.00	16
6485	16.00	16
6487	16.00	16
6489	16.00	16
6491	16.00	16
6493	16.00	16
6495	16.00	16
6497	16.00	16
6499	16.00	16
6501	16.00	16
6503	16.00	16
6505	16.00	16
6507	16.00	16
6509	16.00	16
6511	16.00	16
6513	16.00	16
6515	16.00	16
6517	16.00	16
6519	16.00	16
6521	16.00	16
6523	16.00	16
6525	16.00	16
6527	16.00	16
6529	16.00	16
6531	16.00	16
6533	16.00	16
6535	16.00	16
6537	16.00	16
6539	16.00	16
6541	16.00	16
6543	16.00	16
6545	16.00	16
6547	16.00	16
6549	16.00	16
6551	16.00	16
6553	16.00	16
6555	16.00	16
6557	16.00	16
6559	16.00	16
6561	16.00	16
6563	16.00	16
6565	16.00	16
6567	16.00	16
6569	16.00	16
6571	16.00	16
6573	16.00	16
6575	16.00	16
6577	16.00	16
6579	16.00	16
6581	16.00	16
6583	16.00	16
6585	16.00	16
6587	16.00	16
6589	16.00	16
6591	16.00	16
6593	16.00	16
6595	16.00	16
6597	16.00	16
6599	16.00	16
6601	16.00	16
6603	16.00	16
6605	16.00	16
6607	16.00	16
6609	16.00	16
6611	16.00	16
6613	16.00	16
6615	16.00	16
6617	16.00	16
6619	16.00	16
6621	16.00	16
6623	16.00	16
6625	16.00	16
6627	16.00	16
6629	16.00	16
6631	16.00	16
6633	16.00	16
6635	16.00	16
6637	16.00	16
6639	16.00	16
6641	16.00	16
6643	16.00	16
6645	16.00	16
6647	16.00	16
6649	16.00	16
6651	16.00	16
6653	16.00	16
6655	16.00	16
6657	16.00	16
6659	16.00	16
6661	16.00	16
6663	16.00	16
6665	16.00	16
6667	16.00	16
6669	16.00	16
6671	16.00	16
6673	16.00	16
6675	16.00	16
6677	16.00	16
6679	16.00	16
6681	16.00	16
6683	16.00	16
6685	16.00	16
6687	16.00	16
6689	16.00	16
6691	16.00	16
6693	16.00	16
6695	16.00	16
6697	16.00	16
6699	16.00	16
6701	16.00	16
6703	16.00	16
6705	16.00	16
6707	16.00	16
6709	16.00	16
6711	16.00	16
6713	16.00	16
6715	16.00	16
6717	16.00	16
6719	16.00	16
6721	16.00	16
6723	16.00	16
6725	16.00	16
6727	16.00	16
6729	16.00	16
6731	16.00	16
6733	16.00	16
6735	16.00	16
6737	16.00	16
6739	16.00	16
6741	16.00	16
6743	16.00	16
6745	16.00	16
6747	16.00	16
6749	16.00	16
6751	16.00	16
6753	16.00	16
6755	16.00	16
6757	16.00	16
6759	16.00	16
6761	16.00	16
6763	16.00	16
6765	16.00	16
6767	16.00	16
6769	16.00	16
6771	16.00	16
6773	16.00	16
6775	16.00	16
6777	16.00	16
6779	16.00	16
6781	16.00	16
6783	16.00	16
6785	16.00	16
6787	16.00	16
6789	16.00	16
6791	16.00	16
6793	16.00	16
6795	16.00	16
6797	16.00	16
6799	16.00	16
6801	16.00	16
6803	16.00	16
6805	16.00	16
6807	16.00	16
6809	16.00	16
6811	16.00	16
6813	16.00	16
6815	16.00	16
6817	16.00	16
6819	16.00	16
6821	16.00	16
6823	16.00	16
6825	16.00	16
6827	16.00	16
6829	16.00	16
6831	16.00	16
6833	16.00	16
6835	16.00	16
6837	16.00	16
6839	16.00	16
6841	16.00	16
6843	16.00	16
6845	16.00	16
6847	16.00	16
6849	16.00	16
6851	16.00	16
6853	16.00	16
6855	16.00	16
6857	16.00	16
6859	16.00	16
6861	16.00	16
6863	16.00	16
6865	16.00	16
6867	16.00	16
6869	16.00	16
6871	16.00	16
6873	16.00	16
6875	16.00	16
6877	16.00	16
6879	16.00	16
6881	16.00	16
6883	16.00	16
6885	16.00	16
6887	16.00	16
6889	16.00	16
6891	16.00	16
6893	16.00	16
6895	16.00	16
6897	16.00	16
6899	16.00	16
6901	16.00	16
6903	16.00	16
6905	16.00	16
6907	16.00	16
6909	16.00	16
6911	16.00	16
6913	16.00	16
6915	16.00	16
6917	16.00	16
6919	16.00	16
6921	16.00	16
6923	16.00	16
6925	16.00	16
6927	16.00	16
6929	16.00	16
6931	16.00	16
6933	16.00	16
6935	16.00	16
6937	16.00	16
6939	16.00	16
6941	16.00	16
6943	16.00	16
6945	16.00	16
6947	16.00	16
6949	16.00	16
6951	16.00	16
6953	16.00	16
6955	16.00	16
6957	16.00	16
6959	16.00	16
6961	16.00	16
6963	16.00	16
6965	16.00	16
6967	16.00	16
6969	16.00	16
6971	16.00	16
6973	16.00	16
6975	16.00	16
6977	16.00	16
6979	16.00	16
6981	16.00	16
6983	16.00	16
6985	16.00	16
6987	16.00	16
6989	16.00	16
6991	16.00	16
6993	16.00	16
6995	16.00	16
6997	16.00	16
6999	16.00	16
7001	16.00	16
7003	16.00	16
7005	16.00	16
7007	16.00	16
7009	16.00	16
7011	16.00	16
7013	16.00	16
7015	16.00	16
7017	16.00	16
7019	16.00	16
7021	16.00	16
7023	16.00	16
7025	16.00	16
7027	16.00	16
7029	16.00	16
7031	16.00	16
7033	16.00	16
7035	16.00	16
7037	16.00	16
7039	16.00	16
7041	16.00	16
7043	16.00	16
7045	16.00	16
7047	16.00	16
7049	16.00	16
7051	16.00	16
7053	16.00	16
7055	16.00	16
7057	16.00	16
7059	16.00	16
7061	16.00	16
7063	16.00	16
7065	16.00	16
7067	16.00	16
7069	16.00	16
7071	16.00	16
7073	16.00	16
7075	16.00	16
7077	16.00	16
7079	16.00	16
7081	16.00	16
7083	16.00	16
7085	16.00	16
7087	16.00	16
7089	16.00	16
7091	16.00	16
7093	16.00	16
7095	16.00	16
7097	16.00	16
7099	16.00	16
7101	16.00	16
7103	16.00	16
7105	16.00	16
7107	16.00	16
7109	16.00	16
7111	16.00	16
7113	16.00	16
7115	16.00	16
7117	16.00	16
7119	16.00	16
7121	16.00	16
7123	16.00	16
7125	16.00	16
7127	16.00	16
7129	16.00	16
7131	16.00	16
7133	16.00	16
7135	16.00	16
7137	16.00	16
7139	16.00	16
7141	16.00	16
7143	16.00	16
7145	16.00	16
7147	16.00	16
7149	16.00	16
7151	16.00	16
7153	16.00	16
7155	16.00	16
7157	16.00	16
7159	16.00	16
7161	16.00	16
7163	16.00	16
7165	16.00	16
7167	16.00	16
7169	16.00	16
7171	16.00	16
7173	16.00	16
7175	16.00	16
7177	16.00	16
7179	16.00	16
7181	16.00	16
7183	16.00	16
7185	16.00	16
7187	16.00	16
7189	16.00	16
7191	16.00	16
7193	16.00	16
7195	16.00	16
7197	16.00	16
7199	16.00	16
7201	16.00	16
7203	16.00	16
7205	16.00	16
7207	16.00	16
7209	16.00	16
7211	16.00	16
7213	16.00	16
7215	16.00	16
7217	16.00	16
7219	16.00	16
7221	16.00	16
7223	16.00	16
7225	16.00	16
7227	16.00	16
7229	16.00	16
7231	16.00	16
7233	16.00	16
7235	16.00	16
7237	16.00	16
7239	16.00	16
7241	16.00	16
7243	16.00	16
7245	16.00	16
7247	16.00	16
7249	16.00	16
7251	16.00	16
7253	16.00	16
7255	16.00	16
7257	16.00	16
7259	16.00	16
7261	16.00	16
7263	16.00	16
7265	16.00	16
7267	16.00	16
7269	16.00	16
7271	16.00	16
7273	16.00	16
7275	16.00	16
7277	16.00	16
7279	16.00	16
7281	16.00	16
7283	16.00	16
7285	16.00	16
7287	16.00	16
7289	16.00	16
7291	16.00	16
7293	16.00	16
7295	16.00	16
7297	16.00	16
7299	16.00	16
7301	16.00	16
7303	16.00	16
7305	16.00	16
7307	16.00	16
7309	16.00	16
7311	16.00	16
7313	16.00	16
7315	16.00	16
7317	16.00	16
7319	16.00	16
7321	16.00	16
7323	16.00	16
7325	16.00	16
7327	16.00	16
7329	16.00	16
7331	16.00	16
7333	16.00	16
7335	16.00	16
7337	16.00	16
7339	16.00	16
7341	16.00	16
7343	16.00	16
7345	16.00	16
7347	16.00	16
7349	16.00	16
7351	16.00	16
7353	16.00	16
7355	16.00	16
7357	16.00	16
7359	16.00	16
7361	16.00	16
7363	16.00	16
7365	16.00	16
7367	16.00	16
7369	16.00	16
7371	16.00	16
7373	16.00	16
7375	16.00	16
7377	16.00	16
7379	16.00	16
7381	16.00	16
7383	16.00	16
7385	16.00	16
7387	16.00	16
7389	16.00	16
7391	16.00	16
7393	16.00	16
7395	16.00	16
7397	16.00	16
7399	16.00	16
7401	16.00	16
7403	16.00	16
7405	16.00	16
7407	16.00	16
7409	16.00	16
7411	16.00	16
7413	16.00	16
7415	16.00	16
7417	16.00	16
7419	16.00	16
7421	16.00	16
7423	16.00	16
7425	16.00	16
7427	16.00	16
7429	16.00	16
7431	16.00	16
7433	16.00	16
7435	16.00	16
7437	16.00	16
7439	16.00	16
7441	16.00	16
7443	16.00	16
7445	16.00	16
7447	16.00	16
7449	16.00	16
7451	16.00	16
7453	16.00	16
7455	16.00	16
7457	16.00	16
7459	16.00	16
7461	16.00	16
7463	16.00	16
7465	16.00	16
7467	16.00	16
7469	16.00	16
7471	16.00	16
7473	16.00	16
7475	16.00	16
7477	16.00	16
7479	16.00	16
7481	16.00	16
7483	16.00	16
7485	16.00	16
7487	16.00	16
7489	16.00	16
7491	16.00	16
7493	16.00	16
7495	16.00	16
7497	16.00	16
7499	16.00	16
7501	16.00	16
7503	16.00	16
7505	16.00	16
7507	16.00	16
7509	16.00	16
7511	16.00	16
7513	16.00	16
7515	16.00	16
7517	16.00	16
7519	16.00	16
7521	16.00	16
7523	16.00	16
7525	16.00	16
7527	16.00	16
7529	16.00	16
7531	16.00	16
7533	16.00	16
7535	16.00	16
7537	16.00	16
7539	16.00	16
7541	16.00	16
7543	16.00	16
7545	16.00	16
7547	16.00	16
7549	16.00	16
7551	16.00	16
7553	16.00	16
7555	16.00	16
7557	16.00	16
7559	16.00	16
7561	16.00	16
7563	16.00	16
7565	16.00	16
7567	16.00	16
7569	16.00	16
7571	16.00	16
7573	16.00	16
7575	16.00	16
7577	16.00	16
7579	16.00	16
7581	16.00	16
7583	16.00	16
7585	16.00	16
7587	16.00	16
7589	16.00	16
7591	16.00	16
7593	16.00	16
7595	16.00	16
7597	16.00	16
7599	16.00	16
7601	16.00	16
7603	16.00	16
7605	16.00	16
7607	16.00	16
7609	16.00	16
7611	16.00	16
7613	16.00	16
7615	16.00	16
7617	16.00	16
7619	16.00	16
7621	16.00	16
7623	16.00	16
7625	16.00	16
7627	16.00	16
7629	16.00	16
7631	16.00	16
7633	16.00	16
7635	16.00	16
7637	16.00	16
7639	16.00	16
7641	16.00	16
7643	16.00	16
7645	16.00	16
7647	16.00	16
7649	16.00	16
7651	16.00	16
7653	16.00	16
7655	16.00	16
7657	16.00	16
7659	16.00	16
7661	16.00	16
7663	16.00	16
7665	16.00	16
7667	16.00	16
7669	16.00	16
7671	16.00	16
7673	16.00	16
7675	16.00	16
7677	16.00	16
7679	16.00	16
7681	16.00	16
7683	16.00	16
7685	16.00	16
7687	16.00	16
7689	16.00	16
7691	16.00	16
7693	16.00	16
7695	16.00	16
7697	16.00	16
7699	16.00	16
7701	16.00	16
7703	16.00	16
7705	16.00	16
7707	16.00	16
7709	16.00	16
7711	16.00	16
7713	16.00	16
7715	16.00	16
7717	16.00	16
7719	16.00	16
7721	16.00	16
7723	16.00	16
7725	16.00	16
7727	16.00	16
7729	16.00	16
7731	16.00	16
7733	16.00	16
7735	16.00	16
7737	16.00	16
7739	16.00	16
7741	16.00	16
7743	16.00	16
7745	16.00	16
7747	16.00	16
7749	16.00	16
7751	16.00	16
7753	16.00	16
7755	16.00	16
7757	16.00	16
7759	16.00	16
7761	16.00	16
7763	16.00	16
7765	16.00	16
7767	16.00	16
7769	16.00	16
7771	16.00	16
7773	16.00	16
7775	16.00	16
7777	16.00	16
7779	16.00	16
7781	16.00	16
7783	16.00	16
7785	16.00	16
7787	16.00	16
7789	16.00	16
7791	16.00	16
7793	16.00	16
7795	16.00	16
7797	16.00	16
7799	16.00	16
7801	16.00	16
7803	16.00	16
7805	16.00	16
7807	16.00	16
7809	16.00	16
7811	16.00	16
7813	16.00	16
7815	16.00	16
7817	16.00	16
7819	16.00	16
7821	16.00	16
7823	16.00	16
7825	16.00	16
7827	16.00	16
7829	16.00	16
7831	16.00	16
7833	16.00	16
7835	16.00	16
7837	16.00	16
7839	16.00	16
7841	16.00	16
7843	16.00	16
7845	16.00	16
7847	16.00	16
7849	16.00	16
7851	16.00	16
7853	16.00	16
7855	16.00	16
7857	16.00	16
7859	16.00	16
7861	16.00	16
7863	16.00	16
7865	16.00	16
7867	16.00	16
7869	16.00	16
7871	16.00	16
7873	16.00	16
7875	16.00	16
7877	16.00	16
7879	16.00	16
7881	16.00	16
7883	16.00	16
7885	16.00	16
7887	16.00	16
7889	16.00	16
7891	16.00	16
7893	16.00	16
7895	16.00	16
7897	16.00	16
7899	16.00	16
7901	16.00	16
7903	16.00	16
7905	16.00	16
7907	16.00	16
7909	16.00	16
7911	16.00	16
7913	16.00	16
7915	16.00	16
7917	16.00	16
7919	16.00	16
7921	16.00	16
7923	16.00	16
7925	16.00	16
7927	16.00	16
7929	16.00	16
7931	16.00	16
7933	16.00	16
7935	16.00	16
7937	16.00	16
7939	16.00	16
7941	16.00	16
7943	16.00	16
7945	16.00	16
7947	16.00	16
7949	16.00	16
7951	16.00	16
7953	16.00	16
7955	16.00	16
7957	16.00	16
7959	16.00	16
7961	16.00	16
7963	16.00	16
7965	16.00	16
7967	16.00	16
7969	16.00	16
7971	16.00	16
7973	16.00	16
7975	16.00	16
7977	16.00	16
7979	16.00	16
7981	16.00	16
7983	16.00	16
7985	16.00	16
7987	16.00	16
7989	16.00	16
7991	16.00	16
7993	16.00	16
7995	16.00	16
7997	16.00	16
7999	16.00	16
8001	16.00	16
8003	16.00	16
8005	16.00	16
8007	16.00	16
8009	16.00	16
8011	16.00	16
8013	16.00	16
8015	16.00	16
8017	16.00	16
8019	16.00	16
8021	16.00	16
8023	16.00	16
8025	16.00	16
8027	16.00	16
8029	16.00	16
8031	16.00	16
8033	16.00	16
8035	16.00	16
8037	16.00	16
8039	16.00	16
8041	16.00	16
8043	16.00	16
8045	16.00	16
8047	16.00	16
8049	16.00	16
8051	16.00	16
8053	16.00	16
8055	16.00	16
8057	16.00	16
8059	16.00	16
8061	16.00	16
8063	16.00	16
8065	16.00	16
8067	16.00	16
8069	16.00	16
8071	16.00	16
8073	16.00	16
8075	16.00	16
8077	16.00	16
8079	16.00	16
8081	16.00	16
8083	16.00	16
8085	16.00	16
8087	16.00	16
8089	16.00	16
8091	16.00	16
8093	16.00	16
8095	16.00	16
8097	16.00	16
8099	16.00	16
8101	16.00	16
8103	16.00	16
8105	16.00	16
8107	16.00	16
8109	16.00	16
8111	16.00	16
8113	16.00	16
8115	16.00	16
8117	16.00	16
8119	16.00	16
8121	16.00	16
8123	16.00	16
8125	16.00	16
8127	16.00	16
8129	16.00	16
8131	16.00	16
8133	16.00	16
8135	16.00	16
8137	16.00	16
8139	16.00	16
8141	16.00	16
8143	16.00	16
8145	16.00	16
8147	16.00	16
8149	16.00	16
8151	16.00	16
8153	16.00	16
8155	16.00	16
8157	16.00	16
8159	16.00	16
8161	16.00	16
8163	16.00	16
8165	16.00	16
8167	16.00	16
8169	16.00	16
8171	16.00	16
8173	16.00	16
8175	16.00	16
8177	16.00	16
8179	16.00	16
8181	16.00	16
8183	16.00	16
8185	16.00	16
8187	16.00	16
8189	16.00	16
8191	16.00	16
8193	16.00	16
8195	16.00	16
8197	16.00	16
8199	16.00	16
8201	16.00	16
8203	16.00	16
8205	16.00	16
8207	16.00	16
8209	16.00	16
8211	16.00	16
8213	16.00	16
8215	16.00	16
8217	16.00	16
8219	16.00	16
8221	16.00	16
8223	16.00	16
8225	16.00	16
8227	16.00	16
8229	16.00	16
8231	16.00	16
8233	16.00	16
8235	16.00	16
8237	16.00	16
8239	16.00	16
8241	16.00	16
8243	16.00	16
8245	16.00	16
8247	16.00	16
8249	16.00	16
8251	16.00	16
8253	16.00	16
8255	16.00	16
8257	16.00	16
8259	16.00	16
8261	16.00	16
8263	16.00	16
8265	16.00	16
8267	16.00	16
8269	16.00	16
8271	16.00	16
8273	16.00	16
8275	16.00	16
8277	16.00	16
8279	16.00	16
8281	16.00	16
8283	16.00	16
8285	16.00	16
8287	16.00	16
8289	16.00	16
8291	16.00	16
8293	16.00	16
8295	16.00	16
8297	16.00	16
8299	16.00	16
8301	16.00	16
8303	16.00	16
8305	16.00	16
8307	16.00	16
8309	16.00	16
8311	16.00	16
8313	16.00	16
8315	16.00	16
8317	16.00	16
8319	16.00	16
8321	16.00	16
8323	16.00	16
8325	16.00	16
8327	16.00	16
8329	16.00	16
8331	16.00	16
8333	16.00	16
8335	16.00	16
8337	16.00	16
8339	16.00	16
8341	16.00	16
8343	16.00	16
8345	16.00	16
8347	16.00	16
8349	16.00	16
8351	16.00	16
8353	16.00	16
8355	16.00	16
8357	16.00	16
8359	16.00	16
8361	16.00	16
8363	16.00	16
8365	16.00	16
8367	16.00	16
8369	16.00	16
8371	16.00	16
8373	16.00	16
8375	16.00	16
8377	16.00	16
8379	16.00	16
8381	16.00	16
8383	16.00	16
8385	16.00	16
8387	16.00	16
8389	16.00	16
8391	16.00	16
8393	16.00	16
8395	16.00	16
8397	16.00	16
8399	16.00	16
8401	16.00	16
8403	16.00	16
8405	16.00	16
8407	16.00	16
8409	16.00	16
8411	16.00	16
8413	16.00	16
8415	16.00	16
8417	16.00	16
8419	16.00	16
8421	16.00	16
8423	16.00	16
8425	16.00	16
8427	16.00	16
8429	16.00	16
8431	16.00	16
8433	16.00	16
8435	16.00	16
8437	16.00	16
8439	16.00	16
8441	16.00	16
8443	16.00	16
8445	16.00	16
8447	16.00	16
8449	16.00	16
8451	16.00	16
8453	16.00	16
8455	16.00	16
8457	16.00	16
8459	16.00	16
8461	16.00	16
8463	16.00	16
8465	16.00	16
8467	16.00	16
8469	16.00	16
8471	16.00	16
8473	16.00	16
8475	16.00	16
8477	16.00	16
8479	16.00	16
8481	16.00	16
8483	16.00	16
8485	16.00	16
8487	16.00	16
8489	16.00	16
8491	16.00	16
8493	16.00	16
8495	16.00	16
8497	16.00	16
8499	16.00	16
8501	16.00	16
8503	16.00	16
8505	16.00	16
8507	16.00	16
8509	16.00	16
8511	16.00	16
8513	16.00	16
8515	16.00	16
8517	16.00	16
8519	16.00	16
8521	16.00	16
8523	16.00	16
8525	16.00	16
8527	16.00	16
8529	16.00	16
8531	16.00	16
8533	16.00	16
8535	16.00	16
8537	16.00	16
8539	16.00	16
8541	16.00	16
8543	16.00	16
8545	16.00	16
8547	16.00	16
8549	16.00	16
8551	16.00	16
8553	16.00	16
8555	16.00	16
8557	16.00	16
8559	16.00	16
8561	16.00	16
8563	16.00	16
8565	16.00	16
8567	16.00	16
8569	16.00	16
8571	16.00	16
8573	16.00	16
8575	16.00	16
8577	16.00	16
8579	16.00	16
8581	16.00	16
8583	16.00	16
8585	16.00	16
8587	16.00	16
8589	16.00	16
8591	16.00	16
8593	16.00	16
8595	16.00	16
8597	16.00	16
8599	16.00	16
8601	16.00	16
8603	16.00	16
8605	16.00	16
8607	16.00	16
8609	16.00	16
8611	16.00	16
8613	16.00	16
8615	16.00	16
8617	16.00	16
8619	16.00	16
8621	16.00	16
8623	16.00	16
8625	16.00	16
8627	16.00	16
8629	16.00	16
8631	16.00	16
8633	16.00	16
8635	16.00	16
8637	16.00	16
8639	16.00	16
8641	16.00	16
8643	16.00	16
8645	16.00	16
8647	16.00	16
8649	16.00	16
8651	16.00	16
8653	16.00	16
8655	16.00	16
8657	16.00	16
8659	16.00	16
8661	16.00	16
8663	16.00	16
8665	16.00	16
8667	16.00	16
8669	16.00	16
8671	16.00	16
8673	16.00	16
8675	16.00	16
8677	16.00	16
8679	16.00	16
8681	16.00	16
8683	16.00	16
8685	16.00	16
8687	16.00	16
8689	16.00	16
8691	16.00	16
8693	16.00	16
8695	16.00	16
8697	16.00	16
8699	16.00	16
8701	16.00	16
8703	16.00	16
8705	16.00	16
8707	16.00	16
8709	16.00	16
8711	16.00	16
8713	16.00	16
8715	16.00	16
8717	16.00	16
8719	16.00	16
8721	16.00	16
8723	16.00	16
8725	16.00	16
8727	16.00	16
8729	16.00	16
8731	16.00	16
8733	16.00	16
8735	16.00	16
8737	16.00	16
8739	16.00	16
8741	16.00	16
8743	16.00	16
8745	16.00	16
8747	16.00	16
8749	16.00	16
8751	16.00	16
8753	16.00	16
8755	16.00	16
8757	16.00	16
8759	16.00	16
8761	16.00	16
8763	16.00	16
8765	16.00	16
8767	16.00	16
8769	16.00	16
8771	16.00	16
8773	16.00	16
8775	16.00	16
8777	16.00	16
8779	16.00	16
8781	16.00	16
8783	16.00	16
8785	16.00	16
8787	16.00	16
8789	16.00	16
8791	16.00	16
8793	16.00	16
8795	16.00	16
8797	16.00	16
8799	16.00	16
8801	16.00	16
8803	16.00	16
8805	16.00	16
8807	16.00	16
8809	16.00	16
8811	16.00	16
8813	16.00	16
8815	16.00	16
8817	16.00	16
8819	16.00	16
8821	16.00	16
8823	16.00	16
8825	16.00	16
8827	16.00	16
8829	16.00	16
8831	16.00	16
8833	16.00	16
8835	16.00	16
8837	16.00	16
8839	16.00	16
8841	16.00	16
8843	16.00	16
8845	16.00	16
8847	16.00	16
8849	16.00	16
8851	16.00	16
8853	16.00	16
8855	16.00	16
8857	16.00	16
8859	16.00	16
8861	16.00	16
8863	16.00	16
8865	16.00	16
8867	16.00	16
8869	16.00	16
8871	16.00	16
8873	16.00	16
8875	16.00	16
8877	16.00	16
8879	16.00	16
8881	16.00	16
8883	16.00	16
8885	16.00	16
8887	16.00	16
8889	16.00	16
8891	16.00	16
8893	16.00	16
8895	16.00	16
8897	16.00	16
8899	16.00	16
8901	16.00	16
8903	16.00	16
8905	16.00	16
8907	16.00	16
8909	16.00	16
8911	16.00	16
8913	16.00	16
8915	16.00	16
8917	16.00	16
8919	16.00	16
8921	16.00	16
8923	16.00	16
8925	16.00	16
8927	16.00	16
8929	16.00	16
8931	16.00	16
8933	16.00	16
8935	16.00	16
8937	16.00	16
8939	16.00	16
8941	16.00	16
8943	16.00	16
8945	16.00	16
8947	16.00	16
8949	16.00	16
8951	16.00	16
8953	16.00	16
8955	16.00	16
8957	16.00	16
8959	16.00	16
8961	16.00	16
8963	16.00	16
8965	16.00	16
8967	16.00	16
8969	16.00	16
8971	16.00	16
8973	16.00	16
8975	16.00	16
8977	16.00	16
8979	16.00	16
8981	16.00	16
8983	16.00	16
8985	16.00	16
8987	16.00	16
8989	16.00	16
8991	16.00	16
8993	16.00	16
8995	16.00	16
8997	16.00	16
8999	16.00	16
9001	16.00	16
9003	16.00	16
9005	16.00	16
9007	16.00	16
9009	16.00	16
9011	16.00	16
9013	16.00	16
9015	16.00	16
9017	16.00	16
9019	16.00	16
9021	16.00	16
9023	16.00	16
9025	16.00	16
9027	16.00	16
9029	16.00	16
9031	16.00	16
9033	16.00	16
9035	16.00	16
9037	16.00	16
9039	16.00	16
9041	16.00	16
9043	16.00	16
9045	16.00	16
9047	16.00	16
9049	16.00	16
9051	16.00	16
9053	16.00	16
9055	16.00	16
9057	16.00	16
9059	16.00	16
9061	16.00	16
9063	16.00	16
9065	16.00	16
9067	16.00	16
9069	16.00	16
9071	16.00	16
9073	16.00	16
9075	16.00	16
9077	16.00	16
9079	16.00	16
9081	16.00	16
9083	16.00	16
9085	16.00	16
9087	16.00	16
9089	16.00	16
9091	16.00	16
9093	16.00	16
9095	16.00	16
9097	16.00	16
9099	16.00	16
9101	16.00	16
9103	16.00	16
9105	16.00	16
9107	16.00	16
9109	16.00	16
9111	16.00	16
9113	16.00	16
9115	16.00	16
9117	16.00	16
9119	16.00	16
9121	16.00	16
9123	16.00	16
9125	16.00	16
9127	16.00	16
9129	16.00	16
9131	16.00	16
9133	16.00	16
9135	16.00	16
9137	16.00	16
9139	16.00	16
9141	16.00	16
9143	16.00	16
9145	16.00	16
9147	16.00	16
9149	16.00	16
9151	16.00	16
9153	16.00	16
9155	16.00	16
9157	16.00	16
9159	16.00	16
9161	16.00	16
9163	16.00	16
9165	16.00	16
9167	16.00	16
9169	16.00	16
9171	16.00	16
9173	16.00	16
9175	16.00	16
9177	16.00	16
9179	16.00	16
9181	16.00	16
9183	16.00	16
9185	16.00	16
9187	16.00	16
9189	16.00	16
9191	16.00	16
9193	16.00	16
9195	16.00	16
9197	16.00	16
9199	16.00	16
9201	16.00	16
9203	16.00	16
9205	16.00	16
9207	16.00	16
9209	16.00	16
9211	16.00	16
9213	16.00	16
9215	16.00	16
9217	16.00	16
9219	16.00	16
9221	16.00	16
9223	16.00	16
9225	16.00	16
9227	16.00	16
9229	16.00	16
9231	16.00	16
9233	16.00	16
9235	16.00	16
9237	16.00	16
9239	16.00	16
9241	16.00	16
9243	16.00	16
9245	16.00	16
9247	16.00	16
9249	16.00	16
9251	16.00	16
9253	16.00	16
9255	16.00	16
9257	16.00	16
9259	16.00	16
9261	16.00	16
9263	16.00	16
9265	16.00	16
9267	16.00	16
9269	16.00	16
9271	16.00	16
9273	16.00	16
9275	16.00	16
9277	16.00	16
9279	16.00	16
9281	16.00	16
9283	16.00	16
9285	16.00	16
9287	16.00	16
9289	16.00	16
9291	16.00	16
9293	16.00	16
9295	16.00	16
9297	16.00	16
9299	16.00	16
9301	16.00	16
9303	16.00	16
9305	16.00	16
9307	16.00	16
9309	16.00	16
9311	16.00	16
9313	16.00	16
9315	16.00	16
9317	16.00	16
9319	16.00	16
9321	16.00	16
9323	16.00	16
9325	16.00	16
9327	16.00	16
9329	16.00	16
9331	16.00	16
9333	16.00	16
9335	16.00	16
9337	16.00	16
9339	16.00	16
9341	16.00	16
9343	16.00	16
9345	16.00	16
9347	16.00	16
9349	16.00	16
9351	16.00	16
9353	16.00	16
9355	16.00	16
9357	16.00	16
9359	16.00	16
9361	16.00	16
9363	16.00	16
9365	16.00	16
9367	16.00	16
9369	16.00	16
9371	16.00	16
9373	16.00	16
9375	16.00	16
9377	16.00	16
9379	16.00	16
9381	16.00	16
9383	16.00	16
9385	16.00	16
9387	16.00	16
9389	16.00	16
9391	16.00	16
9393	16.00	16
9395	16.00	16
9397	16.00	16
9399	16.00	16
9401	16.00	16
9403	16.00	16
9405	16.00	16
9407	16.00	16
9409	16.00	16
9411	16.00	16
9413	16.00	16
9415	16.00	16
9417	16.00	16
9419	16.00	16
9421	16.00	16
9423	16.00	16
9425	16.00	16
9427	16.00	16
9429	16.00	16
9431	16.00	16
9433	16.00	16
9435	16.00	16
9437	16.00	16
9439	16.00	16
9441	16.00	16
9443	16.00	16
9445	16.00	16
9447	16.00	16
9449	16.00	16
9451	16.00	16
9453	16.00	16
9455	16.00	16
9457	16.00	16
9459	16.00	16
9461	16.00	16
9463	16.00	16
9465	16.00	16
9467	16.00	16
9469	16.00	16
9471	16.00	16
9473	16.00	16
9475	16.00	16
9477	16.00	16
9479	16.00	16
9481	16.00	16
9483	16.00	16
9485	16.00	16
9487	16.00	16
9489	16.00	16
9491	16.00	16
9493	16.00	16
9495	16.00	16
9497	16.00	16
9499	16.00	16
9501	16.00	16
9503	16.00	16
9505	16.00	16
9507	16.00	16
9509	16.00	16
9511	16.00	16
9513	16.00	16
9515	16.00	16
9517	16.00	16
9519	16.00	16
9521	16.00	16
9523	16.00	16
9525	16.00	16
9527	16.00	16
9529	16.00	16
9531	16.00	16
9533	16.00	16
9535	16.00	16
9537	16.00	16
9539	16.00	16
9541	16.00	16
9543	16.00	16
9545	16.00	16
9547	16.00	16
9549	16.00	16
9551	16.00	16
9553	16.00	16
9555	16.00	16
9557	16.00	16
9559	16.00	16
9561	16.00	16
9563	16.00	16
9565	16.00	16
9567	16.00	16
9569	16.00	16
9571	16.00	16
9573	16.00	16
9575	16.00	16
9577	16.00	16
9579	16.00	16
9581	16.00	16
9583	16.00	16
9585	16.00	16
9587	16.00	16
9589	16.00	16
9591	16.00	16
9593	16.00	16
9595	16.00	16
9597	16.00	16
9599	16.00	16
9601	16.00	16
9603	16.00	16
9605	16.00	16
9607	16.00	16
9609	16.00	16
9611	16.00	16
9613	16.00	16
9615	16.00	16
9617	16.00	16
9619	16.00	16
9621	16.00	16
9623	16.00	16
9625	16.00	16
9627	16.00	16
9629	16.00	16
9631	16.00	16
9633	16.00	16
9635	16.00	16
9637	16.00	16
9639	16.00	16
9641	16.00	16
9643	16.00	16
9645	16.00	16
9647	16.00	16
9649	16.00	16
9651	16.00	16
9653	16.00	16
9655	16.00	16
9657	16.00	16
9659	16.00	16
9661	16.00	16
9663	16.00	16
9665	16.00	16
9667	16.00	16
9669	16.00	16
9671	16.00	16
9673	16.00	16
9675	16.00	16
9677	16.00	16
9679	16.00	16
9681	16.00	16
9683	16.00	16
9685	16.00	16
9687	16.00	16
9689	16.00	16
9691	16.00	16
9693	16.00	16
9695	16.00	16
9697	16.00	16
9699	16.00	16
9701	16.00	16
9703	16.00	16
9705	16.00	16
9707	16.00	16
9709	16.00	16
9711	16.00	16
9713	16.00	16
9715	16.00	16
9717	16.00	16
9719	16.00	16
9721	16.00	16
9723	16.00	16
9725	16.00	16
9727	16.00	16
9729	16.00	16
9731	16.00	16
9733	16.00	16
9735	16.00	16
9737	16.00	16
9739	16.00	16
9741	16.00	16
9743	16.00	16
9745	16.00	16
9747	16.00	16
9749	16.00	16
9751	16.00	16
9753	16.00	16
9755	16.00	16
9757	16.00	16
9759	16.00	16
9761	16.00	16
9763	16.00	16
9765	16.00	16
9767	16.00	16
9769	16.00	16
9771	16.00	16
9773	16.00	16
9775	16.00	16
9777	16.00	16
9779	16.00	16
9781	16.00	16
9783	16.00	16
9785	16.00	16
9787	16.00	16
9789	16.00	16
9791	16.00	16
9793	16.00	16
9795	16.00	16
9797	16.00	16
9799	16.00	16
9801	16.00	16
9803	16.00	16
9805	16.00	16
9807	16.00	16
9809	16.00	16
9811	16.00	16
9813	16.00	16
9815	16.00	16
9817	16.00	16
9819	16.00	16
9821	16.00	16
9823	16.00	16
9825	16.00	16
9827	16.00	16
9829	16.00	16
9831	16.00	16
9833	16.00	16
9835	16.00	16
9837	16.00	16
9839	16.00	16
9841	16.00	16
9843	16.00	16
9845	16.00	16
9847	16.00	16
9849	16.00	16
9851	16.00	16
9853	16.00	16
9855	16.00	16
9857	16.00	16
9859	16.00	16
9861	16.00	16
9863	16.00	16
9865	16.00	16
9867	16.00	16
9869	16.00	16
9871	16.00	16
9873	16.00	16
9875	16.00	16
9877	16.00	16
9879	16.00	16
9881	16.00	16
9883	16.00	16
9885	16.00	16
9887	16.00	16
9889	16.00	16
9891	16.00	16
9893	16.00	16
9895	16.00	16
9897	16.00	16
9899	16.00	16
9901	16.00	16
9903	16.00	16
9905	16.00	16
9907	16.00	16
9909	16.00	16
9911	16.00	16
9913	16.00	16
9915	16.00	16
9917	16.00	16
9919	16.00	16
9921	16.00	16
9923	16.00	16
9925	16.00	16
9927	16.00	16
9929	16.00	16
9931	16.00	16
9933	16.00	16
9935	16.00	16
9937	16.00	16
9939	16.00	16
9941	16.00	16
9943	16.00	16
9945	16.00	16
9947	16.00	16
9949	16.00	16
9951	16.00	16
9953	16.00	16
9955	16.00	16
9957	16.00	16
9959	16.00	16
9961	16.00	16
9963	16.00	16
9965	16.00	16
9967	16.00	16
9969	16.00	16
9971	16.00	16
9973	16.00	16
9975	16.00	16
9977	16.00	16
9979	16.00	16
9981	16.00	16
9983	16.00	16
9985	16.00	16
9987	16.00	16
9989	16.00	16
9991	16.00	16
9993	16.00	16
9995	16.00	16
9997	16.00	16
9999	16.00	16
